Could not find NR UE cell info for E2 Node ID = 5
Could not find NR UE cell info for E2 Node ID = 6
Could not find NR UE cell info for E2 Node ID = 7
Could not find NR UE cell info for E2 Node ID = 8
Could not find NR UE cell info for E2 Node ID = 9
Could not find NR UE cell info for E2 Node ID = 10
Could not find NR UE cell info for E2 Node ID = 11
Could not find NR UE cell info for E2 Node ID = 12
Could not find NR UE cell info for E2 Node ID = 13
Could not find NR UE cell info for E2 Node ID = 14
Could not find NR UE cell info for E2 Node ID = 15
Could not find NR UE cell info for E2 Node ID = 16
Could not find NR UE cell info for E2 Node ID = 17
Could not find NR UE cell info for E2 Node ID = 18
Could not find NR UE cell info for E2 Node ID = 19
Could not find NR UE cell info for E2 Node ID = 20
Could not find NR UE cell info for E2 Node ID = 21
Could not find NR UE cell info for E2 Node ID = 22
Could not find NR UE cell info for E2 Node ID = 23
Could not find NR UE cell info for E2 Node ID = 24
Could not find NR gNB location for E2 Node ID = 1
Could not find NR gNB location for E2 Node ID = 2
Could not find NR gNB location for E2 Node ID = 3
Could not find NR gNB location for E2 Node ID = 4
---- LOAD at t=4.5 ----
---- LOAD at t=6.5 ----
  cell 1 (TN) load=5/20
  cell 2 (TN) load=2/20
  cell 3 (TN) load=7/20
  cell 4 (TN) load=6/20
UE 5 TTT_WAIT target=3 elapsed=0s need=2s
UE 11 TTT_WAIT target=2 elapsed=0s need=2s
UE 13 TTT_WAIT target=3 elapsed=0s need=2s
UE 15 TTT_WAIT target=1 elapsed=0s need=2s
UE 17 TTT_WAIT target=1 elapsed=0s need=2s
UE 20 TTT_WAIT target=1 elapsed=0s need=2s
UE 24 TTT_WAIT target=2 elapsed=0s need=2s
---- LOAD at t=8.5 ----
  cell 1 (TN) load=20/20
  cell 2 (TN) load=10/20
  cell 3 (TN) load=20/20
  cell 4 (TN) load=20/20
UE 14 TTT_WAIT target=2 elapsed=0s need=2s
UE 17 TTT_WAIT target=2 elapsed=0s need=2s
UE 25 TTT_WAIT target=2 elapsed=0s need=2s
UE 28 TTT_WAIT target=2 elapsed=0s need=2s
UE 29 TTT_WAIT target=2 elapsed=0s need=2s
UE 37 TTT_WAIT target=2 elapsed=0s need=2s
UE 44 TTT_WAIT target=2 elapsed=0s need=2s
UE 53 TTT_WAIT target=2 elapsed=0s need=2s
UE 67 TTT_WAIT target=2 elapsed=0s need=2s
UE 68 TTT_WAIT target=2 elapsed=0s need=2s
UE 72 TTT_WAIT target=2 elapsed=0s need=2s
---- LOAD at t=10.5 ----
  cell 1 (TN) load=20/20
  cell 2 (TN) load=10/20
  cell 3 (TN) load=20/20
  cell 4 (TN) load=20/20
UE 7 TTT_WAIT target=2 elapsed=0s need=2s
UE 11 TTT_WAIT target=2 elapsed=0s need=2s
LM HO UE=14 rnti=52 3->2 type=TN servingRsrp=-88.4678 targetRsrp=-55.1285 targetLoadReal=10/20 targetLoadEff=10/20
UE 18 TTT_WAIT target=2 elapsed=0s need=2s
UE 19 TTT_WAIT target=2 elapsed=0s need=2s
UE 24 TTT_WAIT target=2 elapsed=0s need=2s
LM HO UE=25 rnti=134 4->2 type=TN servingRsrp=-85.4762 targetRsrp=-64.8625 targetLoadReal=10/20 targetLoadEff=11/20
LM HO UE=28 rnti=131 1->2 type=TN servingRsrp=-80.7016 targetRsrp=-51.7353 targetLoadReal=10/20 targetLoadEff=12/20
UE 39 TTT_WAIT target=2 elapsed=0s need=2s
LM HO UE=44 rnti=140 3->2 type=TN servingRsrp=-99.8786 targetRsrp=-89.0388 targetLoadReal=10/20 targetLoadEff=13/20
UE 47 TTT_WAIT target=2 elapsed=0s need=2s
UE 50 TTT_WAIT target=2 elapsed=0s need=2s
UE 51 TTT_WAIT target=2 elapsed=0s need=2s
UE 52 TTT_WAIT target=2 elapsed=0s need=2s
UE 63 TTT_WAIT target=2 elapsed=0s need=2s
UE 65 TTT_WAIT target=2 elapsed=0s need=2s
LM HO UE=67 rnti=161 1->2 type=TN servingRsrp=-104.192 targetRsrp=-63.7002 targetLoadReal=10/20 targetLoadEff=14/20
TRACE HO_SUCCESS Time=10.6151 IMSI=27 TargetCell=2 Type=TN TargetRSRP=-1e+09 ServingRSRP=-1e+09 BackhaulDlSnr=-999 BackhaulUlSnr=-999
TRACE HO_SUCCESS Time=10.6151 IMSI=66 TargetCell=2 Type=TN TargetRSRP=-1e+09 ServingRSRP=-1e+09 BackhaulDlSnr=-999 BackhaulUlSnr=-999
TRACE HO_SUCCESS Time=10.6151 IMSI=13 TargetCell=2 Type=TN TargetRSRP=-1e+09 ServingRSRP=-1e+09 BackhaulDlSnr=-999 BackhaulUlSnr=-999
TRACE HO_SUCCESS Time=10.6151 IMSI=43 TargetCell=2 Type=TN TargetRSRP=-1e+09 ServingRSRP=-1e+09 BackhaulDlSnr=-999 BackhaulUlSnr=-999
TRACE HO_SUCCESS Time=10.6151 IMSI=24 TargetCell=2 Type=TN TargetRSRP=-1e+09 ServingRSRP=-1e+09 BackhaulDlSnr=-999 BackhaulUlSnr=-999
---- LOAD at t=12.5 ----
  cell 1 (TN) load=18/20
  cell 2 (TN) load=15/20
  cell 3 (TN) load=18/20
  cell 4 (TN) load=19/20
LM HO UE=7 rnti=37 1->2 type=TN servingRsrp=-79.4694 targetRsrp=-68.0357 targetLoadReal=15/20 targetLoadEff=15/20
UE 8 TTT_WAIT target=3 elapsed=0s need=2s
UE 11 TTT_WAIT target=1 elapsed=0s need=2s
UE 12 TTT_WAIT target=1 elapsed=0s need=2s
UE 14 TTT_WAIT target=3 elapsed=0s need=2s
UE 17 TTT_WAIT target=2 elapsed=0s need=2s
UE 19 TTT_WAIT target=4 elapsed=0s need=2s
UE 20 TTT_WAIT target=1 elapsed=0s need=2s
LM HO UE=24 rnti=40 1->2 type=TN servingRsrp=-62.7028 targetRsrp=-41.902 targetLoadReal=15/20 targetLoadEff=16/20
UE 25 TTT_WAIT target=4 elapsed=0s need=2s
UE 28 TTT_WAIT target=3 elapsed=0s need=2s
UE 31 TTT_WAIT target=1 elapsed=0s need=2s
LM HO UE=39 rnti=136 1->2 type=TN servingRsrp=-86.9003 targetRsrp=-67.0766 targetLoadReal=15/20 targetLoadEff=17/20
UE 42 TTT_WAIT target=2 elapsed=0s need=2s
UE 44 TTT_WAIT target=3 elapsed=0s need=2s
UE 46 TTT_WAIT target=2 elapsed=0s need=2s
UE 47 TTT_WAIT target=3 elapsed=0s need=2s
UE 50 TTT_WAIT target=1 elapsed=0s need=2s
UE 54 TTT_WAIT target=4 elapsed=0s need=2s
UE 55 TTT_WAIT target=2 elapsed=0s need=2s
UE 58 TTT_WAIT target=3 elapsed=0s need=2s
UE 60 TTT_WAIT target=2 elapsed=0s need=2s
UE 62 TTT_WAIT target=2 elapsed=0s need=2s
UE 63 TTT_WAIT target=1 elapsed=0s need=2s
UE 65 TTT_WAIT target=4 elapsed=0s need=2s
UE 67 TTT_WAIT target=3 elapsed=0s need=2s
UE 68 TTT_WAIT target=4 elapsed=0s need=2s
UE 70 TTT_WAIT target=4 elapsed=0s need=2s
UE 71 TTT_WAIT target=1 elapsed=0s need=2s
UE 72 TTT_WAIT target=3 elapsed=0s need=2s
TRACE HO_SUCCESS Time=12.6151 IMSI=6 TargetCell=2 Type=TN TargetRSRP=-1e+09 ServingRSRP=-1e+09 BackhaulDlSnr=-999 BackhaulUlSnr=-999
TRACE HO_SUCCESS Time=12.6151 IMSI=23 TargetCell=2 Type=TN TargetRSRP=-1e+09 ServingRSRP=-1e+09 BackhaulDlSnr=-999 BackhaulUlSnr=-999
TRACE HO_SUCCESS Time=12.6151 IMSI=38 TargetCell=2 Type=TN TargetRSRP=-1e+09 ServingRSRP=-1e+09 BackhaulDlSnr=-999 BackhaulUlSnr=-999
---- LOAD at t=14.5 ----
  cell 1 (TN) load=15/20
  cell 2 (TN) load=18/20
  cell 3 (TN) load=18/20
  cell 4 (TN) load=19/20
UE 7 TTT_WAIT target=1 elapsed=0s need=2s
UE 9 TTT_WAIT target=1 elapsed=0s need=2s
UE 10 TTT_WAIT target=1 elapsed=0s need=2s
UE 11 TTT_WAIT target=2 elapsed=0s need=2s
UE 14 TTT_WAIT target=1 elapsed=0s need=2s
UE 16 TTT_WAIT target=1 elapsed=0s need=2s
LM HO UE=17 rnti=46 4->2 type=TN servingRsrp=-70.2039 targetRsrp=-59.84 targetLoadReal=18/20 targetLoadEff=18/20
UE 18 TTT_WAIT target=1 elapsed=0s need=2s
UE 19 TTT_WAIT target=1 elapsed=0s need=2s
LM HO UE=20 rnti=57 3->1 type=TN servingRsrp=-68.1903 targetRsrp=-46.5126 targetLoadReal=15/20 targetLoadEff=15/20
UE 26 TTT_WAIT target=2 elapsed=0s need=2s
UE 27 TTT_WAIT target=1 elapsed=0s need=2s
UE 38 TTT_WAIT target=1 elapsed=0s need=2s
UE 39 TTT_WAIT target=1 elapsed=0s need=2s
UE 40 TTT_WAIT target=3 elapsed=0s need=2s
LM HO UE=42 rnti=141 4->2 type=TN servingRsrp=-77.8613 targetRsrp=-57.6325 targetLoadReal=18/20 targetLoadEff=19/20
UE 44 TTT_WAIT target=1 elapsed=0s need=2s
UE 45 TTT_WAIT target=3 elapsed=0s need=2s
UE 46 TTT_WAIT target=1 elapsed=0s need=2s
LM HO UE=47 rnti=138 1->3 type=TN servingRsrp=-71.6292 targetRsrp=-51.7619 targetLoadReal=18/20 targetLoadEff=18/20
LM HO UE=50 rnti=141 3->1 type=TN servingRsrp=-99.1883 targetRsrp=-93.879 targetLoadReal=15/20 targetLoadEff=16/20
UE 51 TTT_WAIT target=1 elapsed=0s need=2s
UE 52 TTT_WAIT target=1 elapsed=0s need=2s
LM HO UE=54 rnti=66 2->4 type=TN servingRsrp=-82.4925 targetRsrp=-63.0129 targetLoadReal=19/20 targetLoadEff=19/20
LM HO UE=58 rnti=140 1->3 type=TN servingRsrp=-88.1891 targetRsrp=-51.9949 targetLoadReal=18/20 targetLoadEff=19/20
UE 60 TTT_WAIT target=1 elapsed=0s need=2s
LM HO UE=63 rnti=162 3->1 type=TN servingRsrp=-97.1887 targetRsrp=-93.6863 targetLoadReal=15/20 targetLoadEff=17/20
UE 66 TTT_WAIT target=1 elapsed=0s need=2s
UE 69 TTT_WAIT target=1 elapsed=0s need=2s
UE 70 TTT_WAIT target=1 elapsed=0s need=2s
UE 74 TTT_WAIT target=1 elapsed=0s need=2s
TRACE HO_SUCCESS Time=14.6151 IMSI=19 TargetCell=1 Type=TN TargetRSRP=-1e+09 ServingRSRP=-1e+09 BackhaulDlSnr=-999 BackhaulUlSnr=-999
TRACE HO_SUCCESS Time=14.6151 IMSI=49 TargetCell=1 Type=TN TargetRSRP=-1e+09 ServingRSRP=-1e+09 BackhaulDlSnr=-999 BackhaulUlSnr=-999
TRACE HO_SUCCESS Time=14.6151 IMSI=62 TargetCell=1 Type=TN TargetRSRP=-1e+09 ServingRSRP=-1e+09 BackhaulDlSnr=-999 BackhaulUlSnr=-999
TRACE HO_SUCCESS Time=14.6151 IMSI=16 TargetCell=2 Type=TN TargetRSRP=-1e+09 ServingRSRP=-1e+09 BackhaulDlSnr=-999 BackhaulUlSnr=-999
TRACE HO_SUCCESS Time=14.6151 IMSI=41 TargetCell=2 Type=TN TargetRSRP=-1e+09 ServingRSRP=-1e+09 BackhaulDlSnr=-999 BackhaulUlSnr=-999
TRACE HO_SUCCESS Time=14.6151 IMSI=46 TargetCell=3 Type=TN TargetRSRP=-94.0282 ServingRSRP=-83.5546 BackhaulDlSnr=-999 BackhaulUlSnr=-999
TRACE HO_SUCCESS Time=14.6151 IMSI=57 TargetCell=3 Type=TN TargetRSRP=-1e+09 ServingRSRP=-1e+09 BackhaulDlSnr=-999 BackhaulUlSnr=-999
TRACE HO_SUCCESS Time=14.6151 IMSI=53 TargetCell=4 Type=TN TargetRSRP=-1e+09 ServingRSRP=-1e+09 BackhaulDlSnr=-999 BackhaulUlSnr=-999
---- LOAD at t=16.5 ----
  cell 1 (TN) load=16/20
  cell 2 (TN) load=19/20
  cell 3 (TN) load=17/20
  cell 4 (TN) load=18/20
UE 5 TTT_WAIT target=3 elapsed=0s need=2s
LM HO UE=7 rnti=86 2->1 type=TN servingRsrp=-75.1866 targetRsrp=-65.3585 targetLoadReal=16/20 targetLoadEff=16/20
LM HO UE=9 rnti=16 2->1 type=TN servingRsrp=-64.9831 targetRsrp=-56.4422 targetLoadReal=16/20 targetLoadEff=17/20
LM HO UE=10 rnti=50 3->1 type=TN servingRsrp=-61.15 targetRsrp=-56.6327 targetLoadReal=16/20 targetLoadEff=18/20
UE 11 TTT_WAIT target=1 elapsed=0s need=2s
LM HO UE=14 rnti=81 2->1 type=TN servingRsrp=-85.7884 targetRsrp=-56.1637 targetLoadReal=16/20 targetLoadEff=19/20
UE 17 TTT_WAIT target=3 elapsed=0s need=2s
UE 22 TTT_WAIT target=3 elapsed=0s need=2s
UE 25 TTT_WAIT target=4 elapsed=0s need=2s
UE 27 TTT_WAIT target=2 elapsed=0s need=2s
UE 28 TTT_WAIT target=3 elapsed=0s need=2s
UE 29 TTT_WAIT target=2 elapsed=0s need=2s
UE 33 TTT_WAIT target=2 elapsed=0s need=2s
UE 36 TTT_WAIT target=3 elapsed=0s need=2s
UE 42 TTT_WAIT target=4 elapsed=0s need=2s
UE 46 TTT_WAIT target=2 elapsed=0s need=2s
UE 47 TTT_WAIT target=2 elapsed=0s need=2s
UE 56 TTT_WAIT target=2 elapsed=0s need=2s
UE 65 TTT_WAIT target=3 elapsed=0s need=2s
UE 66 TTT_WAIT target=3 elapsed=0s need=2s
UE 67 TTT_WAIT target=3 elapsed=0s need=2s
UE 72 TTT_WAIT target=2 elapsed=0s need=2s
TRACE HO_SUCCESS Time=16.6151 IMSI=6 TargetCell=1 Type=TN TargetRSRP=-1e+09 ServingRSRP=-1e+09 BackhaulDlSnr=-999 BackhaulUlSnr=-999
TRACE HO_SUCCESS Time=16.6151 IMSI=8 TargetCell=1 Type=TN TargetRSRP=-1e+09 ServingRSRP=-1e+09 BackhaulDlSnr=-999 BackhaulUlSnr=-999
TRACE HO_SUCCESS Time=16.6151 IMSI=13 TargetCell=1 Type=TN TargetRSRP=-1e+09 ServingRSRP=-1e+09 BackhaulDlSnr=-999 BackhaulUlSnr=-999
TRACE HO_SUCCESS Time=16.6151 IMSI=9 TargetCell=1 Type=TN TargetRSRP=-1e+09 ServingRSRP=-1e+09 BackhaulDlSnr=-999 BackhaulUlSnr=-999
---- LOAD at t=18.5 ----
  cell 1 (TN) load=20/20
  cell 2 (TN) load=16/20
  cell 3 (TN) load=16/20
  cell 4 (TN) load=18/20
LM HO UE=5 rnti=36 1->3 type=TN servingRsrp=-71.7063 targetRsrp=-59.6573 targetLoadReal=16/20 targetLoadEff=16/20
UE 7 TTT_WAIT target=2 elapsed=0s need=2s
UE 8 TTT_WAIT target=3 elapsed=0s need=2s
UE 9 TTT_WAIT target=2 elapsed=0s need=2s
UE 10 TTT_WAIT target=2 elapsed=0s need=2s
UE 14 TTT_WAIT target=3 elapsed=0s need=2s
UE 15 TTT_WAIT target=2 elapsed=0s need=2s
UE 20 TTT_WAIT target=3 elapsed=0s need=2s
UE 24 TTT_WAIT target=3 elapsed=0s need=2s
LM HO UE=25 rnti=82 2->4 type=TN servingRsrp=-88.5122 targetRsrp=-74.3101 targetLoadReal=18/20 targetLoadEff=18/20
UE 26 TTT_WAIT target=2 elapsed=0s need=2s
LM HO UE=28 rnti=83 2->3 type=TN servingRsrp=-78.5925 targetRsrp=-59.2459 targetLoadReal=16/20 targetLoadEff=17/20
UE 35 TTT_WAIT target=2 elapsed=0s need=2s
UE 37 TTT_WAIT target=2 elapsed=0s need=2s
LM HO UE=47 rnti=163 3->2 type=TN servingRsrp=-70.5732 targetRsrp=-39.4837 targetLoadReal=16/20 targetLoadEff=16/20
UE 50 TTT_WAIT target=3 elapsed=0s need=2s
UE 52 TTT_WAIT target=2 elapsed=0s need=2s
LM HO UE=56 rnti=139 1->2 type=TN servingRsrp=-61.8994 targetRsrp=-53.9413 targetLoadReal=16/20 targetLoadEff=17/20
UE 58 TTT_WAIT target=2 elapsed=0s need=2s
UE 59 TTT_WAIT target=2 elapsed=0s need=2s
UE 63 TTT_WAIT target=2 elapsed=0s need=2s
LM HO UE=65 rnti=142 1->3 type=TN servingRsrp=-81.3799 targetRsrp=-78.3181 targetLoadReal=16/20 targetLoadEff=18/20
LM HO UE=66 rnti=67 2->3 type=TN servingRsrp=-90.6365 targetRsrp=-76.2892 targetLoadReal=16/20 targetLoadEff=19/20
UE 69 TTT_WAIT target=4 elapsed=0s need=2s
UE 70 TTT_WAIT target=4 elapsed=0s need=2s
UE 72 TTT_WAIT target=4 elapsed=0s need=2s
UE 74 TTT_WAIT target=4 elapsed=0s need=2s
TRACE HO_SUCCESS Time=18.6151 IMSI=55 TargetCell=2 Type=TN TargetRSRP=-1e+09 ServingRSRP=-1e+09 BackhaulDlSnr=-999 BackhaulUlSnr=-999
TRACE HO_SUCCESS Time=18.6151 IMSI=46 TargetCell=2 Type=TN TargetRSRP=-1e+09 ServingRSRP=-1e+09 BackhaulDlSnr=-999 BackhaulUlSnr=-999
TRACE HO_SUCCESS Time=18.6151 IMSI=4 TargetCell=3 Type=TN TargetRSRP=-95.5276 ServingRSRP=-72.9296 BackhaulDlSnr=-999 BackhaulUlSnr=-999
TRACE HO_SUCCESS Time=18.6151 IMSI=64 TargetCell=3 Type=TN TargetRSRP=-87.4574 ServingRSRP=-72.0509 BackhaulDlSnr=-999 BackhaulUlSnr=-999
TRACE HO_SUCCESS Time=18.6151 IMSI=27 TargetCell=3 Type=TN TargetRSRP=-53.8459 ServingRSRP=-69.0018 BackhaulDlSnr=-999 BackhaulUlSnr=-999
TRACE HO_SUCCESS Time=18.6151 IMSI=65 TargetCell=3 Type=TN TargetRSRP=-60.3806 ServingRSRP=-65.0269 BackhaulDlSnr=-999 BackhaulUlSnr=-999
TRACE HO_SUCCESS Time=18.6151 IMSI=24 TargetCell=4 Type=TN TargetRSRP=-89.3543 ServingRSRP=-72.9296 BackhaulDlSnr=-999 BackhaulUlSnr=-999
---- LOAD at t=20.5 ----
  cell 1 (TN) load=17/20
  cell 2 (TN) load=15/20
  cell 3 (TN) load=19/20
  cell 4 (TN) load=19/20
UE 5 TTT_WAIT target=2 elapsed=0s need=2s
LM HO UE=7 rnti=167 1->2 type=TN servingRsrp=-62.6015 targetRsrp=-55.2076 targetLoadReal=15/20 targetLoadEff=15/20
LM HO UE=9 rnti=169 1->2 type=TN servingRsrp=-67.022 targetRsrp=-59.3221 targetLoadReal=15/20 targetLoadEff=16/20
UE 10 TTT_WAIT target=3 elapsed=0s need=2s
LM HO UE=14 rnti=170 1->3 type=TN servingRsrp=-71.2388 targetRsrp=-61.8926 targetLoadReal=19/20 targetLoadEff=19/20
UE 18 TTT_WAIT target=1 elapsed=0s need=2s
UE 19 TTT_WAIT target=1 elapsed=0s need=2s
LM HO UE=26 rnti=136 3->2 type=TN servingRsrp=-80.9696 targetRsrp=-65.8959 targetLoadReal=15/20 targetLoadEff=17/20
UE 28 TTT_WAIT target=2 elapsed=0s need=2s
UE 31 TTT_WAIT target=1 elapsed=0s need=2s
UE 34 TTT_WAIT target=2 elapsed=0s need=2s
UE 38 TTT_WAIT target=2 elapsed=0s need=2s
UE 39 TTT_WAIT target=1 elapsed=0s need=2s
UE 42 TTT_WAIT target=4 elapsed=0s need=2s
UE 44 TTT_WAIT target=1 elapsed=0s need=2s
UE 45 TTT_WAIT target=2 elapsed=0s need=2s
UE 47 TTT_WAIT target=1 elapsed=0s need=2s
UE 50 TTT_WAIT target=2 elapsed=0s need=2s
UE 51 TTT_WAIT target=1 elapsed=0s need=2s
UE 52 TTT_WAIT target=1 elapsed=0s need=2s
UE 54 TTT_WAIT target=2 elapsed=0s need=2s
UE 56 TTT_WAIT target=1 elapsed=0s need=2s
LM HO UE=59 rnti=146 3->2 type=TN servingRsrp=-89.8275 targetRsrp=-75.5636 targetLoadReal=15/20 targetLoadEff=18/20
UE 60 TTT_WAIT target=1 elapsed=0s need=2s
LM HO UE=63 rnti=166 1->2 type=TN servingRsrp=-71.352 targetRsrp=-60.0126 targetLoadReal=15/20 targetLoadEff=19/20
UE 65 TTT_WAIT target=1 elapsed=0s need=2s
LM HO UE=69 rnti=68 2->4 type=TN servingRsrp=-64.4549 targetRsrp=-51.6798 targetLoadReal=19/20 targetLoadEff=19/20
UE 70 TTT_WAIT target=1 elapsed=0s need=2s
TRACE HO_SUCCESS Time=20.6151 IMSI=62 TargetCell=2 Type=TN TargetRSRP=-1e+09 ServingRSRP=-1e+09 BackhaulDlSnr=-999 BackhaulUlSnr=-999
TRACE HO_SUCCESS Time=20.6151 IMSI=6 TargetCell=2 Type=TN TargetRSRP=-1e+09 ServingRSRP=-1e+09 BackhaulDlSnr=-999 BackhaulUlSnr=-999
TRACE HO_SUCCESS Time=20.6151 IMSI=8 TargetCell=2 Type=TN TargetRSRP=-1e+09 ServingRSRP=-1e+09 BackhaulDlSnr=-999 BackhaulUlSnr=-999
TRACE HO_SUCCESS Time=20.6151 IMSI=25 TargetCell=2 Type=TN TargetRSRP=-1e+09 ServingRSRP=-1e+09 BackhaulDlSnr=-999 BackhaulUlSnr=-999
TRACE HO_SUCCESS Time=20.6151 IMSI=58 TargetCell=2 Type=TN TargetRSRP=-1e+09 ServingRSRP=-1e+09 BackhaulDlSnr=-999 BackhaulUlSnr=-999
TRACE HO_SUCCESS Time=20.6151 IMSI=13 TargetCell=3 Type=TN TargetRSRP=-95.9925 ServingRSRP=-45.5702 BackhaulDlSnr=-999 BackhaulUlSnr=-999
TRACE HO_SUCCESS Time=20.6151 IMSI=68 TargetCell=4 Type=TN TargetRSRP=-101 ServingRSRP=-78.1337 BackhaulDlSnr=-999 BackhaulUlSnr=-999
---- LOAD at t=22.5 ----
  cell 1 (TN) load=13/20
  cell 2 (TN) load=19/20
  cell 3 (TN) load=18/20
  cell 4 (TN) load=20/20
UE 5 TTT_WAIT target=1 elapsed=0s need=2s
UE 7 TTT_WAIT target=1 elapsed=0s need=2s
UE 8 TTT_WAIT target=3 elapsed=0s need=2s
UE 9 TTT_WAIT target=3 elapsed=0s need=2s
LM HO UE=10 rnti=168 1->3 type=TN servingRsrp=-82.5022 targetRsrp=-58.8132 targetLoadReal=18/20 targetLoadEff=18/20
UE 14 TTT_WAIT target=2 elapsed=0s need=2s
UE 16 TTT_WAIT target=1 elapsed=0s need=2s
LM HO UE=18 rnti=54 3->1 type=TN servingRsrp=-75.4991 targetRsrp=-70.4643 targetLoadReal=13/20 targetLoadEff=13/20
UE 19 TTT_WAIT target=2 elapsed=0s need=2s
UE 20 TTT_WAIT target=3 elapsed=0s need=2s
UE 28 TTT_WAIT target=1 elapsed=0s need=2s
UE 31 TTT_WAIT target=2 elapsed=0s need=2s
LM HO UE=34 rnti=137 4->2 type=TN servingRsrp=-81.3226 targetRsrp=-63.7442 targetLoadReal=19/20 targetLoadEff=19/20
UE 42 TTT_WAIT target=3 elapsed=0s need=2s
UE 44 TTT_WAIT target=3 elapsed=0s need=2s
LM HO UE=51 rnti=142 3->1 type=TN servingRsrp=-81.3039 targetRsrp=-60.0234 targetLoadReal=13/20 targetLoadEff=14/20
UE 54 TTT_WAIT target=1 elapsed=0s need=2s
UE 55 TTT_WAIT target=1 elapsed=0s need=2s
LM HO UE=56 rnti=92 2->1 type=TN servingRsrp=-83.5182 targetRsrp=-64.3136 targetLoadReal=13/20 targetLoadEff=15/20
UE 57 TTT_WAIT target=1 elapsed=0s need=2s
UE 58 TTT_WAIT target=1 elapsed=0s need=2s
LM HO UE=60 rnti=147 3->1 type=TN servingRsrp=-56.4169 targetRsrp=-50.5306 targetLoadReal=13/20 targetLoadEff=16/20
UE 63 TTT_WAIT target=1 elapsed=0s need=2s
LM HO UE=65 rnti=167 3->1 type=TN servingRsrp=-87.1069 targetRsrp=-51.9251 targetLoadReal=13/20 targetLoadEff=17/20
UE 67 TTT_WAIT target=3 elapsed=0s need=2s
UE 68 TTT_WAIT target=3 elapsed=0s need=2s
TRACE HO_SUCCESS Time=22.6151 IMSI=55 TargetCell=1 Type=TN TargetRSRP=-1e+09 ServingRSRP=-1e+09 BackhaulDlSnr=-999 BackhaulUlSnr=-999
TRACE HO_SUCCESS Time=22.6151 IMSI=64 TargetCell=1 Type=TN TargetRSRP=-1e+09 ServingRSRP=-1e+09 BackhaulDlSnr=-999 BackhaulUlSnr=-999
TRACE HO_SUCCESS Time=22.6151 IMSI=17 TargetCell=1 Type=TN TargetRSRP=-1e+09 ServingRSRP=-1e+09 BackhaulDlSnr=-999 BackhaulUlSnr=-999
TRACE HO_SUCCESS Time=22.6151 IMSI=50 TargetCell=1 Type=TN TargetRSRP=-1e+09 ServingRSRP=-1e+09 BackhaulDlSnr=-999 BackhaulUlSnr=-999
TRACE HO_SUCCESS Time=22.6151 IMSI=59 TargetCell=1 Type=TN TargetRSRP=-1e+09 ServingRSRP=-1e+09 BackhaulDlSnr=-999 BackhaulUlSnr=-999
TRACE HO_SUCCESS Time=22.6151 IMSI=33 TargetCell=2 Type=TN TargetRSRP=-1e+09 ServingRSRP=-1e+09 BackhaulDlSnr=-999 BackhaulUlSnr=-999
TRACE HO_SUCCESS Time=22.6151 IMSI=9 TargetCell=3 Type=TN TargetRSRP=-86.0868 ServingRSRP=-59.7408 BackhaulDlSnr=-999 BackhaulUlSnr=-999
---- LOAD at t=24.5 ----
  cell 1 (TN) load=17/20
  cell 2 (TN) load=19/20
  cell 3 (TN) load=15/20
  cell 4 (TN) load=19/20
LM HO UE=8 rnti=15 2->3 type=TN servingRsrp=-81.6961 targetRsrp=-49.1209 targetLoadReal=15/20 targetLoadEff=15/20
UE 11 TTT_WAIT target=2 elapsed=0s need=2s
UE 12 TTT_WAIT target=1 elapsed=0s need=2s
UE 13 TTT_WAIT target=3 elapsed=0s need=2s
UE 16 TTT_WAIT target=2 elapsed=0s need=2s
UE 17 TTT_WAIT target=4 elapsed=0s need=2s
UE 18 TTT_WAIT target=3 elapsed=0s need=2s
LM HO UE=19 rnti=55 3->2 type=TN servingRsrp=-86.3783 targetRsrp=-56.7887 targetLoadReal=19/20 targetLoadEff=19/20
LM HO UE=28 rnti=166 3->1 type=TN servingRsrp=-87.9246 targetRsrp=-80.5624 targetLoadReal=17/20 targetLoadEff=17/20
UE 34 TTT_WAIT target=4 elapsed=0s need=2s
UE 41 TTT_WAIT target=1 elapsed=0s need=2s
UE 42 TTT_WAIT target=4 elapsed=0s need=2s
UE 44 TTT_WAIT target=1 elapsed=0s need=2s
UE 51 TTT_WAIT target=4 elapsed=0s need=2s
UE 53 TTT_WAIT target=4 elapsed=0s need=2s
LM HO UE=54 rnti=164 4->1 type=TN servingRsrp=-89.1914 targetRsrp=-86.1924 targetLoadReal=17/20 targetLoadEff=18/20
LM HO UE=57 rnti=145 3->1 type=TN servingRsrp=-86.9818 targetRsrp=-59.5852 targetLoadReal=17/20 targetLoadEff=19/20
UE 58 TTT_WAIT target=4 elapsed=0s need=2s
UE 59 TTT_WAIT target=3 elapsed=0s need=2s
UE 63 TTT_WAIT target=3 elapsed=0s need=2s
UE 68 TTT_WAIT target=4 elapsed=0s need=2s
UE 70 TTT_WAIT target=4 elapsed=0s need=2s
UE 73 TTT_WAIT target=3 elapsed=0s need=2s
TRACE HO_SUCCESS Time=24.6151 IMSI=27 TargetCell=1 Type=TN TargetRSRP=-1e+09 ServingRSRP=-1e+09 BackhaulDlSnr=-999 BackhaulUlSnr=-999
TRACE HO_SUCCESS Time=24.6151 IMSI=56 TargetCell=1 Type=TN TargetRSRP=-1e+09 ServingRSRP=-1e+09 BackhaulDlSnr=-999 BackhaulUlSnr=-999
TRACE HO_SUCCESS Time=24.6151 IMSI=53 TargetCell=1 Type=TN TargetRSRP=-1e+09 ServingRSRP=-1e+09 BackhaulDlSnr=-999 BackhaulUlSnr=-999
TRACE HO_SUCCESS Time=24.6151 IMSI=18 TargetCell=2 Type=TN TargetRSRP=-1e+09 ServingRSRP=-1e+09 BackhaulDlSnr=-999 BackhaulUlSnr=-999
TRACE HO_SUCCESS Time=24.6151 IMSI=7 TargetCell=3 Type=TN TargetRSRP=-66.9442 ServingRSRP=-78.553 BackhaulDlSnr=-999 BackhaulUlSnr=-999
---- LOAD at t=26.5 ----
  cell 1 (TN) load=20/20
  cell 2 (TN) load=19/20
  cell 3 (TN) load=13/20
  cell 4 (TN) load=18/20
UE 9 TTT_WAIT target=3 elapsed=0s need=2s
UE 10 TTT_WAIT target=2 elapsed=0s need=2s
UE 20 TTT_WAIT target=2 elapsed=0s need=2s
UE 24 TTT_WAIT target=3 elapsed=0s need=2s
UE 25 TTT_WAIT target=2 elapsed=0s need=2s
UE 28 TTT_WAIT target=2 elapsed=0s need=2s
UE 30 TTT_WAIT target=2 elapsed=0s need=2s
LM HO UE=34 rnti=98 2->4 type=TN servingRsrp=-92.7529 targetRsrp=-59.8144 targetLoadReal=18/20 targetLoadEff=18/20
UE 35 TTT_WAIT target=2 elapsed=0s need=2s
UE 36 TTT_WAIT target=2 elapsed=0s need=2s
UE 45 TTT_WAIT target=2 elapsed=0s need=2s
UE 51 TTT_WAIT target=2 elapsed=0s need=2s
UE 53 TTT_WAIT target=2 elapsed=0s need=2s
UE 55 TTT_WAIT target=2 elapsed=0s need=2s
UE 58 TTT_WAIT target=2 elapsed=0s need=2s
UE 62 TTT_WAIT target=3 elapsed=0s need=2s
UE 65 TTT_WAIT target=2 elapsed=0s need=2s
UE 66 TTT_WAIT target=2 elapsed=0s need=2s
UE 67 TTT_WAIT target=3 elapsed=0s need=2s
UE 68 TTT_WAIT target=2 elapsed=0s need=2s
UE 70 TTT_WAIT target=3 elapsed=0s need=2s
UE 71 TTT_WAIT target=4 elapsed=0s need=2s
UE 73 TTT_WAIT target=4 elapsed=0s need=2s
UE 74 TTT_WAIT target=3 elapsed=0s need=2s
TRACE HO_SUCCESS Time=26.6151 IMSI=33 TargetCell=4 Type=TN TargetRSRP=-94.8851 ServingRSRP=-50.1871 BackhaulDlSnr=-999 BackhaulUlSnr=-999
---- LOAD at t=28.5 ----
  cell 1 (TN) load=20/20
  cell 2 (TN) load=18/20
  cell 3 (TN) load=13/20
  cell 4 (TN) load=19/20
UE 5 TTT_WAIT target=2 elapsed=0s need=2s
UE 8 TTT_WAIT target=2 elapsed=0s need=2s
UE 9 TTT_WAIT target=4 elapsed=0s need=2s
UE 11 TTT_WAIT target=2 elapsed=0s need=2s
UE 17 TTT_WAIT target=4 elapsed=0s need=2s
UE 18 TTT_WAIT target=3 elapsed=0s need=2s
LM HO UE=20 rnti=164 1->2 type=TN servingRsrp=-78.0102 targetRsrp=-56.8964 targetLoadReal=18/20 targetLoadEff=18/20
LM HO UE=24 rnti=87 2->3 type=TN servingRsrp=-76.9602 targetRsrp=-57.9944 targetLoadReal=13/20 targetLoadEff=13/20
UE 25 TTT_WAIT target=3 elapsed=0s need=2s
UE 26 TTT_WAIT target=3 elapsed=0s need=2s
UE 28 TTT_WAIT target=4 elapsed=0s need=2s
LM HO UE=30 rnti=133 1->2 type=TN servingRsrp=-80.1216 targetRsrp=-54.0217 targetLoadReal=18/20 targetLoadEff=19/20
UE 33 TTT_WAIT target=3 elapsed=0s need=2s
UE 35 TTT_WAIT target=3 elapsed=0s need=2s
UE 46 TTT_WAIT target=3 elapsed=0s need=2s
UE 50 TTT_WAIT target=3 elapsed=0s need=2s
UE 51 TTT_WAIT target=3 elapsed=0s need=2s
UE 54 TTT_WAIT target=3 elapsed=0s need=2s
UE 57 TTT_WAIT target=3 elapsed=0s need=2s
UE 60 TTT_WAIT target=3 elapsed=0s need=2s
LM HO UE=62 rnti=141 1->3 type=TN servingRsrp=-78.0616 targetRsrp=-59.8805 targetLoadReal=13/20 targetLoadEff=14/20
UE 63 TTT_WAIT target=3 elapsed=0s need=2s
LM HO UE=67 rnti=85 2->3 type=TN servingRsrp=-97.532 targetRsrp=-87.1798 targetLoadReal=13/20 targetLoadEff=15/20
UE 70 TTT_WAIT target=4 elapsed=0s need=2s
LM HO UE=71 rnti=70 2->4 type=TN servingRsrp=-76.4637 targetRsrp=-58.9615 targetLoadReal=19/20 targetLoadEff=19/20
UE 72 TTT_WAIT target=3 elapsed=0s need=2s
TRACE HO_SUCCESS Time=28.6151 IMSI=29 TargetCell=2 Type=TN TargetRSRP=-1e+09 ServingRSRP=-1e+09 BackhaulDlSnr=-999 BackhaulUlSnr=-999
TRACE HO_SUCCESS Time=28.6151 IMSI=19 TargetCell=2 Type=TN TargetRSRP=-1e+09 ServingRSRP=-1e+09 BackhaulDlSnr=-999 BackhaulUlSnr=-999
TRACE HO_SUCCESS Time=28.6151 IMSI=61 TargetCell=3 Type=TN TargetRSRP=-83.8166 ServingRSRP=-89.0457 BackhaulDlSnr=-999 BackhaulUlSnr=-999
TRACE HO_SUCCESS Time=28.6151 IMSI=23 TargetCell=3 Type=TN TargetRSRP=-76.8246 ServingRSRP=-68.8887 BackhaulDlSnr=-999 BackhaulUlSnr=-999
TRACE HO_SUCCESS Time=28.6151 IMSI=66 TargetCell=3 Type=TN TargetRSRP=-84.6864 ServingRSRP=-50.5123 BackhaulDlSnr=-999 BackhaulUlSnr=-999
TRACE HO_SUCCESS Time=28.6151 IMSI=70 TargetCell=4 Type=TN TargetRSRP=-103.089 ServingRSRP=-57.5384 BackhaulDlSnr=-999 BackhaulUlSnr=-999
---- LOAD at t=30.5 ----
  cell 1 (TN) load=17/20
  cell 2 (TN) load=17/20
  cell 3 (TN) load=16/20
  cell 4 (TN) load=20/20
UE 5 TTT_WAIT target=1 elapsed=0s need=2s
UE 8 TTT_WAIT target=1 elapsed=0s need=2s
UE 11 TTT_WAIT target=3 elapsed=0s need=2s
UE 12 TTT_WAIT target=1 elapsed=0s need=2s
UE 14 TTT_WAIT target=2 elapsed=0s need=2s
UE 17 TTT_WAIT target=3 elapsed=0s need=2s
UE 20 TTT_WAIT target=3 elapsed=0s need=2s
UE 22 TTT_WAIT target=2 elapsed=0s need=2s
UE 24 TTT_WAIT target=1 elapsed=0s need=2s
UE 26 TTT_WAIT target=1 elapsed=0s need=2s
UE 28 TTT_WAIT target=2 elapsed=0s need=2s
UE 30 TTT_WAIT target=3 elapsed=0s need=2s
LM HO UE=33 rnti=134 1->3 type=TN servingRsrp=-47.1832 targetRsrp=-43.6952 targetLoadReal=16/20 targetLoadEff=16/20
LM HO UE=35 rnti=135 1->3 type=TN servingRsrp=-65.2255 targetRsrp=-43.8731 targetLoadReal=16/20 targetLoadEff=17/20
UE 39 TTT_WAIT target=1 elapsed=0s need=2s
UE 40 TTT_WAIT target=3 elapsed=0s need=2s
UE 42 TTT_WAIT target=1 elapsed=0s need=2s
UE 44 TTT_WAIT target=1 elapsed=0s need=2s
UE 45 TTT_WAIT target=3 elapsed=0s need=2s
UE 50 TTT_WAIT target=2 elapsed=0s need=2s
UE 54 TTT_WAIT target=2 elapsed=0s need=2s
UE 55 TTT_WAIT target=1 elapsed=0s need=2s
LM HO UE=57 rnti=178 1->3 type=TN servingRsrp=-86.409 targetRsrp=-51.3537 targetLoadReal=16/20 targetLoadEff=18/20
UE 58 TTT_WAIT target=2 elapsed=0s need=2s
UE 59 TTT_WAIT target=1 elapsed=0s need=2s
UE 62 TTT_WAIT target=1 elapsed=0s need=2s
LM HO UE=63 rnti=97 2->3 type=TN servingRsrp=-97.899 targetRsrp=-88.5919 targetLoadReal=16/20 targetLoadEff=19/20
UE 65 TTT_WAIT target=2 elapsed=0s need=2s
UE 66 TTT_WAIT target=1 elapsed=0s need=2s
UE 70 TTT_WAIT target=1 elapsed=0s need=2s
UE 74 TTT_WAIT target=1 elapsed=0s need=2s
TRACE HO_SUCCESS Time=30.6151 IMSI=32 TargetCell=3 Type=TN TargetRSRP=-85.6407 ServingRSRP=-62.7454 BackhaulDlSnr=-999 BackhaulUlSnr=-999
TRACE HO_SUCCESS Time=30.6151 IMSI=34 TargetCell=3 Type=TN TargetRSRP=-89.4931 ServingRSRP=-54.8988 BackhaulDlSnr=-999 BackhaulUlSnr=-999
TRACE HO_SUCCESS Time=30.6151 IMSI=56 TargetCell=3 Type=TN TargetRSRP=-85.9783 ServingRSRP=-52.189 BackhaulDlSnr=-999 BackhaulUlSnr=-999
TRACE HO_SUCCESS Time=30.6151 IMSI=62 TargetCell=3 Type=TN TargetRSRP=-84.3892 ServingRSRP=-63.5624 BackhaulDlSnr=-999 BackhaulUlSnr=-999
---- LOAD at t=32.5 ----
  cell 1 (TN) load=14/20
  cell 2 (TN) load=16/20
  cell 3 (TN) load=20/20
  cell 4 (TN) load=20/20
UE 5 TTT_WAIT target=2 elapsed=0s need=2s
LM HO UE=8 rnti=171 3->1 type=TN servingRsrp=-90.5997 targetRsrp=-43.5917 targetLoadReal=14/20 targetLoadEff=14/20
UE 11 TTT_WAIT target=2 elapsed=0s need=2s
LM HO UE=14 rnti=169 3->2 type=TN servingRsrp=-74.4161 targetRsrp=-53.6375 targetLoadReal=16/20 targetLoadEff=16/20
UE 23 TTT_WAIT target=2 elapsed=0s need=2s
UE 24 TTT_WAIT target=2 elapsed=0s need=2s
LM HO UE=28 rnti=176 1->2 type=TN servingRsrp=-77.8296 targetRsrp=-51.1044 targetLoadReal=16/20 targetLoadEff=17/20
UE 33 TTT_WAIT target=1 elapsed=0s need=2s
UE 35 TTT_WAIT target=2 elapsed=0s need=2s
UE 36 TTT_WAIT target=2 elapsed=0s need=2s
UE 38 TTT_WAIT target=1 elapsed=0s need=2s
LM HO UE=39 rnti=88 2->1 type=TN servingRsrp=-82.7201 targetRsrp=-41.9679 targetLoadReal=14/20 targetLoadEff=15/20
UE 40 TTT_WAIT target=2 elapsed=0s need=2s
LM HO UE=42 rnti=90 2->1 type=TN servingRsrp=-82.3138 targetRsrp=-79.1871 targetLoadReal=14/20 targetLoadEff=16/20
UE 46 TTT_WAIT target=2 elapsed=0s need=2s
UE 52 TTT_WAIT target=1 elapsed=0s need=2s
LM HO UE=55 rnti=161 4->1 type=TN servingRsrp=-73.8199 targetRsrp=-60.3338 targetLoadReal=14/20 targetLoadEff=17/20
UE 57 TTT_WAIT target=1 elapsed=0s need=2s
UE 58 TTT_WAIT target=1 elapsed=0s need=2s
LM HO UE=59 rnti=96 2->1 type=TN servingRsrp=-89.8257 targetRsrp=-50.0562 targetLoadReal=14/20 targetLoadEff=18/20
UE 60 TTT_WAIT target=2 elapsed=0s need=2s
LM HO UE=62 rnti=173 3->1 type=TN servingRsrp=-84.4837 targetRsrp=-44.4371 targetLoadReal=14/20 targetLoadEff=19/20
UE 71 TTT_WAIT target=2 elapsed=0s need=2s
UE 72 TTT_WAIT target=2 elapsed=0s need=2s
TRACE HO_SUCCESS Time=32.6151 IMSI=38 TargetCell=1 Type=TN TargetRSRP=-1e+09 ServingRSRP=-1e+09 BackhaulDlSnr=-999 BackhaulUlSnr=-999
TRACE HO_SUCCESS Time=32.6151 IMSI=41 TargetCell=1 Type=TN TargetRSRP=-1e+09 ServingRSRP=-1e+09 BackhaulDlSnr=-999 BackhaulUlSnr=-999
TRACE HO_SUCCESS Time=32.6151 IMSI=58 TargetCell=1 Type=TN TargetRSRP=-1e+09 ServingRSRP=-1e+09 BackhaulDlSnr=-999 BackhaulUlSnr=-999
TRACE HO_SUCCESS Time=32.6151 IMSI=61 TargetCell=1 Type=TN TargetRSRP=-1e+09 ServingRSRP=-1e+09 BackhaulDlSnr=-999 BackhaulUlSnr=-999
TRACE HO_SUCCESS Time=32.6151 IMSI=7 TargetCell=1 Type=TN TargetRSRP=-1e+09 ServingRSRP=-1e+09 BackhaulDlSnr=-999 BackhaulUlSnr=-999
TRACE HO_SUCCESS Time=32.6151 IMSI=54 TargetCell=1 Type=TN TargetRSRP=-1e+09 ServingRSRP=-1e+09 BackhaulDlSnr=-999 BackhaulUlSnr=-999
TRACE HO_SUCCESS Time=32.6151 IMSI=27 TargetCell=2 Type=TN TargetRSRP=-1e+09 ServingRSRP=-1e+09 BackhaulDlSnr=-999 BackhaulUlSnr=-999
TRACE HO_SUCCESS Time=32.6151 IMSI=13 TargetCell=2 Type=TN TargetRSRP=-1e+09 ServingRSRP=-1e+09 BackhaulDlSnr=-999 BackhaulUlSnr=-999
---- LOAD at t=34.5 ----
  cell 1 (TN) load=19/20
  cell 2 (TN) load=15/20
  cell 3 (TN) load=17/20
  cell 4 (TN) load=19/20
UE 5 TTT_WAIT target=1 elapsed=0s need=2s
UE 7 TTT_WAIT target=1 elapsed=0s need=2s
UE 8 TTT_WAIT target=3 elapsed=0s need=2s
UE 9 TTT_WAIT target=1 elapsed=0s need=2s
UE 10 TTT_WAIT target=2 elapsed=0s need=2s
LM HO UE=11 rnti=44 4->2 type=TN servingRsrp=-88.9279 targetRsrp=-48.2136 targetLoadReal=15/20 targetLoadEff=15/20
UE 12 TTT_WAIT target=1 elapsed=0s need=2s
UE 14 TTT_WAIT target=1 elapsed=0s need=2s
UE 17 TTT_WAIT target=4 elapsed=0s need=2s
UE 20 TTT_WAIT target=1 elapsed=0s need=2s
UE 22 TTT_WAIT target=2 elapsed=0s need=2s
UE 30 TTT_WAIT target=1 elapsed=0s need=2s
UE 31 TTT_WAIT target=2 elapsed=0s need=2s
UE 35 TTT_WAIT target=1 elapsed=0s need=2s
UE 37 TTT_WAIT target=2 elapsed=0s need=2s
UE 38 TTT_WAIT target=2 elapsed=0s need=2s
UE 39 TTT_WAIT target=2 elapsed=0s need=2s
LM HO UE=40 rnti=140 4->2 type=TN servingRsrp=-75.3866 targetRsrp=-62.5925 targetLoadReal=15/20 targetLoadEff=16/20
UE 41 TTT_WAIT target=3 elapsed=0s need=2s
UE 42 TTT_WAIT target=2 elapsed=0s need=2s
UE 45 TTT_WAIT target=3 elapsed=0s need=2s
UE 47 TTT_WAIT target=1 elapsed=0s need=2s
LM HO UE=52 rnti=143 3->1 type=TN servingRsrp=-67.1726 targetRsrp=-56.7732 targetLoadReal=19/20 targetLoadEff=19/20
UE 54 TTT_WAIT target=2 elapsed=0s need=2s
UE 55 TTT_WAIT target=4 elapsed=0s need=2s
UE 57 TTT_WAIT target=2 elapsed=0s need=2s
UE 58 TTT_WAIT target=2 elapsed=0s need=2s
UE 59 TTT_WAIT target=3 elapsed=0s need=2s
UE 60 TTT_WAIT target=3 elapsed=0s need=2s
UE 62 TTT_WAIT target=2 elapsed=0s need=2s
UE 65 TTT_WAIT target=2 elapsed=0s need=2s
UE 66 TTT_WAIT target=4 elapsed=0s need=2s
UE 67 TTT_WAIT target=2 elapsed=0s need=2s
UE 69 TTT_WAIT target=2 elapsed=0s need=2s
UE 70 TTT_WAIT target=3 elapsed=0s need=2s
LM HO UE=71 rnti=168 4->2 type=TN servingRsrp=-90.1288 targetRsrp=-72.2707 targetLoadReal=15/20 targetLoadEff=17/20
UE 72 TTT_WAIT target=3 elapsed=0s need=2s
UE 73 TTT_WAIT target=4 elapsed=0s need=2s
TRACE HO_SUCCESS Time=34.6151 IMSI=51 TargetCell=1 Type=TN TargetRSRP=-1e+09 ServingRSRP=-1e+09 BackhaulDlSnr=-999 BackhaulUlSnr=-999
TRACE HO_SUCCESS Time=34.6151 IMSI=70 TargetCell=2 Type=TN TargetRSRP=-1e+09 ServingRSRP=-1e+09 BackhaulDlSnr=-999 BackhaulUlSnr=-999
TRACE HO_SUCCESS Time=34.6151 IMSI=10 TargetCell=2 Type=TN TargetRSRP=-1e+09 ServingRSRP=-1e+09 BackhaulDlSnr=-999 BackhaulUlSnr=-999
TRACE HO_SUCCESS Time=34.6151 IMSI=39 TargetCell=2 Type=TN TargetRSRP=-1e+09 ServingRSRP=-1e+09 BackhaulDlSnr=-999 BackhaulUlSnr=-999
---- LOAD at t=36.5 ----
  cell 1 (TN) load=20/20
  cell 2 (TN) load=18/20
  cell 3 (TN) load=16/20
  cell 4 (TN) load=16/20
LM HO UE=8 rnti=179 1->3 type=TN servingRsrp=-78.6445 targetRsrp=-66.9139 targetLoadReal=16/20 targetLoadEff=16/20
UE 9 TTT_WAIT target=4 elapsed=0s need=2s
LM HO UE=10 rnti=170 3->2 type=TN servingRsrp=-65.3925 targetRsrp=-54.6421 targetLoadReal=18/20 targetLoadEff=18/20
UE 11 TTT_WAIT target=3 elapsed=0s need=2s
UE 17 TTT_WAIT target=3 elapsed=0s need=2s
UE 18 TTT_WAIT target=3 elapsed=0s need=2s
UE 24 TTT_WAIT target=2 elapsed=0s need=2s
UE 26 TTT_WAIT target=4 elapsed=0s need=2s
UE 27 TTT_WAIT target=2 elapsed=0s need=2s
UE 33 TTT_WAIT target=2 elapsed=0s need=2s
UE 35 TTT_WAIT target=2 elapsed=0s need=2s
LM HO UE=39 rnti=180 1->2 type=TN servingRsrp=-86.672 targetRsrp=-55.2643 targetLoadReal=18/20 targetLoadEff=19/20
UE 40 TTT_WAIT target=4 elapsed=0s need=2s
UE 42 TTT_WAIT target=4 elapsed=0s need=2s
LM HO UE=45 rnti=137 1->3 type=TN servingRsrp=-69.0436 targetRsrp=-61.132 targetLoadReal=16/20 targetLoadEff=17/20
UE 47 TTT_WAIT target=3 elapsed=0s need=2s
UE 50 TTT_WAIT target=3 elapsed=0s need=2s
UE 51 TTT_WAIT target=3 elapsed=0s need=2s
UE 52 TTT_WAIT target=3 elapsed=0s need=2s
UE 54 TTT_WAIT target=3 elapsed=0s need=2s
LM HO UE=55 rnti=181 1->4 type=TN servingRsrp=-81.4457 targetRsrp=-76.844 targetLoadReal=16/20 targetLoadEff=16/20
UE 56 TTT_WAIT target=3 elapsed=0s need=2s
LM HO UE=59 rnti=184 1->3 type=TN servingRsrp=-87.9946 targetRsrp=-71.469 targetLoadReal=16/20 targetLoadEff=18/20
LM HO UE=60 rnti=174 1->3 type=TN servingRsrp=-82.88 targetRsrp=-63.4421 targetLoadReal=16/20 targetLoadEff=19/20
UE 68 TTT_WAIT target=4 elapsed=0s need=2s
UE 70 TTT_WAIT target=4 elapsed=0s need=2s
LM HO UE=73 rnti=71 2->4 type=TN servingRsrp=-89.4427 targetRsrp=-78.8853 targetLoadReal=16/20 targetLoadEff=17/20
TRACE HO_SUCCESS Time=36.6151 IMSI=38 TargetCell=2 Type=TN TargetRSRP=-1e+09 ServingRSRP=-1e+09 BackhaulDlSnr=-999 BackhaulUlSnr=-999
TRACE HO_SUCCESS Time=36.6151 IMSI=9 TargetCell=2 Type=TN TargetRSRP=-1e+09 ServingRSRP=-1e+09 BackhaulDlSnr=-999 BackhaulUlSnr=-999
TRACE HO_SUCCESS Time=36.6151 IMSI=44 TargetCell=3 Type=TN TargetRSRP=-87.9421 ServingRSRP=-81.6997 BackhaulDlSnr=-999 BackhaulUlSnr=-999
TRACE HO_SUCCESS Time=36.6151 IMSI=59 TargetCell=3 Type=TN TargetRSRP=-63.6452 ServingRSRP=-63.9751 BackhaulDlSnr=-999 BackhaulUlSnr=-999
TRACE HO_SUCCESS Time=36.6151 IMSI=58 TargetCell=3 Type=TN TargetRSRP=-102.19 ServingRSRP=-61.53 BackhaulDlSnr=-999 BackhaulUlSnr=-999
TRACE HO_SUCCESS Time=36.6151 IMSI=7 TargetCell=3 Type=TN TargetRSRP=-48.7605 ServingRSRP=-64.333 BackhaulDlSnr=-999 BackhaulUlSnr=-999
TRACE HO_SUCCESS Time=36.6151 IMSI=54 TargetCell=4 Type=TN TargetRSRP=-116.269 ServingRSRP=-82.137 BackhaulDlSnr=-999 BackhaulUlSnr=-999
TRACE HO_SUCCESS Time=36.6151 IMSI=72 TargetCell=4 Type=TN TargetRSRP=-96.9288 ServingRSRP=-62.19 BackhaulDlSnr=-999 BackhaulUlSnr=-999
---- LOAD at t=38.5 ----
  cell 1 (TN) load=14/20
  cell 2 (TN) load=19/20
  cell 3 (TN) load=19/20
  cell 4 (TN) load=18/20
UE 5 TTT_WAIT target=2 elapsed=0s need=2s
UE 8 TTT_WAIT target=2 elapsed=0s need=2s
UE 9 TTT_WAIT target=1 elapsed=0s need=2s
UE 10 TTT_WAIT target=3 elapsed=0s need=2s
UE 12 TTT_WAIT target=1 elapsed=0s need=2s
UE 14 TTT_WAIT target=3 elapsed=0s need=2s
LM HO UE=18 rnti=171 1->3 type=TN servingRsrp=-69.773 targetRsrp=-38.891 targetLoadReal=19/20 targetLoadEff=19/20
UE 20 TTT_WAIT target=1 elapsed=0s need=2s
UE 24 TTT_WAIT target=1 elapsed=0s need=2s
UE 29 TTT_WAIT target=2 elapsed=0s need=2s
LM HO UE=35 rnti=177 3->2 type=TN servingRsrp=-85.6475 targetRsrp=-68.1015 targetLoadReal=19/20 targetLoadEff=19/20
LM HO UE=40 rnti=105 2->4 type=TN servingRsrp=-84.7572 targetRsrp=-64.6584 targetLoadReal=18/20 targetLoadEff=18/20
UE 41 TTT_WAIT target=4 elapsed=0s need=2s
UE 45 TTT_WAIT target=1 elapsed=0s need=2s
UE 51 TTT_WAIT target=4 elapsed=0s need=2s
UE 55 TTT_WAIT target=1 elapsed=0s need=2s
UE 58 TTT_WAIT target=1 elapsed=0s need=2s
UE 59 TTT_WAIT target=1 elapsed=0s need=2s
UE 63 TTT_WAIT target=1 elapsed=0s need=2s
UE 71 TTT_WAIT target=1 elapsed=0s need=2s
UE 73 TTT_WAIT target=1 elapsed=0s need=2s
TRACE HO_SUCCESS Time=38.6151 IMSI=34 TargetCell=2 Type=TN TargetRSRP=-1e+09 ServingRSRP=-1e+09 BackhaulDlSnr=-999 BackhaulUlSnr=-999
TRACE HO_SUCCESS Time=38.6151 IMSI=17 TargetCell=3 Type=TN TargetRSRP=-91.0484 ServingRSRP=-65.9522 BackhaulDlSnr=-999 BackhaulUlSnr=-999
TRACE HO_SUCCESS Time=38.6151 IMSI=39 TargetCell=4 Type=TN TargetRSRP=-94.3198 ServingRSRP=-47.8878 BackhaulDlSnr=-999 BackhaulUlSnr=-999
