UAV_AUTONOMY_XAPP Time=4.5 DeploymentMode=tn-uav UavIndex=0 UavCellId=5 BestDonorCellId=1 BestDonorDistanceM=1451.84 XhaulConnected=1 XhaulChannelVariationDb=0.434841 XhaulState=HEALTHY SatBackhaulHealthy=0 OnboardUavRicAvailable=0 OnboardUavRicState=DISABLED BackhaulMode=TN_DIRECT ControlPath=TN_E2 ActiveUavRic=TN_NEAR_RT_RIC NormalUeHandoverAllowed=1 UavMode=TN_CONTROLLED_COVERAGE_EXTENSION
UAV_AUTONOMY_XAPP Time=4.5 DeploymentMode=tn-uav UavIndex=1 UavCellId=6 BestDonorCellId=4 BestDonorDistanceM=629.258 XhaulConnected=1 XhaulChannelVariationDb=-2.28216 XhaulState=HEALTHY SatBackhaulHealthy=0 OnboardUavRicAvailable=0 OnboardUavRicState=DISABLED BackhaulMode=TN_DIRECT ControlPath=TN_E2 ActiveUavRic=TN_NEAR_RT_RIC NormalUeHandoverAllowed=1 UavMode=TN_CONTROLLED_COVERAGE_EXTENSION
UAV_AUTONOMY_XAPP Time=4.5 DeploymentMode=tn-uav UavIndex=2 UavCellId=7 BestDonorCellId=2 BestDonorDistanceM=765.017 XhaulConnected=1 XhaulChannelVariationDb=-0.793916 XhaulState=HEALTHY SatBackhaulHealthy=0 OnboardUavRicAvailable=0 OnboardUavRicState=DISABLED BackhaulMode=TN_DIRECT ControlPath=TN_E2 ActiveUavRic=TN_NEAR_RT_RIC NormalUeHandoverAllowed=1 UavMode=TN_CONTROLLED_COVERAGE_EXTENSION
Could not find NR UE cell info for E2 Node ID = 8
Could not find NR UE cell info for E2 Node ID = 9
Could not find NR UE cell info for E2 Node ID = 10
Could not find NR UE cell info for E2 Node ID = 11
Could not find NR UE cell info for E2 Node ID = 12
Could not find NR UE cell info for E2 Node ID = 13
Could not find NR UE cell info for E2 Node ID = 14
Could not find NR UE cell info for E2 Node ID = 15
Could not find NR UE cell info for E2 Node ID = 16
Could not find NR UE cell info for E2 Node ID = 17
Could not find NR UE cell info for E2 Node ID = 18
Could not find NR UE cell info for E2 Node ID = 19
Could not find NR UE cell info for E2 Node ID = 20
Could not find NR UE cell info for E2 Node ID = 21
Could not find NR UE cell info for E2 Node ID = 22
Could not find NR UE cell info for E2 Node ID = 23
Could not find NR UE cell info for E2 Node ID = 24
Could not find NR UE cell info for E2 Node ID = 25
Could not find NR UE cell info for E2 Node ID = 26
Could not find NR UE cell info for E2 Node ID = 27
Could not find NR UE cell info for E2 Node ID = 28
Could not find NR UE cell info for E2 Node ID = 29
Could not find NR UE cell info for E2 Node ID = 30
Could not find NR UE cell info for E2 Node ID = 31
Could not find NR UE cell info for E2 Node ID = 32
Could not find NR UE cell info for E2 Node ID = 33
Could not find NR UE cell info for E2 Node ID = 34
Could not find NR UE cell info for E2 Node ID = 35
Could not find NR UE cell info for E2 Node ID = 36
Could not find NR UE cell info for E2 Node ID = 37
Could not find NR UE cell info for E2 Node ID = 38
Could not find NR UE cell info for E2 Node ID = 39
Could not find NR UE cell info for E2 Node ID = 40
Could not find NR UE cell info for E2 Node ID = 41
Could not find NR UE cell info for E2 Node ID = 42
Could not find NR UE cell info for E2 Node ID = 43
Could not find NR UE cell info for E2 Node ID = 44
Could not find NR UE cell info for E2 Node ID = 45
Could not find NR UE cell info for E2 Node ID = 46
Could not find NR UE cell info for E2 Node ID = 47
Could not find NR UE cell info for E2 Node ID = 48
Could not find NR UE cell info for E2 Node ID = 49
Could not find NR UE cell info for E2 Node ID = 50
Could not find NR UE cell info for E2 Node ID = 51
Could not find NR UE cell info for E2 Node ID = 52
Could not find NR UE cell info for E2 Node ID = 53
Could not find NR UE cell info for E2 Node ID = 54
Could not find NR UE cell info for E2 Node ID = 55
Could not find NR UE cell info for E2 Node ID = 56
Could not find NR UE cell info for E2 Node ID = 57
Could not find NR gNB location for E2 Node ID = 1
Could not find NR gNB location for E2 Node ID = 2
Could not find NR gNB location for E2 Node ID = 3
Could not find NR gNB location for E2 Node ID = 4
Could not find NR gNB location for E2 Node ID = 5
Could not find NR gNB location for E2 Node ID = 6
Could not find NR gNB location for E2 Node ID = 7
---- LOAD at t=4.5 ----
UAV_AUTONOMY_XAPP Time=6.5 DeploymentMode=tn-uav UavIndex=0 UavCellId=5 BestDonorCellId=2 BestDonorDistanceM=1906.06 XhaulConnected=1 XhaulChannelVariationDb=1.30698 XhaulState=HEALTHY SatBackhaulHealthy=0 OnboardUavRicAvailable=0 OnboardUavRicState=DISABLED BackhaulMode=TN_DIRECT ControlPath=TN_E2 ActiveUavRic=TN_NEAR_RT_RIC NormalUeHandoverAllowed=1 UavMode=TN_CONTROLLED_COVERAGE_EXTENSION
UAV_AUTONOMY_XAPP Time=6.5 DeploymentMode=tn-uav UavIndex=1 UavCellId=6 BestDonorCellId=4 BestDonorDistanceM=629.258 XhaulConnected=1 XhaulChannelVariationDb=-3.9027 XhaulState=HEALTHY SatBackhaulHealthy=0 OnboardUavRicAvailable=0 OnboardUavRicState=DISABLED BackhaulMode=TN_DIRECT ControlPath=TN_E2 ActiveUavRic=TN_NEAR_RT_RIC NormalUeHandoverAllowed=1 UavMode=TN_CONTROLLED_COVERAGE_EXTENSION
UAV_AUTONOMY_XAPP Time=6.5 DeploymentMode=tn-uav UavIndex=2 UavCellId=7 BestDonorCellId=2 BestDonorDistanceM=765.017 XhaulConnected=1 XhaulChannelVariationDb=-0.170944 XhaulState=HEALTHY SatBackhaulHealthy=0 OnboardUavRicAvailable=0 OnboardUavRicState=DISABLED BackhaulMode=TN_DIRECT ControlPath=TN_E2 ActiveUavRic=TN_NEAR_RT_RIC NormalUeHandoverAllowed=1 UavMode=TN_CONTROLLED_COVERAGE_EXTENSION
---- LOAD at t=6.5 ----
  cell 1 (TN) load=7/20
  cell 2 (TN) load=3/20
  cell 3 (TN) load=11/20
  cell 4 (TN) load=7/20
  cell 5 (NTN) load=10/10
  cell 6 (NTN) load=9/10
  cell 7 (NTN) load=3/10
UE 8 TTT_WAIT target=1 elapsed=0s need=2s
UE 9 TTT_WAIT target=1 elapsed=0s need=2s
UE 11 TTT_WAIT target=2 elapsed=0s need=2s
UE 13 TTT_WAIT target=3 elapsed=0s need=2s
UE 15 TTT_WAIT target=2 elapsed=0s need=2s
UE 17 TTT_WAIT target=2 elapsed=0s need=2s
UE 18 TTT_WAIT target=1 elapsed=0s need=2s
UE 22 TTT_WAIT target=3 elapsed=0s need=2s
UE 23 TTT_WAIT target=1 elapsed=0s need=2s
UE 26 TTT_WAIT target=2 elapsed=0s need=2s
UE 27 TTT_WAIT target=3 elapsed=0s need=2s
UE 28 TTT_WAIT target=4 elapsed=0s need=2s
UE 30 TTT_WAIT target=3 elapsed=0s need=2s
UE 33 TTT_WAIT target=2 elapsed=0s need=2s
UE 34 TTT_WAIT target=1 elapsed=0s need=2s
UE 35 TTT_WAIT target=2 elapsed=0s need=2s
UE 37 TTT_WAIT target=4 elapsed=0s need=2s
UE 38 TTT_WAIT target=3 elapsed=0s need=2s
UE 39 TTT_WAIT target=2 elapsed=0s need=2s
UE 40 TTT_WAIT target=6 elapsed=0s need=2s
UE 42 TTT_WAIT target=2 elapsed=0s need=2s
UE 44 TTT_WAIT target=1 elapsed=0s need=2s
UE 46 TTT_WAIT target=7 elapsed=0s need=2s
UE 47 TTT_WAIT target=1 elapsed=0s need=2s
UE 49 TTT_WAIT target=6 elapsed=0s need=2s
UE 50 TTT_WAIT target=4 elapsed=0s need=2s
UE 51 TTT_WAIT target=4 elapsed=0s need=2s
UE 52 TTT_WAIT target=2 elapsed=0s need=2s
UE 57 TTT_WAIT target=2 elapsed=0s need=2s
UAV_AUTONOMY_XAPP Time=8.5 DeploymentMode=tn-uav UavIndex=0 UavCellId=5 BestDonorCellId=1 BestDonorDistanceM=1451.84 XhaulConnected=1 XhaulChannelVariationDb=0.172433 XhaulState=HEALTHY SatBackhaulHealthy=0 OnboardUavRicAvailable=0 OnboardUavRicState=DISABLED BackhaulMode=TN_DIRECT ControlPath=TN_E2 ActiveUavRic=TN_NEAR_RT_RIC NormalUeHandoverAllowed=1 UavMode=TN_CONTROLLED_COVERAGE_EXTENSION
UAV_AUTONOMY_XAPP Time=8.5 DeploymentMode=tn-uav UavIndex=1 UavCellId=6 BestDonorCellId=4 BestDonorDistanceM=629.258 XhaulConnected=1 XhaulChannelVariationDb=2.22826 XhaulState=HEALTHY SatBackhaulHealthy=0 OnboardUavRicAvailable=0 OnboardUavRicState=DISABLED BackhaulMode=TN_DIRECT ControlPath=TN_E2 ActiveUavRic=TN_NEAR_RT_RIC NormalUeHandoverAllowed=1 UavMode=TN_CONTROLLED_COVERAGE_EXTENSION
UAV_AUTONOMY_XAPP Time=8.5 DeploymentMode=tn-uav UavIndex=2 UavCellId=7 BestDonorCellId=1 BestDonorDistanceM=1205.83 XhaulConnected=1 XhaulChannelVariationDb=5.7703 XhaulState=HEALTHY SatBackhaulHealthy=0 OnboardUavRicAvailable=0 OnboardUavRicState=DISABLED BackhaulMode=TN_DIRECT ControlPath=TN_E2 ActiveUavRic=TN_NEAR_RT_RIC NormalUeHandoverAllowed=1 UavMode=TN_CONTROLLED_COVERAGE_EXTENSION
---- LOAD at t=8.5 ----
  cell 1 (TN) load=20/20
  cell 2 (TN) load=11/20
  cell 3 (TN) load=20/20
  cell 4 (TN) load=20/20
  cell 5 (NTN) load=10/10
  cell 6 (NTN) load=10/10
  cell 7 (NTN) load=9/10
UE 23 TTT_WAIT target=2 elapsed=0s need=2s
UE 31 TTT_WAIT target=2 elapsed=0s need=2s
UE 34 TTT_WAIT target=2 elapsed=0s need=2s
UE 44 TTT_WAIT target=2 elapsed=0s need=2s
UE 47 TTT_WAIT target=7 elapsed=0s need=2s
LM HO UE=57 rnti=98 3->2 type=TN servingRsrp=-95.5712 targetRsrp=-86.4583 targetLoadReal=11/20 targetLoadEff=11/20
UE 58 TTT_WAIT target=7 elapsed=0s need=2s
UE 60 TTT_WAIT target=7 elapsed=0s need=2s
UE 61 TTT_WAIT target=2 elapsed=0s need=2s
UE 72 TTT_WAIT target=2 elapsed=0s need=2s
UE 73 TTT_WAIT target=2 elapsed=0s need=2s
UE 74 TTT_WAIT target=2 elapsed=0s need=2s
UE 75 TTT_WAIT target=2 elapsed=0s need=2s
UE 76 TTT_WAIT target=7 elapsed=0s need=2s
UE 80 TTT_WAIT target=2 elapsed=0s need=2s
UE 81 TTT_WAIT target=7 elapsed=0s need=2s
UE 83 TTT_WAIT target=2 elapsed=0s need=2s
UE 85 TTT_WAIT target=2 elapsed=0s need=2s
UE 89 TTT_WAIT target=2 elapsed=0s need=2s
UE 90 TTT_WAIT target=7 elapsed=0s need=2s
UE 92 TTT_WAIT target=2 elapsed=0s need=2s
UE 94 TTT_WAIT target=7 elapsed=0s need=2s
UE 99 TTT_WAIT target=2 elapsed=0s need=2s
UE 100 TTT_WAIT target=7 elapsed=0s need=2s
UE 101 TTT_WAIT target=7 elapsed=0s need=2s
UE 102 TTT_WAIT target=2 elapsed=0s need=2s
UE 103 TTT_WAIT target=2 elapsed=0s need=2s
TRACE HO_SUCCESS Time=8.61507 IMSI=56 TargetCell=2 Type=TN TargetRSRP=-92.1538 ServingRSRP=-84.1183 BackhaulDlSnr=-999 BackhaulUlSnr=-999
UAV_AUTONOMY_XAPP Time=10.5 DeploymentMode=tn-uav UavIndex=0 UavCellId=5 BestDonorCellId=3 BestDonorDistanceM=1623.51 XhaulConnected=1 XhaulChannelVariationDb=1.3721 XhaulState=HEALTHY SatBackhaulHealthy=0 OnboardUavRicAvailable=0 OnboardUavRicState=DISABLED BackhaulMode=TN_DIRECT ControlPath=TN_E2 ActiveUavRic=TN_NEAR_RT_RIC NormalUeHandoverAllowed=1 UavMode=TN_CONTROLLED_COVERAGE_EXTENSION
UAV_AUTONOMY_XAPP Time=10.5 DeploymentMode=tn-uav UavIndex=1 UavCellId=6 BestDonorCellId=4 BestDonorDistanceM=629.258 XhaulConnected=1 XhaulChannelVariationDb=-7.24567 XhaulState=HEALTHY SatBackhaulHealthy=0 OnboardUavRicAvailable=0 OnboardUavRicState=DISABLED BackhaulMode=TN_DIRECT ControlPath=TN_E2 ActiveUavRic=TN_NEAR_RT_RIC NormalUeHandoverAllowed=1 UavMode=TN_CONTROLLED_COVERAGE_EXTENSION
UAV_AUTONOMY_XAPP Time=10.5 DeploymentMode=tn-uav UavIndex=2 UavCellId=7 BestDonorCellId=1 BestDonorDistanceM=1205.83 XhaulConnected=1 XhaulChannelVariationDb=5.16465 XhaulState=HEALTHY SatBackhaulHealthy=0 OnboardUavRicAvailable=0 OnboardUavRicState=DISABLED BackhaulMode=TN_DIRECT ControlPath=TN_E2 ActiveUavRic=TN_NEAR_RT_RIC NormalUeHandoverAllowed=1 UavMode=TN_CONTROLLED_COVERAGE_EXTENSION
---- LOAD at t=10.5 ----
  cell 1 (TN) load=20/20
  cell 2 (TN) load=12/20
  cell 3 (TN) load=19/20
  cell 4 (TN) load=20/20
  cell 5 (NTN) load=10/10
  cell 6 (NTN) load=10/10
  cell 7 (NTN) load=9/10
UE 8 TTT_WAIT target=7 elapsed=0s need=2s
UE 11 TTT_WAIT target=2 elapsed=0s need=2s
UE 12 TTT_WAIT target=3 elapsed=0s need=2s
UE 13 TTT_WAIT target=3 elapsed=0s need=2s
UE 16 TTT_WAIT target=2 elapsed=0s need=2s
UE 19 TTT_WAIT target=2 elapsed=0s need=2s
UE 21 TTT_WAIT target=7 elapsed=0s need=2s
UE 25 TTT_WAIT target=3 elapsed=0s need=2s
UE 27 TTT_WAIT target=2 elapsed=0s need=2s
UE 28 TTT_WAIT target=3 elapsed=0s need=2s
UE 31 TTT_WAIT target=3 elapsed=0s need=2s
LM HO UE=34 rnti=73 6->2 type=TN servingRsrp=-75.9533 targetRsrp=-65.9069 targetLoadReal=12/20 targetLoadEff=12/20
UE 37 TTT_WAIT target=2 elapsed=0s need=2s
UE 42 TTT_WAIT target=3 elapsed=0s need=2s
UE 44 TTT_WAIT target=7 elapsed=0s need=2s
UE 47 TTT_WAIT target=2 elapsed=0s need=2s
UE 50 TTT_WAIT target=2 elapsed=0s need=2s
UE 54 TTT_WAIT target=2 elapsed=0s need=2s
UE 57 TTT_WAIT target=3 elapsed=0s need=2s
UE 58 TTT_WAIT target=2 elapsed=0s need=2s
UE 66 TTT_WAIT target=2 elapsed=0s need=2s
UE 67 TTT_WAIT target=7 elapsed=0s need=2s
UE 68 TTT_WAIT target=2 elapsed=0s need=2s
UE 72 TTT_WAIT target=3 elapsed=0s need=2s
LM HO UE=74 rnti=159 3->2 type=TN servingRsrp=-79.3061 targetRsrp=-68.6024 targetLoadReal=12/20 targetLoadEff=13/20
UE 75 TTT_WAIT target=7 elapsed=0s need=2s
UE 76 TTT_WAIT target=3 elapsed=0s need=2s
UE 78 TTT_WAIT target=2 elapsed=0s need=2s
UE 83 TTT_WAIT target=3 elapsed=0s need=2s
UE 86 TTT_WAIT target=2 elapsed=0s need=2s
UE 91 TTT_WAIT target=2 elapsed=0s need=2s
UE 97 TTT_WAIT target=2 elapsed=0s need=2s
LM HO UE=102 rnti=147 1->2 type=TN servingRsrp=-105.364 targetRsrp=-71.475 targetLoadReal=12/20 targetLoadEff=14/20
UE 105 TTT_WAIT target=7 elapsed=0s need=2s
UE 106 TTT_WAIT target=3 elapsed=0s need=2s
TRACE HO_SUCCESS Time=10.6151 IMSI=101 TargetCell=2 Type=TN TargetRSRP=-79.2296 ServingRSRP=-76.4706 BackhaulDlSnr=-999 BackhaulUlSnr=-999
TRACE HO_SUCCESS Time=10.6151 IMSI=73 TargetCell=2 Type=TN TargetRSRP=-64.8121 ServingRSRP=-65.7153 BackhaulDlSnr=-999 BackhaulUlSnr=-999
TRACE HO_SUCCESS Time=10.6151 IMSI=33 TargetCell=2 Type=TN TargetRSRP=-76.2004 ServingRSRP=-65.3233 BackhaulDlSnr=-999 BackhaulUlSnr=-999
UAV_AUTONOMY_XAPP Time=12.5 DeploymentMode=tn-uav UavIndex=0 UavCellId=5 BestDonorCellId=2 BestDonorDistanceM=1906.06 XhaulConnected=1 XhaulChannelVariationDb=2.9061 XhaulState=HEALTHY SatBackhaulHealthy=0 OnboardUavRicAvailable=0 OnboardUavRicState=DISABLED BackhaulMode=TN_DIRECT ControlPath=TN_E2 ActiveUavRic=TN_NEAR_RT_RIC NormalUeHandoverAllowed=1 UavMode=TN_CONTROLLED_COVERAGE_EXTENSION
UAV_AUTONOMY_XAPP Time=12.5 DeploymentMode=tn-uav UavIndex=1 UavCellId=6 BestDonorCellId=4 BestDonorDistanceM=629.258 XhaulConnected=1 XhaulChannelVariationDb=2.56656 XhaulState=HEALTHY SatBackhaulHealthy=0 OnboardUavRicAvailable=0 OnboardUavRicState=DISABLED BackhaulMode=TN_DIRECT ControlPath=TN_E2 ActiveUavRic=TN_NEAR_RT_RIC NormalUeHandoverAllowed=1 UavMode=TN_CONTROLLED_COVERAGE_EXTENSION
UAV_AUTONOMY_XAPP Time=12.5 DeploymentMode=tn-uav UavIndex=2 UavCellId=7 BestDonorCellId=2 BestDonorDistanceM=765.017 XhaulConnected=1 XhaulChannelVariationDb=1.04915 XhaulState=HEALTHY SatBackhaulHealthy=0 OnboardUavRicAvailable=0 OnboardUavRicState=DISABLED BackhaulMode=TN_DIRECT ControlPath=TN_E2 ActiveUavRic=TN_NEAR_RT_RIC NormalUeHandoverAllowed=1 UavMode=TN_CONTROLLED_COVERAGE_EXTENSION
---- LOAD at t=12.5 ----
  cell 1 (TN) load=19/20
  cell 2 (TN) load=15/20
  cell 3 (TN) load=18/20
  cell 4 (TN) load=20/20
  cell 5 (NTN) load=10/10
  cell 6 (NTN) load=9/10
  cell 7 (NTN) load=9/10
UE 10 TTT_WAIT target=1 elapsed=0s need=2s
UE 12 TTT_WAIT target=6 elapsed=0s need=2s
UE 17 TTT_WAIT target=2 elapsed=0s need=2s
LM HO UE=19 rnti=73 5->2 type=TN servingRsrp=-89.127 targetRsrp=-66.5317 targetLoadReal=15/20 targetLoadEff=15/20
UE 23 TTT_WAIT target=2 elapsed=0s need=2s
UE 25 TTT_WAIT target=1 elapsed=0s need=2s
UE 26 TTT_WAIT target=2 elapsed=0s need=2s
LM HO UE=28 rnti=83 5->3 type=TN servingRsrp=-82.0254 targetRsrp=-72.6243 targetLoadReal=18/20 targetLoadEff=18/20
UE 34 TTT_WAIT target=7 elapsed=0s need=2s
UE 35 TTT_WAIT target=1 elapsed=0s need=2s
UE 36 TTT_WAIT target=2 elapsed=0s need=2s
LM HO UE=37 rnti=52 1->2 type=TN servingRsrp=-85.5581 targetRsrp=-73.2386 targetLoadReal=15/20 targetLoadEff=16/20
UE 40 TTT_WAIT target=3 elapsed=0s need=2s
UE 42 TTT_WAIT target=2 elapsed=0s need=2s
UE 44 TTT_WAIT target=1 elapsed=0s need=2s
UE 46 TTT_WAIT target=7 elapsed=0s need=2s
UE 47 TTT_WAIT target=1 elapsed=0s need=2s
LM HO UE=50 rnti=95 3->2 type=TN servingRsrp=-99.0333 targetRsrp=-70.6281 targetLoadReal=15/20 targetLoadEff=17/20
UE 54 TTT_WAIT target=3 elapsed=0s need=2s
UE 57 TTT_WAIT target=1 elapsed=0s need=2s
UE 59 TTT_WAIT target=1 elapsed=0s need=2s
UE 60 TTT_WAIT target=1 elapsed=0s need=2s
UE 62 TTT_WAIT target=2 elapsed=0s need=2s
UE 64 TTT_WAIT target=3 elapsed=0s need=2s
UE 65 TTT_WAIT target=7 elapsed=0s need=2s
UE 66 TTT_WAIT target=3 elapsed=0s need=2s
UE 67 TTT_WAIT target=2 elapsed=0s need=2s
LM HO UE=68 rnti=158 3->2 type=TN servingRsrp=-96.4601 targetRsrp=-85.6108 targetLoadReal=15/20 targetLoadEff=18/20
UE 73 TTT_WAIT target=6 elapsed=0s need=2s
UE 74 TTT_WAIT target=3 elapsed=0s need=2s
LM HO UE=75 rnti=160 3->7 type=NTN servingRsrp=-75.3583 targetRsrp=-64.3545 targetLoadReal=9/10 targetLoadEff=9/10
UE 80 TTT_WAIT target=2 elapsed=0s need=2s
UE 81 TTT_WAIT target=3 elapsed=0s need=2s
UE 85 TTT_WAIT target=2 elapsed=0s need=2s
UE 86 TTT_WAIT target=6 elapsed=0s need=2s
UE 88 TTT_WAIT target=2 elapsed=0s need=2s
UE 89 TTT_WAIT target=2 elapsed=0s need=2s
UE 92 TTT_WAIT target=2 elapsed=0s need=2s
UE 95 TTT_WAIT target=6 elapsed=0s need=2s
UE 98 TTT_WAIT target=2 elapsed=0s need=2s
UE 99 TTT_WAIT target=2 elapsed=0s need=2s
UE 101 TTT_WAIT target=2 elapsed=0s need=2s
UE 102 TTT_WAIT target=3 elapsed=0s need=2s
UE 104 TTT_WAIT target=3 elapsed=0s need=2s
UE 105 TTT_WAIT target=3 elapsed=0s need=2s
TRACE HO_SUCCESS Time=12.6151 IMSI=36 TargetCell=2 Type=TN TargetRSRP=-84.7356 ServingRSRP=-72.3135 BackhaulDlSnr=-999 BackhaulUlSnr=-999
TRACE HO_SUCCESS Time=12.6151 IMSI=49 TargetCell=2 Type=TN TargetRSRP=-106.614 ServingRSRP=-62.9963 BackhaulDlSnr=-999 BackhaulUlSnr=-999
TRACE HO_SUCCESS Time=12.6151 IMSI=67 TargetCell=2 Type=TN TargetRSRP=-56.9901 ServingRSRP=-53.4722 BackhaulDlSnr=-999 BackhaulUlSnr=-999
TRACE HO_SUCCESS Time=12.6151 IMSI=18 TargetCell=2 Type=TN TargetRSRP=-97.4146 ServingRSRP=-56.8218 BackhaulDlSnr=-999 BackhaulUlSnr=-999
TRACE HO_SUCCESS Time=12.6151 IMSI=27 TargetCell=3 Type=TN TargetRSRP=-94.6269 ServingRSRP=-63.7949 BackhaulDlSnr=-999 BackhaulUlSnr=-999
TRACE HO_SUCCESS Time=12.6151 IMSI=74 TargetCell=7 Type=NTN TargetRSRP=-85.1435 ServingRSRP=-75.3847 BackhaulDlSnr=-999 BackhaulUlSnr=-999
UAV_AUTONOMY_XAPP Time=14.5 DeploymentMode=tn-uav UavIndex=0 UavCellId=5 BestDonorCellId=1 BestDonorDistanceM=1451.84 XhaulConnected=1 XhaulChannelVariationDb=3.02157 XhaulState=HEALTHY SatBackhaulHealthy=0 OnboardUavRicAvailable=0 OnboardUavRicState=DISABLED BackhaulMode=TN_DIRECT ControlPath=TN_E2 ActiveUavRic=TN_NEAR_RT_RIC NormalUeHandoverAllowed=1 UavMode=TN_CONTROLLED_COVERAGE_EXTENSION
UAV_AUTONOMY_XAPP Time=14.5 DeploymentMode=tn-uav UavIndex=1 UavCellId=6 BestDonorCellId=4 BestDonorDistanceM=629.258 XhaulConnected=1 XhaulChannelVariationDb=-3.75201 XhaulState=HEALTHY SatBackhaulHealthy=0 OnboardUavRicAvailable=0 OnboardUavRicState=DISABLED BackhaulMode=TN_DIRECT ControlPath=TN_E2 ActiveUavRic=TN_NEAR_RT_RIC NormalUeHandoverAllowed=1 UavMode=TN_CONTROLLED_COVERAGE_EXTENSION
UAV_AUTONOMY_XAPP Time=14.5 DeploymentMode=tn-uav UavIndex=2 UavCellId=7 BestDonorCellId=2 BestDonorDistanceM=765.017 XhaulConnected=1 XhaulChannelVariationDb=-2.04708 XhaulState=HEALTHY SatBackhaulHealthy=0 OnboardUavRicAvailable=0 OnboardUavRicState=DISABLED BackhaulMode=TN_DIRECT ControlPath=TN_E2 ActiveUavRic=TN_NEAR_RT_RIC NormalUeHandoverAllowed=1 UavMode=TN_CONTROLLED_COVERAGE_EXTENSION
---- LOAD at t=14.5 ----
  cell 1 (TN) load=18/20
  cell 2 (TN) load=19/20
  cell 3 (TN) load=16/20
  cell 4 (TN) load=20/20
  cell 5 (NTN) load=8/10
  cell 6 (NTN) load=9/10
  cell 7 (NTN) load=10/10
LM HO UE=10 rnti=78 3->1 type=TN servingRsrp=-66.5192 targetRsrp=-61.1916 targetLoadReal=18/20 targetLoadEff=18/20
UE 12 TTT_WAIT target=3 elapsed=0s need=2s
UE 16 TTT_WAIT target=3 elapsed=0s need=2s
UE 17 TTT_WAIT target=3 elapsed=0s need=2s
UE 19 TTT_WAIT target=5 elapsed=0s need=2s
LM HO UE=23 rnti=22 7->2 type=TN servingRsrp=-45.9553 targetRsrp=-28.7926 targetLoadReal=19/20 targetLoadEff=19/20
UE 28 TTT_WAIT target=5 elapsed=0s need=2s
UE 29 TTT_WAIT target=3 elapsed=0s need=2s
UE 33 TTT_WAIT target=1 elapsed=0s need=2s
UE 34 TTT_WAIT target=1 elapsed=0s need=2s
UE 37 TTT_WAIT target=5 elapsed=0s need=2s
UE 39 TTT_WAIT target=3 elapsed=0s need=2s
LM HO UE=40 rnti=55 4->3 type=TN servingRsrp=-71.8547 targetRsrp=-62.766 targetLoadReal=16/20 targetLoadEff=16/20
LM HO UE=44 rnti=93 3->1 type=TN servingRsrp=-99.5564 targetRsrp=-68.9371 targetLoadReal=18/20 targetLoadEff=19/20
UE 45 TTT_WAIT target=3 elapsed=0s need=2s
UE 47 TTT_WAIT target=5 elapsed=0s need=2s
UE 52 TTT_WAIT target=5 elapsed=0s need=2s
UE 53 TTT_WAIT target=5 elapsed=0s need=2s
UE 54 TTT_WAIT target=6 elapsed=0s need=2s
UE 57 TTT_WAIT target=3 elapsed=0s need=2s
UE 58 TTT_WAIT target=5 elapsed=0s need=2s
UE 59 TTT_WAIT target=5 elapsed=0s need=2s
UE 66 TTT_WAIT target=5 elapsed=0s need=2s
UE 70 TTT_WAIT target=6 elapsed=0s need=2s
UE 71 TTT_WAIT target=6 elapsed=0s need=2s
UE 72 TTT_WAIT target=5 elapsed=0s need=2s
LM HO UE=81 rnti=75 2->3 type=TN servingRsrp=-89.8417 targetRsrp=-45.4441 targetLoadReal=16/20 targetLoadEff=17/20
UE 83 TTT_WAIT target=3 elapsed=0s need=2s
UE 85 TTT_WAIT target=6 elapsed=0s need=2s
UE 89 TTT_WAIT target=3 elapsed=0s need=2s
UE 91 TTT_WAIT target=6 elapsed=0s need=2s
UE 94 TTT_WAIT target=3 elapsed=0s need=2s
LM HO UE=95 rnti=69 7->6 type=NTN servingRsrp=-88.1221 targetRsrp=-66.0454 targetLoadReal=9/10 targetLoadEff=9/10
UE 98 TTT_WAIT target=3 elapsed=0s need=2s
UE 99 TTT_WAIT target=3 elapsed=0s need=2s
UE 101 TTT_WAIT target=5 elapsed=0s need=2s
LM HO UE=102 rnti=92 2->3 type=TN servingRsrp=-100.346 targetRsrp=-88.7611 targetLoadReal=16/20 targetLoadEff=18/20
UE 103 TTT_WAIT target=3 elapsed=0s need=2s
LM HO UE=104 rnti=162 1->3 type=TN servingRsrp=-51.3475 targetRsrp=-45.5294 targetLoadReal=16/20 targetLoadEff=19/20
TRACE HO_SUCCESS Time=14.6151 IMSI=9 TargetCell=1 Type=TN TargetRSRP=-63.997 ServingRSRP=-61.4873 BackhaulDlSnr=-999 BackhaulUlSnr=-999
TRACE HO_SUCCESS Time=14.6151 IMSI=43 TargetCell=1 Type=TN TargetRSRP=-54.6906 ServingRSRP=-65.2642 BackhaulDlSnr=-999 BackhaulUlSnr=-999
TRACE HO_SUCCESS Time=14.6151 IMSI=22 TargetCell=2 Type=TN TargetRSRP=-67.376 ServingRSRP=-44.2666 BackhaulDlSnr=-999 BackhaulUlSnr=-999
TRACE HO_SUCCESS Time=14.6151 IMSI=103 TargetCell=3 Type=TN TargetRSRP=-78.7675 ServingRSRP=-47.2118 BackhaulDlSnr=-999 BackhaulUlSnr=-999
TRACE HO_SUCCESS Time=14.6151 IMSI=101 TargetCell=3 Type=TN TargetRSRP=-84.5247 ServingRSRP=-82.5723 BackhaulDlSnr=-999 BackhaulUlSnr=-999
TRACE HO_SUCCESS Time=14.6151 IMSI=80 TargetCell=3 Type=TN TargetRSRP=-79.2566 ServingRSRP=-58.3271 BackhaulDlSnr=-999 BackhaulUlSnr=-999
TRACE HO_SUCCESS Time=14.6151 IMSI=39 TargetCell=3 Type=TN TargetRSRP=-90.8555 ServingRSRP=-65.3014 BackhaulDlSnr=-999 BackhaulUlSnr=-999
TRACE HO_SUCCESS Time=14.6151 IMSI=94 TargetCell=6 Type=NTN TargetRSRP=-61.8594 ServingRSRP=-80.4891 BackhaulDlSnr=-999 BackhaulUlSnr=-999
UAV_AUTONOMY_XAPP Time=16.5 DeploymentMode=tn-uav UavIndex=0 UavCellId=5 BestDonorCellId=3 BestDonorDistanceM=1701.4 XhaulConnected=1 XhaulChannelVariationDb=-0.649733 XhaulState=HEALTHY SatBackhaulHealthy=0 OnboardUavRicAvailable=0 OnboardUavRicState=DISABLED BackhaulMode=TN_DIRECT ControlPath=TN_E2 ActiveUavRic=TN_NEAR_RT_RIC NormalUeHandoverAllowed=1 UavMode=TN_CONTROLLED_COVERAGE_EXTENSION
UAV_AUTONOMY_XAPP Time=16.5 DeploymentMode=tn-uav UavIndex=1 UavCellId=6 BestDonorCellId=4 BestDonorDistanceM=629.258 XhaulConnected=1 XhaulChannelVariationDb=-2.66666 XhaulState=HEALTHY SatBackhaulHealthy=0 OnboardUavRicAvailable=0 OnboardUavRicState=DISABLED BackhaulMode=TN_DIRECT ControlPath=TN_E2 ActiveUavRic=TN_NEAR_RT_RIC NormalUeHandoverAllowed=1 UavMode=TN_CONTROLLED_COVERAGE_EXTENSION
UAV_AUTONOMY_XAPP Time=16.5 DeploymentMode=tn-uav UavIndex=2 UavCellId=7 BestDonorCellId=1 BestDonorDistanceM=1336.49 XhaulConnected=1 XhaulChannelVariationDb=3.43702 XhaulState=HEALTHY SatBackhaulHealthy=0 OnboardUavRicAvailable=0 OnboardUavRicState=DISABLED BackhaulMode=TN_DIRECT ControlPath=TN_E2 ActiveUavRic=TN_NEAR_RT_RIC NormalUeHandoverAllowed=1 UavMode=TN_CONTROLLED_COVERAGE_EXTENSION
---- LOAD at t=16.5 ----
  cell 1 (TN) load=19/20
  cell 2 (TN) load=18/20
  cell 3 (TN) load=18/20
  cell 4 (TN) load=19/20
  cell 5 (NTN) load=8/10
  cell 6 (NTN) load=10/10
  cell 7 (NTN) load=8/10
UE 8 TTT_WAIT target=1 elapsed=0s need=2s
UE 10 TTT_WAIT target=3 elapsed=0s need=2s
UE 11 TTT_WAIT target=4 elapsed=0s need=2s
UE 16 TTT_WAIT target=2 elapsed=0s need=2s
UE 17 TTT_WAIT target=4 elapsed=0s need=2s
UE 18 TTT_WAIT target=1 elapsed=0s need=2s
UE 19 TTT_WAIT target=1 elapsed=0s need=2s
UE 20 TTT_WAIT target=3 elapsed=0s need=2s
UE 21 TTT_WAIT target=7 elapsed=0s need=2s
UE 23 TTT_WAIT target=1 elapsed=0s need=2s
UE 24 TTT_WAIT target=1 elapsed=0s need=2s
UE 25 TTT_WAIT target=1 elapsed=0s need=2s
UE 28 TTT_WAIT target=4 elapsed=0s need=2s
UE 30 TTT_WAIT target=2 elapsed=0s need=2s
UE 34 TTT_WAIT target=3 elapsed=0s need=2s
UE 36 TTT_WAIT target=2 elapsed=0s need=2s
UE 37 TTT_WAIT target=4 elapsed=0s need=2s
LM HO UE=39 rnti=53 1->3 type=TN servingRsrp=-90.1474 targetRsrp=-47.0481 targetLoadReal=18/20 targetLoadEff=18/20
UE 40 TTT_WAIT target=4 elapsed=0s need=2s
UE 44 TTT_WAIT target=7 elapsed=0s need=2s
LM HO UE=45 rnti=54 1->3 type=TN servingRsrp=-78.2209 targetRsrp=-68.0457 targetLoadReal=18/20 targetLoadEff=19/20
UE 47 TTT_WAIT target=2 elapsed=0s need=2s
UE 48 TTT_WAIT target=4 elapsed=0s need=2s
UE 50 TTT_WAIT target=1 elapsed=0s need=2s
UE 54 TTT_WAIT target=4 elapsed=0s need=2s
UE 57 TTT_WAIT target=1 elapsed=0s need=2s
UE 59 TTT_WAIT target=4 elapsed=0s need=2s
UE 63 TTT_WAIT target=1 elapsed=0s need=2s
UE 64 TTT_WAIT target=5 elapsed=0s need=2s
UE 65 TTT_WAIT target=1 elapsed=0s need=2s
UE 66 TTT_WAIT target=2 elapsed=0s need=2s
UE 67 TTT_WAIT target=2 elapsed=0s need=2s
UE 68 TTT_WAIT target=1 elapsed=0s need=2s
UE 72 TTT_WAIT target=2 elapsed=0s need=2s
UE 75 TTT_WAIT target=5 elapsed=0s need=2s
UE 78 TTT_WAIT target=2 elapsed=0s need=2s
UE 80 TTT_WAIT target=2 elapsed=0s need=2s
UE 81 TTT_WAIT target=1 elapsed=0s need=2s
UE 83 TTT_WAIT target=5 elapsed=0s need=2s
UE 84 TTT_WAIT target=2 elapsed=0s need=2s
UE 85 TTT_WAIT target=7 elapsed=0s need=2s
UE 89 TTT_WAIT target=2 elapsed=0s need=2s
UE 93 TTT_WAIT target=1 elapsed=0s need=2s
UE 101 TTT_WAIT target=7 elapsed=0s need=2s
UE 102 TTT_WAIT target=5 elapsed=0s need=2s
UE 103 TTT_WAIT target=4 elapsed=0s need=2s
UE 104 TTT_WAIT target=1 elapsed=0s need=2s
UE 105 TTT_WAIT target=4 elapsed=0s need=2s
UE 106 TTT_WAIT target=1 elapsed=0s need=2s
TRACE HO_SUCCESS Time=16.6151 IMSI=38 TargetCell=3 Type=TN TargetRSRP=-86.2497 ServingRSRP=-59.8706 BackhaulDlSnr=-999 BackhaulUlSnr=-999
TRACE HO_SUCCESS Time=16.6151 IMSI=44 TargetCell=3 Type=TN TargetRSRP=-55.4219 ServingRSRP=-44.1853 BackhaulDlSnr=-999 BackhaulUlSnr=-999
UAV_AUTONOMY_XAPP Time=18.5 DeploymentMode=tn-uav UavIndex=0 UavCellId=5 BestDonorCellId=1 BestDonorDistanceM=1969.42 XhaulConnected=1 XhaulChannelVariationDb=1.51246 XhaulState=HEALTHY SatBackhaulHealthy=0 OnboardUavRicAvailable=0 OnboardUavRicState=DISABLED BackhaulMode=TN_DIRECT ControlPath=TN_E2 ActiveUavRic=TN_NEAR_RT_RIC NormalUeHandoverAllowed=1 UavMode=TN_CONTROLLED_COVERAGE_EXTENSION
UAV_AUTONOMY_XAPP Time=18.5 DeploymentMode=tn-uav UavIndex=1 UavCellId=6 BestDonorCellId=4 BestDonorDistanceM=629.258 XhaulConnected=1 XhaulChannelVariationDb=-0.297647 XhaulState=HEALTHY SatBackhaulHealthy=0 OnboardUavRicAvailable=0 OnboardUavRicState=DISABLED BackhaulMode=TN_DIRECT ControlPath=TN_E2 ActiveUavRic=TN_NEAR_RT_RIC NormalUeHandoverAllowed=1 UavMode=TN_CONTROLLED_COVERAGE_EXTENSION
UAV_AUTONOMY_XAPP Time=18.5 DeploymentMode=tn-uav UavIndex=2 UavCellId=7 BestDonorCellId=2 BestDonorDistanceM=1192.19 XhaulConnected=1 XhaulChannelVariationDb=0.972659 XhaulState=HEALTHY SatBackhaulHealthy=0 OnboardUavRicAvailable=0 OnboardUavRicState=DISABLED BackhaulMode=TN_DIRECT ControlPath=TN_E2 ActiveUavRic=TN_NEAR_RT_RIC NormalUeHandoverAllowed=1 UavMode=TN_CONTROLLED_COVERAGE_EXTENSION
---- LOAD at t=18.5 ----
  cell 1 (TN) load=17/20
  cell 2 (TN) load=18/20
  cell 3 (TN) load=20/20
  cell 4 (TN) load=19/20
  cell 5 (NTN) load=8/10
  cell 6 (NTN) load=10/10
  cell 7 (NTN) load=8/10
UE 9 TTT_WAIT target=4 elapsed=0s need=2s
LM HO UE=11 rnti=64 6->4 type=TN servingRsrp=-80.4349 targetRsrp=-65.0499 targetLoadReal=19/20 targetLoadEff=19/20
UE 12 TTT_WAIT target=1 elapsed=0s need=2s
UE 14 TTT_WAIT target=2 elapsed=0s need=2s
LM HO UE=16 rnti=50 4->2 type=TN servingRsrp=-74.9352 targetRsrp=-71.705 targetLoadReal=18/20 targetLoadEff=18/20
UE 17 TTT_WAIT target=2 elapsed=0s need=2s
LM HO UE=18 rnti=90 3->1 type=TN servingRsrp=-49.1633 targetRsrp=-42.1706 targetLoadReal=17/20 targetLoadEff=17/20
UE 19 TTT_WAIT target=5 elapsed=0s need=2s
UE 22 TTT_WAIT target=7 elapsed=0s need=2s
UE 27 TTT_WAIT target=1 elapsed=0s need=2s
UE 28 TTT_WAIT target=2 elapsed=0s need=2s
UE 29 TTT_WAIT target=2 elapsed=0s need=2s
UE 30 TTT_WAIT target=1 elapsed=0s need=2s
UE 33 TTT_WAIT target=2 elapsed=0s need=2s
UE 34 TTT_WAIT target=7 elapsed=0s need=2s
UE 35 TTT_WAIT target=1 elapsed=0s need=2s
UE 38 TTT_WAIT target=7 elapsed=0s need=2s
UE 39 TTT_WAIT target=1 elapsed=0s need=2s
UE 40 TTT_WAIT target=2 elapsed=0s need=2s
UE 42 TTT_WAIT target=1 elapsed=0s need=2s
UE 43 TTT_WAIT target=1 elapsed=0s need=2s
UE 45 TTT_WAIT target=1 elapsed=0s need=2s
LM HO UE=50 rnti=95 2->1 type=TN servingRsrp=-103.604 targetRsrp=-86.7083 targetLoadReal=17/20 targetLoadEff=18/20
UE 52 TTT_WAIT target=2 elapsed=0s need=2s
UE 57 TTT_WAIT target=5 elapsed=0s need=2s
UE 58 TTT_WAIT target=1 elapsed=0s need=2s
UE 59 TTT_WAIT target=5 elapsed=0s need=2s
UE 63 TTT_WAIT target=2 elapsed=0s need=2s
LM HO UE=65 rnti=73 2->1 type=TN servingRsrp=-86.2454 targetRsrp=-83.9292 targetLoadReal=17/20 targetLoadEff=19/20
LM HO UE=66 rnti=137 1->2 type=TN servingRsrp=-86.3639 targetRsrp=-71.7356 targetLoadReal=18/20 targetLoadEff=19/20
UE 67 TTT_WAIT target=7 elapsed=0s need=2s
UE 71 TTT_WAIT target=5 elapsed=0s need=2s
UE 74 TTT_WAIT target=7 elapsed=0s need=2s
LM HO UE=75 rnti=73 7->5 type=NTN servingRsrp=-100.533 targetRsrp=-84.2305 targetLoadReal=8/10 targetLoadEff=8/10
UE 76 TTT_WAIT target=7 elapsed=0s need=2s
UE 80 TTT_WAIT target=7 elapsed=0s need=2s
UE 81 TTT_WAIT target=7 elapsed=0s need=2s
UE 84 TTT_WAIT target=7 elapsed=0s need=2s
UE 86 TTT_WAIT target=7 elapsed=0s need=2s
UE 89 TTT_WAIT target=7 elapsed=0s need=2s
UE 94 TTT_WAIT target=5 elapsed=0s need=2s
UE 99 TTT_WAIT target=5 elapsed=0s need=2s
UE 101 TTT_WAIT target=5 elapsed=0s need=2s
UE 103 TTT_WAIT target=5 elapsed=0s need=2s
UE 104 TTT_WAIT target=7 elapsed=0s need=2s
UE 106 TTT_WAIT target=7 elapsed=0s need=2s
TRACE HO_SUCCESS Time=18.6151 IMSI=64 TargetCell=1 Type=TN TargetRSRP=-77.6427 ServingRSRP=-72.5593 BackhaulDlSnr=-999 BackhaulUlSnr=-999
TRACE HO_SUCCESS Time=18.6151 IMSI=49 TargetCell=1 Type=TN TargetRSRP=-96.5293 ServingRSRP=-78.1961 BackhaulDlSnr=-999 BackhaulUlSnr=-999
TRACE HO_SUCCESS Time=18.6151 IMSI=17 TargetCell=1 Type=TN TargetRSRP=-79.6498 ServingRSRP=-58.5919 BackhaulDlSnr=-999 BackhaulUlSnr=-999
TRACE HO_SUCCESS Time=18.6151 IMSI=65 TargetCell=2 Type=TN TargetRSRP=-88.0117 ServingRSRP=-52.8392 BackhaulDlSnr=-999 BackhaulUlSnr=-999
TRACE HO_SUCCESS Time=18.6151 IMSI=15 TargetCell=2 Type=TN TargetRSRP=-95.0013 ServingRSRP=-65.27 BackhaulDlSnr=-999 BackhaulUlSnr=-999
TRACE HO_SUCCESS Time=18.6151 IMSI=10 TargetCell=4 Type=TN TargetRSRP=-70.5581 ServingRSRP=-79.6598 BackhaulDlSnr=-999 BackhaulUlSnr=-999
TRACE HO_SUCCESS Time=18.6151 IMSI=74 TargetCell=5 Type=NTN TargetRSRP=-87.3113 ServingRSRP=-72.0169 BackhaulDlSnr=-999 BackhaulUlSnr=-999
UAV_AUTONOMY_XAPP Time=20.5 DeploymentMode=tn-uav UavIndex=0 UavCellId=5 BestDonorCellId=1 BestDonorDistanceM=1719.18 XhaulConnected=1 XhaulChannelVariationDb=-1.23503 XhaulState=HEALTHY SatBackhaulHealthy=0 OnboardUavRicAvailable=0 OnboardUavRicState=DISABLED BackhaulMode=TN_DIRECT ControlPath=TN_E2 ActiveUavRic=TN_NEAR_RT_RIC NormalUeHandoverAllowed=1 UavMode=TN_CONTROLLED_COVERAGE_EXTENSION
UAV_AUTONOMY_XAPP Time=20.5 DeploymentMode=tn-uav UavIndex=1 UavCellId=6 BestDonorCellId=4 BestDonorDistanceM=499.269 XhaulConnected=1 XhaulChannelVariationDb=-4.72636 XhaulState=HEALTHY SatBackhaulHealthy=0 OnboardUavRicAvailable=0 OnboardUavRicState=DISABLED BackhaulMode=TN_DIRECT ControlPath=TN_E2 ActiveUavRic=TN_NEAR_RT_RIC NormalUeHandoverAllowed=1 UavMode=TN_CONTROLLED_COVERAGE_EXTENSION
UAV_AUTONOMY_XAPP Time=20.5 DeploymentMode=tn-uav UavIndex=2 UavCellId=7 BestDonorCellId=4 BestDonorDistanceM=971.455 XhaulConnected=1 XhaulChannelVariationDb=1.67812 XhaulState=HEALTHY SatBackhaulHealthy=0 OnboardUavRicAvailable=0 OnboardUavRicState=DISABLED BackhaulMode=TN_DIRECT ControlPath=TN_E2 ActiveUavRic=TN_NEAR_RT_RIC NormalUeHandoverAllowed=1 UavMode=TN_CONTROLLED_COVERAGE_EXTENSION
---- LOAD at t=20.5 ----
  cell 1 (TN) load=19/20
  cell 2 (TN) load=18/20
  cell 3 (TN) load=19/20
  cell 4 (TN) load=19/20
  cell 5 (NTN) load=9/10
  cell 6 (NTN) load=9/10
  cell 7 (NTN) load=7/10
UE 8 TTT_WAIT target=3 elapsed=0s need=2s
UE 10 TTT_WAIT target=3 elapsed=0s need=2s
UE 11 TTT_WAIT target=5 elapsed=0s need=2s
UE 15 TTT_WAIT target=1 elapsed=0s need=2s
UE 16 TTT_WAIT target=4 elapsed=0s need=2s
UE 20 TTT_WAIT target=1 elapsed=0s need=2s
UE 21 TTT_WAIT target=7 elapsed=0s need=2s
UE 23 TTT_WAIT target=1 elapsed=0s need=2s
UE 24 TTT_WAIT target=2 elapsed=0s need=2s
UE 25 TTT_WAIT target=1 elapsed=0s need=2s
LM HO UE=27 rnti=67 6->1 type=TN servingRsrp=-69.2166 targetRsrp=-59.486 targetLoadReal=19/20 targetLoadEff=19/20
LM HO UE=28 rnti=171 3->2 type=TN servingRsrp=-89.4769 targetRsrp=-67.019 targetLoadReal=18/20 targetLoadEff=18/20
UE 29 TTT_WAIT target=7 elapsed=0s need=2s
UE 30 TTT_WAIT target=6 elapsed=0s need=2s
LM HO UE=33 rnti=23 7->2 type=TN servingRsrp=-92.283 targetRsrp=-72.3373 targetLoadReal=18/20 targetLoadEff=19/20
UE 34 TTT_WAIT target=4 elapsed=0s need=2s
UE 36 TTT_WAIT target=6 elapsed=0s need=2s
UE 37 TTT_WAIT target=4 elapsed=0s need=2s
UE 40 TTT_WAIT target=4 elapsed=0s need=2s
UE 41 TTT_WAIT target=3 elapsed=0s need=2s
UE 42 TTT_WAIT target=4 elapsed=0s need=2s
UE 44 TTT_WAIT target=4 elapsed=0s need=2s
UE 51 TTT_WAIT target=6 elapsed=0s need=2s
UE 56 TTT_WAIT target=5 elapsed=0s need=2s
UE 57 TTT_WAIT target=3 elapsed=0s need=2s
UE 58 TTT_WAIT target=7 elapsed=0s need=2s
UE 59 TTT_WAIT target=6 elapsed=0s need=2s
UE 60 TTT_WAIT target=7 elapsed=0s need=2s
UE 61 TTT_WAIT target=6 elapsed=0s need=2s
UE 62 TTT_WAIT target=5 elapsed=0s need=2s
UE 63 TTT_WAIT target=7 elapsed=0s need=2s
UE 64 TTT_WAIT target=4 elapsed=0s need=2s
UE 65 TTT_WAIT target=3 elapsed=0s need=2s
UE 66 TTT_WAIT target=5 elapsed=0s need=2s
UE 68 TTT_WAIT target=5 elapsed=0s need=2s
UE 69 TTT_WAIT target=6 elapsed=0s need=2s
LM HO UE=71 rnti=67 7->5 type=NTN servingRsrp=-71.2765 targetRsrp=-59.4826 targetLoadReal=9/10 targetLoadEff=9/10
UE 72 TTT_WAIT target=4 elapsed=0s need=2s
UE 74 TTT_WAIT target=3 elapsed=0s need=2s
UE 75 TTT_WAIT target=3 elapsed=0s need=2s
UE 76 TTT_WAIT target=3 elapsed=0s need=2s
UE 77 TTT_WAIT target=7 elapsed=0s need=2s
UE 80 TTT_WAIT target=4 elapsed=0s need=2s
UE 81 TTT_WAIT target=4 elapsed=0s need=2s
UE 82 TTT_WAIT target=6 elapsed=0s need=2s
UE 83 TTT_WAIT target=4 elapsed=0s need=2s
UE 85 TTT_WAIT target=6 elapsed=0s need=2s
UE 87 TTT_WAIT target=3 elapsed=0s need=2s
UE 89 TTT_WAIT target=3 elapsed=0s need=2s
UE 90 TTT_WAIT target=4 elapsed=0s need=2s
UE 92 TTT_WAIT target=7 elapsed=0s need=2s
UE 93 TTT_WAIT target=6 elapsed=0s need=2s
UE 94 TTT_WAIT target=7 elapsed=0s need=2s
UE 95 TTT_WAIT target=4 elapsed=0s need=2s
UE 97 TTT_WAIT target=7 elapsed=0s need=2s
UE 99 TTT_WAIT target=3 elapsed=0s need=2s
UE 101 TTT_WAIT target=7 elapsed=0s need=2s
UE 102 TTT_WAIT target=6 elapsed=0s need=2s
UE 103 TTT_WAIT target=3 elapsed=0s need=2s
UE 105 TTT_WAIT target=4 elapsed=0s need=2s
UE 106 TTT_WAIT target=3 elapsed=0s need=2s
UE 107 TTT_WAIT target=3 elapsed=0s need=2s
TRACE HO_SUCCESS Time=20.6151 IMSI=26 TargetCell=1 Type=TN TargetRSRP=-51.6631 ServingRSRP=-84.5843 BackhaulDlSnr=-999 BackhaulUlSnr=-999
TRACE HO_SUCCESS Time=20.6151 IMSI=27 TargetCell=2 Type=TN TargetRSRP=-93.9519 ServingRSRP=-76.7314 BackhaulDlSnr=-999 BackhaulUlSnr=-999
TRACE HO_SUCCESS Time=20.6151 IMSI=32 TargetCell=2 Type=TN TargetRSRP=-70.7049 ServingRSRP=-73.3975 BackhaulDlSnr=-999 BackhaulUlSnr=-999
TRACE HO_SUCCESS Time=20.6151 IMSI=70 TargetCell=5 Type=NTN TargetRSRP=-71.7256 ServingRSRP=-64.8856 BackhaulDlSnr=-999 BackhaulUlSnr=-999
UAV_AUTONOMY_XAPP Time=22.5 DeploymentMode=tn-uav UavIndex=0 UavCellId=5 BestDonorCellId=3 BestDonorDistanceM=1608.35 XhaulConnected=1 XhaulChannelVariationDb=3.91691 XhaulState=HEALTHY SatBackhaulHealthy=0 OnboardUavRicAvailable=0 OnboardUavRicState=DISABLED BackhaulMode=TN_DIRECT ControlPath=TN_E2 ActiveUavRic=TN_NEAR_RT_RIC NormalUeHandoverAllowed=1 UavMode=TN_CONTROLLED_COVERAGE_EXTENSION
UAV_AUTONOMY_XAPP Time=22.5 DeploymentMode=tn-uav UavIndex=1 UavCellId=6 BestDonorCellId=4 BestDonorDistanceM=667.034 XhaulConnected=1 XhaulChannelVariationDb=-2.96853 XhaulState=HEALTHY SatBackhaulHealthy=0 OnboardUavRicAvailable=0 OnboardUavRicState=DISABLED BackhaulMode=TN_DIRECT ControlPath=TN_E2 ActiveUavRic=TN_NEAR_RT_RIC NormalUeHandoverAllowed=1 UavMode=TN_CONTROLLED_COVERAGE_EXTENSION
UAV_AUTONOMY_XAPP Time=22.5 DeploymentMode=tn-uav UavIndex=2 UavCellId=7 BestDonorCellId=4 BestDonorDistanceM=970.978 XhaulConnected=1 XhaulChannelVariationDb=0.883865 XhaulState=HEALTHY SatBackhaulHealthy=0 OnboardUavRicAvailable=0 OnboardUavRicState=DISABLED BackhaulMode=TN_DIRECT ControlPath=TN_E2 ActiveUavRic=TN_NEAR_RT_RIC NormalUeHandoverAllowed=1 UavMode=TN_CONTROLLED_COVERAGE_EXTENSION
---- LOAD at t=22.5 ----
  cell 1 (TN) load=20/20
  cell 2 (TN) load=20/20
  cell 3 (TN) load=18/20
  cell 4 (TN) load=19/20
  cell 5 (NTN) load=10/10
  cell 6 (NTN) load=8/10
  cell 7 (NTN) load=5/10
LM HO UE=8 rnti=22 2->3 type=TN servingRsrp=-77.5526 targetRsrp=-58.2111 targetLoadReal=18/20 targetLoadEff=18/20
LM HO UE=10 rnti=163 1->3 type=TN servingRsrp=-77.4063 targetRsrp=-53.3095 targetLoadReal=18/20 targetLoadEff=19/20
LM HO UE=16 rnti=98 2->4 type=TN servingRsrp=-93.8272 targetRsrp=-60.9316 targetLoadReal=19/20 targetLoadEff=19/20
UE 21 TTT_WAIT target=6 elapsed=0s need=2s
UE 22 TTT_WAIT target=7 elapsed=0s need=2s
UE 25 TTT_WAIT target=7 elapsed=0s need=2s
UE 28 TTT_WAIT target=6 elapsed=0s need=2s
UE 33 TTT_WAIT target=6 elapsed=0s need=2s
UE 37 TTT_WAIT target=7 elapsed=0s need=2s
UE 39 TTT_WAIT target=7 elapsed=0s need=2s
UE 40 TTT_WAIT target=6 elapsed=0s need=2s
UE 42 TTT_WAIT target=7 elapsed=0s need=2s
LM HO UE=51 rnti=96 3->6 type=NTN servingRsrp=-78.8324 targetRsrp=-60.56 targetLoadReal=8/10 targetLoadEff=8/10
UE 53 TTT_WAIT target=6 elapsed=0s need=2s
UE 57 TTT_WAIT target=7 elapsed=0s need=2s
UE 61 TTT_WAIT target=7 elapsed=0s need=2s
UE 64 TTT_WAIT target=7 elapsed=0s need=2s
UE 65 TTT_WAIT target=7 elapsed=0s need=2s
LM HO UE=69 rnti=139 4->6 type=NTN servingRsrp=-69.2604 targetRsrp=-43.5404 targetLoadReal=8/10 targetLoadEff=9/10
UE 71 TTT_WAIT target=7 elapsed=0s need=2s
UE 79 TTT_WAIT target=7 elapsed=0s need=2s
UE 81 TTT_WAIT target=7 elapsed=0s need=2s
UE 86 TTT_WAIT target=7 elapsed=0s need=2s
UE 90 TTT_WAIT target=7 elapsed=0s need=2s
UE 91 TTT_WAIT target=7 elapsed=0s need=2s
UE 95 TTT_WAIT target=7 elapsed=0s need=2s
UE 96 TTT_WAIT target=7 elapsed=0s need=2s
TRACE HO_SUCCESS Time=22.6151 IMSI=9 TargetCell=3 Type=TN TargetRSRP=-57.862 ServingRSRP=-81.5055 BackhaulDlSnr=-999 BackhaulUlSnr=-999
TRACE HO_SUCCESS Time=22.6151 IMSI=7 TargetCell=3 Type=TN TargetRSRP=-83.7905 ServingRSRP=-80.682 BackhaulDlSnr=-999 BackhaulUlSnr=-999
TRACE HO_SUCCESS Time=22.6151 IMSI=15 TargetCell=4 Type=TN TargetRSRP=-52.8358 ServingRSRP=-76.6937 BackhaulDlSnr=-999 BackhaulUlSnr=-999
TRACE HO_SUCCESS Time=22.6151 IMSI=50 TargetCell=6 Type=NTN TargetRSRP=-64.7886 ServingRSRP=-76.5322 BackhaulDlSnr=-999 BackhaulUlSnr=-999
TRACE HO_SUCCESS Time=22.6151 IMSI=68 TargetCell=6 Type=NTN TargetRSRP=-76.379 ServingRSRP=-61.4047 BackhaulDlSnr=-999 BackhaulUlSnr=-999
UAV_AUTONOMY_XAPP Time=24.5 DeploymentMode=tn-uav UavIndex=0 UavCellId=5 BestDonorCellId=4 BestDonorDistanceM=3931.5 XhaulConnected=1 XhaulChannelVariationDb=3.31157 XhaulState=HEALTHY SatBackhaulHealthy=0 OnboardUavRicAvailable=0 OnboardUavRicState=DISABLED BackhaulMode=TN_DIRECT ControlPath=TN_E2 ActiveUavRic=TN_NEAR_RT_RIC NormalUeHandoverAllowed=1 UavMode=TN_CONTROLLED_COVERAGE_EXTENSION
UAV_AUTONOMY_XAPP Time=24.5 DeploymentMode=tn-uav UavIndex=1 UavCellId=6 BestDonorCellId=4 BestDonorDistanceM=729.379 XhaulConnected=1 XhaulChannelVariationDb=1.30617 XhaulState=HEALTHY SatBackhaulHealthy=0 OnboardUavRicAvailable=0 OnboardUavRicState=DISABLED BackhaulMode=TN_DIRECT ControlPath=TN_E2 ActiveUavRic=TN_NEAR_RT_RIC NormalUeHandoverAllowed=1 UavMode=TN_CONTROLLED_COVERAGE_EXTENSION
UAV_AUTONOMY_XAPP Time=24.5 DeploymentMode=tn-uav UavIndex=2 UavCellId=7 BestDonorCellId=4 BestDonorDistanceM=741.082 XhaulConnected=1 XhaulChannelVariationDb=-0.620743 XhaulState=HEALTHY SatBackhaulHealthy=0 OnboardUavRicAvailable=0 OnboardUavRicState=DISABLED BackhaulMode=TN_DIRECT ControlPath=TN_E2 ActiveUavRic=TN_NEAR_RT_RIC NormalUeHandoverAllowed=1 UavMode=TN_CONTROLLED_COVERAGE_EXTENSION
---- LOAD at t=24.5 ----
  cell 1 (TN) load=19/20
  cell 2 (TN) load=18/20
  cell 3 (TN) load=19/20
  cell 4 (TN) load=19/20
  cell 5 (NTN) load=10/10
  cell 6 (NTN) load=10/10
  cell 7 (NTN) load=5/10
UE 8 TTT_WAIT target=1 elapsed=0s need=2s
UE 9 TTT_WAIT target=7 elapsed=0s need=2s
UE 12 TTT_WAIT target=1 elapsed=0s need=2s
UE 13 TTT_WAIT target=3 elapsed=0s need=2s
UE 15 TTT_WAIT target=2 elapsed=0s need=2s
UE 18 TTT_WAIT target=3 elapsed=0s need=2s
UE 19 TTT_WAIT target=1 elapsed=0s need=2s
UE 20 TTT_WAIT target=7 elapsed=0s need=2s
UE 23 TTT_WAIT target=3 elapsed=0s need=2s
UE 24 TTT_WAIT target=1 elapsed=0s need=2s
UE 26 TTT_WAIT target=2 elapsed=0s need=2s
UE 27 TTT_WAIT target=7 elapsed=0s need=2s
UE 28 TTT_WAIT target=3 elapsed=0s need=2s
UE 30 TTT_WAIT target=3 elapsed=0s need=2s
UE 31 TTT_WAIT target=3 elapsed=0s need=2s
UE 33 TTT_WAIT target=3 elapsed=0s need=2s
UE 34 TTT_WAIT target=4 elapsed=0s need=2s
UE 35 TTT_WAIT target=1 elapsed=0s need=2s
UE 37 TTT_WAIT target=1 elapsed=0s need=2s
UE 38 TTT_WAIT target=1 elapsed=0s need=2s
UE 39 TTT_WAIT target=2 elapsed=0s need=2s
UE 40 TTT_WAIT target=4 elapsed=0s need=2s
UE 41 TTT_WAIT target=3 elapsed=0s need=2s
UE 42 TTT_WAIT target=1 elapsed=0s need=2s
UE 44 TTT_WAIT target=4 elapsed=0s need=2s
UE 45 TTT_WAIT target=2 elapsed=0s need=2s
UE 46 TTT_WAIT target=2 elapsed=0s need=2s
UE 47 TTT_WAIT target=1 elapsed=0s need=2s
UE 51 TTT_WAIT target=2 elapsed=0s need=2s
UE 55 TTT_WAIT target=4 elapsed=0s need=2s
UE 57 TTT_WAIT target=3 elapsed=0s need=2s
UE 60 TTT_WAIT target=1 elapsed=0s need=2s
UE 62 TTT_WAIT target=2 elapsed=0s need=2s
UE 64 TTT_WAIT target=2 elapsed=0s need=2s
UE 65 TTT_WAIT target=4 elapsed=0s need=2s
UE 66 TTT_WAIT target=1 elapsed=0s need=2s
UE 67 TTT_WAIT target=2 elapsed=0s need=2s
UE 68 TTT_WAIT target=1 elapsed=0s need=2s
UE 69 TTT_WAIT target=2 elapsed=0s need=2s
UE 71 TTT_WAIT target=3 elapsed=0s need=2s
UE 72 TTT_WAIT target=3 elapsed=0s need=2s
UE 74 TTT_WAIT target=3 elapsed=0s need=2s
UE 76 TTT_WAIT target=1 elapsed=0s need=2s
UE 80 TTT_WAIT target=2 elapsed=0s need=2s
UE 83 TTT_WAIT target=2 elapsed=0s need=2s
UE 84 TTT_WAIT target=3 elapsed=0s need=2s
UE 86 TTT_WAIT target=2 elapsed=0s need=2s
UE 89 TTT_WAIT target=2 elapsed=0s need=2s
UE 91 TTT_WAIT target=1 elapsed=0s need=2s
UE 92 TTT_WAIT target=2 elapsed=0s need=2s
UE 93 TTT_WAIT target=3 elapsed=0s need=2s
UE 94 TTT_WAIT target=3 elapsed=0s need=2s
LM HO UE=95 rnti=86 6->7 type=NTN servingRsrp=-70.0898 targetRsrp=-40.8064 targetLoadReal=5/10 targetLoadEff=5/10
UE 96 TTT_WAIT target=3 elapsed=0s need=2s
UE 100 TTT_WAIT target=3 elapsed=0s need=2s
UE 101 TTT_WAIT target=3 elapsed=0s need=2s
UE 102 TTT_WAIT target=4 elapsed=0s need=2s
UE 103 TTT_WAIT target=3 elapsed=0s need=2s
UE 104 TTT_WAIT target=1 elapsed=0s need=2s
UE 105 TTT_WAIT target=3 elapsed=0s need=2s
TRACE HO_SUCCESS Time=24.6151 IMSI=94 TargetCell=7 Type=NTN TargetRSRP=-73.4301 ServingRSRP=-28.3736 BackhaulDlSnr=-999 BackhaulUlSnr=-999
UAV_AUTONOMY_XAPP Time=26.5 DeploymentMode=tn-uav UavIndex=0 UavCellId=5 BestDonorCellId=1 BestDonorDistanceM=1642.77 XhaulConnected=1 XhaulChannelVariationDb=0.6374 XhaulState=HEALTHY SatBackhaulHealthy=0 OnboardUavRicAvailable=0 OnboardUavRicState=DISABLED BackhaulMode=TN_DIRECT ControlPath=TN_E2 ActiveUavRic=TN_NEAR_RT_RIC NormalUeHandoverAllowed=1 UavMode=TN_CONTROLLED_COVERAGE_EXTENSION
UAV_AUTONOMY_XAPP Time=26.5 DeploymentMode=tn-uav UavIndex=1 UavCellId=6 BestDonorCellId=4 BestDonorDistanceM=1077.84 XhaulConnected=1 XhaulChannelVariationDb=-2.69739 XhaulState=HEALTHY SatBackhaulHealthy=0 OnboardUavRicAvailable=0 OnboardUavRicState=DISABLED BackhaulMode=TN_DIRECT ControlPath=TN_E2 ActiveUavRic=TN_NEAR_RT_RIC NormalUeHandoverAllowed=1 UavMode=TN_CONTROLLED_COVERAGE_EXTENSION
UAV_AUTONOMY_XAPP Time=26.5 DeploymentMode=tn-uav UavIndex=2 UavCellId=7 BestDonorCellId=4 BestDonorDistanceM=351.831 XhaulConnected=1 XhaulChannelVariationDb=-3.37435 XhaulState=HEALTHY SatBackhaulHealthy=0 OnboardUavRicAvailable=0 OnboardUavRicState=DISABLED BackhaulMode=TN_DIRECT ControlPath=TN_E2 ActiveUavRic=TN_NEAR_RT_RIC NormalUeHandoverAllowed=1 UavMode=TN_CONTROLLED_COVERAGE_EXTENSION
---- LOAD at t=26.5 ----
  cell 1 (TN) load=19/20
  cell 2 (TN) load=18/20
  cell 3 (TN) load=19/20
  cell 4 (TN) load=19/20
  cell 5 (NTN) load=10/10
  cell 6 (NTN) load=9/10
  cell 7 (NTN) load=6/10
UE 11 TTT_WAIT target=1 elapsed=0s need=2s
UE 17 TTT_WAIT target=4 elapsed=0s need=2s
UE 20 TTT_WAIT target=6 elapsed=0s need=2s
UE 22 TTT_WAIT target=7 elapsed=0s need=2s
UE 25 TTT_WAIT target=7 elapsed=0s need=2s
UE 26 TTT_WAIT target=4 elapsed=0s need=2s
UE 27 TTT_WAIT target=6 elapsed=0s need=2s
UE 28 TTT_WAIT target=1 elapsed=0s need=2s
UE 29 TTT_WAIT target=3 elapsed=0s need=2s
UE 30 TTT_WAIT target=7 elapsed=0s need=2s
UE 31 TTT_WAIT target=2 elapsed=0s need=2s
UE 33 TTT_WAIT target=1 elapsed=0s need=2s
UE 34 TTT_WAIT target=6 elapsed=0s need=2s
UE 35 TTT_WAIT target=6 elapsed=0s need=2s
UE 37 TTT_WAIT target=4 elapsed=0s need=2s
LM HO UE=39 rnti=176 3->2 type=TN servingRsrp=-82.8801 targetRsrp=-71.5765 targetLoadReal=18/20 targetLoadEff=18/20
LM HO UE=40 rnti=172 3->4 type=TN servingRsrp=-86.7502 targetRsrp=-70.4155 targetLoadReal=19/20 targetLoadEff=19/20
UE 42 TTT_WAIT target=3 elapsed=0s need=2s
UE 44 TTT_WAIT target=2 elapsed=0s need=2s
UE 45 TTT_WAIT target=1 elapsed=0s need=2s
LM HO UE=47 rnti=94 3->1 type=TN servingRsrp=-83.5334 targetRsrp=-65.6327 targetLoadReal=19/20 targetLoadEff=19/20
UE 48 TTT_WAIT target=7 elapsed=0s need=2s
UE 51 TTT_WAIT target=3 elapsed=0s need=2s
UE 52 TTT_WAIT target=2 elapsed=0s need=2s
UE 53 TTT_WAIT target=2 elapsed=0s need=2s
UE 55 TTT_WAIT target=7 elapsed=0s need=2s
UE 58 TTT_WAIT target=2 elapsed=0s need=2s
UE 62 TTT_WAIT target=7 elapsed=0s need=2s
UE 64 TTT_WAIT target=7 elapsed=0s need=2s
UE 66 TTT_WAIT target=3 elapsed=0s need=2s
LM HO UE=67 rnti=157 3->2 type=TN servingRsrp=-82.5393 targetRsrp=-71.8985 targetLoadReal=18/20 targetLoadEff=19/20
UE 68 TTT_WAIT target=7 elapsed=0s need=2s
UE 69 TTT_WAIT target=7 elapsed=0s need=2s
UE 70 TTT_WAIT target=6 elapsed=0s need=2s
UE 71 TTT_WAIT target=7 elapsed=0s need=2s
UE 75 TTT_WAIT target=3 elapsed=0s need=2s
UE 76 TTT_WAIT target=3 elapsed=0s need=2s
UE 80 TTT_WAIT target=7 elapsed=0s need=2s
UE 83 TTT_WAIT target=7 elapsed=0s need=2s
UE 85 TTT_WAIT target=3 elapsed=0s need=2s
UE 86 TTT_WAIT target=3 elapsed=0s need=2s
UE 87 TTT_WAIT target=3 elapsed=0s need=2s
UE 88 TTT_WAIT target=7 elapsed=0s need=2s
UE 89 TTT_WAIT target=3 elapsed=0s need=2s
LM HO UE=93 rnti=164 4->3 type=TN servingRsrp=-73.6485 targetRsrp=-70.8113 targetLoadReal=19/20 targetLoadEff=19/20
UE 102 TTT_WAIT target=7 elapsed=0s need=2s
UE 105 TTT_WAIT target=6 elapsed=0s need=2s
UE 107 TTT_WAIT target=6 elapsed=0s need=2s
TRACE HO_SUCCESS Time=26.6151 IMSI=46 TargetCell=1 Type=TN TargetRSRP=-74.4435 ServingRSRP=-53.5147 BackhaulDlSnr=-999 BackhaulUlSnr=-999
TRACE HO_SUCCESS Time=26.6151 IMSI=38 TargetCell=2 Type=TN TargetRSRP=-81.0492 ServingRSRP=-73.4709 BackhaulDlSnr=-999 BackhaulUlSnr=-999
TRACE HO_SUCCESS Time=26.6151 IMSI=66 TargetCell=2 Type=TN TargetRSRP=-101.408 ServingRSRP=-45.0485 BackhaulDlSnr=-999 BackhaulUlSnr=-999
TRACE HO_SUCCESS Time=26.6151 IMSI=92 TargetCell=3 Type=TN TargetRSRP=-96.4414 ServingRSRP=-68.5768 BackhaulDlSnr=-999 BackhaulUlSnr=-999
TRACE HO_SUCCESS Time=26.6151 IMSI=39 TargetCell=4 Type=TN TargetRSRP=-75.7511 ServingRSRP=-73.5657 BackhaulDlSnr=-999 BackhaulUlSnr=-999
UAV_AUTONOMY_XAPP Time=28.5 DeploymentMode=tn-uav UavIndex=0 UavCellId=5 BestDonorCellId=1 BestDonorDistanceM=1642.77 XhaulConnected=1 XhaulChannelVariationDb=1.53709 XhaulState=HEALTHY SatBackhaulHealthy=0 OnboardUavRicAvailable=0 OnboardUavRicState=DISABLED BackhaulMode=TN_DIRECT ControlPath=TN_E2 ActiveUavRic=TN_NEAR_RT_RIC NormalUeHandoverAllowed=1 UavMode=TN_CONTROLLED_COVERAGE_EXTENSION
UAV_AUTONOMY_XAPP Time=28.5 DeploymentMode=tn-uav UavIndex=1 UavCellId=6 BestDonorCellId=4 BestDonorDistanceM=1344.93 XhaulConnected=1 XhaulChannelVariationDb=-1.58626 XhaulState=HEALTHY SatBackhaulHealthy=0 OnboardUavRicAvailable=0 OnboardUavRicState=DISABLED BackhaulMode=TN_DIRECT ControlPath=TN_E2 ActiveUavRic=TN_NEAR_RT_RIC NormalUeHandoverAllowed=1 UavMode=TN_CONTROLLED_COVERAGE_EXTENSION
UAV_AUTONOMY_XAPP Time=28.5 DeploymentMode=tn-uav UavIndex=2 UavCellId=7 BestDonorCellId=4 BestDonorDistanceM=237.362 XhaulConnected=1 XhaulChannelVariationDb=-5.79315 XhaulState=HEALTHY SatBackhaulHealthy=0 OnboardUavRicAvailable=0 OnboardUavRicState=DISABLED BackhaulMode=TN_DIRECT ControlPath=TN_E2 ActiveUavRic=TN_NEAR_RT_RIC NormalUeHandoverAllowed=1 UavMode=TN_CONTROLLED_COVERAGE_EXTENSION
---- LOAD at t=28.5 ----
  cell 1 (TN) load=20/20
  cell 2 (TN) load=20/20
  cell 3 (TN) load=16/20
  cell 4 (TN) load=19/20
  cell 5 (NTN) load=10/10
  cell 6 (NTN) load=9/10
  cell 7 (NTN) load=6/10
UE 9 TTT_WAIT target=3 elapsed=0s need=2s
UE 11 TTT_WAIT target=6 elapsed=0s need=2s
UE 20 TTT_WAIT target=3 elapsed=0s need=2s
UE 22 TTT_WAIT target=3 elapsed=0s need=2s
LM HO UE=25 rnti=66 6->7 type=NTN servingRsrp=-69.9976 targetRsrp=-49.9611 targetLoadReal=6/10 targetLoadEff=6/10
UE 27 TTT_WAIT target=3 elapsed=0s need=2s
UE 28 TTT_WAIT target=4 elapsed=0s need=2s
LM HO UE=29 rnti=51 1->3 type=TN servingRsrp=-72.8675 targetRsrp=-67.3978 targetLoadReal=16/20 targetLoadEff=16/20
UE 30 TTT_WAIT target=3 elapsed=0s need=2s
UE 32 TTT_WAIT target=7 elapsed=0s need=2s
UE 34 TTT_WAIT target=4 elapsed=0s need=2s
UE 37 TTT_WAIT target=3 elapsed=0s need=2s
UE 39 TTT_WAIT target=3 elapsed=0s need=2s
LM HO UE=42 rnti=74 6->3 type=TN servingRsrp=-85.7146 targetRsrp=-78.617 targetLoadReal=16/20 targetLoadEff=17/20
UE 44 TTT_WAIT target=7 elapsed=0s need=2s
UE 46 TTT_WAIT target=4 elapsed=0s need=2s
UE 47 TTT_WAIT target=3 elapsed=0s need=2s
UE 48 TTT_WAIT target=4 elapsed=0s need=2s
UE 50 TTT_WAIT target=4 elapsed=0s need=2s
UE 51 TTT_WAIT target=4 elapsed=0s need=2s
UE 52 TTT_WAIT target=3 elapsed=0s need=2s
UE 54 TTT_WAIT target=6 elapsed=0s need=2s
UE 55 TTT_WAIT target=4 elapsed=0s need=2s
UE 59 TTT_WAIT target=4 elapsed=0s need=2s
UE 62 TTT_WAIT target=3 elapsed=0s need=2s
UE 63 TTT_WAIT target=7 elapsed=0s need=2s
UE 65 TTT_WAIT target=3 elapsed=0s need=2s
UE 67 TTT_WAIT target=3 elapsed=0s need=2s
UE 68 TTT_WAIT target=3 elapsed=0s need=2s
UE 69 TTT_WAIT target=4 elapsed=0s need=2s
UE 73 TTT_WAIT target=7 elapsed=0s need=2s
UE 74 TTT_WAIT target=3 elapsed=0s need=2s
UE 79 TTT_WAIT target=7 elapsed=0s need=2s
UE 80 TTT_WAIT target=4 elapsed=0s need=2s
UE 81 TTT_WAIT target=6 elapsed=0s need=2s
UE 82 TTT_WAIT target=7 elapsed=0s need=2s
UE 83 TTT_WAIT target=3 elapsed=0s need=2s
UE 86 TTT_WAIT target=7 elapsed=0s need=2s
LM HO UE=89 rnti=162 4->3 type=TN servingRsrp=-95.3726 targetRsrp=-86.8064 targetLoadReal=16/20 targetLoadEff=18/20
UE 91 TTT_WAIT target=3 elapsed=0s need=2s
UE 92 TTT_WAIT target=3 elapsed=0s need=2s
UE 93 TTT_WAIT target=4 elapsed=0s need=2s
UE 96 TTT_WAIT target=3 elapsed=0s need=2s
UE 98 TTT_WAIT target=3 elapsed=0s need=2s
UE 100 TTT_WAIT target=4 elapsed=0s need=2s
UE 103 TTT_WAIT target=6 elapsed=0s need=2s
UE 106 TTT_WAIT target=3 elapsed=0s need=2s
TRACE HO_SUCCESS Time=28.6151 IMSI=28 TargetCell=3 Type=TN TargetRSRP=-81.7581 ServingRSRP=-42.1324 BackhaulDlSnr=-999 BackhaulUlSnr=-999
TRACE HO_SUCCESS Time=28.6151 IMSI=88 TargetCell=3 Type=TN TargetRSRP=-72.8385 ServingRSRP=-61.8963 BackhaulDlSnr=-999 BackhaulUlSnr=-999
TRACE HO_SUCCESS Time=28.6151 IMSI=41 TargetCell=3 Type=TN TargetRSRP=-78.2605 ServingRSRP=-68.4468 BackhaulDlSnr=-999 BackhaulUlSnr=-999
TRACE HO_SUCCESS Time=28.6151 IMSI=24 TargetCell=7 Type=NTN TargetRSRP=-70.1601 ServingRSRP=-42.537 BackhaulDlSnr=-999 BackhaulUlSnr=-999
UAV_AUTONOMY_XAPP Time=30.5 DeploymentMode=tn-uav UavIndex=0 UavCellId=5 BestDonorCellId=2 BestDonorDistanceM=2092.3 XhaulConnected=1 XhaulChannelVariationDb=3.95538 XhaulState=HEALTHY SatBackhaulHealthy=0 OnboardUavRicAvailable=0 OnboardUavRicState=DISABLED BackhaulMode=TN_DIRECT ControlPath=TN_E2 ActiveUavRic=TN_NEAR_RT_RIC NormalUeHandoverAllowed=1 UavMode=TN_CONTROLLED_COVERAGE_EXTENSION
UAV_AUTONOMY_XAPP Time=30.5 DeploymentMode=tn-uav UavIndex=1 UavCellId=6 BestDonorCellId=4 BestDonorDistanceM=1126.96 XhaulConnected=1 XhaulChannelVariationDb=-3.40917 XhaulState=HEALTHY SatBackhaulHealthy=0 OnboardUavRicAvailable=0 OnboardUavRicState=DISABLED BackhaulMode=TN_DIRECT ControlPath=TN_E2 ActiveUavRic=TN_NEAR_RT_RIC NormalUeHandoverAllowed=1 UavMode=TN_CONTROLLED_COVERAGE_EXTENSION
UAV_AUTONOMY_XAPP Time=30.5 DeploymentMode=tn-uav UavIndex=2 UavCellId=7 BestDonorCellId=4 BestDonorDistanceM=190.242 XhaulConnected=1 XhaulChannelVariationDb=-2.13209 XhaulState=HEALTHY SatBackhaulHealthy=0 OnboardUavRicAvailable=0 OnboardUavRicState=DISABLED BackhaulMode=TN_DIRECT ControlPath=TN_E2 ActiveUavRic=TN_NEAR_RT_RIC NormalUeHandoverAllowed=1 UavMode=TN_CONTROLLED_COVERAGE_EXTENSION
---- LOAD at t=30.5 ----
  cell 1 (TN) load=19/20
  cell 2 (TN) load=20/20
  cell 3 (TN) load=19/20
  cell 4 (TN) load=18/20
  cell 5 (NTN) load=10/10
  cell 6 (NTN) load=7/10
  cell 7 (NTN) load=7/10
UE 8 TTT_WAIT target=1 elapsed=0s need=2s
UE 9 TTT_WAIT target=1 elapsed=0s need=2s
UE 11 TTT_WAIT target=3 elapsed=0s need=2s
UE 17 TTT_WAIT target=1 elapsed=0s need=2s
LM HO UE=20 rnti=81 5->3 type=TN servingRsrp=-88.5523 targetRsrp=-79.6256 targetLoadReal=19/20 targetLoadEff=19/20
UE 22 TTT_WAIT target=6 elapsed=0s need=2s
UE 23 TTT_WAIT target=1 elapsed=0s need=2s
UE 25 TTT_WAIT target=4 elapsed=0s need=2s
UE 26 TTT_WAIT target=4 elapsed=0s need=2s
UE 27 TTT_WAIT target=4 elapsed=0s need=2s
LM HO UE=28 rnti=100 2->4 type=TN servingRsrp=-94.5218 targetRsrp=-52.5291 targetLoadReal=18/20 targetLoadEff=18/20
UE 30 TTT_WAIT target=6 elapsed=0s need=2s
LM HO UE=32 rnti=53 4->7 type=NTN servingRsrp=-67.3809 targetRsrp=-60.6832 targetLoadReal=7/10 targetLoadEff=7/10
UE 33 TTT_WAIT target=1 elapsed=0s need=2s
UE 35 TTT_WAIT target=6 elapsed=0s need=2s
UE 36 TTT_WAIT target=7 elapsed=0s need=2s
UE 37 TTT_WAIT target=4 elapsed=0s need=2s
UE 39 TTT_WAIT target=1 elapsed=0s need=2s
UE 42 TTT_WAIT target=4 elapsed=0s need=2s
UE 46 TTT_WAIT target=1 elapsed=0s need=2s
UE 51 TTT_WAIT target=1 elapsed=0s need=2s
UE 55 TTT_WAIT target=1 elapsed=0s need=2s
UE 57 TTT_WAIT target=1 elapsed=0s need=2s
UE 60 TTT_WAIT target=1 elapsed=0s need=2s
UE 64 TTT_WAIT target=4 elapsed=0s need=2s
UE 66 TTT_WAIT target=1 elapsed=0s need=2s
UE 68 TTT_WAIT target=4 elapsed=0s need=2s
UE 70 TTT_WAIT target=7 elapsed=0s need=2s
UE 71 TTT_WAIT target=7 elapsed=0s need=2s
LM HO UE=73 rnti=141 4->7 type=NTN servingRsrp=-53.5331 targetRsrp=-45.0574 targetLoadReal=7/10 targetLoadEff=8/10
UE 74 TTT_WAIT target=1 elapsed=0s need=2s
UE 75 TTT_WAIT target=4 elapsed=0s need=2s
UE 76 TTT_WAIT target=1 elapsed=0s need=2s
LM HO UE=79 rnti=143 4->7 type=NTN servingRsrp=-69.2225 targetRsrp=-41.57 targetLoadReal=7/10 targetLoadEff=9/10
LM HO UE=81 rnti=173 3->6 type=NTN servingRsrp=-77.7023 targetRsrp=-62.4209 targetLoadReal=7/10 targetLoadEff=7/10
UE 87 TTT_WAIT target=1 elapsed=0s need=2s
UE 90 TTT_WAIT target=1 elapsed=0s need=2s
LM HO UE=93 rnti=180 3->4 type=TN servingRsrp=-93.8804 targetRsrp=-47.3396 targetLoadReal=18/20 targetLoadEff=19/20
UE 98 TTT_WAIT target=1 elapsed=0s need=2s
UE 102 TTT_WAIT target=1 elapsed=0s need=2s
UE 103 TTT_WAIT target=1 elapsed=0s need=2s
UE 104 TTT_WAIT target=1 elapsed=0s need=2s
UE 105 TTT_WAIT target=6 elapsed=0s need=2s
UE 106 TTT_WAIT target=1 elapsed=0s need=2s
UE 107 TTT_WAIT target=6 elapsed=0s need=2s
TRACE HO_SUCCESS Time=30.6151 IMSI=19 TargetCell=3 Type=TN TargetRSRP=-88.2432 ServingRSRP=-64.8023 BackhaulDlSnr=-999 BackhaulUlSnr=-999
TRACE HO_SUCCESS Time=30.6151 IMSI=27 TargetCell=4 Type=TN TargetRSRP=-65.6459 ServingRSRP=-83.5159 BackhaulDlSnr=-999 BackhaulUlSnr=-999
TRACE HO_SUCCESS Time=30.6151 IMSI=92 TargetCell=4 Type=TN TargetRSRP=-73.111 ServingRSRP=-69.5727 BackhaulDlSnr=-999 BackhaulUlSnr=-999
TRACE HO_SUCCESS Time=30.6151 IMSI=80 TargetCell=6 Type=NTN TargetRSRP=-82.1814 ServingRSRP=-56.1511 BackhaulDlSnr=-999 BackhaulUlSnr=-999
TRACE HO_SUCCESS Time=30.6151 IMSI=31 TargetCell=7 Type=NTN TargetRSRP=-83.4426 ServingRSRP=-63.5724 BackhaulDlSnr=-999 BackhaulUlSnr=-999
TRACE HO_SUCCESS Time=30.6151 IMSI=72 TargetCell=7 Type=NTN TargetRSRP=-36.932 ServingRSRP=-62.9051 BackhaulDlSnr=-999 BackhaulUlSnr=-999
TRACE HO_SUCCESS Time=30.6151 IMSI=78 TargetCell=7 Type=NTN TargetRSRP=-44.2021 ServingRSRP=-43.6793 BackhaulDlSnr=-999 BackhaulUlSnr=-999
UAV_AUTONOMY_XAPP Time=32.5 DeploymentMode=tn-uav UavIndex=0 UavCellId=5 BestDonorCellId=1 BestDonorDistanceM=1331.16 XhaulConnected=1 XhaulChannelVariationDb=-0.64891 XhaulState=HEALTHY SatBackhaulHealthy=0 OnboardUavRicAvailable=0 OnboardUavRicState=DISABLED BackhaulMode=TN_DIRECT ControlPath=TN_E2 ActiveUavRic=TN_NEAR_RT_RIC NormalUeHandoverAllowed=1 UavMode=TN_CONTROLLED_COVERAGE_EXTENSION
UAV_AUTONOMY_XAPP Time=32.5 DeploymentMode=tn-uav UavIndex=1 UavCellId=6 BestDonorCellId=4 BestDonorDistanceM=1384.64 XhaulConnected=1 XhaulChannelVariationDb=-2.55936 XhaulState=HEALTHY SatBackhaulHealthy=0 OnboardUavRicAvailable=0 OnboardUavRicState=DISABLED BackhaulMode=TN_DIRECT ControlPath=TN_E2 ActiveUavRic=TN_NEAR_RT_RIC NormalUeHandoverAllowed=1 UavMode=TN_CONTROLLED_COVERAGE_EXTENSION
UAV_AUTONOMY_XAPP Time=32.5 DeploymentMode=tn-uav UavIndex=2 UavCellId=7 BestDonorCellId=4 BestDonorDistanceM=247.511 XhaulConnected=1 XhaulChannelVariationDb=-2.47599 XhaulState=HEALTHY SatBackhaulHealthy=0 OnboardUavRicAvailable=0 OnboardUavRicState=DISABLED BackhaulMode=TN_DIRECT ControlPath=TN_E2 ActiveUavRic=TN_NEAR_RT_RIC NormalUeHandoverAllowed=1 UavMode=TN_CONTROLLED_COVERAGE_EXTENSION
---- LOAD at t=32.5 ----
  cell 1 (TN) load=19/20
  cell 2 (TN) load=19/20
  cell 3 (TN) load=18/20
  cell 4 (TN) load=17/20
  cell 5 (NTN) load=9/10
  cell 6 (NTN) load=8/10
  cell 7 (NTN) load=10/10
LM HO UE=8 rnti=178 3->1 type=TN servingRsrp=-91.2458 targetRsrp=-61.9835 targetLoadReal=19/20 targetLoadEff=19/20
UE 9 TTT_WAIT target=4 elapsed=0s need=2s
UE 10 TTT_WAIT target=5 elapsed=0s need=2s
UE 11 TTT_WAIT target=2 elapsed=0s need=2s
UE 24 TTT_WAIT target=3 elapsed=0s need=2s
LM HO UE=25 rnti=75 7->4 type=TN servingRsrp=-84.8256 targetRsrp=-48.6647 targetLoadReal=17/20 targetLoadEff=17/20
UE 26 TTT_WAIT target=2 elapsed=0s need=2s
UE 28 TTT_WAIT target=3 elapsed=0s need=2s
UE 29 TTT_WAIT target=2 elapsed=0s need=2s
UE 32 TTT_WAIT target=4 elapsed=0s need=2s
UE 33 TTT_WAIT target=6 elapsed=0s need=2s
UE 34 TTT_WAIT target=6 elapsed=0s need=2s
UE 35 TTT_WAIT target=2 elapsed=0s need=2s
LM HO UE=37 rnti=94 2->4 type=TN servingRsrp=-84.7204 targetRsrp=-64.1759 targetLoadReal=17/20 targetLoadEff=18/20
UE 39 TTT_WAIT target=3 elapsed=0s need=2s
UE 40 TTT_WAIT target=2 elapsed=0s need=2s
UE 41 TTT_WAIT target=3 elapsed=0s need=2s
LM HO UE=42 rnti=182 3->4 type=TN servingRsrp=-90.7453 targetRsrp=-88.0228 targetLoadReal=17/20 targetLoadEff=19/20
UE 44 TTT_WAIT target=3 elapsed=0s need=2s
UE 45 TTT_WAIT target=2 elapsed=0s need=2s
UE 46 TTT_WAIT target=3 elapsed=0s need=2s
UE 47 TTT_WAIT target=2 elapsed=0s need=2s
UE 48 TTT_WAIT target=5 elapsed=0s need=2s
UE 50 TTT_WAIT target=3 elapsed=0s need=2s
UE 51 TTT_WAIT target=2 elapsed=0s need=2s
UE 52 TTT_WAIT target=3 elapsed=0s need=2s
UE 56 TTT_WAIT target=2 elapsed=0s need=2s
UE 57 TTT_WAIT target=3 elapsed=0s need=2s
UE 58 TTT_WAIT target=5 elapsed=0s need=2s
UE 60 TTT_WAIT target=2 elapsed=0s need=2s
UE 63 TTT_WAIT target=5 elapsed=0s need=2s
UE 64 TTT_WAIT target=2 elapsed=0s need=2s
UE 66 TTT_WAIT target=3 elapsed=0s need=2s
UE 69 TTT_WAIT target=2 elapsed=0s need=2s
UE 71 TTT_WAIT target=2 elapsed=0s need=2s
UE 74 TTT_WAIT target=5 elapsed=0s need=2s
UE 78 TTT_WAIT target=2 elapsed=0s need=2s
UE 79 TTT_WAIT target=2 elapsed=0s need=2s
UE 80 TTT_WAIT target=2 elapsed=0s need=2s
UE 81 TTT_WAIT target=2 elapsed=0s need=2s
UE 83 TTT_WAIT target=2 elapsed=0s need=2s
UE 86 TTT_WAIT target=5 elapsed=0s need=2s
UE 87 TTT_WAIT target=5 elapsed=0s need=2s
UE 94 TTT_WAIT target=2 elapsed=0s need=2s
UE 96 TTT_WAIT target=5 elapsed=0s need=2s
UE 97 TTT_WAIT target=3 elapsed=0s need=2s
UE 98 TTT_WAIT target=3 elapsed=0s need=2s
UE 99 TTT_WAIT target=2 elapsed=0s need=2s
UE 101 TTT_WAIT target=5 elapsed=0s need=2s
UE 102 TTT_WAIT target=2 elapsed=0s need=2s
UE 103 TTT_WAIT target=2 elapsed=0s need=2s
UE 107 TTT_WAIT target=3 elapsed=0s need=2s
TRACE HO_SUCCESS Time=32.6151 IMSI=7 TargetCell=1 Type=TN TargetRSRP=-67.3458 ServingRSRP=-49.0425 BackhaulDlSnr=-999 BackhaulUlSnr=-999
TRACE HO_SUCCESS Time=32.6151 IMSI=36 TargetCell=4 Type=TN TargetRSRP=-67.7247 ServingRSRP=-46.8853 BackhaulDlSnr=-999 BackhaulUlSnr=-999
TRACE HO_SUCCESS Time=32.6151 IMSI=41 TargetCell=4 Type=TN TargetRSRP=-86.0131 ServingRSRP=-57.5269 BackhaulDlSnr=-999 BackhaulUlSnr=-999
TRACE HO_SUCCESS Time=32.6151 IMSI=24 TargetCell=4 Type=TN TargetRSRP=-87.8152 ServingRSRP=-81.7826 BackhaulDlSnr=-999 BackhaulUlSnr=-999
UAV_AUTONOMY_XAPP Time=34.5 DeploymentMode=tn-uav UavIndex=0 UavCellId=5 BestDonorCellId=1 BestDonorDistanceM=1239.5 XhaulConnected=1 XhaulChannelVariationDb=1.48981 XhaulState=HEALTHY SatBackhaulHealthy=0 OnboardUavRicAvailable=0 OnboardUavRicState=DISABLED BackhaulMode=TN_DIRECT ControlPath=TN_E2 ActiveUavRic=TN_NEAR_RT_RIC NormalUeHandoverAllowed=1 UavMode=TN_CONTROLLED_COVERAGE_EXTENSION
UAV_AUTONOMY_XAPP Time=34.5 DeploymentMode=tn-uav UavIndex=1 UavCellId=6 BestDonorCellId=4 BestDonorDistanceM=1405.46 XhaulConnected=1 XhaulChannelVariationDb=-0.447712 XhaulState=HEALTHY SatBackhaulHealthy=0 OnboardUavRicAvailable=0 OnboardUavRicState=DISABLED BackhaulMode=TN_DIRECT ControlPath=TN_E2 ActiveUavRic=TN_NEAR_RT_RIC NormalUeHandoverAllowed=1 UavMode=TN_CONTROLLED_COVERAGE_EXTENSION
UAV_AUTONOMY_XAPP Time=34.5 DeploymentMode=tn-uav UavIndex=2 UavCellId=7 BestDonorCellId=4 BestDonorDistanceM=585.164 XhaulConnected=1 XhaulChannelVariationDb=-3.39901 XhaulState=HEALTHY SatBackhaulHealthy=0 OnboardUavRicAvailable=0 OnboardUavRicState=DISABLED BackhaulMode=TN_DIRECT ControlPath=TN_E2 ActiveUavRic=TN_NEAR_RT_RIC NormalUeHandoverAllowed=1 UavMode=TN_CONTROLLED_COVERAGE_EXTENSION
---- LOAD at t=34.5 ----
  cell 1 (TN) load=20/20
  cell 2 (TN) load=18/20
  cell 3 (TN) load=16/20
  cell 4 (TN) load=20/20
  cell 5 (NTN) load=9/10
  cell 6 (NTN) load=8/10
  cell 7 (NTN) load=9/10
UE 8 TTT_WAIT target=3 elapsed=0s need=2s
UE 17 TTT_WAIT target=3 elapsed=0s need=2s
UE 19 TTT_WAIT target=3 elapsed=0s need=2s
UE 20 TTT_WAIT target=5 elapsed=0s need=2s
UE 23 TTT_WAIT target=7 elapsed=0s need=2s
UE 25 TTT_WAIT target=6 elapsed=0s need=2s
LM HO UE=26 rnti=91 3->2 type=TN servingRsrp=-90.3332 targetRsrp=-76.4935 targetLoadReal=18/20 targetLoadEff=18/20
UE 27 TTT_WAIT target=7 elapsed=0s need=2s
UE 28 TTT_WAIT target=2 elapsed=0s need=2s
UE 32 TTT_WAIT target=2 elapsed=0s need=2s
UE 33 TTT_WAIT target=3 elapsed=0s need=2s
LM HO UE=34 rnti=90 2->6 type=NTN servingRsrp=-88.3572 targetRsrp=-81.1155 targetLoadReal=8/10 targetLoadEff=8/10
UE 37 TTT_WAIT target=7 elapsed=0s need=2s
LM HO UE=39 rnti=102 2->3 type=TN servingRsrp=-88.1663 targetRsrp=-82.753 targetLoadReal=16/20 targetLoadEff=16/20
UE 41 TTT_WAIT target=7 elapsed=0s need=2s
UE 42 TTT_WAIT target=2 elapsed=0s need=2s
UE 44 TTT_WAIT target=2 elapsed=0s need=2s
UE 48 TTT_WAIT target=7 elapsed=0s need=2s
LM HO UE=50 rnti=166 1->3 type=TN servingRsrp=-69.9131 targetRsrp=-53.3549 targetLoadReal=16/20 targetLoadEff=17/20
LM HO UE=51 rnti=87 6->2 type=TN servingRsrp=-107.506 targetRsrp=-82.2413 targetLoadReal=18/20 targetLoadEff=19/20
UE 52 TTT_WAIT target=5 elapsed=0s need=2s
UE 54 TTT_WAIT target=6 elapsed=0s need=2s
UE 55 TTT_WAIT target=5 elapsed=0s need=2s
LM HO UE=57 rnti=89 2->3 type=TN servingRsrp=-96.6639 targetRsrp=-54.0089 targetLoadReal=16/20 targetLoadEff=18/20
LM HO UE=58 rnti=153 3->5 type=NTN servingRsrp=-90.9005 targetRsrp=-79.4843 targetLoadReal=9/10 targetLoadEff=9/10
UE 64 TTT_WAIT target=7 elapsed=0s need=2s
UE 65 TTT_WAIT target=3 elapsed=0s need=2s
LM HO UE=66 rnti=99 2->3 type=TN servingRsrp=-76.1547 targetRsrp=-48.6484 targetLoadReal=16/20 targetLoadEff=19/20
UE 67 TTT_WAIT target=6 elapsed=0s need=2s
UE 69 TTT_WAIT target=7 elapsed=0s need=2s
UE 71 TTT_WAIT target=7 elapsed=0s need=2s
UE 76 TTT_WAIT target=7 elapsed=0s need=2s
UE 81 TTT_WAIT target=7 elapsed=0s need=2s
UE 83 TTT_WAIT target=7 elapsed=0s need=2s
UE 88 TTT_WAIT target=7 elapsed=0s need=2s
UE 89 TTT_WAIT target=7 elapsed=0s need=2s
UE 101 TTT_WAIT target=7 elapsed=0s need=2s
UE 107 TTT_WAIT target=6 elapsed=0s need=2s
TRACE HO_SUCCESS Time=34.6151 IMSI=25 TargetCell=2 Type=TN TargetRSRP=-60.7588 ServingRSRP=-63.7189 BackhaulDlSnr=-999 BackhaulUlSnr=-999
TRACE HO_SUCCESS Time=34.6151 IMSI=50 TargetCell=2 Type=TN TargetRSRP=-65.9467 ServingRSRP=-61.5168 BackhaulDlSnr=-999 BackhaulUlSnr=-999
TRACE HO_SUCCESS Time=34.6151 IMSI=49 TargetCell=3 Type=TN TargetRSRP=-81.9188 ServingRSRP=-66.1989 BackhaulDlSnr=-999 BackhaulUlSnr=-999
TRACE HO_SUCCESS Time=34.6151 IMSI=65 TargetCell=3 Type=TN TargetRSRP=-81.1202 ServingRSRP=-78.8037 BackhaulDlSnr=-999 BackhaulUlSnr=-999
TRACE HO_SUCCESS Time=34.6151 IMSI=56 TargetCell=3 Type=TN TargetRSRP=-93.0578 ServingRSRP=-81.4077 BackhaulDlSnr=-999 BackhaulUlSnr=-999
TRACE HO_SUCCESS Time=34.6151 IMSI=38 TargetCell=3 Type=TN TargetRSRP=-84.2838 ServingRSRP=-68.7093 BackhaulDlSnr=-999 BackhaulUlSnr=-999
TRACE HO_SUCCESS Time=34.6151 IMSI=57 TargetCell=5 Type=NTN TargetRSRP=-54.6343 ServingRSRP=-83.4036 BackhaulDlSnr=-999 BackhaulUlSnr=-999
TRACE HO_SUCCESS Time=34.6151 IMSI=33 TargetCell=6 Type=NTN TargetRSRP=-44.8556 ServingRSRP=-65.8777 BackhaulDlSnr=-999 BackhaulUlSnr=-999
UAV_AUTONOMY_XAPP Time=36.5 DeploymentMode=tn-uav UavIndex=0 UavCellId=5 BestDonorCellId=2 BestDonorDistanceM=1689.91 XhaulConnected=1 XhaulChannelVariationDb=-2.90212 XhaulState=HEALTHY SatBackhaulHealthy=0 OnboardUavRicAvailable=0 OnboardUavRicState=DISABLED BackhaulMode=TN_DIRECT ControlPath=TN_E2 ActiveUavRic=TN_NEAR_RT_RIC NormalUeHandoverAllowed=1 UavMode=TN_CONTROLLED_COVERAGE_EXTENSION
UAV_AUTONOMY_XAPP Time=36.5 DeploymentMode=tn-uav UavIndex=1 UavCellId=6 BestDonorCellId=4 BestDonorDistanceM=1682.66 XhaulConnected=1 XhaulChannelVariationDb=-0.163872 XhaulState=HEALTHY SatBackhaulHealthy=0 OnboardUavRicAvailable=0 OnboardUavRicState=DISABLED BackhaulMode=TN_DIRECT ControlPath=TN_E2 ActiveUavRic=TN_NEAR_RT_RIC NormalUeHandoverAllowed=1 UavMode=TN_CONTROLLED_COVERAGE_EXTENSION
UAV_AUTONOMY_XAPP Time=36.5 DeploymentMode=tn-uav UavIndex=2 UavCellId=7 BestDonorCellId=4 BestDonorDistanceM=1020.6 XhaulConnected=1 XhaulChannelVariationDb=-0.121681 XhaulState=HEALTHY SatBackhaulHealthy=0 OnboardUavRicAvailable=0 OnboardUavRicState=DISABLED BackhaulMode=TN_DIRECT ControlPath=TN_E2 ActiveUavRic=TN_NEAR_RT_RIC NormalUeHandoverAllowed=1 UavMode=TN_CONTROLLED_COVERAGE_EXTENSION
---- LOAD at t=36.5 ----
  cell 1 (TN) load=19/20
  cell 2 (TN) load=16/20
  cell 3 (TN) load=18/20
  cell 4 (TN) load=20/20
  cell 5 (NTN) load=10/10
  cell 6 (NTN) load=8/10
  cell 7 (NTN) load=9/10
UE 8 TTT_WAIT target=2 elapsed=0s need=2s
UE 11 TTT_WAIT target=2 elapsed=0s need=2s
UE 12 TTT_WAIT target=3 elapsed=0s need=2s
UE 14 TTT_WAIT target=6 elapsed=0s need=2s
UE 17 TTT_WAIT target=1 elapsed=0s need=2s
UE 19 TTT_WAIT target=1 elapsed=0s need=2s
UE 23 TTT_WAIT target=1 elapsed=0s need=2s
UE 26 TTT_WAIT target=3 elapsed=0s need=2s
UE 27 TTT_WAIT target=3 elapsed=0s need=2s
UE 29 TTT_WAIT target=1 elapsed=0s need=2s
UE 30 TTT_WAIT target=1 elapsed=0s need=2s
UE 31 TTT_WAIT target=3 elapsed=0s need=2s
UE 32 TTT_WAIT target=3 elapsed=0s need=2s
UE 33 TTT_WAIT target=7 elapsed=0s need=2s
UE 37 TTT_WAIT target=3 elapsed=0s need=2s
UE 39 TTT_WAIT target=2 elapsed=0s need=2s
UE 40 TTT_WAIT target=7 elapsed=0s need=2s
UE 41 TTT_WAIT target=3 elapsed=0s need=2s
UE 45 TTT_WAIT target=2 elapsed=0s need=2s
UE 46 TTT_WAIT target=2 elapsed=0s need=2s
LM HO UE=48 rnti=76 6->7 type=NTN servingRsrp=-90.915 targetRsrp=-84.1554 targetLoadReal=9/10 targetLoadEff=9/10
UE 50 TTT_WAIT target=1 elapsed=0s need=2s
UE 51 TTT_WAIT target=3 elapsed=0s need=2s
UE 52 TTT_WAIT target=3 elapsed=0s need=2s
UE 53 TTT_WAIT target=2 elapsed=0s need=2s
UE 57 TTT_WAIT target=2 elapsed=0s need=2s
UE 58 TTT_WAIT target=3 elapsed=0s need=2s
UE 60 TTT_WAIT target=1 elapsed=0s need=2s
UE 62 TTT_WAIT target=3 elapsed=0s need=2s
UE 64 TTT_WAIT target=2 elapsed=0s need=2s
UE 67 TTT_WAIT target=3 elapsed=0s need=2s
UE 68 TTT_WAIT target=1 elapsed=0s need=2s
UE 71 TTT_WAIT target=2 elapsed=0s need=2s
UE 72 TTT_WAIT target=2 elapsed=0s need=2s
UE 74 TTT_WAIT target=3 elapsed=0s need=2s
UE 75 TTT_WAIT target=3 elapsed=0s need=2s
UE 76 TTT_WAIT target=1 elapsed=0s need=2s
UE 79 TTT_WAIT target=2 elapsed=0s need=2s
UE 80 TTT_WAIT target=2 elapsed=0s need=2s
UE 81 TTT_WAIT target=3 elapsed=0s need=2s
UE 83 TTT_WAIT target=3 elapsed=0s need=2s
UE 84 TTT_WAIT target=3 elapsed=0s need=2s
UE 85 TTT_WAIT target=3 elapsed=0s need=2s
UE 86 TTT_WAIT target=3 elapsed=0s need=2s
UE 87 TTT_WAIT target=2 elapsed=0s need=2s
UE 92 TTT_WAIT target=2 elapsed=0s need=2s
UE 93 TTT_WAIT target=2 elapsed=0s need=2s
UE 94 TTT_WAIT target=3 elapsed=0s need=2s
UE 99 TTT_WAIT target=3 elapsed=0s need=2s
UE 102 TTT_WAIT target=1 elapsed=0s need=2s
UE 103 TTT_WAIT target=3 elapsed=0s need=2s
UE 104 TTT_WAIT target=1 elapsed=0s need=2s
UE 105 TTT_WAIT target=1 elapsed=0s need=2s
UE 106 TTT_WAIT target=3 elapsed=0s need=2s
TRACE HO_SUCCESS Time=36.6151 IMSI=47 TargetCell=7 Type=NTN TargetRSRP=-87.3619 ServingRSRP=-72.4014 BackhaulDlSnr=-999 BackhaulUlSnr=-999
UAV_AUTONOMY_XAPP Time=38.5 DeploymentMode=tn-uav UavIndex=0 UavCellId=5 BestDonorCellId=1 BestDonorDistanceM=1250.74 XhaulConnected=1 XhaulChannelVariationDb=4.33644 XhaulState=HEALTHY SatBackhaulHealthy=0 OnboardUavRicAvailable=0 OnboardUavRicState=DISABLED BackhaulMode=TN_DIRECT ControlPath=TN_E2 ActiveUavRic=TN_NEAR_RT_RIC NormalUeHandoverAllowed=1 UavMode=TN_CONTROLLED_COVERAGE_EXTENSION
UAV_AUTONOMY_XAPP Time=38.5 DeploymentMode=tn-uav UavIndex=1 UavCellId=6 BestDonorCellId=4 BestDonorDistanceM=1963.75 XhaulConnected=1 XhaulChannelVariationDb=2.52106 XhaulState=HEALTHY SatBackhaulHealthy=0 OnboardUavRicAvailable=0 OnboardUavRicState=DISABLED BackhaulMode=TN_DIRECT ControlPath=TN_E2 ActiveUavRic=TN_NEAR_RT_RIC NormalUeHandoverAllowed=1 UavMode=TN_CONTROLLED_COVERAGE_EXTENSION
UAV_AUTONOMY_XAPP Time=38.5 DeploymentMode=tn-uav UavIndex=2 UavCellId=7 BestDonorCellId=1 BestDonorDistanceM=1394.01 XhaulConnected=1 XhaulChannelVariationDb=0.704911 XhaulState=HEALTHY SatBackhaulHealthy=0 OnboardUavRicAvailable=0 OnboardUavRicState=DISABLED BackhaulMode=TN_DIRECT ControlPath=TN_E2 ActiveUavRic=TN_NEAR_RT_RIC NormalUeHandoverAllowed=1 UavMode=TN_CONTROLLED_COVERAGE_EXTENSION
---- LOAD at t=38.5 ----
  cell 1 (TN) load=19/20
  cell 2 (TN) load=16/20
  cell 3 (TN) load=18/20
  cell 4 (TN) load=20/20
  cell 5 (NTN) load=10/10
  cell 6 (NTN) load=7/10
  cell 7 (NTN) load=10/10
UE 9 TTT_WAIT target=1 elapsed=0s need=2s
LM HO UE=12 rnti=71 5->3 type=TN servingRsrp=-88.9322 targetRsrp=-82.7439 targetLoadReal=18/20 targetLoadEff=18/20
LM HO UE=14 rnti=72 5->6 type=NTN servingRsrp=-79.3842 targetRsrp=-72.3278 targetLoadReal=7/10 targetLoadEff=7/10
LM HO UE=17 rnti=65 6->1 type=TN servingRsrp=-101.185 targetRsrp=-51.0361 targetLoadReal=19/20 targetLoadEff=19/20
UE 19 TTT_WAIT target=6 elapsed=0s need=2s
UE 23 TTT_WAIT target=6 elapsed=0s need=2s
UE 24 TTT_WAIT target=2 elapsed=0s need=2s
UE 26 TTT_WAIT target=6 elapsed=0s need=2s
UE 28 TTT_WAIT target=2 elapsed=0s need=2s
LM HO UE=32 rnti=76 7->3 type=TN servingRsrp=-80.0458 targetRsrp=-65.5408 targetLoadReal=18/20 targetLoadEff=19/20
UE 44 TTT_WAIT target=2 elapsed=0s need=2s
LM HO UE=45 rnti=177 3->2 type=TN servingRsrp=-65.0345 targetRsrp=-40.8709 targetLoadReal=16/20 targetLoadEff=16/20
LM HO UE=46 rnti=75 6->2 type=TN servingRsrp=-118.33 targetRsrp=-80.17 targetLoadReal=16/20 targetLoadEff=17/20
UE 48 TTT_WAIT target=2 elapsed=0s need=2s
UE 50 TTT_WAIT target=2 elapsed=0s need=2s
UE 51 TTT_WAIT target=6 elapsed=0s need=2s
UE 52 TTT_WAIT target=2 elapsed=0s need=2s
UE 56 TTT_WAIT target=6 elapsed=0s need=2s
UE 61 TTT_WAIT target=6 elapsed=0s need=2s
LM HO UE=64 rnti=85 6->2 type=TN servingRsrp=-93.5543 targetRsrp=-52.6439 targetLoadReal=16/20 targetLoadEff=18/20
UE 69 TTT_WAIT target=2 elapsed=0s need=2s
LM HO UE=71 rnti=89 5->2 type=TN servingRsrp=-54.5022 targetRsrp=-46.1362 targetLoadReal=16/20 targetLoadEff=19/20
UE 75 TTT_WAIT target=6 elapsed=0s need=2s
UE 79 TTT_WAIT target=6 elapsed=0s need=2s
UE 87 TTT_WAIT target=6 elapsed=0s need=2s
UE 96 TTT_WAIT target=6 elapsed=0s need=2s
UE 105 TTT_WAIT target=6 elapsed=0s need=2s
TRACE HO_SUCCESS Time=38.6151 IMSI=16 TargetCell=1 Type=TN TargetRSRP=-85.9853 ServingRSRP=-71.2436 BackhaulDlSnr=-999 BackhaulUlSnr=-999
TRACE HO_SUCCESS Time=38.6151 IMSI=44 TargetCell=2 Type=TN TargetRSRP=-87.7903 ServingRSRP=-42.5666 BackhaulDlSnr=-999 BackhaulUlSnr=-999
TRACE HO_SUCCESS Time=38.6151 IMSI=70 TargetCell=2 Type=TN TargetRSRP=-65.5165 ServingRSRP=-78.6482 BackhaulDlSnr=-999 BackhaulUlSnr=-999
TRACE HO_SUCCESS Time=38.6151 IMSI=45 TargetCell=2 Type=TN TargetRSRP=-85.672 ServingRSRP=-82.0067 BackhaulDlSnr=-999 BackhaulUlSnr=-999
TRACE HO_SUCCESS Time=38.6151 IMSI=63 TargetCell=2 Type=TN TargetRSRP=-88.5537 ServingRSRP=-55.0858 BackhaulDlSnr=-999 BackhaulUlSnr=-999
TRACE HO_SUCCESS Time=38.6151 IMSI=11 TargetCell=3 Type=TN TargetRSRP=-93.1817 ServingRSRP=-70.8709 BackhaulDlSnr=-999 BackhaulUlSnr=-999
TRACE HO_SUCCESS Time=38.6151 IMSI=31 TargetCell=3 Type=TN TargetRSRP=-65.3793 ServingRSRP=-45.5641 BackhaulDlSnr=-999 BackhaulUlSnr=-999
TRACE HO_SUCCESS Time=38.6151 IMSI=13 TargetCell=6 Type=NTN TargetRSRP=-73.3371 ServingRSRP=-68.0235 BackhaulDlSnr=-999 BackhaulUlSnr=-999
