UAV_AUTONOMY_XAPP Time=4.4 DeploymentMode=tn-uav-satellite UavIndex=0 UavCellId=5 BestDonorCellId=1 BestDonorDistanceM=1451.84 XhaulConnected=1 XhaulChannelVariationDb=0.434841 XhaulState=HEALTHY SatBackhaulHealthy=1 OnboardUavRicAvailable=1 OnboardUavRicState=STANDBY BackhaulMode=TN_DIRECT ControlPath=TN_E2 ActiveUavRic=TN_NEAR_RT_RIC NormalUeHandoverAllowed=1 UavMode=TN_CONTROLLED_COVERAGE_EXTENSION
UAV_AUTONOMY_XAPP Time=4.4 DeploymentMode=tn-uav-satellite UavIndex=1 UavCellId=6 BestDonorCellId=4 BestDonorDistanceM=629.258 XhaulConnected=1 XhaulChannelVariationDb=-2.28216 XhaulState=HEALTHY SatBackhaulHealthy=1 OnboardUavRicAvailable=1 OnboardUavRicState=STANDBY BackhaulMode=TN_DIRECT ControlPath=TN_E2 ActiveUavRic=TN_NEAR_RT_RIC NormalUeHandoverAllowed=1 UavMode=TN_CONTROLLED_COVERAGE_EXTENSION
UAV_AUTONOMY_XAPP Time=4.4 DeploymentMode=tn-uav-satellite UavIndex=2 UavCellId=7 BestDonorCellId=2 BestDonorDistanceM=765.017 XhaulConnected=1 XhaulChannelVariationDb=-0.793916 XhaulState=HEALTHY SatBackhaulHealthy=1 OnboardUavRicAvailable=1 OnboardUavRicState=STANDBY BackhaulMode=TN_DIRECT ControlPath=TN_E2 ActiveUavRic=TN_NEAR_RT_RIC NormalUeHandoverAllowed=1 UavMode=TN_CONTROLLED_COVERAGE_EXTENSION
Could not find NR UE cell info for E2 Node ID = 8
Could not find NR UE cell info for E2 Node ID = 9
Could not find NR UE cell info for E2 Node ID = 10
Could not find NR UE cell info for E2 Node ID = 11
Could not find NR UE cell info for E2 Node ID = 12
Could not find NR UE cell info for E2 Node ID = 13
Could not find NR UE cell info for E2 Node ID = 14
Could not find NR UE cell info for E2 Node ID = 15
Could not find NR UE cell info for E2 Node ID = 16
Could not find NR UE cell info for E2 Node ID = 17
Could not find NR UE cell info for E2 Node ID = 18
Could not find NR UE cell info for E2 Node ID = 19
Could not find NR UE cell info for E2 Node ID = 20
Could not find NR UE cell info for E2 Node ID = 21
Could not find NR UE cell info for E2 Node ID = 22
Could not find NR UE cell info for E2 Node ID = 23
Could not find NR UE cell info for E2 Node ID = 24
Could not find NR UE cell info for E2 Node ID = 25
Could not find NR UE cell info for E2 Node ID = 26
Could not find NR UE cell info for E2 Node ID = 27
Could not find NR UE cell info for E2 Node ID = 28
Could not find NR UE cell info for E2 Node ID = 29
Could not find NR UE cell info for E2 Node ID = 30
Could not find NR UE cell info for E2 Node ID = 31
Could not find NR UE cell info for E2 Node ID = 32
Could not find NR UE cell info for E2 Node ID = 33
Could not find NR UE cell info for E2 Node ID = 34
Could not find NR UE cell info for E2 Node ID = 35
Could not find NR UE cell info for E2 Node ID = 36
Could not find NR UE cell info for E2 Node ID = 37
Could not find NR UE cell info for E2 Node ID = 38
Could not find NR UE cell info for E2 Node ID = 39
Could not find NR UE cell info for E2 Node ID = 40
Could not find NR UE cell info for E2 Node ID = 41
Could not find NR UE cell info for E2 Node ID = 42
Could not find NR UE cell info for E2 Node ID = 43
Could not find NR UE cell info for E2 Node ID = 44
Could not find NR UE cell info for E2 Node ID = 45
Could not find NR UE cell info for E2 Node ID = 46
Could not find NR UE cell info for E2 Node ID = 47
Could not find NR UE cell info for E2 Node ID = 48
Could not find NR UE cell info for E2 Node ID = 49
Could not find NR UE cell info for E2 Node ID = 50
Could not find NR UE cell info for E2 Node ID = 51
Could not find NR UE cell info for E2 Node ID = 52
Could not find NR UE cell info for E2 Node ID = 53
Could not find NR UE cell info for E2 Node ID = 54
Could not find NR UE cell info for E2 Node ID = 55
Could not find NR UE cell info for E2 Node ID = 56
Could not find NR UE cell info for E2 Node ID = 57
Could not find NR gNB location for E2 Node ID = 1
Could not find NR gNB location for E2 Node ID = 2
Could not find NR gNB location for E2 Node ID = 3
Could not find NR gNB location for E2 Node ID = 4
Could not find NR gNB location for E2 Node ID = 5
Could not find NR gNB location for E2 Node ID = 6
Could not find NR gNB location for E2 Node ID = 7
---- LOAD at t=4.5 ----
UAV_AUTONOMY_XAPP Time=6.4 DeploymentMode=tn-uav-satellite UavIndex=0 UavCellId=5 BestDonorCellId=2 BestDonorDistanceM=1906.06 XhaulConnected=1 XhaulChannelVariationDb=1.30698 XhaulState=HEALTHY SatBackhaulHealthy=1 OnboardUavRicAvailable=1 OnboardUavRicState=STANDBY BackhaulMode=TN_DIRECT ControlPath=TN_E2 ActiveUavRic=TN_NEAR_RT_RIC NormalUeHandoverAllowed=1 UavMode=TN_CONTROLLED_COVERAGE_EXTENSION
UAV_AUTONOMY_XAPP Time=6.4 DeploymentMode=tn-uav-satellite UavIndex=1 UavCellId=6 BestDonorCellId=4 BestDonorDistanceM=629.258 XhaulConnected=1 XhaulChannelVariationDb=-3.9027 XhaulState=HEALTHY SatBackhaulHealthy=1 OnboardUavRicAvailable=1 OnboardUavRicState=STANDBY BackhaulMode=TN_DIRECT ControlPath=TN_E2 ActiveUavRic=TN_NEAR_RT_RIC NormalUeHandoverAllowed=1 UavMode=TN_CONTROLLED_COVERAGE_EXTENSION
UAV_AUTONOMY_XAPP Time=6.4 DeploymentMode=tn-uav-satellite UavIndex=2 UavCellId=7 BestDonorCellId=2 BestDonorDistanceM=765.017 XhaulConnected=1 XhaulChannelVariationDb=-0.170944 XhaulState=HEALTHY SatBackhaulHealthy=1 OnboardUavRicAvailable=1 OnboardUavRicState=STANDBY BackhaulMode=TN_DIRECT ControlPath=TN_E2 ActiveUavRic=TN_NEAR_RT_RIC NormalUeHandoverAllowed=1 UavMode=TN_CONTROLLED_COVERAGE_EXTENSION
---- LOAD at t=6.5 ----
  cell 1 (TN) load=7/20
  cell 2 (TN) load=3/20
  cell 3 (TN) load=11/20
  cell 4 (TN) load=7/20
  cell 5 (NTN) load=10/10
  cell 6 (NTN) load=9/10
  cell 7 (NTN) load=3/10
UE 8 TTT_WAIT target=1 elapsed=0s need=2s
UE 9 TTT_WAIT target=6 elapsed=0s need=2s
UE 11 TTT_WAIT target=2 elapsed=0s need=2s
UE 13 TTT_WAIT target=3 elapsed=0s need=2s
UE 15 TTT_WAIT target=2 elapsed=0s need=2s
UE 17 TTT_WAIT target=2 elapsed=0s need=2s
UE 18 TTT_WAIT target=1 elapsed=0s need=2s
UE 23 TTT_WAIT target=1 elapsed=0s need=2s
UE 26 TTT_WAIT target=2 elapsed=0s need=2s
UE 29 TTT_WAIT target=2 elapsed=0s need=2s
UE 30 TTT_WAIT target=3 elapsed=0s need=2s
UE 33 TTT_WAIT target=2 elapsed=0s need=2s
UE 34 TTT_WAIT target=1 elapsed=0s need=2s
UE 35 TTT_WAIT target=2 elapsed=0s need=2s
UE 37 TTT_WAIT target=4 elapsed=0s need=2s
UE 38 TTT_WAIT target=3 elapsed=0s need=2s
UE 40 TTT_WAIT target=6 elapsed=0s need=2s
UE 42 TTT_WAIT target=2 elapsed=0s need=2s
UE 44 TTT_WAIT target=1 elapsed=0s need=2s
UE 46 TTT_WAIT target=7 elapsed=0s need=2s
UE 47 TTT_WAIT target=1 elapsed=0s need=2s
UE 49 TTT_WAIT target=6 elapsed=0s need=2s
UE 50 TTT_WAIT target=4 elapsed=0s need=2s
UE 51 TTT_WAIT target=7 elapsed=0s need=2s
UE 52 TTT_WAIT target=2 elapsed=0s need=2s
UE 57 TTT_WAIT target=2 elapsed=0s need=2s
UAV_AUTONOMY_XAPP Time=8.4 DeploymentMode=tn-uav-satellite UavIndex=0 UavCellId=5 BestDonorCellId=1 BestDonorDistanceM=1451.84 XhaulConnected=1 XhaulChannelVariationDb=0.172433 XhaulState=HEALTHY SatBackhaulHealthy=1 OnboardUavRicAvailable=1 OnboardUavRicState=STANDBY BackhaulMode=TN_DIRECT ControlPath=TN_E2 ActiveUavRic=TN_NEAR_RT_RIC NormalUeHandoverAllowed=1 UavMode=TN_CONTROLLED_COVERAGE_EXTENSION
UAV_AUTONOMY_XAPP Time=8.4 DeploymentMode=tn-uav-satellite UavIndex=1 UavCellId=6 BestDonorCellId=4 BestDonorDistanceM=629.258 XhaulConnected=1 XhaulChannelVariationDb=2.22826 XhaulState=HEALTHY SatBackhaulHealthy=1 OnboardUavRicAvailable=1 OnboardUavRicState=STANDBY BackhaulMode=TN_DIRECT ControlPath=TN_E2 ActiveUavRic=TN_NEAR_RT_RIC NormalUeHandoverAllowed=1 UavMode=TN_CONTROLLED_COVERAGE_EXTENSION
UAV_AUTONOMY_XAPP Time=8.4 DeploymentMode=tn-uav-satellite UavIndex=2 UavCellId=7 BestDonorCellId=1 BestDonorDistanceM=1205.83 XhaulConnected=1 XhaulChannelVariationDb=5.7703 XhaulState=HEALTHY SatBackhaulHealthy=1 OnboardUavRicAvailable=1 OnboardUavRicState=STANDBY BackhaulMode=TN_DIRECT ControlPath=TN_E2 ActiveUavRic=TN_NEAR_RT_RIC NormalUeHandoverAllowed=1 UavMode=TN_CONTROLLED_COVERAGE_EXTENSION
---- LOAD at t=8.5 ----
  cell 1 (TN) load=20/20
  cell 2 (TN) load=12/20
  cell 3 (TN) load=20/20
  cell 4 (TN) load=20/20
  cell 5 (NTN) load=10/10
  cell 6 (NTN) load=10/10
  cell 7 (NTN) load=8/10
LM HO UE=17 rnti=65 6->2 type=TN servingRsrp=-81.9153 targetRsrp=-54.4677 targetLoadReal=12/20 targetLoadEff=12/20
UE 23 TTT_WAIT target=2 elapsed=0s need=2s
LM HO UE=26 rnti=91 3->2 type=TN servingRsrp=-48.7413 targetRsrp=-46.16 targetLoadReal=12/20 targetLoadEff=13/20
LM HO UE=29 rnti=51 1->2 type=TN servingRsrp=-74.6393 targetRsrp=-44.009 targetLoadReal=12/20 targetLoadEff=14/20
LM HO UE=33 rnti=23 7->2 type=TN servingRsrp=-82.7632 targetRsrp=-40.8095 targetLoadReal=12/20 targetLoadEff=15/20
UE 34 TTT_WAIT target=7 elapsed=0s need=2s
UE 37 TTT_WAIT target=2 elapsed=0s need=2s
UE 39 TTT_WAIT target=2 elapsed=0s need=2s
UE 41 TTT_WAIT target=7 elapsed=0s need=2s
UE 42 TTT_WAIT target=7 elapsed=0s need=2s
UE 44 TTT_WAIT target=2 elapsed=0s need=2s
UE 47 TTT_WAIT target=7 elapsed=0s need=2s
LM HO UE=52 rnti=55 1->2 type=TN servingRsrp=-78.0171 targetRsrp=-46.8021 targetLoadReal=12/20 targetLoadEff=16/20
UE 53 TTT_WAIT target=2 elapsed=0s need=2s
UE 55 TTT_WAIT target=7 elapsed=0s need=2s
UE 60 TTT_WAIT target=2 elapsed=0s need=2s
UE 63 TTT_WAIT target=2 elapsed=0s need=2s
UE 64 TTT_WAIT target=7 elapsed=0s need=2s
UE 66 TTT_WAIT target=2 elapsed=0s need=2s
UE 68 TTT_WAIT target=2 elapsed=0s need=2s
UE 69 TTT_WAIT target=2 elapsed=0s need=2s
UE 74 TTT_WAIT target=2 elapsed=0s need=2s
UE 75 TTT_WAIT target=7 elapsed=0s need=2s
UE 76 TTT_WAIT target=7 elapsed=0s need=2s
UE 78 TTT_WAIT target=7 elapsed=0s need=2s
UE 80 TTT_WAIT target=2 elapsed=0s need=2s
UE 81 TTT_WAIT target=7 elapsed=0s need=2s
UE 84 TTT_WAIT target=7 elapsed=0s need=2s
UE 87 TTT_WAIT target=2 elapsed=0s need=2s
UE 89 TTT_WAIT target=2 elapsed=0s need=2s
UE 92 TTT_WAIT target=7 elapsed=0s need=2s
UE 99 TTT_WAIT target=7 elapsed=0s need=2s
TRACE HO_SUCCESS Time=8.61507 IMSI=28 TargetCell=2 Type=TN TargetRSRP=-81.3216 ServingRSRP=-50.2017 BackhaulDlSnr=-999 BackhaulUlSnr=-999
TRACE HO_SUCCESS Time=8.61507 IMSI=51 TargetCell=2 Type=TN TargetRSRP=-86.198 ServingRSRP=-52.5192 BackhaulDlSnr=-999 BackhaulUlSnr=-999
TRACE HO_SUCCESS Time=8.61507 IMSI=25 TargetCell=2 Type=TN TargetRSRP=-87.8081 ServingRSRP=-57.695 BackhaulDlSnr=-999 BackhaulUlSnr=-999
TRACE HO_SUCCESS Time=8.61507 IMSI=16 TargetCell=2 Type=TN TargetRSRP=-88.2797 ServingRSRP=-53.8714 BackhaulDlSnr=-999 BackhaulUlSnr=-999
TRACE HO_SUCCESS Time=8.61507 IMSI=32 TargetCell=2 Type=TN TargetRSRP=-68.21 ServingRSRP=-72.784 BackhaulDlSnr=-999 BackhaulUlSnr=-999
UAV_AUTONOMY_XAPP Time=10.4 DeploymentMode=tn-uav-satellite UavIndex=0 UavCellId=5 BestDonorCellId=3 BestDonorDistanceM=1623.51 XhaulConnected=1 XhaulChannelVariationDb=1.3721 XhaulState=HEALTHY SatBackhaulHealthy=1 OnboardUavRicAvailable=1 OnboardUavRicState=STANDBY BackhaulMode=TN_DIRECT ControlPath=TN_E2 ActiveUavRic=TN_NEAR_RT_RIC NormalUeHandoverAllowed=1 UavMode=TN_CONTROLLED_COVERAGE_EXTENSION
UAV_AUTONOMY_XAPP Time=10.4 DeploymentMode=tn-uav-satellite UavIndex=1 UavCellId=6 BestDonorCellId=4 BestDonorDistanceM=629.258 XhaulConnected=1 XhaulChannelVariationDb=-7.24567 XhaulState=HEALTHY SatBackhaulHealthy=1 OnboardUavRicAvailable=1 OnboardUavRicState=STANDBY BackhaulMode=TN_DIRECT ControlPath=TN_E2 ActiveUavRic=TN_NEAR_RT_RIC NormalUeHandoverAllowed=1 UavMode=TN_CONTROLLED_COVERAGE_EXTENSION
UAV_AUTONOMY_XAPP Time=10.4 DeploymentMode=tn-uav-satellite UavIndex=2 UavCellId=7 BestDonorCellId=1 BestDonorDistanceM=1205.83 XhaulConnected=1 XhaulChannelVariationDb=5.16465 XhaulState=HEALTHY SatBackhaulHealthy=1 OnboardUavRicAvailable=1 OnboardUavRicState=STANDBY BackhaulMode=TN_DIRECT ControlPath=TN_E2 ActiveUavRic=TN_NEAR_RT_RIC NormalUeHandoverAllowed=1 UavMode=TN_CONTROLLED_COVERAGE_EXTENSION
---- LOAD at t=10.5 ----
  cell 1 (TN) load=18/20
  cell 2 (TN) load=17/20
  cell 3 (TN) load=19/20
  cell 4 (TN) load=20/20
  cell 5 (NTN) load=10/10
  cell 6 (NTN) load=9/10
  cell 7 (NTN) load=7/10
UE 8 TTT_WAIT target=7 elapsed=0s need=2s
UE 11 TTT_WAIT target=1 elapsed=0s need=2s
UE 13 TTT_WAIT target=3 elapsed=0s need=2s
UE 17 TTT_WAIT target=7 elapsed=0s need=2s
UE 19 TTT_WAIT target=3 elapsed=0s need=2s
UE 20 TTT_WAIT target=6 elapsed=0s need=2s
LM HO UE=23 rnti=22 7->2 type=TN servingRsrp=-71.765 targetRsrp=-32.094 targetLoadReal=17/20 targetLoadEff=17/20
UE 24 TTT_WAIT target=3 elapsed=0s need=2s
UE 26 TTT_WAIT target=3 elapsed=0s need=2s
UE 29 TTT_WAIT target=3 elapsed=0s need=2s
UE 33 TTT_WAIT target=1 elapsed=0s need=2s
UE 35 TTT_WAIT target=1 elapsed=0s need=2s
LM HO UE=39 rnti=53 1->2 type=TN servingRsrp=-82.611 targetRsrp=-47.1497 targetLoadReal=17/20 targetLoadEff=18/20
UE 40 TTT_WAIT target=1 elapsed=0s need=2s
LM HO UE=44 rnti=93 3->2 type=TN servingRsrp=-93.7127 targetRsrp=-53.3661 targetLoadReal=17/20 targetLoadEff=19/20
UE 45 TTT_WAIT target=7 elapsed=0s need=2s
UE 47 TTT_WAIT target=1 elapsed=0s need=2s
UE 49 TTT_WAIT target=6 elapsed=0s need=2s
UE 51 TTT_WAIT target=1 elapsed=0s need=2s
UE 57 TTT_WAIT target=1 elapsed=0s need=2s
UE 58 TTT_WAIT target=1 elapsed=0s need=2s
UE 62 TTT_WAIT target=3 elapsed=0s need=2s
UE 63 TTT_WAIT target=7 elapsed=0s need=2s
UE 64 TTT_WAIT target=6 elapsed=0s need=2s
UE 66 TTT_WAIT target=7 elapsed=0s need=2s
UE 68 TTT_WAIT target=1 elapsed=0s need=2s
UE 77 TTT_WAIT target=7 elapsed=0s need=2s
UE 80 TTT_WAIT target=1 elapsed=0s need=2s
UE 82 TTT_WAIT target=6 elapsed=0s need=2s
UE 84 TTT_WAIT target=3 elapsed=0s need=2s
UE 85 TTT_WAIT target=6 elapsed=0s need=2s
UE 86 TTT_WAIT target=6 elapsed=0s need=2s
UE 89 TTT_WAIT target=3 elapsed=0s need=2s
UE 92 TTT_WAIT target=3 elapsed=0s need=2s
UE 94 TTT_WAIT target=3 elapsed=0s need=2s
UE 95 TTT_WAIT target=6 elapsed=0s need=2s
UE 102 TTT_WAIT target=3 elapsed=0s need=2s
UE 104 TTT_WAIT target=3 elapsed=0s need=2s
UE 105 TTT_WAIT target=6 elapsed=0s need=2s
UE 107 TTT_WAIT target=1 elapsed=0s need=2s
TRACE HO_SUCCESS Time=10.6151 IMSI=38 TargetCell=2 Type=TN TargetRSRP=-69.5886 ServingRSRP=-76.7255 BackhaulDlSnr=-999 BackhaulUlSnr=-999
TRACE HO_SUCCESS Time=10.6151 IMSI=43 TargetCell=2 Type=TN TargetRSRP=-51.9303 ServingRSRP=-61.6066 BackhaulDlSnr=-999 BackhaulUlSnr=-999
TRACE HO_SUCCESS Time=10.6151 IMSI=22 TargetCell=2 Type=TN TargetRSRP=-69.9827 ServingRSRP=-38.1571 BackhaulDlSnr=-999 BackhaulUlSnr=-999
UAV_AUTONOMY_XAPP Time=12.4 DeploymentMode=tn-uav-satellite UavIndex=0 UavCellId=5 BestDonorCellId=2 BestDonorDistanceM=1906.06 XhaulConnected=1 XhaulChannelVariationDb=2.9061 XhaulState=HEALTHY SatBackhaulHealthy=1 OnboardUavRicAvailable=1 OnboardUavRicState=STANDBY BackhaulMode=TN_DIRECT ControlPath=TN_E2 ActiveUavRic=TN_NEAR_RT_RIC NormalUeHandoverAllowed=1 UavMode=TN_CONTROLLED_COVERAGE_EXTENSION
UAV_AUTONOMY_XAPP Time=12.4 DeploymentMode=tn-uav-satellite UavIndex=1 UavCellId=6 BestDonorCellId=4 BestDonorDistanceM=629.258 XhaulConnected=1 XhaulChannelVariationDb=2.56656 XhaulState=HEALTHY SatBackhaulHealthy=1 OnboardUavRicAvailable=1 OnboardUavRicState=STANDBY BackhaulMode=TN_DIRECT ControlPath=TN_E2 ActiveUavRic=TN_NEAR_RT_RIC NormalUeHandoverAllowed=1 UavMode=TN_CONTROLLED_COVERAGE_EXTENSION
UAV_AUTONOMY_XAPP Time=12.4 DeploymentMode=tn-uav-satellite UavIndex=2 UavCellId=7 BestDonorCellId=2 BestDonorDistanceM=765.017 XhaulConnected=1 XhaulChannelVariationDb=1.04915 XhaulState=HEALTHY SatBackhaulHealthy=1 OnboardUavRicAvailable=1 OnboardUavRicState=STANDBY BackhaulMode=TN_DIRECT ControlPath=TN_E2 ActiveUavRic=TN_NEAR_RT_RIC NormalUeHandoverAllowed=1 UavMode=TN_CONTROLLED_COVERAGE_EXTENSION
---- LOAD at t=12.5 ----
  cell 1 (TN) load=17/20
  cell 2 (TN) load=20/20
  cell 3 (TN) load=18/20
  cell 4 (TN) load=20/20
  cell 5 (NTN) load=10/10
  cell 6 (NTN) load=9/10
  cell 7 (NTN) load=6/10
LM HO UE=8 rnti=22 2->7 type=NTN servingRsrp=-76.2546 targetRsrp=-63.7062 targetLoadReal=6/10 targetLoadEff=6/10
UE 11 TTT_WAIT target=7 elapsed=0s need=2s
UE 12 TTT_WAIT target=6 elapsed=0s need=2s
LM HO UE=13 rnti=50 1->3 type=TN servingRsrp=-51.1125 targetRsrp=-45.8903 targetLoadReal=18/20 targetLoadEff=18/20
UE 16 TTT_WAIT target=6 elapsed=0s need=2s
LM HO UE=17 rnti=97 2->7 type=NTN servingRsrp=-87.0663 targetRsrp=-70.862 targetLoadReal=6/10 targetLoadEff=7/10
UE 19 TTT_WAIT target=1 elapsed=0s need=2s
UE 20 TTT_WAIT target=3 elapsed=0s need=2s
UE 25 TTT_WAIT target=7 elapsed=0s need=2s
UE 34 TTT_WAIT target=1 elapsed=0s need=2s
LM HO UE=40 rnti=55 4->1 type=TN servingRsrp=-73.4983 targetRsrp=-57.1867 targetLoadReal=17/20 targetLoadEff=17/20
UE 45 TTT_WAIT target=3 elapsed=0s need=2s
LM HO UE=47 rnti=94 3->1 type=TN servingRsrp=-50.9024 targetRsrp=-47.4246 targetLoadReal=17/20 targetLoadEff=18/20
UE 50 TTT_WAIT target=7 elapsed=0s need=2s
LM HO UE=51 rnti=96 3->1 type=TN servingRsrp=-89.9525 targetRsrp=-79.1913 targetLoadReal=17/20 targetLoadEff=19/20
UE 52 TTT_WAIT target=3 elapsed=0s need=2s
UE 54 TTT_WAIT target=6 elapsed=0s need=2s
UE 57 TTT_WAIT target=7 elapsed=0s need=2s
UE 59 TTT_WAIT target=7 elapsed=0s need=2s
UE 60 TTT_WAIT target=7 elapsed=0s need=2s
UE 65 TTT_WAIT target=3 elapsed=0s need=2s
UE 74 TTT_WAIT target=6 elapsed=0s need=2s
UE 76 TTT_WAIT target=7 elapsed=0s need=2s
LM HO UE=84 rnti=142 1->3 type=TN servingRsrp=-57.5008 targetRsrp=-49.7237 targetLoadReal=18/20 targetLoadEff=19/20
LM HO UE=85 rnti=146 4->6 type=NTN servingRsrp=-74.1261 targetRsrp=-44.0681 targetLoadReal=9/10 targetLoadEff=9/10
UE 94 TTT_WAIT target=7 elapsed=0s need=2s
UE 96 TTT_WAIT target=7 elapsed=0s need=2s
UE 99 TTT_WAIT target=7 elapsed=0s need=2s
UE 101 TTT_WAIT target=7 elapsed=0s need=2s
UE 102 TTT_WAIT target=7 elapsed=0s need=2s
UE 105 TTT_WAIT target=7 elapsed=0s need=2s
TRACE HO_SUCCESS Time=12.6151 IMSI=46 TargetCell=1 Type=TN TargetRSRP=-59.4877 ServingRSRP=-74.6336 BackhaulDlSnr=-999 BackhaulUlSnr=-999
TRACE HO_SUCCESS Time=12.6151 IMSI=50 TargetCell=1 Type=TN TargetRSRP=-98.0764 ServingRSRP=-59.668 BackhaulDlSnr=-999 BackhaulUlSnr=-999
TRACE HO_SUCCESS Time=12.6151 IMSI=39 TargetCell=1 Type=TN TargetRSRP=-89.1865 ServingRSRP=-65.5064 BackhaulDlSnr=-999 BackhaulUlSnr=-999
TRACE HO_SUCCESS Time=12.6151 IMSI=12 TargetCell=3 Type=TN TargetRSRP=-84.6229 ServingRSRP=-65.9635 BackhaulDlSnr=-999 BackhaulUlSnr=-999
TRACE HO_SUCCESS Time=12.6151 IMSI=83 TargetCell=3 Type=TN TargetRSRP=-46.6649 ServingRSRP=-61.1798 BackhaulDlSnr=-999 BackhaulUlSnr=-999
TRACE HO_SUCCESS Time=12.6151 IMSI=84 TargetCell=6 Type=NTN TargetRSRP=-77.3871 ServingRSRP=-51.2376 BackhaulDlSnr=15.793 BackhaulUlSnr=11.2724
TRACE HO_SUCCESS Time=12.6151 IMSI=7 TargetCell=7 Type=NTN TargetRSRP=-76.4191 ServingRSRP=-64.4029 BackhaulDlSnr=9.73658 BackhaulUlSnr=5.21598
TRACE HO_SUCCESS Time=12.6151 IMSI=16 TargetCell=7 Type=NTN TargetRSRP=-80.2679 ServingRSRP=-66.0084 BackhaulDlSnr=9.73658 BackhaulUlSnr=5.21598
UAV_AUTONOMY_XAPP Time=14.4 DeploymentMode=tn-uav-satellite UavIndex=0 UavCellId=5 BestDonorCellId=1 BestDonorDistanceM=1451.84 XhaulConnected=1 XhaulChannelVariationDb=3.02157 XhaulState=HEALTHY SatBackhaulHealthy=1 OnboardUavRicAvailable=1 OnboardUavRicState=STANDBY BackhaulMode=TN_DIRECT ControlPath=TN_E2 ActiveUavRic=TN_NEAR_RT_RIC NormalUeHandoverAllowed=1 UavMode=TN_CONTROLLED_COVERAGE_EXTENSION
UAV_AUTONOMY_XAPP Time=14.4 DeploymentMode=tn-uav-satellite UavIndex=1 UavCellId=6 BestDonorCellId=4 BestDonorDistanceM=629.258 XhaulConnected=1 XhaulChannelVariationDb=-3.75201 XhaulState=HEALTHY SatBackhaulHealthy=1 OnboardUavRicAvailable=1 OnboardUavRicState=STANDBY BackhaulMode=TN_DIRECT ControlPath=TN_E2 ActiveUavRic=TN_NEAR_RT_RIC NormalUeHandoverAllowed=1 UavMode=TN_CONTROLLED_COVERAGE_EXTENSION
UAV_AUTONOMY_XAPP Time=14.4 DeploymentMode=tn-uav-satellite UavIndex=2 UavCellId=7 BestDonorCellId=2 BestDonorDistanceM=765.017 XhaulConnected=1 XhaulChannelVariationDb=-2.04708 XhaulState=HEALTHY SatBackhaulHealthy=1 OnboardUavRicAvailable=1 OnboardUavRicState=STANDBY BackhaulMode=TN_DIRECT ControlPath=TN_E2 ActiveUavRic=TN_NEAR_RT_RIC NormalUeHandoverAllowed=1 UavMode=TN_CONTROLLED_COVERAGE_EXTENSION
---- LOAD at t=14.5 ----
  cell 1 (TN) load=18/20
  cell 2 (TN) load=18/20
  cell 3 (TN) load=18/20
  cell 4 (TN) load=18/20
  cell 5 (NTN) load=10/10
  cell 6 (NTN) load=10/10
  cell 7 (NTN) load=8/10
UE 8 TTT_WAIT target=3 elapsed=0s need=2s
UE 13 TTT_WAIT target=1 elapsed=0s need=2s
UE 15 TTT_WAIT target=1 elapsed=0s need=2s
UE 17 TTT_WAIT target=3 elapsed=0s need=2s
LM HO UE=19 rnti=73 5->1 type=TN servingRsrp=-94.1508 targetRsrp=-77.0442 targetLoadReal=18/20 targetLoadEff=18/20
UE 21 TTT_WAIT target=7 elapsed=0s need=2s
UE 23 TTT_WAIT target=1 elapsed=0s need=2s
UE 24 TTT_WAIT target=2 elapsed=0s need=2s
UE 25 TTT_WAIT target=4 elapsed=0s need=2s
UE 26 TTT_WAIT target=4 elapsed=0s need=2s
UE 29 TTT_WAIT target=1 elapsed=0s need=2s
UE 31 TTT_WAIT target=1 elapsed=0s need=2s
UE 33 TTT_WAIT target=1 elapsed=0s need=2s
UE 35 TTT_WAIT target=2 elapsed=0s need=2s
UE 37 TTT_WAIT target=2 elapsed=0s need=2s
UE 38 TTT_WAIT target=3 elapsed=0s need=2s
UE 39 TTT_WAIT target=4 elapsed=0s need=2s
UE 40 TTT_WAIT target=4 elapsed=0s need=2s
UE 42 TTT_WAIT target=4 elapsed=0s need=2s
UE 44 TTT_WAIT target=1 elapsed=0s need=2s
LM HO UE=45 rnti=54 1->3 type=TN servingRsrp=-70.1612 targetRsrp=-41.2561 targetLoadReal=18/20 targetLoadEff=18/20
UE 51 TTT_WAIT target=3 elapsed=0s need=2s
LM HO UE=52 rnti=101 2->3 type=TN servingRsrp=-72.8785 targetRsrp=-51.5099 targetLoadReal=18/20 targetLoadEff=19/20
UE 53 TTT_WAIT target=2 elapsed=0s need=2s
UE 57 TTT_WAIT target=2 elapsed=0s need=2s
UE 58 TTT_WAIT target=4 elapsed=0s need=2s
UE 60 TTT_WAIT target=1 elapsed=0s need=2s
UE 62 TTT_WAIT target=2 elapsed=0s need=2s
UE 63 TTT_WAIT target=2 elapsed=0s need=2s
UE 64 TTT_WAIT target=7 elapsed=0s need=2s
UE 65 TTT_WAIT target=1 elapsed=0s need=2s
UE 66 TTT_WAIT target=7 elapsed=0s need=2s
UE 67 TTT_WAIT target=7 elapsed=0s need=2s
UE 68 TTT_WAIT target=2 elapsed=0s need=2s
UE 76 TTT_WAIT target=2 elapsed=0s need=2s
UE 80 TTT_WAIT target=4 elapsed=0s need=2s
UE 81 TTT_WAIT target=1 elapsed=0s need=2s
UE 83 TTT_WAIT target=2 elapsed=0s need=2s
UE 84 TTT_WAIT target=1 elapsed=0s need=2s
UE 89 TTT_WAIT target=2 elapsed=0s need=2s
UE 92 TTT_WAIT target=7 elapsed=0s need=2s
UE 96 TTT_WAIT target=4 elapsed=0s need=2s
UE 98 TTT_WAIT target=2 elapsed=0s need=2s
UE 99 TTT_WAIT target=2 elapsed=0s need=2s
LM HO UE=101 rnti=147 1->7 type=NTN servingRsrp=-77.4312 targetRsrp=-52.4168 targetLoadReal=8/10 targetLoadEff=8/10
UE 104 TTT_WAIT target=1 elapsed=0s need=2s
LM HO UE=105 rnti=86 2->7 type=NTN servingRsrp=-62.1255 targetRsrp=-54.8803 targetLoadReal=8/10 targetLoadEff=9/10
UE 107 TTT_WAIT target=2 elapsed=0s need=2s
TRACE HO_SUCCESS Time=14.6151 IMSI=18 TargetCell=1 Type=TN TargetRSRP=-99.1972 ServingRSRP=-61.1886 BackhaulDlSnr=-999 BackhaulUlSnr=-999
TRACE HO_SUCCESS Time=14.6151 IMSI=44 TargetCell=3 Type=TN TargetRSRP=-76.3719 ServingRSRP=-71.9597 BackhaulDlSnr=-999 BackhaulUlSnr=-999
TRACE HO_SUCCESS Time=14.6151 IMSI=51 TargetCell=3 Type=TN TargetRSRP=-84.5413 ServingRSRP=-73.8271 BackhaulDlSnr=-999 BackhaulUlSnr=-999
TRACE HO_SUCCESS Time=14.6151 IMSI=100 TargetCell=7 Type=NTN TargetRSRP=-88.539 ServingRSRP=-46.7646 BackhaulDlSnr=9.94828 BackhaulUlSnr=5.42768
TRACE HO_SUCCESS Time=14.6151 IMSI=104 TargetCell=7 Type=NTN TargetRSRP=-89.9805 ServingRSRP=-75.8632 BackhaulDlSnr=9.94828 BackhaulUlSnr=5.42768
UAV_AUTONOMY_XAPP Time=16.4 DeploymentMode=tn-uav-satellite UavIndex=0 UavCellId=5 BestDonorCellId=1 BestDonorDistanceM=1199.35 XhaulConnected=1 XhaulChannelVariationDb=-1.35744 XhaulState=HEALTHY SatBackhaulHealthy=1 OnboardUavRicAvailable=1 OnboardUavRicState=STANDBY BackhaulMode=TN_DIRECT ControlPath=TN_E2 ActiveUavRic=TN_NEAR_RT_RIC NormalUeHandoverAllowed=1 UavMode=TN_CONTROLLED_COVERAGE_EXTENSION
UAV_AUTONOMY_XAPP Time=16.4 DeploymentMode=tn-uav-satellite UavIndex=1 UavCellId=6 BestDonorCellId=4 BestDonorDistanceM=629.258 XhaulConnected=1 XhaulChannelVariationDb=-2.66666 XhaulState=HEALTHY SatBackhaulHealthy=1 OnboardUavRicAvailable=1 OnboardUavRicState=STANDBY BackhaulMode=TN_DIRECT ControlPath=TN_E2 ActiveUavRic=TN_NEAR_RT_RIC NormalUeHandoverAllowed=1 UavMode=TN_CONTROLLED_COVERAGE_EXTENSION
UAV_AUTONOMY_XAPP Time=16.4 DeploymentMode=tn-uav-satellite UavIndex=2 UavCellId=7 BestDonorCellId=1 BestDonorDistanceM=1205.83 XhaulConnected=1 XhaulChannelVariationDb=3.43702 XhaulState=HEALTHY SatBackhaulHealthy=1 OnboardUavRicAvailable=1 OnboardUavRicState=STANDBY BackhaulMode=TN_DIRECT ControlPath=TN_E2 ActiveUavRic=TN_NEAR_RT_RIC NormalUeHandoverAllowed=1 UavMode=TN_CONTROLLED_COVERAGE_EXTENSION
---- LOAD at t=16.5 ----
  cell 1 (TN) load=17/20
  cell 2 (TN) load=16/20
  cell 3 (TN) load=20/20
  cell 4 (TN) load=18/20
  cell 5 (NTN) load=9/10
  cell 6 (NTN) load=10/10
  cell 7 (NTN) load=10/10
UE 8 TTT_WAIT target=1 elapsed=0s need=2s
UE 9 TTT_WAIT target=5 elapsed=0s need=2s
LM HO UE=13 rnti=171 3->1 type=TN servingRsrp=-75.1275 targetRsrp=-38.8388 targetLoadReal=17/20 targetLoadEff=17/20
UE 18 TTT_WAIT target=1 elapsed=0s need=2s
UE 22 TTT_WAIT target=5 elapsed=0s need=2s
LM HO UE=23 rnti=102 2->1 type=TN servingRsrp=-60.6416 targetRsrp=-43.6919 targetLoadReal=17/20 targetLoadEff=18/20
UE 26 TTT_WAIT target=1 elapsed=0s need=2s
LM HO UE=29 rnti=99 2->1 type=TN servingRsrp=-78.1989 targetRsrp=-74.0161 targetLoadReal=17/20 targetLoadEff=19/20
LM HO UE=35 rnti=86 5->2 type=TN servingRsrp=-77.9094 targetRsrp=-63.7632 targetLoadReal=16/20 targetLoadEff=16/20
LM HO UE=40 rnti=163 1->4 type=TN servingRsrp=-81.1066 targetRsrp=-39.3835 targetLoadReal=18/20 targetLoadEff=18/20
UE 41 TTT_WAIT target=4 elapsed=0s need=2s
UE 44 TTT_WAIT target=5 elapsed=0s need=2s
LM HO UE=57 rnti=98 3->2 type=TN servingRsrp=-85.7159 targetRsrp=-58.3306 targetLoadReal=16/20 targetLoadEff=17/20
UE 58 TTT_WAIT target=5 elapsed=0s need=2s
UE 59 TTT_WAIT target=4 elapsed=0s need=2s
UE 60 TTT_WAIT target=2 elapsed=0s need=2s
LM HO UE=62 rnti=137 1->2 type=TN servingRsrp=-81.2763 targetRsrp=-47.209 targetLoadReal=16/20 targetLoadEff=18/20
UE 63 TTT_WAIT target=4 elapsed=0s need=2s
UE 65 TTT_WAIT target=4 elapsed=0s need=2s
UE 66 TTT_WAIT target=2 elapsed=0s need=2s
LM HO UE=68 rnti=157 3->2 type=TN servingRsrp=-94.646 targetRsrp=-55.9198 targetLoadReal=16/20 targetLoadEff=19/20
UE 72 TTT_WAIT target=5 elapsed=0s need=2s
UE 74 TTT_WAIT target=5 elapsed=0s need=2s
UE 86 TTT_WAIT target=5 elapsed=0s need=2s
UE 88 TTT_WAIT target=5 elapsed=0s need=2s
UE 95 TTT_WAIT target=4 elapsed=0s need=2s
UE 101 TTT_WAIT target=5 elapsed=0s need=2s
UE 102 TTT_WAIT target=5 elapsed=0s need=2s
UE 105 TTT_WAIT target=4 elapsed=0s need=2s
UE 106 TTT_WAIT target=4 elapsed=0s need=2s
TRACE HO_SUCCESS Time=16.6151 IMSI=28 TargetCell=1 Type=TN TargetRSRP=-67.5484 ServingRSRP=-76.3474 BackhaulDlSnr=-999 BackhaulUlSnr=-999
TRACE HO_SUCCESS Time=16.6151 IMSI=22 TargetCell=1 Type=TN TargetRSRP=-58.563 ServingRSRP=-71.0832 BackhaulDlSnr=-999 BackhaulUlSnr=-999
TRACE HO_SUCCESS Time=16.6151 IMSI=12 TargetCell=1 Type=TN TargetRSRP=-67.9963 ServingRSRP=-47.921 BackhaulDlSnr=-999 BackhaulUlSnr=-999
TRACE HO_SUCCESS Time=16.6151 IMSI=61 TargetCell=2 Type=TN TargetRSRP=-76.8768 ServingRSRP=-52.7545 BackhaulDlSnr=-999 BackhaulUlSnr=-999
TRACE HO_SUCCESS Time=16.6151 IMSI=56 TargetCell=2 Type=TN TargetRSRP=-54.7568 ServingRSRP=-67.3962 BackhaulDlSnr=-999 BackhaulUlSnr=-999
TRACE HO_SUCCESS Time=16.6151 IMSI=67 TargetCell=2 Type=TN TargetRSRP=-93.9696 ServingRSRP=-68.2651 BackhaulDlSnr=-999 BackhaulUlSnr=-999
TRACE HO_SUCCESS Time=16.6151 IMSI=34 TargetCell=2 Type=TN TargetRSRP=-103.85 ServingRSRP=-65.1713 BackhaulDlSnr=-999 BackhaulUlSnr=-999
TRACE HO_SUCCESS Time=16.6151 IMSI=39 TargetCell=4 Type=TN TargetRSRP=-75.2848 ServingRSRP=-85.6661 BackhaulDlSnr=-999 BackhaulUlSnr=-999
UAV_AUTONOMY_XAPP Time=18.4 DeploymentMode=tn-uav-satellite UavIndex=0 UavCellId=5 BestDonorCellId=1 BestDonorDistanceM=854.444 XhaulConnected=1 XhaulChannelVariationDb=1.51246 XhaulState=HEALTHY SatBackhaulHealthy=1 OnboardUavRicAvailable=1 OnboardUavRicState=STANDBY BackhaulMode=TN_DIRECT ControlPath=TN_E2 ActiveUavRic=TN_NEAR_RT_RIC NormalUeHandoverAllowed=1 UavMode=TN_CONTROLLED_COVERAGE_EXTENSION
UAV_AUTONOMY_XAPP Time=18.4 DeploymentMode=tn-uav-satellite UavIndex=1 UavCellId=6 BestDonorCellId=4 BestDonorDistanceM=629.258 XhaulConnected=1 XhaulChannelVariationDb=-0.297647 XhaulState=HEALTHY SatBackhaulHealthy=1 OnboardUavRicAvailable=1 OnboardUavRicState=STANDBY BackhaulMode=TN_DIRECT ControlPath=TN_E2 ActiveUavRic=TN_NEAR_RT_RIC NormalUeHandoverAllowed=1 UavMode=TN_CONTROLLED_COVERAGE_EXTENSION
UAV_AUTONOMY_XAPP Time=18.4 DeploymentMode=tn-uav-satellite UavIndex=2 UavCellId=7 BestDonorCellId=2 BestDonorDistanceM=765.017 XhaulConnected=1 XhaulChannelVariationDb=0.972659 XhaulState=HEALTHY SatBackhaulHealthy=1 OnboardUavRicAvailable=1 OnboardUavRicState=STANDBY BackhaulMode=TN_DIRECT ControlPath=TN_E2 ActiveUavRic=TN_NEAR_RT_RIC NormalUeHandoverAllowed=1 UavMode=TN_CONTROLLED_COVERAGE_EXTENSION
---- LOAD at t=18.5 ----
  cell 1 (TN) load=18/20
  cell 2 (TN) load=18/20
  cell 3 (TN) load=17/20
  cell 4 (TN) load=19/20
  cell 5 (NTN) load=8/10
  cell 6 (NTN) load=10/10
  cell 7 (NTN) load=10/10
UE 8 TTT_WAIT target=4 elapsed=0s need=2s
UE 12 TTT_WAIT target=3 elapsed=0s need=2s
UE 14 TTT_WAIT target=1 elapsed=0s need=2s
UE 15 TTT_WAIT target=4 elapsed=0s need=2s
LM HO UE=18 rnti=90 3->1 type=TN servingRsrp=-68.3845 targetRsrp=-44.0074 targetLoadReal=18/20 targetLoadEff=18/20
UE 19 TTT_WAIT target=5 elapsed=0s need=2s
UE 23 TTT_WAIT target=3 elapsed=0s need=2s
UE 25 TTT_WAIT target=4 elapsed=0s need=2s
UE 31 TTT_WAIT target=1 elapsed=0s need=2s
UE 33 TTT_WAIT target=3 elapsed=0s need=2s
UE 35 TTT_WAIT target=1 elapsed=0s need=2s
UE 37 TTT_WAIT target=3 elapsed=0s need=2s
UE 39 TTT_WAIT target=1 elapsed=0s need=2s
UE 42 TTT_WAIT target=4 elapsed=0s need=2s
UE 44 TTT_WAIT target=1 elapsed=0s need=2s
UE 45 TTT_WAIT target=1 elapsed=0s need=2s
UE 47 TTT_WAIT target=3 elapsed=0s need=2s
UE 49 TTT_WAIT target=1 elapsed=0s need=2s
UE 50 TTT_WAIT target=2 elapsed=0s need=2s
UE 53 TTT_WAIT target=2 elapsed=0s need=2s
UE 54 TTT_WAIT target=2 elapsed=0s need=2s
UE 55 TTT_WAIT target=1 elapsed=0s need=2s
UE 57 TTT_WAIT target=1 elapsed=0s need=2s
UE 59 TTT_WAIT target=3 elapsed=0s need=2s
LM HO UE=60 rnti=154 3->2 type=TN servingRsrp=-81.2488 targetRsrp=-56.2426 targetLoadReal=18/20 targetLoadEff=18/20
UE 62 TTT_WAIT target=5 elapsed=0s need=2s
UE 63 TTT_WAIT target=5 elapsed=0s need=2s
UE 65 TTT_WAIT target=3 elapsed=0s need=2s
LM HO UE=66 rnti=138 1->2 type=TN servingRsrp=-90.4045 targetRsrp=-86.7073 targetLoadReal=18/20 targetLoadEff=19/20
UE 68 TTT_WAIT target=4 elapsed=0s need=2s
UE 70 TTT_WAIT target=1 elapsed=0s need=2s
UE 74 TTT_WAIT target=1 elapsed=0s need=2s
UE 76 TTT_WAIT target=4 elapsed=0s need=2s
UE 77 TTT_WAIT target=1 elapsed=0s need=2s
UE 81 TTT_WAIT target=3 elapsed=0s need=2s
UE 83 TTT_WAIT target=3 elapsed=0s need=2s
UE 89 TTT_WAIT target=3 elapsed=0s need=2s
LM HO UE=95 rnti=62 7->4 type=TN servingRsrp=-47.7228 targetRsrp=-33.4523 targetLoadReal=19/20 targetLoadEff=19/20
UE 97 TTT_WAIT target=3 elapsed=0s need=2s
UE 100 TTT_WAIT target=3 elapsed=0s need=2s
UE 101 TTT_WAIT target=1 elapsed=0s need=2s
UE 102 TTT_WAIT target=3 elapsed=0s need=2s
UE 104 TTT_WAIT target=1 elapsed=0s need=2s
UE 107 TTT_WAIT target=1 elapsed=0s need=2s
TRACE HO_SUCCESS Time=18.6151 IMSI=17 TargetCell=1 Type=TN TargetRSRP=-79.8016 ServingRSRP=-50.0608 BackhaulDlSnr=-999 BackhaulUlSnr=-999
TRACE HO_SUCCESS Time=18.6151 IMSI=65 TargetCell=2 Type=TN TargetRSRP=-59.6443 ServingRSRP=-77.6827 BackhaulDlSnr=-999 BackhaulUlSnr=-999
TRACE HO_SUCCESS Time=18.6151 IMSI=59 TargetCell=2 Type=TN TargetRSRP=-90.8866 ServingRSRP=-67.5157 BackhaulDlSnr=-999 BackhaulUlSnr=-999
TRACE HO_SUCCESS Time=18.6151 IMSI=94 TargetCell=4 Type=TN TargetRSRP=-56.6819 ServingRSRP=-80.7083 BackhaulDlSnr=-999 BackhaulUlSnr=-999
UAV_AUTONOMY_XAPP Time=20.4 DeploymentMode=tn-uav-satellite UavIndex=0 UavCellId=5 BestDonorCellId=1 BestDonorDistanceM=1018.42 XhaulConnected=1 XhaulChannelVariationDb=-1.23503 XhaulState=HEALTHY SatBackhaulHealthy=1 OnboardUavRicAvailable=1 OnboardUavRicState=STANDBY BackhaulMode=TN_DIRECT ControlPath=TN_E2 ActiveUavRic=TN_NEAR_RT_RIC NormalUeHandoverAllowed=1 UavMode=TN_CONTROLLED_COVERAGE_EXTENSION
UAV_AUTONOMY_XAPP Time=20.4 DeploymentMode=tn-uav-satellite UavIndex=1 UavCellId=6 BestDonorCellId=4 BestDonorDistanceM=629.258 XhaulConnected=1 XhaulChannelVariationDb=-4.72636 XhaulState=HEALTHY SatBackhaulHealthy=1 OnboardUavRicAvailable=1 OnboardUavRicState=STANDBY BackhaulMode=TN_DIRECT ControlPath=TN_E2 ActiveUavRic=TN_NEAR_RT_RIC NormalUeHandoverAllowed=1 UavMode=TN_CONTROLLED_COVERAGE_EXTENSION
UAV_AUTONOMY_XAPP Time=20.4 DeploymentMode=tn-uav-satellite UavIndex=2 UavCellId=7 BestDonorCellId=2 BestDonorDistanceM=546.348 XhaulConnected=1 XhaulChannelVariationDb=0.0675034 XhaulState=HEALTHY SatBackhaulHealthy=1 OnboardUavRicAvailable=1 OnboardUavRicState=STANDBY BackhaulMode=TN_DIRECT ControlPath=TN_E2 ActiveUavRic=TN_NEAR_RT_RIC NormalUeHandoverAllowed=1 UavMode=TN_CONTROLLED_COVERAGE_EXTENSION
---- LOAD at t=20.5 ----
  cell 1 (TN) load=18/20
  cell 2 (TN) load=20/20
  cell 3 (TN) load=15/20
  cell 4 (TN) load=20/20
  cell 5 (NTN) load=8/10
  cell 6 (NTN) load=10/10
  cell 7 (NTN) load=9/10
UE 8 TTT_WAIT target=1 elapsed=0s need=2s
UE 9 TTT_WAIT target=3 elapsed=0s need=2s
UE 10 TTT_WAIT target=5 elapsed=0s need=2s
UE 12 TTT_WAIT target=1 elapsed=0s need=2s
UE 13 TTT_WAIT target=7 elapsed=0s need=2s
UE 14 TTT_WAIT target=3 elapsed=0s need=2s
UE 18 TTT_WAIT target=3 elapsed=0s need=2s
UE 20 TTT_WAIT target=3 elapsed=0s need=2s
UE 29 TTT_WAIT target=3 elapsed=0s need=2s
UE 31 TTT_WAIT target=3 elapsed=0s need=2s
LM HO UE=33 rnti=100 2->3 type=TN servingRsrp=-81.4242 targetRsrp=-72.4809 targetLoadReal=15/20 targetLoadEff=15/20
UE 34 TTT_WAIT target=1 elapsed=0s need=2s
LM HO UE=35 rnti=105 2->1 type=TN servingRsrp=-104.605 targetRsrp=-73.6849 targetLoadReal=18/20 targetLoadEff=18/20
UE 38 TTT_WAIT target=1 elapsed=0s need=2s
LM HO UE=39 rnti=103 2->1 type=TN servingRsrp=-83.653 targetRsrp=-52.9479 targetLoadReal=18/20 targetLoadEff=19/20
UE 40 TTT_WAIT target=3 elapsed=0s need=2s
UE 41 TTT_WAIT target=3 elapsed=0s need=2s
UE 42 TTT_WAIT target=7 elapsed=0s need=2s
UE 45 TTT_WAIT target=5 elapsed=0s need=2s
UE 51 TTT_WAIT target=3 elapsed=0s need=2s
UE 55 TTT_WAIT target=5 elapsed=0s need=2s
UE 57 TTT_WAIT target=3 elapsed=0s need=2s
UE 58 TTT_WAIT target=5 elapsed=0s need=2s
UE 66 TTT_WAIT target=5 elapsed=0s need=2s
UE 67 TTT_WAIT target=5 elapsed=0s need=2s
UE 68 TTT_WAIT target=3 elapsed=0s need=2s
UE 76 TTT_WAIT target=7 elapsed=0s need=2s
UE 85 TTT_WAIT target=3 elapsed=0s need=2s
UE 88 TTT_WAIT target=5 elapsed=0s need=2s
LM HO UE=89 rnti=163 4->3 type=TN servingRsrp=-98.096 targetRsrp=-79.4233 targetLoadReal=15/20 targetLoadEff=16/20
UE 90 TTT_WAIT target=7 elapsed=0s need=2s
UE 98 TTT_WAIT target=5 elapsed=0s need=2s
UE 99 TTT_WAIT target=3 elapsed=0s need=2s
UE 101 TTT_WAIT target=3 elapsed=0s need=2s
LM HO UE=102 rnti=162 1->3 type=TN servingRsrp=-104.877 targetRsrp=-91.0354 targetLoadReal=15/20 targetLoadEff=17/20
UE 103 TTT_WAIT target=3 elapsed=0s need=2s
UE 104 TTT_WAIT target=5 elapsed=0s need=2s
UE 106 TTT_WAIT target=3 elapsed=0s need=2s
TRACE HO_SUCCESS Time=20.6151 IMSI=38 TargetCell=1 Type=TN TargetRSRP=-69.5593 ServingRSRP=-56.1997 BackhaulDlSnr=-999 BackhaulUlSnr=-999
TRACE HO_SUCCESS Time=20.6151 IMSI=34 TargetCell=1 Type=TN TargetRSRP=-78.568 ServingRSRP=-31.5664 BackhaulDlSnr=-999 BackhaulUlSnr=-999
TRACE HO_SUCCESS Time=20.6151 IMSI=101 TargetCell=3 Type=TN TargetRSRP=-85.682 ServingRSRP=-68.4136 BackhaulDlSnr=-999 BackhaulUlSnr=-999
TRACE HO_SUCCESS Time=20.6151 IMSI=32 TargetCell=3 Type=TN TargetRSRP=-85.7035 ServingRSRP=-78.3884 BackhaulDlSnr=-999 BackhaulUlSnr=-999
TRACE HO_SUCCESS Time=20.6151 IMSI=88 TargetCell=3 Type=TN TargetRSRP=-97.3766 ServingRSRP=-58.1519 BackhaulDlSnr=-999 BackhaulUlSnr=-999
UAV_AUTONOMY_XAPP Time=22.4 DeploymentMode=tn-uav-satellite UavIndex=0 UavCellId=5 BestDonorCellId=3 BestDonorDistanceM=1485.41 XhaulConnected=1 XhaulChannelVariationDb=3.91691 XhaulState=HEALTHY SatBackhaulHealthy=1 OnboardUavRicAvailable=1 OnboardUavRicState=STANDBY BackhaulMode=TN_DIRECT ControlPath=TN_E2 ActiveUavRic=TN_NEAR_RT_RIC NormalUeHandoverAllowed=1 UavMode=TN_CONTROLLED_COVERAGE_EXTENSION
UAV_AUTONOMY_XAPP Time=22.4 DeploymentMode=tn-uav-satellite UavIndex=1 UavCellId=6 BestDonorCellId=4 BestDonorDistanceM=629.258 XhaulConnected=1 XhaulChannelVariationDb=-2.96853 XhaulState=HEALTHY SatBackhaulHealthy=1 OnboardUavRicAvailable=1 OnboardUavRicState=STANDBY BackhaulMode=TN_DIRECT ControlPath=TN_E2 ActiveUavRic=TN_NEAR_RT_RIC NormalUeHandoverAllowed=1 UavMode=TN_CONTROLLED_COVERAGE_EXTENSION
UAV_AUTONOMY_XAPP Time=22.4 DeploymentMode=tn-uav-satellite UavIndex=2 UavCellId=7 BestDonorCellId=2 BestDonorDistanceM=609.329 XhaulConnected=1 XhaulChannelVariationDb=1.01141 XhaulState=HEALTHY SatBackhaulHealthy=1 OnboardUavRicAvailable=1 OnboardUavRicState=STANDBY BackhaulMode=TN_DIRECT ControlPath=TN_E2 ActiveUavRic=TN_NEAR_RT_RIC NormalUeHandoverAllowed=1 UavMode=TN_CONTROLLED_COVERAGE_EXTENSION
---- LOAD at t=22.5 ----
  cell 1 (TN) load=19/20
  cell 2 (TN) load=17/20
  cell 3 (TN) load=18/20
  cell 4 (TN) load=19/20
  cell 5 (NTN) load=8/10
  cell 6 (NTN) load=10/10
  cell 7 (NTN) load=9/10
UE 8 TTT_WAIT target=3 elapsed=0s need=2s
UE 13 TTT_WAIT target=5 elapsed=0s need=2s
UE 14 TTT_WAIT target=4 elapsed=0s need=2s
UE 15 TTT_WAIT target=1 elapsed=0s need=2s
UE 17 TTT_WAIT target=2 elapsed=0s need=2s
LM HO UE=18 rnti=170 1->3 type=TN servingRsrp=-66.274 targetRsrp=-34.1031 targetLoadReal=18/20 targetLoadEff=18/20
LM HO UE=20 rnti=81 5->3 type=TN servingRsrp=-74.7195 targetRsrp=-47.8722 targetLoadReal=18/20 targetLoadEff=19/20
UE 22 TTT_WAIT target=7 elapsed=0s need=2s
UE 23 TTT_WAIT target=5 elapsed=0s need=2s
UE 33 TTT_WAIT target=2 elapsed=0s need=2s
UE 34 TTT_WAIT target=4 elapsed=0s need=2s
UE 35 TTT_WAIT target=5 elapsed=0s need=2s
UE 37 TTT_WAIT target=2 elapsed=0s need=2s
UE 39 TTT_WAIT target=2 elapsed=0s need=2s
UE 40 TTT_WAIT target=5 elapsed=0s need=2s
UE 44 TTT_WAIT target=1 elapsed=0s need=2s
UE 50 TTT_WAIT target=2 elapsed=0s need=2s
UE 51 TTT_WAIT target=7 elapsed=0s need=2s
UE 52 TTT_WAIT target=1 elapsed=0s need=2s
UE 54 TTT_WAIT target=1 elapsed=0s need=2s
UE 55 TTT_WAIT target=4 elapsed=0s need=2s
UE 59 TTT_WAIT target=2 elapsed=0s need=2s
UE 60 TTT_WAIT target=1 elapsed=0s need=2s
UE 62 TTT_WAIT target=1 elapsed=0s need=2s
UE 63 TTT_WAIT target=2 elapsed=0s need=2s
UE 65 TTT_WAIT target=1 elapsed=0s need=2s
UE 68 TTT_WAIT target=1 elapsed=0s need=2s
UE 72 TTT_WAIT target=1 elapsed=0s need=2s
UE 76 TTT_WAIT target=2 elapsed=0s need=2s
UE 79 TTT_WAIT target=7 elapsed=0s need=2s
UE 81 TTT_WAIT target=4 elapsed=0s need=2s
UE 83 TTT_WAIT target=2 elapsed=0s need=2s
UE 84 TTT_WAIT target=1 elapsed=0s need=2s
UE 89 TTT_WAIT target=2 elapsed=0s need=2s
LM HO UE=90 rnti=81 2->7 type=NTN servingRsrp=-68.0341 targetRsrp=-50.6803 targetLoadReal=9/10 targetLoadEff=9/10
UE 94 TTT_WAIT target=2 elapsed=0s need=2s
UE 97 TTT_WAIT target=2 elapsed=0s need=2s
UE 101 TTT_WAIT target=1 elapsed=0s need=2s
UE 107 TTT_WAIT target=1 elapsed=0s need=2s
TRACE HO_SUCCESS Time=22.6151 IMSI=17 TargetCell=3 Type=TN TargetRSRP=-74.7765 ServingRSRP=-70.4933 BackhaulDlSnr=-999 BackhaulUlSnr=-999
TRACE HO_SUCCESS Time=22.6151 IMSI=19 TargetCell=3 Type=TN TargetRSRP=-85.0268 ServingRSRP=-35.9285 BackhaulDlSnr=-999 BackhaulUlSnr=-999
TRACE HO_SUCCESS Time=22.6151 IMSI=89 TargetCell=7 Type=NTN TargetRSRP=-84.4876 ServingRSRP=-32.8658 BackhaulDlSnr=14.9423 BackhaulUlSnr=10.4217
UAV_AUTONOMY_XAPP Time=24.4 DeploymentMode=tn-uav-satellite UavIndex=0 UavCellId=5 BestDonorCellId=4 BestDonorDistanceM=2377.79 XhaulConnected=1 XhaulChannelVariationDb=3.31157 XhaulState=HEALTHY SatBackhaulHealthy=1 OnboardUavRicAvailable=1 OnboardUavRicState=STANDBY BackhaulMode=TN_DIRECT ControlPath=TN_E2 ActiveUavRic=TN_NEAR_RT_RIC NormalUeHandoverAllowed=1 UavMode=TN_CONTROLLED_COVERAGE_EXTENSION
UAV_AUTONOMY_XAPP Time=24.4 DeploymentMode=tn-uav-satellite UavIndex=1 UavCellId=6 BestDonorCellId=4 BestDonorDistanceM=629.258 XhaulConnected=1 XhaulChannelVariationDb=1.30617 XhaulState=HEALTHY SatBackhaulHealthy=1 OnboardUavRicAvailable=1 OnboardUavRicState=STANDBY BackhaulMode=TN_DIRECT ControlPath=TN_E2 ActiveUavRic=TN_NEAR_RT_RIC NormalUeHandoverAllowed=1 UavMode=TN_CONTROLLED_COVERAGE_EXTENSION
UAV_AUTONOMY_XAPP Time=24.4 DeploymentMode=tn-uav-satellite UavIndex=2 UavCellId=7 BestDonorCellId=1 BestDonorDistanceM=1147.23 XhaulConnected=1 XhaulChannelVariationDb=5.00557 XhaulState=HEALTHY SatBackhaulHealthy=1 OnboardUavRicAvailable=1 OnboardUavRicState=STANDBY BackhaulMode=TN_DIRECT ControlPath=TN_E2 ActiveUavRic=TN_NEAR_RT_RIC NormalUeHandoverAllowed=1 UavMode=TN_CONTROLLED_COVERAGE_EXTENSION
---- LOAD at t=24.5 ----
  cell 1 (TN) load=18/20
  cell 2 (TN) load=16/20
  cell 3 (TN) load=20/20
  cell 4 (TN) load=19/20
  cell 5 (NTN) load=7/10
  cell 6 (NTN) load=10/10
  cell 7 (NTN) load=10/10
UE 8 TTT_WAIT target=1 elapsed=0s need=2s
UE 9 TTT_WAIT target=4 elapsed=0s need=2s
UE 11 TTT_WAIT target=1 elapsed=0s need=2s
UE 14 TTT_WAIT target=1 elapsed=0s need=2s
LM HO UE=17 rnti=66 7->2 type=TN servingRsrp=-75.2596 targetRsrp=-68.296 targetLoadReal=16/20 targetLoadEff=16/20
UE 18 TTT_WAIT target=1 elapsed=0s need=2s
UE 20 TTT_WAIT target=2 elapsed=0s need=2s
UE 22 TTT_WAIT target=5 elapsed=0s need=2s
UE 23 TTT_WAIT target=2 elapsed=0s need=2s
UE 27 TTT_WAIT target=5 elapsed=0s need=2s
UE 28 TTT_WAIT target=4 elapsed=0s need=2s
UE 31 TTT_WAIT target=1 elapsed=0s need=2s
LM HO UE=33 rnti=175 3->2 type=TN servingRsrp=-80.1879 targetRsrp=-65.5839 targetLoadReal=16/20 targetLoadEff=17/20
UE 34 TTT_WAIT target=2 elapsed=0s need=2s
UE 35 TTT_WAIT target=4 elapsed=0s need=2s
LM HO UE=37 rnti=52 1->2 type=TN servingRsrp=-83.489 targetRsrp=-56.988 targetLoadReal=16/20 targetLoadEff=18/20
UE 38 TTT_WAIT target=2 elapsed=0s need=2s
UE 39 TTT_WAIT target=5 elapsed=0s need=2s
UE 40 TTT_WAIT target=1 elapsed=0s need=2s
UE 45 TTT_WAIT target=1 elapsed=0s need=2s
LM HO UE=52 rnti=174 3->1 type=TN servingRsrp=-86.021 targetRsrp=-53.4293 targetLoadReal=18/20 targetLoadEff=18/20
UE 54 TTT_WAIT target=2 elapsed=0s need=2s
UE 57 TTT_WAIT target=1 elapsed=0s need=2s
UE 58 TTT_WAIT target=2 elapsed=0s need=2s
UE 62 TTT_WAIT target=5 elapsed=0s need=2s
UE 63 TTT_WAIT target=4 elapsed=0s need=2s
LM HO UE=65 rnti=79 2->1 type=TN servingRsrp=-83.1978 targetRsrp=-57.1563 targetLoadReal=18/20 targetLoadEff=19/20
UE 72 TTT_WAIT target=5 elapsed=0s need=2s
LM HO UE=76 rnti=139 1->2 type=TN servingRsrp=-65.5033 targetRsrp=-59.1521 targetLoadReal=16/20 targetLoadEff=19/20
UE 89 TTT_WAIT target=5 elapsed=0s need=2s
UE 98 TTT_WAIT target=4 elapsed=0s need=2s
UE 100 TTT_WAIT target=4 elapsed=0s need=2s
UE 103 TTT_WAIT target=4 elapsed=0s need=2s
UE 105 TTT_WAIT target=5 elapsed=0s need=2s
UE 106 TTT_WAIT target=4 elapsed=0s need=2s
TRACE HO_SUCCESS Time=24.6151 IMSI=64 TargetCell=1 Type=TN TargetRSRP=-87.3979 ServingRSRP=-68.7423 BackhaulDlSnr=-999 BackhaulUlSnr=-999
TRACE HO_SUCCESS Time=24.6151 IMSI=51 TargetCell=1 Type=TN TargetRSRP=-81.4183 ServingRSRP=-73.7115 BackhaulDlSnr=-999 BackhaulUlSnr=-999
TRACE HO_SUCCESS Time=24.6151 IMSI=36 TargetCell=2 Type=TN TargetRSRP=-44.5026 ServingRSRP=-58.0609 BackhaulDlSnr=-999 BackhaulUlSnr=-999
TRACE HO_SUCCESS Time=24.6151 IMSI=75 TargetCell=2 Type=TN TargetRSRP=-80.7767 ServingRSRP=-68.0555 BackhaulDlSnr=-999 BackhaulUlSnr=-999
TRACE HO_SUCCESS Time=24.6151 IMSI=32 TargetCell=2 Type=TN TargetRSRP=-72.5267 ServingRSRP=-52.5879 BackhaulDlSnr=-999 BackhaulUlSnr=-999
TRACE HO_SUCCESS Time=24.6151 IMSI=16 TargetCell=2 Type=TN TargetRSRP=-88.0033 ServingRSRP=-65.3918 BackhaulDlSnr=-999 BackhaulUlSnr=-999
UAV_AUTONOMY_XAPP Time=26.4 DeploymentMode=tn-uav-satellite UavIndex=0 UavCellId=5 BestDonorCellId=2 BestDonorDistanceM=1161.69 XhaulConnected=1 XhaulChannelVariationDb=2.29967 XhaulState=HEALTHY SatBackhaulHealthy=1 OnboardUavRicAvailable=1 OnboardUavRicState=STANDBY BackhaulMode=TN_DIRECT ControlPath=TN_E2 ActiveUavRic=TN_NEAR_RT_RIC NormalUeHandoverAllowed=1 UavMode=TN_CONTROLLED_COVERAGE_EXTENSION
UAV_AUTONOMY_XAPP Time=26.4 DeploymentMode=tn-uav-satellite UavIndex=1 UavCellId=6 BestDonorCellId=4 BestDonorDistanceM=629.258 XhaulConnected=1 XhaulChannelVariationDb=-2.69739 XhaulState=HEALTHY SatBackhaulHealthy=1 OnboardUavRicAvailable=1 OnboardUavRicState=STANDBY BackhaulMode=TN_DIRECT ControlPath=TN_E2 ActiveUavRic=TN_NEAR_RT_RIC NormalUeHandoverAllowed=1 UavMode=TN_CONTROLLED_COVERAGE_EXTENSION
UAV_AUTONOMY_XAPP Time=26.4 DeploymentMode=tn-uav-satellite UavIndex=2 UavCellId=7 BestDonorCellId=2 BestDonorDistanceM=935.201 XhaulConnected=1 XhaulChannelVariationDb=-4.21776 XhaulState=HEALTHY SatBackhaulHealthy=1 OnboardUavRicAvailable=1 OnboardUavRicState=STANDBY BackhaulMode=TN_DIRECT ControlPath=TN_E2 ActiveUavRic=TN_NEAR_RT_RIC NormalUeHandoverAllowed=1 UavMode=TN_CONTROLLED_COVERAGE_EXTENSION
---- LOAD at t=26.5 ----
  cell 1 (TN) load=18/20
  cell 2 (TN) load=19/20
  cell 3 (TN) load=18/20
  cell 4 (TN) load=19/20
  cell 5 (NTN) load=7/10
  cell 6 (NTN) load=10/10
  cell 7 (NTN) load=9/10
UE 8 TTT_WAIT target=2 elapsed=0s need=2s
UE 10 TTT_WAIT target=1 elapsed=0s need=2s
UE 12 TTT_WAIT target=1 elapsed=0s need=2s
UE 14 TTT_WAIT target=7 elapsed=0s need=2s
UE 16 TTT_WAIT target=2 elapsed=0s need=2s
UE 17 TTT_WAIT target=4 elapsed=0s need=2s
LM HO UE=20 rnti=179 3->2 type=TN servingRsrp=-77.2762 targetRsrp=-59.016 targetLoadReal=19/20 targetLoadEff=19/20
UE 23 TTT_WAIT target=5 elapsed=0s need=2s
UE 24 TTT_WAIT target=3 elapsed=0s need=2s
UE 25 TTT_WAIT target=7 elapsed=0s need=2s
UE 29 TTT_WAIT target=7 elapsed=0s need=2s
UE 30 TTT_WAIT target=1 elapsed=0s need=2s
UE 34 TTT_WAIT target=1 elapsed=0s need=2s
UE 35 TTT_WAIT target=3 elapsed=0s need=2s
UE 36 TTT_WAIT target=5 elapsed=0s need=2s
UE 37 TTT_WAIT target=4 elapsed=0s need=2s
UE 38 TTT_WAIT target=1 elapsed=0s need=2s
UE 39 TTT_WAIT target=7 elapsed=0s need=2s
LM HO UE=40 rnti=166 4->1 type=TN servingRsrp=-77.4691 targetRsrp=-58.5819 targetLoadReal=18/20 targetLoadEff=18/20
UE 41 TTT_WAIT target=1 elapsed=0s need=2s
UE 42 TTT_WAIT target=1 elapsed=0s need=2s
UE 44 TTT_WAIT target=1 elapsed=0s need=2s
LM HO UE=45 rnti=173 3->1 type=TN servingRsrp=-75.1629 targetRsrp=-69.3041 targetLoadReal=18/20 targetLoadEff=19/20
UE 47 TTT_WAIT target=3 elapsed=0s need=2s
UE 50 TTT_WAIT target=7 elapsed=0s need=2s
UE 51 TTT_WAIT target=3 elapsed=0s need=2s
UE 52 TTT_WAIT target=3 elapsed=0s need=2s
UE 53 TTT_WAIT target=7 elapsed=0s need=2s
UE 56 TTT_WAIT target=4 elapsed=0s need=2s
UE 59 TTT_WAIT target=3 elapsed=0s need=2s
UE 60 TTT_WAIT target=3 elapsed=0s need=2s
LM HO UE=62 rnti=107 2->5 type=NTN servingRsrp=-85.7316 targetRsrp=-78.9099 targetLoadReal=7/10 targetLoadEff=7/10
UE 63 TTT_WAIT target=7 elapsed=0s need=2s
UE 66 TTT_WAIT target=7 elapsed=0s need=2s
UE 67 TTT_WAIT target=7 elapsed=0s need=2s
UE 74 TTT_WAIT target=7 elapsed=0s need=2s
UE 76 TTT_WAIT target=4 elapsed=0s need=2s
UE 77 TTT_WAIT target=7 elapsed=0s need=2s
UE 80 TTT_WAIT target=4 elapsed=0s need=2s
UE 83 TTT_WAIT target=5 elapsed=0s need=2s
UE 85 TTT_WAIT target=4 elapsed=0s need=2s
UE 86 TTT_WAIT target=3 elapsed=0s need=2s
UE 88 TTT_WAIT target=5 elapsed=0s need=2s
UE 92 TTT_WAIT target=7 elapsed=0s need=2s
UE 93 TTT_WAIT target=5 elapsed=0s need=2s
UE 96 TTT_WAIT target=5 elapsed=0s need=2s
UE 99 TTT_WAIT target=3 elapsed=0s need=2s
UE 101 TTT_WAIT target=3 elapsed=0s need=2s
UE 105 TTT_WAIT target=3 elapsed=0s need=2s
UE 106 TTT_WAIT target=3 elapsed=0s need=2s
TRACE HO_SUCCESS Time=26.6151 IMSI=44 TargetCell=1 Type=TN TargetRSRP=-73.0285 ServingRSRP=-54.3764 BackhaulDlSnr=-999 BackhaulUlSnr=-999
TRACE HO_SUCCESS Time=26.6151 IMSI=39 TargetCell=1 Type=TN TargetRSRP=-55.3434 ServingRSRP=-37.3222 BackhaulDlSnr=-999 BackhaulUlSnr=-999
TRACE HO_SUCCESS Time=26.6151 IMSI=19 TargetCell=2 Type=TN TargetRSRP=-95.5221 ServingRSRP=-61.735 BackhaulDlSnr=-999 BackhaulUlSnr=-999
TRACE HO_SUCCESS Time=26.6151 IMSI=61 TargetCell=5 Type=NTN TargetRSRP=-81.8782 ServingRSRP=-46.196 BackhaulDlSnr=13.8254 BackhaulUlSnr=9.30479
UAV_AUTONOMY_XAPP Time=28.4 DeploymentMode=tn-uav-satellite UavIndex=0 UavCellId=5 BestDonorCellId=1 BestDonorDistanceM=856.618 XhaulConnected=1 XhaulChannelVariationDb=1.53709 XhaulState=HEALTHY SatBackhaulHealthy=1 OnboardUavRicAvailable=1 OnboardUavRicState=STANDBY BackhaulMode=TN_DIRECT ControlPath=TN_E2 ActiveUavRic=TN_NEAR_RT_RIC NormalUeHandoverAllowed=1 UavMode=TN_CONTROLLED_COVERAGE_EXTENSION
UAV_AUTONOMY_XAPP Time=28.4 DeploymentMode=tn-uav-satellite UavIndex=1 UavCellId=6 BestDonorCellId=4 BestDonorDistanceM=629.258 XhaulConnected=1 XhaulChannelVariationDb=-1.58626 XhaulState=HEALTHY SatBackhaulHealthy=1 OnboardUavRicAvailable=1 OnboardUavRicState=STANDBY BackhaulMode=TN_DIRECT ControlPath=TN_E2 ActiveUavRic=TN_NEAR_RT_RIC NormalUeHandoverAllowed=1 UavMode=TN_CONTROLLED_COVERAGE_EXTENSION
UAV_AUTONOMY_XAPP Time=28.4 DeploymentMode=tn-uav-satellite UavIndex=2 UavCellId=7 BestDonorCellId=2 BestDonorDistanceM=1295.01 XhaulConnected=1 XhaulChannelVariationDb=-1.33302 XhaulState=HEALTHY SatBackhaulHealthy=1 OnboardUavRicAvailable=1 OnboardUavRicState=STANDBY BackhaulMode=TN_DIRECT ControlPath=TN_E2 ActiveUavRic=TN_NEAR_RT_RIC NormalUeHandoverAllowed=1 UavMode=TN_CONTROLLED_COVERAGE_EXTENSION
---- LOAD at t=28.5 ----
  cell 1 (TN) load=20/20
  cell 2 (TN) load=19/20
  cell 3 (TN) load=16/20
  cell 4 (TN) load=18/20
  cell 5 (NTN) load=8/10
  cell 6 (NTN) load=10/10
  cell 7 (NTN) load=9/10
UE 8 TTT_WAIT target=5 elapsed=0s need=2s
UE 9 TTT_WAIT target=4 elapsed=0s need=2s
UE 11 TTT_WAIT target=2 elapsed=0s need=2s
UE 12 TTT_WAIT target=2 elapsed=0s need=2s
UE 16 TTT_WAIT target=5 elapsed=0s need=2s
UE 19 TTT_WAIT target=4 elapsed=0s need=2s
UE 22 TTT_WAIT target=7 elapsed=0s need=2s
LM HO UE=24 rnti=82 5->3 type=TN servingRsrp=-78.1858 targetRsrp=-53.1815 targetLoadReal=16/20 targetLoadEff=16/20
UE 25 TTT_WAIT target=2 elapsed=0s need=2s
UE 26 TTT_WAIT target=5 elapsed=0s need=2s
UE 28 TTT_WAIT target=3 elapsed=0s need=2s
LM HO UE=29 rnti=169 1->7 type=NTN servingRsrp=-72.7823 targetRsrp=-53.2279 targetLoadReal=9/10 targetLoadEff=9/10
UE 31 TTT_WAIT target=2 elapsed=0s need=2s
UE 33 TTT_WAIT target=5 elapsed=0s need=2s
LM HO UE=35 rnti=171 1->3 type=TN servingRsrp=-89.4124 targetRsrp=-68.0525 targetLoadReal=16/20 targetLoadEff=17/20
LM HO UE=36 rnti=54 4->5 type=NTN servingRsrp=-69.8756 targetRsrp=-63.1732 targetLoadReal=8/10 targetLoadEff=8/10
LM HO UE=37 rnti=113 2->4 type=TN servingRsrp=-83.0287 targetRsrp=-50.9329 targetLoadReal=18/20 targetLoadEff=18/20
UE 41 TTT_WAIT target=4 elapsed=0s need=2s
UE 42 TTT_WAIT target=5 elapsed=0s need=2s
UE 45 TTT_WAIT target=3 elapsed=0s need=2s
UE 47 TTT_WAIT target=5 elapsed=0s need=2s
UE 50 TTT_WAIT target=2 elapsed=0s need=2s
UE 56 TTT_WAIT target=3 elapsed=0s need=2s
UE 58 TTT_WAIT target=4 elapsed=0s need=2s
UE 59 TTT_WAIT target=4 elapsed=0s need=2s
UE 62 TTT_WAIT target=3 elapsed=0s need=2s
UE 63 TTT_WAIT target=5 elapsed=0s need=2s
UE 66 TTT_WAIT target=3 elapsed=0s need=2s
UE 71 TTT_WAIT target=3 elapsed=0s need=2s
UE 75 TTT_WAIT target=2 elapsed=0s need=2s
UE 76 TTT_WAIT target=3 elapsed=0s need=2s
UE 80 TTT_WAIT target=2 elapsed=0s need=2s
UE 83 TTT_WAIT target=2 elapsed=0s need=2s
UE 84 TTT_WAIT target=2 elapsed=0s need=2s
LM HO UE=85 rnti=86 6->4 type=TN servingRsrp=-76.3623 targetRsrp=-44.4673 targetLoadReal=18/20 targetLoadEff=19/20
UE 86 TTT_WAIT target=2 elapsed=0s need=2s
UE 87 TTT_WAIT target=2 elapsed=0s need=2s
UE 89 TTT_WAIT target=2 elapsed=0s need=2s
UE 90 TTT_WAIT target=2 elapsed=0s need=2s
UE 91 TTT_WAIT target=2 elapsed=0s need=2s
UE 92 TTT_WAIT target=2 elapsed=0s need=2s
LM HO UE=96 rnti=82 2->5 type=NTN servingRsrp=-76.1705 targetRsrp=-57.7873 targetLoadReal=8/10 targetLoadEff=9/10
UE 98 TTT_WAIT target=2 elapsed=0s need=2s
LM HO UE=99 rnti=146 1->3 type=TN servingRsrp=-92.2818 targetRsrp=-66.4507 targetLoadReal=16/20 targetLoadEff=18/20
LM HO UE=101 rnti=67 7->3 type=TN servingRsrp=-84.0853 targetRsrp=-62.3191 targetLoadReal=16/20 targetLoadEff=19/20
TRACE HO_SUCCESS Time=28.6151 IMSI=98 TargetCell=3 Type=TN TargetRSRP=-86.9293 ServingRSRP=-80.2533 BackhaulDlSnr=-999 BackhaulUlSnr=-999
TRACE HO_SUCCESS Time=28.6151 IMSI=34 TargetCell=3 Type=TN TargetRSRP=-56.0704 ServingRSRP=-73.5442 BackhaulDlSnr=-999 BackhaulUlSnr=-999
TRACE HO_SUCCESS Time=28.6151 IMSI=23 TargetCell=3 Type=TN TargetRSRP=-82.3716 ServingRSRP=-63.7752 BackhaulDlSnr=-999 BackhaulUlSnr=-999
TRACE HO_SUCCESS Time=28.6151 IMSI=100 TargetCell=3 Type=TN TargetRSRP=-77.1707 ServingRSRP=-86.6891 BackhaulDlSnr=-999 BackhaulUlSnr=-999
TRACE HO_SUCCESS Time=28.6151 IMSI=36 TargetCell=4 Type=TN TargetRSRP=-74.3995 ServingRSRP=-47.0928 BackhaulDlSnr=-999 BackhaulUlSnr=-999
TRACE HO_SUCCESS Time=28.6151 IMSI=84 TargetCell=4 Type=TN TargetRSRP=-79.239 ServingRSRP=-47.8808 BackhaulDlSnr=-999 BackhaulUlSnr=-999
TRACE HO_SUCCESS Time=28.6151 IMSI=95 TargetCell=5 Type=NTN TargetRSRP=-88.955 ServingRSRP=-43.6553 BackhaulDlSnr=14.3809 BackhaulUlSnr=9.86032
TRACE HO_SUCCESS Time=28.6151 IMSI=35 TargetCell=5 Type=NTN TargetRSRP=-93.6747 ServingRSRP=-74.2233 BackhaulDlSnr=14.3809 BackhaulUlSnr=9.86032
TRACE HO_SUCCESS Time=28.6151 IMSI=28 TargetCell=7 Type=NTN TargetRSRP=-89.5386 ServingRSRP=-69.3628 BackhaulDlSnr=10.394 BackhaulUlSnr=5.87342
UAV_AUTONOMY_XAPP Time=30.4 DeploymentMode=tn-uav-satellite UavIndex=0 UavCellId=5 BestDonorCellId=2 BestDonorDistanceM=1009.21 XhaulConnected=1 XhaulChannelVariationDb=3.95538 XhaulState=HEALTHY SatBackhaulHealthy=1 OnboardUavRicAvailable=1 OnboardUavRicState=STANDBY BackhaulMode=TN_DIRECT ControlPath=TN_E2 ActiveUavRic=TN_NEAR_RT_RIC NormalUeHandoverAllowed=1 UavMode=TN_CONTROLLED_COVERAGE_EXTENSION
UAV_AUTONOMY_XAPP Time=30.4 DeploymentMode=tn-uav-satellite UavIndex=1 UavCellId=6 BestDonorCellId=4 BestDonorDistanceM=380.849 XhaulConnected=1 XhaulChannelVariationDb=-3.40917 XhaulState=HEALTHY SatBackhaulHealthy=1 OnboardUavRicAvailable=1 OnboardUavRicState=STANDBY BackhaulMode=TN_DIRECT ControlPath=TN_E2 ActiveUavRic=TN_NEAR_RT_RIC NormalUeHandoverAllowed=1 UavMode=TN_CONTROLLED_COVERAGE_EXTENSION
UAV_AUTONOMY_XAPP Time=30.4 DeploymentMode=tn-uav-satellite UavIndex=2 UavCellId=7 BestDonorCellId=2 BestDonorDistanceM=1102.56 XhaulConnected=1 XhaulChannelVariationDb=1.23778 XhaulState=HEALTHY SatBackhaulHealthy=1 OnboardUavRicAvailable=1 OnboardUavRicState=STANDBY BackhaulMode=TN_DIRECT ControlPath=TN_E2 ActiveUavRic=TN_NEAR_RT_RIC NormalUeHandoverAllowed=1 UavMode=TN_CONTROLLED_COVERAGE_EXTENSION
---- LOAD at t=30.5 ----
  cell 1 (TN) load=17/20
  cell 2 (TN) load=17/20
  cell 3 (TN) load=20/20
  cell 4 (TN) load=19/20
  cell 5 (NTN) load=9/10
  cell 6 (NTN) load=9/10
  cell 7 (NTN) load=9/10
UE 8 TTT_WAIT target=2 elapsed=0s need=2s
UE 9 TTT_WAIT target=7 elapsed=0s need=2s
UE 12 TTT_WAIT target=1 elapsed=0s need=2s
UE 13 TTT_WAIT target=5 elapsed=0s need=2s
UE 14 TTT_WAIT target=2 elapsed=0s need=2s
UE 16 TTT_WAIT target=7 elapsed=0s need=2s
UE 20 TTT_WAIT target=1 elapsed=0s need=2s
UE 21 TTT_WAIT target=6 elapsed=0s need=2s
UE 22 TTT_WAIT target=2 elapsed=0s need=2s
UE 24 TTT_WAIT target=1 elapsed=0s need=2s
UE 29 TTT_WAIT target=1 elapsed=0s need=2s
UE 30 TTT_WAIT target=6 elapsed=0s need=2s
UE 33 TTT_WAIT target=1 elapsed=0s need=2s
UE 35 TTT_WAIT target=5 elapsed=0s need=2s
UE 36 TTT_WAIT target=4 elapsed=0s need=2s
UE 37 TTT_WAIT target=6 elapsed=0s need=2s
UE 40 TTT_WAIT target=4 elapsed=0s need=2s
UE 41 TTT_WAIT target=1 elapsed=0s need=2s
UE 42 TTT_WAIT target=4 elapsed=0s need=2s
UE 44 TTT_WAIT target=6 elapsed=0s need=2s
UE 45 TTT_WAIT target=5 elapsed=0s need=2s
UE 46 TTT_WAIT target=4 elapsed=0s need=2s
UE 47 TTT_WAIT target=2 elapsed=0s need=2s
UE 51 TTT_WAIT target=2 elapsed=0s need=2s
UE 52 TTT_WAIT target=2 elapsed=0s need=2s
UE 56 TTT_WAIT target=4 elapsed=0s need=2s
UE 58 TTT_WAIT target=5 elapsed=0s need=2s
UE 59 TTT_WAIT target=2 elapsed=0s need=2s
UE 60 TTT_WAIT target=1 elapsed=0s need=2s
UE 63 TTT_WAIT target=2 elapsed=0s need=2s
UE 64 TTT_WAIT target=7 elapsed=0s need=2s
UE 65 TTT_WAIT target=5 elapsed=0s need=2s
UE 66 TTT_WAIT target=5 elapsed=0s need=2s
UE 68 TTT_WAIT target=1 elapsed=0s need=2s
LM HO UE=75 rnti=160 3->2 type=TN servingRsrp=-77.2476 targetRsrp=-71.125 targetLoadReal=17/20 targetLoadEff=17/20
UE 76 TTT_WAIT target=1 elapsed=0s need=2s
LM HO UE=80 rnti=161 3->2 type=TN servingRsrp=-86.6591 targetRsrp=-55.3171 targetLoadReal=17/20 targetLoadEff=18/20
UE 82 TTT_WAIT target=1 elapsed=0s need=2s
UE 83 TTT_WAIT target=5 elapsed=0s need=2s
UE 84 TTT_WAIT target=1 elapsed=0s need=2s
LM HO UE=86 rnti=147 4->2 type=TN servingRsrp=-87.262 targetRsrp=-77.438 targetLoadReal=17/20 targetLoadEff=19/20
UE 90 TTT_WAIT target=1 elapsed=0s need=2s
UE 91 TTT_WAIT target=7 elapsed=0s need=2s
UE 96 TTT_WAIT target=1 elapsed=0s need=2s
UE 101 TTT_WAIT target=7 elapsed=0s need=2s
UE 103 TTT_WAIT target=1 elapsed=0s need=2s
UE 104 TTT_WAIT target=1 elapsed=0s need=2s
UE 105 TTT_WAIT target=4 elapsed=0s need=2s
UE 106 TTT_WAIT target=4 elapsed=0s need=2s
TRACE HO_SUCCESS Time=30.6151 IMSI=74 TargetCell=2 Type=TN TargetRSRP=-97.0696 ServingRSRP=-42.7844 BackhaulDlSnr=-999 BackhaulUlSnr=-999
TRACE HO_SUCCESS Time=30.6151 IMSI=79 TargetCell=2 Type=TN TargetRSRP=-83.4902 ServingRSRP=-72.6737 BackhaulDlSnr=-999 BackhaulUlSnr=-999
TRACE HO_SUCCESS Time=30.6151 IMSI=85 TargetCell=2 Type=TN TargetRSRP=-61.1337 ServingRSRP=-80.5318 BackhaulDlSnr=-999 BackhaulUlSnr=-999
UAV_AUTONOMY_XAPP Time=32.4 DeploymentMode=tn-uav-satellite UavIndex=0 UavCellId=5 BestDonorCellId=1 BestDonorDistanceM=614.035 XhaulConnected=1 XhaulChannelVariationDb=-0.64891 XhaulState=HEALTHY SatBackhaulHealthy=1 OnboardUavRicAvailable=1 OnboardUavRicState=STANDBY BackhaulMode=TN_DIRECT ControlPath=TN_E2 ActiveUavRic=TN_NEAR_RT_RIC NormalUeHandoverAllowed=1 UavMode=TN_CONTROLLED_COVERAGE_EXTENSION
UAV_AUTONOMY_XAPP Time=32.4 DeploymentMode=tn-uav-satellite UavIndex=1 UavCellId=6 BestDonorCellId=4 BestDonorDistanceM=338.319 XhaulConnected=1 XhaulChannelVariationDb=-2.55936 XhaulState=HEALTHY SatBackhaulHealthy=1 OnboardUavRicAvailable=1 OnboardUavRicState=STANDBY BackhaulMode=TN_DIRECT ControlPath=TN_E2 ActiveUavRic=TN_NEAR_RT_RIC NormalUeHandoverAllowed=1 UavMode=TN_CONTROLLED_COVERAGE_EXTENSION
UAV_AUTONOMY_XAPP Time=32.4 DeploymentMode=tn-uav-satellite UavIndex=2 UavCellId=7 BestDonorCellId=2 BestDonorDistanceM=732.973 XhaulConnected=1 XhaulChannelVariationDb=0.381982 XhaulState=HEALTHY SatBackhaulHealthy=1 OnboardUavRicAvailable=1 OnboardUavRicState=STANDBY BackhaulMode=TN_DIRECT ControlPath=TN_E2 ActiveUavRic=TN_NEAR_RT_RIC NormalUeHandoverAllowed=1 UavMode=TN_CONTROLLED_COVERAGE_EXTENSION
---- LOAD at t=32.5 ----
  cell 1 (TN) load=17/20
  cell 2 (TN) load=20/20
  cell 3 (TN) load=18/20
  cell 4 (TN) load=18/20
  cell 5 (NTN) load=9/10
  cell 6 (NTN) load=9/10
  cell 7 (NTN) load=9/10
UE 11 TTT_WAIT target=7 elapsed=0s need=2s
LM HO UE=12 rnti=71 5->1 type=TN servingRsrp=-102.062 targetRsrp=-66.6298 targetLoadReal=17/20 targetLoadEff=17/20
UE 14 TTT_WAIT target=3 elapsed=0s need=2s
UE 18 TTT_WAIT target=1 elapsed=0s need=2s
UE 19 TTT_WAIT target=7 elapsed=0s need=2s
LM HO UE=20 rnti=115 2->1 type=TN servingRsrp=-89.1287 targetRsrp=-62.9878 targetLoadReal=17/20 targetLoadEff=18/20
UE 23 TTT_WAIT target=7 elapsed=0s need=2s
LM HO UE=24 rnti=180 3->1 type=TN servingRsrp=-89.1808 targetRsrp=-86.1446 targetLoadReal=17/20 targetLoadEff=19/20
UE 25 TTT_WAIT target=4 elapsed=0s need=2s
UE 26 TTT_WAIT target=3 elapsed=0s need=2s
UE 28 TTT_WAIT target=3 elapsed=0s need=2s
UE 31 TTT_WAIT target=4 elapsed=0s need=2s
UE 32 TTT_WAIT target=6 elapsed=0s need=2s
LM HO UE=35 rnti=181 3->5 type=NTN servingRsrp=-90.9849 targetRsrp=-75.2356 targetLoadReal=9/10 targetLoadEff=9/10
LM HO UE=36 rnti=89 5->4 type=TN servingRsrp=-63.5293 targetRsrp=-58.1395 targetLoadReal=18/20 targetLoadEff=18/20
UE 39 TTT_WAIT target=4 elapsed=0s need=2s
LM HO UE=40 rnti=175 1->4 type=TN servingRsrp=-88.5076 targetRsrp=-74.2772 targetLoadReal=18/20 targetLoadEff=19/20
UE 41 TTT_WAIT target=6 elapsed=0s need=2s
LM HO UE=44 rnti=104 2->6 type=NTN servingRsrp=-85.4564 targetRsrp=-66.7598 targetLoadReal=9/10 targetLoadEff=9/10
UE 47 TTT_WAIT target=3 elapsed=0s need=2s
UE 52 TTT_WAIT target=7 elapsed=0s need=2s
UE 59 TTT_WAIT target=3 elapsed=0s need=2s
UE 60 TTT_WAIT target=3 elapsed=0s need=2s
UE 62 TTT_WAIT target=7 elapsed=0s need=2s
UE 65 TTT_WAIT target=3 elapsed=0s need=2s
UE 66 TTT_WAIT target=3 elapsed=0s need=2s
UE 67 TTT_WAIT target=7 elapsed=0s need=2s
UE 75 TTT_WAIT target=3 elapsed=0s need=2s
UE 76 TTT_WAIT target=3 elapsed=0s need=2s
UE 77 TTT_WAIT target=7 elapsed=0s need=2s
UE 81 TTT_WAIT target=3 elapsed=0s need=2s
UE 83 TTT_WAIT target=3 elapsed=0s need=2s
UE 94 TTT_WAIT target=7 elapsed=0s need=2s
UE 99 TTT_WAIT target=7 elapsed=0s need=2s
UE 103 TTT_WAIT target=3 elapsed=0s need=2s
UE 104 TTT_WAIT target=3 elapsed=0s need=2s
UE 105 TTT_WAIT target=3 elapsed=0s need=2s
TRACE HO_SUCCESS Time=32.6151 IMSI=19 TargetCell=1 Type=TN TargetRSRP=-90.1893 ServingRSRP=-60.3901 BackhaulDlSnr=-999 BackhaulUlSnr=-999
TRACE HO_SUCCESS Time=32.6151 IMSI=23 TargetCell=1 Type=TN TargetRSRP=-50.9193 ServingRSRP=-59.8068 BackhaulDlSnr=-999 BackhaulUlSnr=-999
TRACE HO_SUCCESS Time=32.6151 IMSI=11 TargetCell=1 Type=TN TargetRSRP=-87.1145 ServingRSRP=-90.1495 BackhaulDlSnr=-999 BackhaulUlSnr=-999
TRACE HO_SUCCESS Time=32.6151 IMSI=39 TargetCell=4 Type=TN TargetRSRP=-78.3185 ServingRSRP=-63.478 BackhaulDlSnr=-999 BackhaulUlSnr=-999
TRACE HO_SUCCESS Time=32.6151 IMSI=35 TargetCell=4 Type=TN TargetRSRP=-80.5018 ServingRSRP=-61.1562 BackhaulDlSnr=-999 BackhaulUlSnr=-999
TRACE HO_SUCCESS Time=32.6151 IMSI=34 TargetCell=5 Type=NTN TargetRSRP=-41.754 ServingRSRP=-69.1445 BackhaulDlSnr=11.1165 BackhaulUlSnr=6.59594
TRACE HO_SUCCESS Time=32.6151 IMSI=43 TargetCell=6 Type=NTN TargetRSRP=-96.6807 ServingRSRP=-63.7641 BackhaulDlSnr=15.0223 BackhaulUlSnr=10.5017
UAV_AUTONOMY_XAPP Time=34.4 DeploymentMode=tn-uav-satellite UavIndex=0 UavCellId=5 BestDonorCellId=1 BestDonorDistanceM=786.918 XhaulConnected=1 XhaulChannelVariationDb=1.48981 XhaulState=HEALTHY SatBackhaulHealthy=1 OnboardUavRicAvailable=1 OnboardUavRicState=STANDBY BackhaulMode=TN_DIRECT ControlPath=TN_E2 ActiveUavRic=TN_NEAR_RT_RIC NormalUeHandoverAllowed=1 UavMode=TN_CONTROLLED_COVERAGE_EXTENSION
UAV_AUTONOMY_XAPP Time=34.4 DeploymentMode=tn-uav-satellite UavIndex=1 UavCellId=6 BestDonorCellId=4 BestDonorDistanceM=424.923 XhaulConnected=1 XhaulChannelVariationDb=-0.447712 XhaulState=HEALTHY SatBackhaulHealthy=1 OnboardUavRicAvailable=1 OnboardUavRicState=STANDBY BackhaulMode=TN_DIRECT ControlPath=TN_E2 ActiveUavRic=TN_NEAR_RT_RIC NormalUeHandoverAllowed=1 UavMode=TN_CONTROLLED_COVERAGE_EXTENSION
UAV_AUTONOMY_XAPP Time=34.4 DeploymentMode=tn-uav-satellite UavIndex=2 UavCellId=7 BestDonorCellId=2 BestDonorDistanceM=362.205 XhaulConnected=1 XhaulChannelVariationDb=1.3569 XhaulState=HEALTHY SatBackhaulHealthy=1 OnboardUavRicAvailable=1 OnboardUavRicState=STANDBY BackhaulMode=TN_DIRECT ControlPath=TN_E2 ActiveUavRic=TN_NEAR_RT_RIC NormalUeHandoverAllowed=1 UavMode=TN_CONTROLLED_COVERAGE_EXTENSION
---- LOAD at t=34.5 ----
  cell 1 (TN) load=19/20
  cell 2 (TN) load=18/20
  cell 3 (TN) load=16/20
  cell 4 (TN) load=20/20
  cell 5 (NTN) load=8/10
  cell 6 (NTN) load=10/10
  cell 7 (NTN) load=9/10
UE 8 TTT_WAIT target=3 elapsed=0s need=2s
UE 11 TTT_WAIT target=2 elapsed=0s need=2s
UE 12 TTT_WAIT target=2 elapsed=0s need=2s
UE 16 TTT_WAIT target=1 elapsed=0s need=2s
UE 19 TTT_WAIT target=2 elapsed=0s need=2s
UE 20 TTT_WAIT target=3 elapsed=0s need=2s
UE 22 TTT_WAIT target=2 elapsed=0s need=2s
UE 23 TTT_WAIT target=2 elapsed=0s need=2s
LM HO UE=26 rnti=98 2->3 type=TN servingRsrp=-85.8927 targetRsrp=-53.9093 targetLoadReal=16/20 targetLoadEff=16/20
UE 27 TTT_WAIT target=1 elapsed=0s need=2s
UE 28 TTT_WAIT target=7 elapsed=0s need=2s
UE 29 TTT_WAIT target=3 elapsed=0s need=2s
UE 30 TTT_WAIT target=2 elapsed=0s need=2s
UE 31 TTT_WAIT target=1 elapsed=0s need=2s
UE 33 TTT_WAIT target=1 elapsed=0s need=2s
UE 34 TTT_WAIT target=7 elapsed=0s need=2s
UE 35 TTT_WAIT target=2 elapsed=0s need=2s
UE 37 TTT_WAIT target=3 elapsed=0s need=2s
UE 38 TTT_WAIT target=3 elapsed=0s need=2s
UE 39 TTT_WAIT target=7 elapsed=0s need=2s
UE 41 TTT_WAIT target=3 elapsed=0s need=2s
UE 43 TTT_WAIT target=1 elapsed=0s need=2s
UE 44 TTT_WAIT target=3 elapsed=0s need=2s
UE 45 TTT_WAIT target=3 elapsed=0s need=2s
UE 47 TTT_WAIT target=2 elapsed=0s need=2s
UE 50 TTT_WAIT target=1 elapsed=0s need=2s
UE 51 TTT_WAIT target=2 elapsed=0s need=2s
UE 52 TTT_WAIT target=2 elapsed=0s need=2s
UE 54 TTT_WAIT target=3 elapsed=0s need=2s
UE 55 TTT_WAIT target=5 elapsed=0s need=2s
UE 57 TTT_WAIT target=3 elapsed=0s need=2s
UE 58 TTT_WAIT target=2 elapsed=0s need=2s
UE 59 TTT_WAIT target=7 elapsed=0s need=2s
LM HO UE=60 rnti=109 2->3 type=TN servingRsrp=-90.753 targetRsrp=-57.5643 targetLoadReal=16/20 targetLoadEff=17/20
LM HO UE=65 rnti=174 1->3 type=TN servingRsrp=-80.0004 targetRsrp=-73.9189 targetLoadReal=16/20 targetLoadEff=18/20
LM HO UE=67 rnti=156 3->7 type=NTN servingRsrp=-79.9908 targetRsrp=-66.6671 targetLoadReal=9/10 targetLoadEff=9/10
UE 68 TTT_WAIT target=3 elapsed=0s need=2s
UE 74 TTT_WAIT target=2 elapsed=0s need=2s
UE 75 TTT_WAIT target=1 elapsed=0s need=2s
UE 76 TTT_WAIT target=1 elapsed=0s need=2s
UE 80 TTT_WAIT target=3 elapsed=0s need=2s
UE 81 TTT_WAIT target=1 elapsed=0s need=2s
LM HO UE=83 rnti=141 1->3 type=TN servingRsrp=-84.0362 targetRsrp=-63.9423 targetLoadReal=16/20 targetLoadEff=19/20
UE 84 TTT_WAIT target=2 elapsed=0s need=2s
UE 85 TTT_WAIT target=2 elapsed=0s need=2s
UE 89 TTT_WAIT target=2 elapsed=0s need=2s
UE 91 TTT_WAIT target=5 elapsed=0s need=2s
UE 96 TTT_WAIT target=2 elapsed=0s need=2s
UE 97 TTT_WAIT target=5 elapsed=0s need=2s
UE 98 TTT_WAIT target=2 elapsed=0s need=2s
UE 99 TTT_WAIT target=1 elapsed=0s need=2s
UE 102 TTT_WAIT target=5 elapsed=0s need=2s
UE 103 TTT_WAIT target=5 elapsed=0s need=2s
UE 104 TTT_WAIT target=1 elapsed=0s need=2s
UE 107 TTT_WAIT target=1 elapsed=0s need=2s
TRACE HO_SUCCESS Time=34.6151 IMSI=82 TargetCell=3 Type=TN TargetRSRP=-94.8963 ServingRSRP=-73.1376 BackhaulDlSnr=-999 BackhaulUlSnr=-999
TRACE HO_SUCCESS Time=34.6151 IMSI=64 TargetCell=3 Type=TN TargetRSRP=-76.9113 ServingRSRP=-47.1936 BackhaulDlSnr=-999 BackhaulUlSnr=-999
TRACE HO_SUCCESS Time=34.6151 IMSI=25 TargetCell=3 Type=TN TargetRSRP=-90.1179 ServingRSRP=-67.4979 BackhaulDlSnr=-999 BackhaulUlSnr=-999
TRACE HO_SUCCESS Time=34.6151 IMSI=59 TargetCell=3 Type=TN TargetRSRP=-71.5293 ServingRSRP=-67.9277 BackhaulDlSnr=-999 BackhaulUlSnr=-999
TRACE HO_SUCCESS Time=34.6151 IMSI=66 TargetCell=7 Type=NTN TargetRSRP=-102.283 ServingRSRP=-68.8724 BackhaulDlSnr=13.1161 BackhaulUlSnr=8.59552
UAV_AUTONOMY_XAPP Time=36.4 DeploymentMode=tn-uav-satellite UavIndex=0 UavCellId=5 BestDonorCellId=4 BestDonorDistanceM=1658.46 XhaulConnected=1 XhaulChannelVariationDb=0.454155 XhaulState=HEALTHY SatBackhaulHealthy=1 OnboardUavRicAvailable=1 OnboardUavRicState=STANDBY BackhaulMode=TN_DIRECT ControlPath=TN_E2 ActiveUavRic=TN_NEAR_RT_RIC NormalUeHandoverAllowed=1 UavMode=TN_CONTROLLED_COVERAGE_EXTENSION
UAV_AUTONOMY_XAPP Time=36.4 DeploymentMode=tn-uav-satellite UavIndex=1 UavCellId=6 BestDonorCellId=4 BestDonorDistanceM=424.923 XhaulConnected=1 XhaulChannelVariationDb=-0.163872 XhaulState=HEALTHY SatBackhaulHealthy=1 OnboardUavRicAvailable=1 OnboardUavRicState=STANDBY BackhaulMode=TN_DIRECT ControlPath=TN_E2 ActiveUavRic=TN_NEAR_RT_RIC NormalUeHandoverAllowed=1 UavMode=TN_CONTROLLED_COVERAGE_EXTENSION
UAV_AUTONOMY_XAPP Time=36.4 DeploymentMode=tn-uav-satellite UavIndex=2 UavCellId=7 BestDonorCellId=2 BestDonorDistanceM=255.203 XhaulConnected=1 XhaulChannelVariationDb=-2.04926 XhaulState=HEALTHY SatBackhaulHealthy=1 OnboardUavRicAvailable=1 OnboardUavRicState=STANDBY BackhaulMode=TN_DIRECT ControlPath=TN_E2 ActiveUavRic=TN_NEAR_RT_RIC NormalUeHandoverAllowed=1 UavMode=TN_CONTROLLED_COVERAGE_EXTENSION
---- LOAD at t=36.5 ----
  cell 1 (TN) load=17/20
  cell 2 (TN) load=16/20
  cell 3 (TN) load=19/20
  cell 4 (TN) load=20/20
  cell 5 (NTN) load=8/10
  cell 6 (NTN) load=10/10
  cell 7 (NTN) load=10/10
UE 8 TTT_WAIT target=5 elapsed=0s need=2s
UE 9 TTT_WAIT target=3 elapsed=0s need=2s
UE 10 TTT_WAIT target=1 elapsed=0s need=2s
UE 11 TTT_WAIT target=3 elapsed=0s need=2s
UE 14 TTT_WAIT target=2 elapsed=0s need=2s
UE 17 TTT_WAIT target=1 elapsed=0s need=2s
UE 20 TTT_WAIT target=5 elapsed=0s need=2s
UE 22 TTT_WAIT target=5 elapsed=0s need=2s
UE 26 TTT_WAIT target=1 elapsed=0s need=2s
UE 27 TTT_WAIT target=3 elapsed=0s need=2s
UE 28 TTT_WAIT target=3 elapsed=0s need=2s
UE 29 TTT_WAIT target=2 elapsed=0s need=2s
UE 30 TTT_WAIT target=3 elapsed=0s need=2s
LM HO UE=31 rnti=85 5->1 type=TN servingRsrp=-113.798 targetRsrp=-58.0986 targetLoadReal=17/20 targetLoadEff=17/20
UE 32 TTT_WAIT target=2 elapsed=0s need=2s
LM HO UE=33 rnti=112 2->1 type=TN servingRsrp=-79.7389 targetRsrp=-74.4052 targetLoadReal=17/20 targetLoadEff=18/20
LM HO UE=35 rnti=91 5->2 type=TN servingRsrp=-95.7172 targetRsrp=-62.025 targetLoadReal=16/20 targetLoadEff=16/20
UE 37 TTT_WAIT target=5 elapsed=0s need=2s
UE 40 TTT_WAIT target=5 elapsed=0s need=2s
LM HO UE=41 rnti=24 2->3 type=TN servingRsrp=-71.0072 targetRsrp=-67.2958 targetLoadReal=19/20 targetLoadEff=19/20
UE 42 TTT_WAIT target=2 elapsed=0s need=2s
UE 46 TTT_WAIT target=1 elapsed=0s need=2s
UE 47 TTT_WAIT target=5 elapsed=0s need=2s
UE 50 TTT_WAIT target=5 elapsed=0s need=2s
LM HO UE=52 rnti=173 1->2 type=TN servingRsrp=-78.8713 targetRsrp=-76.4057 targetLoadReal=16/20 targetLoadEff=17/20
UE 53 TTT_WAIT target=2 elapsed=0s need=2s
UE 54 TTT_WAIT target=2 elapsed=0s need=2s
UE 57 TTT_WAIT target=1 elapsed=0s need=2s
UE 60 TTT_WAIT target=2 elapsed=0s need=2s
UE 62 TTT_WAIT target=1 elapsed=0s need=2s
UE 65 TTT_WAIT target=2 elapsed=0s need=2s
UE 68 TTT_WAIT target=1 elapsed=0s need=2s
UE 71 TTT_WAIT target=2 elapsed=0s need=2s
UE 72 TTT_WAIT target=1 elapsed=0s need=2s
UE 73 TTT_WAIT target=5 elapsed=0s need=2s
LM HO UE=74 rnti=159 3->2 type=TN servingRsrp=-85.2375 targetRsrp=-54.9242 targetLoadReal=16/20 targetLoadEff=18/20
UE 78 TTT_WAIT target=2 elapsed=0s need=2s
UE 79 TTT_WAIT target=1 elapsed=0s need=2s
UE 80 TTT_WAIT target=5 elapsed=0s need=2s
LM HO UE=81 rnti=80 2->1 type=TN servingRsrp=-89.4985 targetRsrp=-48.3312 targetLoadReal=17/20 targetLoadEff=19/20
UE 82 TTT_WAIT target=2 elapsed=0s need=2s
UE 83 TTT_WAIT target=2 elapsed=0s need=2s
LM HO UE=84 rnti=172 3->2 type=TN servingRsrp=-87.134 targetRsrp=-72.2473 targetLoadReal=16/20 targetLoadEff=19/20
UE 86 TTT_WAIT target=5 elapsed=0s need=2s
UE 89 TTT_WAIT target=5 elapsed=0s need=2s
UE 100 TTT_WAIT target=5 elapsed=0s need=2s
LM HO UE=103 rnti=84 2->5 type=NTN servingRsrp=-90.7605 targetRsrp=-63.8607 targetLoadReal=8/10 targetLoadEff=8/10
TRACE HO_SUCCESS Time=36.6151 IMSI=80 TargetCell=1 Type=TN TargetRSRP=-84.031 ServingRSRP=-87.5403 BackhaulDlSnr=-999 BackhaulUlSnr=-999
TRACE HO_SUCCESS Time=36.6151 IMSI=32 TargetCell=1 Type=TN TargetRSRP=-81.2595 ServingRSRP=-68.8704 BackhaulDlSnr=-999 BackhaulUlSnr=-999
TRACE HO_SUCCESS Time=36.6151 IMSI=30 TargetCell=1 Type=TN TargetRSRP=-63.9194 ServingRSRP=-93.0408 BackhaulDlSnr=-999 BackhaulUlSnr=-999
TRACE HO_SUCCESS Time=36.6151 IMSI=51 TargetCell=2 Type=TN TargetRSRP=-47.3338 ServingRSRP=-68.091 BackhaulDlSnr=-999 BackhaulUlSnr=-999
TRACE HO_SUCCESS Time=36.6151 IMSI=83 TargetCell=2 Type=TN TargetRSRP=-79.5329 ServingRSRP=-44.5234 BackhaulDlSnr=-999 BackhaulUlSnr=-999
TRACE HO_SUCCESS Time=36.6151 IMSI=73 TargetCell=2 Type=TN TargetRSRP=-89.3944 ServingRSRP=-61.9867 BackhaulDlSnr=-999 BackhaulUlSnr=-999
TRACE HO_SUCCESS Time=36.6151 IMSI=34 TargetCell=2 Type=TN TargetRSRP=-90.9285 ServingRSRP=-67.8632 BackhaulDlSnr=-999 BackhaulUlSnr=-999
TRACE HO_SUCCESS Time=36.6151 IMSI=40 TargetCell=3 Type=TN TargetRSRP=-89.9077 ServingRSRP=-44.7757 BackhaulDlSnr=-999 BackhaulUlSnr=-999
TRACE HO_SUCCESS Time=36.6151 IMSI=102 TargetCell=5 Type=NTN TargetRSRP=-86.733 ServingRSRP=-64.6417 BackhaulDlSnr=10.7162 BackhaulUlSnr=6.19559
UAV_AUTONOMY_XAPP Time=38.4 DeploymentMode=tn-uav-satellite UavIndex=0 UavCellId=5 BestDonorCellId=1 BestDonorDistanceM=1028.85 XhaulConnected=1 XhaulChannelVariationDb=4.33644 XhaulState=HEALTHY SatBackhaulHealthy=1 OnboardUavRicAvailable=1 OnboardUavRicState=STANDBY BackhaulMode=TN_DIRECT ControlPath=TN_E2 ActiveUavRic=TN_NEAR_RT_RIC NormalUeHandoverAllowed=1 UavMode=TN_CONTROLLED_COVERAGE_EXTENSION
UAV_AUTONOMY_XAPP Time=38.4 DeploymentMode=tn-uav-satellite UavIndex=1 UavCellId=6 BestDonorCellId=4 BestDonorDistanceM=424.923 XhaulConnected=1 XhaulChannelVariationDb=2.52106 XhaulState=HEALTHY SatBackhaulHealthy=1 OnboardUavRicAvailable=1 OnboardUavRicState=STANDBY BackhaulMode=TN_DIRECT ControlPath=TN_E2 ActiveUavRic=TN_NEAR_RT_RIC NormalUeHandoverAllowed=1 UavMode=TN_CONTROLLED_COVERAGE_EXTENSION
UAV_AUTONOMY_XAPP Time=38.4 DeploymentMode=tn-uav-satellite UavIndex=2 UavCellId=7 BestDonorCellId=2 BestDonorDistanceM=255.203 XhaulConnected=1 XhaulChannelVariationDb=-4.44142 XhaulState=HEALTHY SatBackhaulHealthy=1 OnboardUavRicAvailable=1 OnboardUavRicState=STANDBY BackhaulMode=TN_DIRECT ControlPath=TN_E2 ActiveUavRic=TN_NEAR_RT_RIC NormalUeHandoverAllowed=1 UavMode=TN_CONTROLLED_COVERAGE_EXTENSION
---- LOAD at t=38.5 ----
  cell 1 (TN) load=19/20
  cell 2 (TN) load=16/20
  cell 3 (TN) load=18/20
  cell 4 (TN) load=20/20
  cell 5 (NTN) load=7/10
  cell 6 (NTN) load=10/10
  cell 7 (NTN) load=10/10
UE 9 TTT_WAIT target=1 elapsed=0s need=2s
LM HO UE=11 rnti=64 6->3 type=TN servingRsrp=-91.6629 targetRsrp=-65.8746 targetLoadReal=18/20 targetLoadEff=18/20
UE 13 TTT_WAIT target=2 elapsed=0s need=2s
UE 16 TTT_WAIT target=2 elapsed=0s need=2s
UE 18 TTT_WAIT target=1 elapsed=0s need=2s
UE 19 TTT_WAIT target=5 elapsed=0s need=2s
LM HO UE=20 rnti=178 1->5 type=NTN servingRsrp=-82.3711 targetRsrp=-48.5567 targetLoadReal=7/10 targetLoadEff=7/10
LM HO UE=22 rnti=52 4->5 type=NTN servingRsrp=-74.2719 targetRsrp=-49.7434 targetLoadReal=7/10 targetLoadEff=8/10
UE 23 TTT_WAIT target=2 elapsed=0s need=2s
UE 26 TTT_WAIT target=5 elapsed=0s need=2s
LM HO UE=27 rnti=67 6->3 type=TN servingRsrp=-87.7508 targetRsrp=-51.1925 targetLoadReal=18/20 targetLoadEff=19/20
UE 28 TTT_WAIT target=2 elapsed=0s need=2s
UE 31 TTT_WAIT target=2 elapsed=0s need=2s
UE 33 TTT_WAIT target=5 elapsed=0s need=2s
LM HO UE=37 rnti=168 4->5 type=NTN servingRsrp=-79.9142 targetRsrp=-70.1422 targetLoadReal=7/10 targetLoadEff=9/10
UE 39 TTT_WAIT target=2 elapsed=0s need=2s
UE 41 TTT_WAIT target=1 elapsed=0s need=2s
UE 44 TTT_WAIT target=1 elapsed=0s need=2s
UE 47 TTT_WAIT target=2 elapsed=0s need=2s
UE 51 TTT_WAIT target=2 elapsed=0s need=2s
UE 52 TTT_WAIT target=1 elapsed=0s need=2s
LM HO UE=54 rnti=24 7->2 type=TN servingRsrp=-92.3835 targetRsrp=-42.5009 targetLoadReal=16/20 targetLoadEff=16/20
UE 59 TTT_WAIT target=2 elapsed=0s need=2s
LM HO UE=60 rnti=186 3->2 type=TN servingRsrp=-81.149 targetRsrp=-52.0434 targetLoadReal=16/20 targetLoadEff=17/20
LM HO UE=62 rnti=88 5->1 type=TN servingRsrp=-91.434 targetRsrp=-79.3755 targetLoadReal=19/20 targetLoadEff=19/20
LM HO UE=65 rnti=185 3->2 type=TN servingRsrp=-86.7795 targetRsrp=-78.5069 targetLoadReal=16/20 targetLoadEff=18/20
UE 70 TTT_WAIT target=2 elapsed=0s need=2s
UE 81 TTT_WAIT target=2 elapsed=0s need=2s
UE 90 TTT_WAIT target=2 elapsed=0s need=2s
UE 91 TTT_WAIT target=2 elapsed=0s need=2s
UE 93 TTT_WAIT target=2 elapsed=0s need=2s
UE 96 TTT_WAIT target=2 elapsed=0s need=2s
UE 101 TTT_WAIT target=2 elapsed=0s need=2s
UE 103 TTT_WAIT target=2 elapsed=0s need=2s
TRACE HO_SUCCESS Time=38.6151 IMSI=61 TargetCell=1 Type=TN TargetRSRP=-58.7572 ServingRSRP=-76.1988 BackhaulDlSnr=-999 BackhaulUlSnr=-999
TRACE HO_SUCCESS Time=38.6151 IMSI=64 TargetCell=2 Type=TN TargetRSRP=-86.5263 ServingRSRP=-45.131 BackhaulDlSnr=-999 BackhaulUlSnr=-999
TRACE HO_SUCCESS Time=38.6151 IMSI=59 TargetCell=2 Type=TN TargetRSRP=-95.0218 ServingRSRP=-61.5363 BackhaulDlSnr=-999 BackhaulUlSnr=-999
TRACE HO_SUCCESS Time=38.6151 IMSI=53 TargetCell=2 Type=TN TargetRSRP=-80.2831 ServingRSRP=-56.5825 BackhaulDlSnr=-999 BackhaulUlSnr=-999
TRACE HO_SUCCESS Time=38.6151 IMSI=10 TargetCell=3 Type=TN TargetRSRP=-91.4499 ServingRSRP=-53.6659 BackhaulDlSnr=-999 BackhaulUlSnr=-999
TRACE HO_SUCCESS Time=38.6151 IMSI=26 TargetCell=3 Type=TN TargetRSRP=-88.5981 ServingRSRP=-47.04 BackhaulDlSnr=-999 BackhaulUlSnr=-999
TRACE HO_SUCCESS Time=38.6151 IMSI=19 TargetCell=5 Type=NTN TargetRSRP=-87.2255 ServingRSRP=-71.5119 BackhaulDlSnr=14.5223 BackhaulUlSnr=10.0017
TRACE HO_SUCCESS Time=38.6151 IMSI=36 TargetCell=5 Type=NTN TargetRSRP=-86.2832 ServingRSRP=-83.2938 BackhaulDlSnr=14.5223 BackhaulUlSnr=10.0017
TRACE HO_SUCCESS Time=38.6151 IMSI=21 TargetCell=5 Type=NTN TargetRSRP=-86.9691 ServingRSRP=-42.657 BackhaulDlSnr=14.5223 BackhaulUlSnr=10.0017
