UAV_AUTONOMY_XAPP Time=4.4 DeploymentMode=tn-uav-satellite UavIndex=0 UavCellId=5 BestDonorCellId=1 BestDonorDistanceM=1451.84 XhaulConnected=1 XhaulChannelVariationDb=0.434841 XhaulState=HEALTHY SatBackhaulHealthy=1 OnboardUavRicAvailable=1 OnboardUavRicState=STANDBY BackhaulMode=TN_DIRECT ControlPath=TN_E2 ActiveUavRic=TN_NEAR_RT_RIC NormalUeHandoverAllowed=1 UavMode=TN_CONTROLLED_COVERAGE_EXTENSION
Could not find NR UE cell info for E2 Node ID = 6
Could not find NR gNB location for E2 Node ID = 1
Could not find NR gNB location for E2 Node ID = 2
Could not find NR gNB location for E2 Node ID = 3
Could not find NR gNB location for E2 Node ID = 4
Could not find NR gNB location for E2 Node ID = 5
---- LOAD at t=4.5 ----
UAV_AUTONOMY_XAPP Time=6.4 DeploymentMode=tn-uav-satellite UavIndex=0 UavCellId=5 BestDonorCellId=2 BestDonorDistanceM=1906.06 XhaulConnected=1 XhaulChannelVariationDb=1.23823 XhaulState=HEALTHY SatBackhaulHealthy=1 OnboardUavRicAvailable=1 OnboardUavRicState=STANDBY BackhaulMode=TN_DIRECT ControlPath=TN_E2 ActiveUavRic=TN_NEAR_RT_RIC NormalUeHandoverAllowed=1 UavMode=TN_CONTROLLED_COVERAGE_EXTENSION
---- LOAD at t=6.5 ----
  cell 1 (TN) load=0/20
  cell 2 (TN) load=0/20
  cell 3 (TN) load=0/20
  cell 4 (TN) load=1/20
  cell 5 (NTN) load=0/10
UAV_AUTONOMY_XAPP Time=8.4 DeploymentMode=tn-uav-satellite UavIndex=0 UavCellId=5 BestDonorCellId=1 BestDonorDistanceM=1451.84 XhaulConnected=1 XhaulChannelVariationDb=0.698548 XhaulState=HEALTHY SatBackhaulHealthy=1 OnboardUavRicAvailable=1 OnboardUavRicState=STANDBY BackhaulMode=TN_DIRECT ControlPath=TN_E2 ActiveUavRic=TN_NEAR_RT_RIC NormalUeHandoverAllowed=1 UavMode=TN_CONTROLLED_COVERAGE_EXTENSION
---- LOAD at t=8.5 ----
  cell 1 (TN) load=0/20
  cell 2 (TN) load=0/20
  cell 3 (TN) load=0/20
  cell 4 (TN) load=1/20
  cell 5 (NTN) load=0/10
UAV_AUTONOMY_XAPP Time=10.4 DeploymentMode=tn-uav-satellite UavIndex=0 UavCellId=5 BestDonorCellId=2 BestDonorDistanceM=1906.06 XhaulConnected=1 XhaulChannelVariationDb=1.30698 XhaulState=HEALTHY SatBackhaulHealthy=1 OnboardUavRicAvailable=1 OnboardUavRicState=STANDBY BackhaulMode=TN_DIRECT ControlPath=TN_E2 ActiveUavRic=TN_NEAR_RT_RIC NormalUeHandoverAllowed=1 UavMode=TN_CONTROLLED_COVERAGE_EXTENSION
---- LOAD at t=10.5 ----
  cell 1 (TN) load=0/20
  cell 2 (TN) load=0/20
  cell 3 (TN) load=0/20
  cell 4 (TN) load=1/20
  cell 5 (NTN) load=0/10
UAV_AUTONOMY_XAPP Time=12.4 DeploymentMode=tn-uav-satellite UavIndex=0 UavCellId=5 BestDonorCellId=2 BestDonorDistanceM=1906.06 XhaulConnected=1 XhaulChannelVariationDb=-2.30211 XhaulState=HEALTHY SatBackhaulHealthy=1 OnboardUavRicAvailable=1 OnboardUavRicState=STANDBY BackhaulMode=TN_DIRECT ControlPath=TN_E2 ActiveUavRic=TN_NEAR_RT_RIC NormalUeHandoverAllowed=1 UavMode=TN_CONTROLLED_COVERAGE_EXTENSION
---- LOAD at t=12.5 ----
  cell 1 (TN) load=0/20
  cell 2 (TN) load=0/20
  cell 3 (TN) load=0/20
  cell 4 (TN) load=1/20
  cell 5 (NTN) load=0/10
