NR: trying ns3::NrMacSchedulerOfdmaPF
NR: using ns3::NrMacSchedulerOfdmaPF
Could not find NR UE cell info for E2 Node ID = 15
Could not find NR UE cell info for E2 Node ID = 16
Could not find NR UE cell info for E2 Node ID = 17
Could not find NR UE cell info for E2 Node ID = 18
Could not find NR UE cell info for E2 Node ID = 19
Could not find NR UE cell info for E2 Node ID = 20
Could not find NR UE cell info for E2 Node ID = 21
Could not find NR UE cell info for E2 Node ID = 22
Could not find NR UE cell info for E2 Node ID = 23
Could not find NR UE cell info for E2 Node ID = 24
Could not find NR UE cell info for E2 Node ID = 25
Could not find NR UE cell info for E2 Node ID = 26
Could not find NR UE cell info for E2 Node ID = 27
Could not find NR UE cell info for E2 Node ID = 28
Could not find NR UE cell info for E2 Node ID = 29
Could not find NR UE cell info for E2 Node ID = 30
Could not find NR UE cell info for E2 Node ID = 31
Could not find NR UE cell info for E2 Node ID = 32
Could not find NR UE cell info for E2 Node ID = 33
Could not find NR UE cell info for E2 Node ID = 34
Could not find NR UE cell info for E2 Node ID = 35
Could not find NR UE cell info for E2 Node ID = 36
Could not find NR UE cell info for E2 Node ID = 37
Could not find NR UE cell info for E2 Node ID = 38
Could not find NR UE cell info for E2 Node ID = 39
Could not find NR UE cell info for E2 Node ID = 40
Could not find NR UE cell info for E2 Node ID = 41
Could not find NR UE cell info for E2 Node ID = 42
Could not find NR UE cell info for E2 Node ID = 43
Could not find NR UE cell info for E2 Node ID = 44
Could not find NR UE cell info for E2 Node ID = 45
Could not find NR UE cell info for E2 Node ID = 46
Could not find NR UE cell info for E2 Node ID = 47
Could not find NR UE cell info for E2 Node ID = 48
Could not find NR UE cell info for E2 Node ID = 49
Could not find NR UE cell info for E2 Node ID = 50
Could not find NR UE cell info for E2 Node ID = 51
Could not find NR UE cell info for E2 Node ID = 52
Could not find NR UE cell info for E2 Node ID = 53
Could not find NR UE cell info for E2 Node ID = 54
Could not find NR UE cell info for E2 Node ID = 55
Could not find NR UE cell info for E2 Node ID = 56
Could not find NR UE cell info for E2 Node ID = 57
Could not find NR UE cell info for E2 Node ID = 58
Could not find NR UE cell info for E2 Node ID = 59
Could not find NR UE cell info for E2 Node ID = 60
Could not find NR UE cell info for E2 Node ID = 61
Could not find NR UE cell info for E2 Node ID = 62
Could not find NR UE cell info for E2 Node ID = 63
Could not find NR UE cell info for E2 Node ID = 64
Could not find NR UE cell info for E2 Node ID = 65
Could not find NR UE cell info for E2 Node ID = 66
Could not find NR UE cell info for E2 Node ID = 67
Could not find NR UE cell info for E2 Node ID = 68
Could not find NR UE cell info for E2 Node ID = 69
Could not find NR UE cell info for E2 Node ID = 70
Could not find NR UE cell info for E2 Node ID = 71
Could not find NR UE cell info for E2 Node ID = 72
Could not find NR UE cell info for E2 Node ID = 73
Could not find NR UE cell info for E2 Node ID = 74
Could not find NR UE cell info for E2 Node ID = 75
Could not find NR UE cell info for E2 Node ID = 76
Could not find NR UE cell info for E2 Node ID = 77
Could not find NR UE cell info for E2 Node ID = 78
Could not find NR UE cell info for E2 Node ID = 79
Could not find NR UE cell info for E2 Node ID = 80
Could not find NR UE cell info for E2 Node ID = 81
Could not find NR UE cell info for E2 Node ID = 82
Could not find NR UE cell info for E2 Node ID = 83
Could not find NR UE cell info for E2 Node ID = 84
Could not find NR UE cell info for E2 Node ID = 85
Could not find NR UE cell info for E2 Node ID = 86
Could not find NR UE cell info for E2 Node ID = 87
Could not find NR UE cell info for E2 Node ID = 88
Could not find NR UE cell info for E2 Node ID = 89
Could not find NR UE cell info for E2 Node ID = 90
Could not find NR UE cell info for E2 Node ID = 91
Could not find NR UE cell info for E2 Node ID = 92
Could not find NR UE cell info for E2 Node ID = 93
Could not find NR UE cell info for E2 Node ID = 94
Could not find NR UE cell info for E2 Node ID = 95
Could not find NR UE cell info for E2 Node ID = 96
Could not find NR UE cell info for E2 Node ID = 97
Could not find NR UE cell info for E2 Node ID = 98
Could not find NR UE cell info for E2 Node ID = 99
Could not find NR UE cell info for E2 Node ID = 100
Could not find NR UE cell info for E2 Node ID = 101
Could not find NR UE cell info for E2 Node ID = 102
Could not find NR UE cell info for E2 Node ID = 103
Could not find NR UE cell info for E2 Node ID = 104
Could not find NR UE cell info for E2 Node ID = 105
Could not find NR UE cell info for E2 Node ID = 106
Could not find NR UE cell info for E2 Node ID = 107
Could not find NR UE cell info for E2 Node ID = 108
Could not find NR UE cell info for E2 Node ID = 109
Could not find NR UE cell info for E2 Node ID = 110
Could not find NR UE cell info for E2 Node ID = 111
Could not find NR UE cell info for E2 Node ID = 112
Could not find NR UE cell info for E2 Node ID = 113
Could not find NR UE cell info for E2 Node ID = 114
Could not find NR UE cell info for E2 Node ID = 115
Could not find NR UE cell info for E2 Node ID = 116
Could not find NR UE cell info for E2 Node ID = 117
Could not find NR UE cell info for E2 Node ID = 118
Could not find NR UE cell info for E2 Node ID = 119
Could not find NR UE cell info for E2 Node ID = 120
Could not find NR UE cell info for E2 Node ID = 121
Could not find NR UE cell info for E2 Node ID = 122
Could not find NR UE cell info for E2 Node ID = 123
Could not find NR UE cell info for E2 Node ID = 124
Could not find NR UE cell info for E2 Node ID = 125
Could not find NR UE cell info for E2 Node ID = 126
Could not find NR UE cell info for E2 Node ID = 127
Could not find NR UE cell info for E2 Node ID = 128
Could not find NR UE cell info for E2 Node ID = 129
Could not find NR UE cell info for E2 Node ID = 130
Could not find NR UE cell info for E2 Node ID = 131
Could not find NR UE cell info for E2 Node ID = 132
Could not find NR UE cell info for E2 Node ID = 133
Could not find NR UE cell info for E2 Node ID = 134
Could not find NR UE cell info for E2 Node ID = 135
Could not find NR UE cell info for E2 Node ID = 136
Could not find NR UE cell info for E2 Node ID = 137
Could not find NR UE cell info for E2 Node ID = 138
Could not find NR UE cell info for E2 Node ID = 139
Could not find NR UE cell info for E2 Node ID = 140
Could not find NR UE cell info for E2 Node ID = 141
Could not find NR UE cell info for E2 Node ID = 142
Could not find NR UE cell info for E2 Node ID = 143
Could not find NR UE cell info for E2 Node ID = 144
Could not find NR UE cell info for E2 Node ID = 145
Could not find NR UE cell info for E2 Node ID = 146
Could not find NR UE cell info for E2 Node ID = 147
Could not find NR UE cell info for E2 Node ID = 148
Could not find NR UE cell info for E2 Node ID = 149
Could not find NR UE cell info for E2 Node ID = 150
Could not find NR UE cell info for E2 Node ID = 151
Could not find NR UE cell info for E2 Node ID = 152
Could not find NR UE cell info for E2 Node ID = 153
Could not find NR UE cell info for E2 Node ID = 154
Could not find NR UE cell info for E2 Node ID = 155
Could not find NR UE cell info for E2 Node ID = 156
Could not find NR UE cell info for E2 Node ID = 157
Could not find NR UE cell info for E2 Node ID = 158
Could not find NR UE cell info for E2 Node ID = 159
Could not find NR UE cell info for E2 Node ID = 160
Could not find NR UE cell info for E2 Node ID = 161
Could not find NR UE cell info for E2 Node ID = 162
Could not find NR UE cell info for E2 Node ID = 163
Could not find NR UE cell info for E2 Node ID = 164
Could not find NR UE cell info for E2 Node ID = 165
Could not find NR UE cell info for E2 Node ID = 166
Could not find NR UE cell info for E2 Node ID = 167
Could not find NR UE cell info for E2 Node ID = 168
Could not find NR UE cell info for E2 Node ID = 169
Could not find NR UE cell info for E2 Node ID = 170
Could not find NR UE cell info for E2 Node ID = 171
Could not find NR UE cell info for E2 Node ID = 172
Could not find NR UE cell info for E2 Node ID = 173
Could not find NR UE cell info for E2 Node ID = 174
Could not find NR UE cell info for E2 Node ID = 175
Could not find NR UE cell info for E2 Node ID = 176
Could not find NR UE cell info for E2 Node ID = 177
Could not find NR UE cell info for E2 Node ID = 178
Could not find NR UE cell info for E2 Node ID = 179
Could not find NR UE cell info for E2 Node ID = 180
Could not find NR UE cell info for E2 Node ID = 181
Could not find NR UE cell info for E2 Node ID = 182
Could not find NR UE cell info for E2 Node ID = 183
Could not find NR UE cell info for E2 Node ID = 184
Could not find NR UE cell info for E2 Node ID = 185
Could not find NR UE cell info for E2 Node ID = 186
Could not find NR UE cell info for E2 Node ID = 187
Could not find NR UE cell info for E2 Node ID = 188
Could not find NR UE cell info for E2 Node ID = 189
Could not find NR UE cell info for E2 Node ID = 190
Could not find NR UE cell info for E2 Node ID = 191
Could not find NR UE cell info for E2 Node ID = 192
Could not find NR UE cell info for E2 Node ID = 193
Could not find NR UE cell info for E2 Node ID = 194
Could not find NR UE cell info for E2 Node ID = 195
Could not find NR UE cell info for E2 Node ID = 196
Could not find NR UE cell info for E2 Node ID = 197
Could not find NR UE cell info for E2 Node ID = 198
Could not find NR UE cell info for E2 Node ID = 199
Could not find NR UE cell info for E2 Node ID = 200
Could not find NR UE cell info for E2 Node ID = 201
Could not find NR UE cell info for E2 Node ID = 202
Could not find NR UE cell info for E2 Node ID = 203
Could not find NR UE cell info for E2 Node ID = 204
Could not find NR UE cell info for E2 Node ID = 205
Could not find NR UE cell info for E2 Node ID = 206
Could not find NR UE cell info for E2 Node ID = 207
Could not find NR UE cell info for E2 Node ID = 208
Could not find NR UE cell info for E2 Node ID = 209
Could not find NR UE cell info for E2 Node ID = 210
Could not find NR UE cell info for E2 Node ID = 211
Could not find NR UE cell info for E2 Node ID = 212
Could not find NR UE cell info for E2 Node ID = 213
Could not find NR UE cell info for E2 Node ID = 214
Could not find NR UE cell info for E2 Node ID = 215
Could not find NR UE cell info for E2 Node ID = 216
Could not find NR UE cell info for E2 Node ID = 217
Could not find NR UE cell info for E2 Node ID = 218
Could not find NR UE cell info for E2 Node ID = 219
Could not find NR UE cell info for E2 Node ID = 220
Could not find NR UE cell info for E2 Node ID = 221
Could not find NR UE cell info for E2 Node ID = 222
Could not find NR UE cell info for E2 Node ID = 223
Could not find NR UE cell info for E2 Node ID = 224
Could not find NR UE cell info for E2 Node ID = 225
Could not find NR UE cell info for E2 Node ID = 226
Could not find NR UE cell info for E2 Node ID = 227
Could not find NR UE cell info for E2 Node ID = 228
Could not find NR UE cell info for E2 Node ID = 229
Could not find NR UE cell info for E2 Node ID = 230
Could not find NR UE cell info for E2 Node ID = 231
Could not find NR UE cell info for E2 Node ID = 232
Could not find NR UE cell info for E2 Node ID = 233
Could not find NR UE cell info for E2 Node ID = 234
Could not find NR UE cell info for E2 Node ID = 235
Could not find NR UE cell info for E2 Node ID = 236
Could not find NR UE cell info for E2 Node ID = 237
Could not find NR UE cell info for E2 Node ID = 238
Could not find NR UE cell info for E2 Node ID = 239
Could not find NR UE cell info for E2 Node ID = 240
Could not find NR UE cell info for E2 Node ID = 241
Could not find NR UE cell info for E2 Node ID = 242
Could not find NR UE cell info for E2 Node ID = 243
Could not find NR UE cell info for E2 Node ID = 244
Could not find NR gNB location for E2 Node ID = 1
Could not find NR gNB location for E2 Node ID = 2
Could not find NR gNB location for E2 Node ID = 3
Could not find NR gNB location for E2 Node ID = 4
Could not find NR gNB location for E2 Node ID = 5
Could not find NR gNB location for E2 Node ID = 6
Could not find NR gNB location for E2 Node ID = 7
Could not find NR gNB location for E2 Node ID = 8
Could not find NR gNB location for E2 Node ID = 9
Could not find NR gNB location for E2 Node ID = 10
Could not find NR gNB location for E2 Node ID = 11
Could not find NR gNB location for E2 Node ID = 12
Could not find NR gNB location for E2 Node ID = 13
Could not find NR gNB location for E2 Node ID = 14
---- LOAD at t=7.5 ----
---- LOAD at t=12.5 ----
  cell 1 (TN) load=11/20
  cell 2 (TN) load=6/20
  cell 3 (TN) load=7/20
  cell 4 (TN) load=2/20
  cell 5 (TN) load=7/20
  cell 6 (TN) load=5/20
  cell 7 (TN) load=10/20
  cell 8 (TN) load=9/20
  cell 9 (NTN) load=10/10
  cell 10 (NTN) load=10/10
  cell 11 (NTN) load=10/10
  cell 12 (NTN) load=10/10
  cell 13 (NTN) load=10/10
  cell 14 (NTN) load=10/10
UE 16 TTT_WAIT target=3 elapsed=0s need=2s
UE 19 TTT_WAIT target=5 elapsed=0s need=2s
UE 23 TTT_WAIT target=1 elapsed=0s need=2s
UE 33 TTT_WAIT target=2 elapsed=0s need=2s
UE 40 TTT_WAIT target=8 elapsed=0s need=2s
UE 41 TTT_WAIT target=8 elapsed=0s need=2s
UE 45 TTT_WAIT target=7 elapsed=0s need=2s
UE 48 TTT_WAIT target=4 elapsed=0s need=2s
UE 54 TTT_WAIT target=3 elapsed=0s need=2s
UE 62 TTT_WAIT target=4 elapsed=0s need=2s
UE 63 TTT_WAIT target=2 elapsed=0s need=2s
UE 68 TTT_WAIT target=5 elapsed=0s need=2s
UE 70 TTT_WAIT target=4 elapsed=0s need=2s
UE 76 TTT_WAIT target=5 elapsed=0s need=2s
UE 80 TTT_WAIT target=6 elapsed=0s need=2s
UE 91 TTT_WAIT target=8 elapsed=0s need=2s
UE 94 TTT_WAIT target=7 elapsed=0s need=2s
UE 95 TTT_WAIT target=4 elapsed=0s need=2s
UE 97 TTT_WAIT target=1 elapsed=0s need=2s
UE 99 TTT_WAIT target=6 elapsed=0s need=2s
UE 101 TTT_WAIT target=4 elapsed=0s need=2s
UE 104 TTT_WAIT target=2 elapsed=0s need=2s
UE 125 TTT_WAIT target=4 elapsed=0s need=2s
UE 131 TTT_WAIT target=7 elapsed=0s need=2s
UE 137 TTT_WAIT target=5 elapsed=0s need=2s
UE 140 TTT_WAIT target=2 elapsed=0s need=2s
UE 143 TTT_WAIT target=6 elapsed=0s need=2s
UE 146 TTT_WAIT target=1 elapsed=0s need=2s
UE 150 TTT_WAIT target=6 elapsed=0s need=2s
UE 157 TTT_WAIT target=2 elapsed=0s need=2s
UE 158 TTT_WAIT target=2 elapsed=0s need=2s
UE 159 TTT_WAIT target=4 elapsed=0s need=2s
UE 162 TTT_WAIT target=4 elapsed=0s need=2s
UE 164 TTT_WAIT target=6 elapsed=0s need=2s
UE 165 TTT_WAIT target=6 elapsed=0s need=2s
UE 168 TTT_WAIT target=1 elapsed=0s need=2s
UE 175 TTT_WAIT target=5 elapsed=0s need=2s
UE 176 TTT_WAIT target=7 elapsed=0s need=2s
UE 179 TTT_WAIT target=8 elapsed=0s need=2s
UE 186 TTT_WAIT target=1 elapsed=0s need=2s
UE 188 TTT_WAIT target=8 elapsed=0s need=2s
UE 193 TTT_WAIT target=8 elapsed=0s need=2s
UE 196 TTT_WAIT target=4 elapsed=0s need=2s
UE 204 TTT_WAIT target=4 elapsed=0s need=2s
UE 209 TTT_WAIT target=4 elapsed=0s need=2s
UE 210 TTT_WAIT target=4 elapsed=0s need=2s
UE 217 TTT_WAIT target=4 elapsed=0s need=2s
UE 218 TTT_WAIT target=4 elapsed=0s need=2s
UE 219 TTT_WAIT target=2 elapsed=0s need=2s
UE 220 TTT_WAIT target=3 elapsed=0s need=2s
UE 222 TTT_WAIT target=8 elapsed=0s need=2s
UE 223 TTT_WAIT target=6 elapsed=0s need=2s
UE 224 TTT_WAIT target=6 elapsed=0s need=2s
UE 226 TTT_WAIT target=8 elapsed=0s need=2s
UE 229 TTT_WAIT target=3 elapsed=0s need=2s
UE 230 TTT_WAIT target=1 elapsed=0s need=2s
UE 231 TTT_WAIT target=1 elapsed=0s need=2s
UE 233 TTT_WAIT target=3 elapsed=0s need=2s
UE 239 TTT_WAIT target=3 elapsed=0s need=2s
UE 240 TTT_WAIT target=4 elapsed=0s need=2s
UE 241 TTT_WAIT target=7 elapsed=0s need=2s
UE 243 TTT_WAIT target=8 elapsed=0s need=2s
---- LOAD at t=17.5 ----
  cell 1 (TN) load=11/20
  cell 2 (TN) load=6/20
  cell 3 (TN) load=8/20
  cell 4 (TN) load=2/20
  cell 5 (TN) load=8/20
  cell 6 (TN) load=5/20
  cell 7 (TN) load=11/20
  cell 8 (TN) load=9/20
  cell 9 (NTN) load=10/10
  cell 10 (NTN) load=10/10
  cell 11 (NTN) load=10/10
  cell 12 (NTN) load=10/10
  cell 13 (NTN) load=10/10
  cell 14 (NTN) load=10/10
UE 16 TTT_WAIT target=1 elapsed=0s need=2s
UE 18 TTT_WAIT target=7 elapsed=0s need=2s
UE 19 TTT_WAIT target=3 elapsed=0s need=2s
UE 23 TTT_WAIT target=2 elapsed=0s need=2s
UE 33 TTT_WAIT target=8 elapsed=0s need=2s
UE 49 TTT_WAIT target=3 elapsed=0s need=2s
UE 53 TTT_WAIT target=4 elapsed=0s need=2s
LM HO UE=54 rnti=80 13->3 type=TN servingRsrp=-76.9967 targetRsrp=-70.7381 targetLoadReal=8/20 targetLoadEff=8/20
UE 63 TTT_WAIT target=3 elapsed=0s need=2s
UE 68 TTT_WAIT target=7 elapsed=0s need=2s
UE 70 TTT_WAIT target=6 elapsed=0s need=2s
UE 76 TTT_WAIT target=1 elapsed=0s need=2s
UE 80 TTT_WAIT target=5 elapsed=0s need=2s
UE 91 TTT_WAIT target=5 elapsed=0s need=2s
UE 94 TTT_WAIT target=8 elapsed=0s need=2s
LM HO UE=95 rnti=36 8->4 type=TN servingRsrp=-92.4431 targetRsrp=-75.1519 targetLoadReal=2/20 targetLoadEff=2/20
UE 96 TTT_WAIT target=8 elapsed=0s need=2s
UE 101 TTT_WAIT target=3 elapsed=0s need=2s
UE 103 TTT_WAIT target=5 elapsed=0s need=2s
UE 112 TTT_WAIT target=2 elapsed=0s need=2s
LM HO UE=125 rnti=34 7->4 type=TN servingRsrp=-114.235 targetRsrp=-82.0462 targetLoadReal=2/20 targetLoadEff=3/20
UE 130 TTT_WAIT target=1 elapsed=0s need=2s
UE 133 TTT_WAIT target=6 elapsed=0s need=2s
UE 140 TTT_WAIT target=3 elapsed=0s need=2s
UE 145 TTT_WAIT target=5 elapsed=0s need=2s
UE 146 TTT_WAIT target=7 elapsed=0s need=2s
UE 148 TTT_WAIT target=5 elapsed=0s need=2s
LM HO UE=150 rnti=78 12->6 type=TN servingRsrp=-126.977 targetRsrp=-78.762 targetLoadReal=5/20 targetLoadEff=5/20
UE 157 TTT_WAIT target=8 elapsed=0s need=2s
UE 158 TTT_WAIT target=1 elapsed=0s need=2s
UE 159 TTT_WAIT target=3 elapsed=0s need=2s
UE 161 TTT_WAIT target=1 elapsed=0s need=2s
UE 162 TTT_WAIT target=3 elapsed=0s need=2s
UE 164 TTT_WAIT target=7 elapsed=0s need=2s
UE 165 TTT_WAIT target=8 elapsed=0s need=2s
UE 168 TTT_WAIT target=5 elapsed=0s need=2s
UE 173 TTT_WAIT target=4 elapsed=0s need=2s
UE 174 TTT_WAIT target=8 elapsed=0s need=2s
UE 175 TTT_WAIT target=8 elapsed=0s need=2s
UE 179 TTT_WAIT target=1 elapsed=0s need=2s
UE 180 TTT_WAIT target=7 elapsed=0s need=2s
UE 185 TTT_WAIT target=5 elapsed=0s need=2s
UE 186 TTT_WAIT target=2 elapsed=0s need=2s
UE 193 TTT_WAIT target=5 elapsed=0s need=2s
UE 194 TTT_WAIT target=1 elapsed=0s need=2s
UE 195 TTT_WAIT target=2 elapsed=0s need=2s
UE 204 TTT_WAIT target=2 elapsed=0s need=2s
UE 209 TTT_WAIT target=3 elapsed=0s need=2s
UE 210 TTT_WAIT target=3 elapsed=0s need=2s
UE 212 TTT_WAIT target=6 elapsed=0s need=2s
UE 216 TTT_WAIT target=5 elapsed=0s need=2s
UE 217 TTT_WAIT target=6 elapsed=0s need=2s
UE 218 TTT_WAIT target=5 elapsed=0s need=2s
UE 223 TTT_WAIT target=2 elapsed=0s need=2s
UE 226 TTT_WAIT target=4 elapsed=0s need=2s
UE 233 TTT_WAIT target=1 elapsed=0s need=2s
UE 239 TTT_WAIT target=5 elapsed=0s need=2s
UE 241 TTT_WAIT target=3 elapsed=0s need=2s
UE 243 TTT_WAIT target=4 elapsed=0s need=2s
+19.000000000s -1 