UAV_AUTONOMY_XAPP Time=4.4 DeploymentMode=tn-uav-satellite UavIndex=0 UavCellId=5 BestDonorCellId=1 BestDonorDistanceM=1451.84 XhaulConnected=1 XhaulChannelVariationDb=0.434841 XhaulState=HEALTHY SatBackhaulHealthy=1 OnboardUavRicAvailable=1 OnboardUavRicState=STANDBY BackhaulMode=TN_DIRECT ControlPath=TN_E2 ActiveUavRic=TN_NEAR_RT_RIC NormalUeHandoverAllowed=1 UavMode=TN_CONTROLLED_COVERAGE_EXTENSION
UAV_AUTONOMY_XAPP Time=4.4 DeploymentMode=tn-uav-satellite UavIndex=1 UavCellId=6 BestDonorCellId=4 BestDonorDistanceM=629.258 XhaulConnected=1 XhaulChannelVariationDb=-2.28216 XhaulState=HEALTHY SatBackhaulHealthy=1 OnboardUavRicAvailable=1 OnboardUavRicState=STANDBY BackhaulMode=TN_DIRECT ControlPath=TN_E2 ActiveUavRic=TN_NEAR_RT_RIC NormalUeHandoverAllowed=1 UavMode=TN_CONTROLLED_COVERAGE_EXTENSION
UAV_AUTONOMY_XAPP Time=4.4 DeploymentMode=tn-uav-satellite UavIndex=2 UavCellId=7 BestDonorCellId=2 BestDonorDistanceM=765.017 XhaulConnected=1 XhaulChannelVariationDb=-0.793916 XhaulState=HEALTHY SatBackhaulHealthy=1 OnboardUavRicAvailable=1 OnboardUavRicState=STANDBY BackhaulMode=TN_DIRECT ControlPath=TN_E2 ActiveUavRic=TN_NEAR_RT_RIC NormalUeHandoverAllowed=1 UavMode=TN_CONTROLLED_COVERAGE_EXTENSION
Could not find NR UE cell info for E2 Node ID = 8
Could not find NR UE cell info for E2 Node ID = 9
Could not find NR UE cell info for E2 Node ID = 10
Could not find NR UE cell info for E2 Node ID = 11
Could not find NR UE cell info for E2 Node ID = 12
Could not find NR UE cell info for E2 Node ID = 13
Could not find NR UE cell info for E2 Node ID = 14
Could not find NR UE cell info for E2 Node ID = 15
Could not find NR UE cell info for E2 Node ID = 16
Could not find NR UE cell info for E2 Node ID = 17
Could not find NR UE cell info for E2 Node ID = 18
Could not find NR UE cell info for E2 Node ID = 19
Could not find NR UE cell info for E2 Node ID = 20
Could not find NR UE cell info for E2 Node ID = 21
Could not find NR UE cell info for E2 Node ID = 22
Could not find NR UE cell info for E2 Node ID = 23
Could not find NR UE cell info for E2 Node ID = 24
Could not find NR UE cell info for E2 Node ID = 25
Could not find NR UE cell info for E2 Node ID = 26
Could not find NR UE cell info for E2 Node ID = 27
Could not find NR UE cell info for E2 Node ID = 28
Could not find NR UE cell info for E2 Node ID = 29
Could not find NR UE cell info for E2 Node ID = 30
Could not find NR UE cell info for E2 Node ID = 31
Could not find NR UE cell info for E2 Node ID = 32
Could not find NR UE cell info for E2 Node ID = 33
Could not find NR UE cell info for E2 Node ID = 34
Could not find NR UE cell info for E2 Node ID = 35
Could not find NR UE cell info for E2 Node ID = 36
Could not find NR UE cell info for E2 Node ID = 37
Could not find NR UE cell info for E2 Node ID = 38
Could not find NR UE cell info for E2 Node ID = 39
Could not find NR UE cell info for E2 Node ID = 40
Could not find NR UE cell info for E2 Node ID = 41
Could not find NR UE cell info for E2 Node ID = 42
Could not find NR UE cell info for E2 Node ID = 43
Could not find NR UE cell info for E2 Node ID = 44
Could not find NR UE cell info for E2 Node ID = 45
Could not find NR UE cell info for E2 Node ID = 46
Could not find NR UE cell info for E2 Node ID = 47
Could not find NR UE cell info for E2 Node ID = 48
Could not find NR UE cell info for E2 Node ID = 49
Could not find NR UE cell info for E2 Node ID = 50
Could not find NR UE cell info for E2 Node ID = 51
Could not find NR UE cell info for E2 Node ID = 52
Could not find NR UE cell info for E2 Node ID = 53
Could not find NR UE cell info for E2 Node ID = 54
Could not find NR UE cell info for E2 Node ID = 55
Could not find NR UE cell info for E2 Node ID = 56
Could not find NR UE cell info for E2 Node ID = 57
Could not find NR gNB location for E2 Node ID = 1
Could not find NR gNB location for E2 Node ID = 2
Could not find NR gNB location for E2 Node ID = 3
Could not find NR gNB location for E2 Node ID = 4
Could not find NR gNB location for E2 Node ID = 5
Could not find NR gNB location for E2 Node ID = 6
Could not find NR gNB location for E2 Node ID = 7
---- LOAD at t=4.5 ----
UAV_AUTONOMY_XAPP Time=6.4 DeploymentMode=tn-uav-satellite UavIndex=0 UavCellId=5 BestDonorCellId=2 BestDonorDistanceM=1906.06 XhaulConnected=1 XhaulChannelVariationDb=1.30698 XhaulState=HEALTHY SatBackhaulHealthy=1 OnboardUavRicAvailable=1 OnboardUavRicState=STANDBY BackhaulMode=TN_DIRECT ControlPath=TN_E2 ActiveUavRic=TN_NEAR_RT_RIC NormalUeHandoverAllowed=1 UavMode=TN_CONTROLLED_COVERAGE_EXTENSION
UAV_AUTONOMY_XAPP Time=6.4 DeploymentMode=tn-uav-satellite UavIndex=1 UavCellId=6 BestDonorCellId=4 BestDonorDistanceM=629.258 XhaulConnected=1 XhaulChannelVariationDb=-3.9027 XhaulState=HEALTHY SatBackhaulHealthy=1 OnboardUavRicAvailable=1 OnboardUavRicState=STANDBY BackhaulMode=TN_DIRECT ControlPath=TN_E2 ActiveUavRic=TN_NEAR_RT_RIC NormalUeHandoverAllowed=1 UavMode=TN_CONTROLLED_COVERAGE_EXTENSION
UAV_AUTONOMY_XAPP Time=6.4 DeploymentMode=tn-uav-satellite UavIndex=2 UavCellId=7 BestDonorCellId=2 BestDonorDistanceM=765.017 XhaulConnected=1 XhaulChannelVariationDb=-0.170944 XhaulState=HEALTHY SatBackhaulHealthy=1 OnboardUavRicAvailable=1 OnboardUavRicState=STANDBY BackhaulMode=TN_DIRECT ControlPath=TN_E2 ActiveUavRic=TN_NEAR_RT_RIC NormalUeHandoverAllowed=1 UavMode=TN_CONTROLLED_COVERAGE_EXTENSION
---- LOAD at t=6.5 ----
  cell 1 (TN) load=7/20
  cell 2 (TN) load=3/20
  cell 3 (TN) load=11/20
  cell 4 (TN) load=7/20
  cell 5 (NTN) load=10/10
  cell 6 (NTN) load=9/10
  cell 7 (NTN) load=3/10
UE 8 TTT_WAIT target=1 elapsed=0s need=2s
UE 9 TTT_WAIT target=1 elapsed=0s need=2s
UE 11 TTT_WAIT target=2 elapsed=0s need=2s
UE 13 TTT_WAIT target=3 elapsed=0s need=2s
UE 15 TTT_WAIT target=2 elapsed=0s need=2s
UE 17 TTT_WAIT target=2 elapsed=0s need=2s
UE 18 TTT_WAIT target=1 elapsed=0s need=2s
UE 22 TTT_WAIT target=3 elapsed=0s need=2s
UE 23 TTT_WAIT target=1 elapsed=0s need=2s
UE 26 TTT_WAIT target=2 elapsed=0s need=2s
UE 28 TTT_WAIT target=4 elapsed=0s need=2s
UE 29 TTT_WAIT target=2 elapsed=0s need=2s
UE 30 TTT_WAIT target=3 elapsed=0s need=2s
UE 31 TTT_WAIT target=7 elapsed=0s need=2s
UE 33 TTT_WAIT target=2 elapsed=0s need=2s
UE 34 TTT_WAIT target=1 elapsed=0s need=2s
UE 35 TTT_WAIT target=2 elapsed=0s need=2s
UE 37 TTT_WAIT target=4 elapsed=0s need=2s
UE 38 TTT_WAIT target=3 elapsed=0s need=2s
UE 40 TTT_WAIT target=6 elapsed=0s need=2s
UE 42 TTT_WAIT target=2 elapsed=0s need=2s
UE 44 TTT_WAIT target=2 elapsed=0s need=2s
UE 46 TTT_WAIT target=7 elapsed=0s need=2s
UE 47 TTT_WAIT target=1 elapsed=0s need=2s
UE 49 TTT_WAIT target=6 elapsed=0s need=2s
UE 50 TTT_WAIT target=4 elapsed=0s need=2s
UE 51 TTT_WAIT target=4 elapsed=0s need=2s
UE 52 TTT_WAIT target=2 elapsed=0s need=2s
UE 57 TTT_WAIT target=2 elapsed=0s need=2s
UAV_AUTONOMY_XAPP Time=8.4 DeploymentMode=tn-uav-satellite UavIndex=0 UavCellId=5 BestDonorCellId=1 BestDonorDistanceM=1451.84 XhaulConnected=1 XhaulChannelVariationDb=0.172433 XhaulState=HEALTHY SatBackhaulHealthy=1 OnboardUavRicAvailable=1 OnboardUavRicState=STANDBY BackhaulMode=TN_DIRECT ControlPath=TN_E2 ActiveUavRic=TN_NEAR_RT_RIC NormalUeHandoverAllowed=1 UavMode=TN_CONTROLLED_COVERAGE_EXTENSION
UAV_AUTONOMY_XAPP Time=8.4 DeploymentMode=tn-uav-satellite UavIndex=1 UavCellId=6 BestDonorCellId=4 BestDonorDistanceM=629.258 XhaulConnected=1 XhaulChannelVariationDb=2.22826 XhaulState=HEALTHY SatBackhaulHealthy=1 OnboardUavRicAvailable=1 OnboardUavRicState=STANDBY BackhaulMode=TN_DIRECT ControlPath=TN_E2 ActiveUavRic=TN_NEAR_RT_RIC NormalUeHandoverAllowed=1 UavMode=TN_CONTROLLED_COVERAGE_EXTENSION
UAV_AUTONOMY_XAPP Time=8.4 DeploymentMode=tn-uav-satellite UavIndex=2 UavCellId=7 BestDonorCellId=1 BestDonorDistanceM=1205.83 XhaulConnected=1 XhaulChannelVariationDb=5.7703 XhaulState=HEALTHY SatBackhaulHealthy=1 OnboardUavRicAvailable=1 OnboardUavRicState=STANDBY BackhaulMode=TN_DIRECT ControlPath=TN_E2 ActiveUavRic=TN_NEAR_RT_RIC NormalUeHandoverAllowed=1 UavMode=TN_CONTROLLED_COVERAGE_EXTENSION
---- LOAD at t=8.5 ----
  cell 1 (TN) load=20/20
  cell 2 (TN) load=11/20
  cell 3 (TN) load=20/20
  cell 4 (TN) load=20/20
  cell 5 (NTN) load=10/10
  cell 6 (NTN) load=10/10
  cell 7 (NTN) load=9/10
LM HO UE=11 rnti=64 6->2 type=TN servingRsrp=-62.4806 targetRsrp=-53.0723 targetLoadReal=11/20 targetLoadEff=11/20
UE 23 TTT_WAIT target=2 elapsed=0s need=2s
UE 31 TTT_WAIT target=2 elapsed=0s need=2s
UE 34 TTT_WAIT target=2 elapsed=0s need=2s
UE 37 TTT_WAIT target=2 elapsed=0s need=2s
LM HO UE=44 rnti=93 3->2 type=TN servingRsrp=-97.2021 targetRsrp=-53.9703 targetLoadReal=11/20 targetLoadEff=12/20
UE 47 TTT_WAIT target=7 elapsed=0s need=2s
UE 59 TTT_WAIT target=7 elapsed=0s need=2s
UE 63 TTT_WAIT target=7 elapsed=0s need=2s
UE 64 TTT_WAIT target=2 elapsed=0s need=2s
UE 65 TTT_WAIT target=2 elapsed=0s need=2s
UE 66 TTT_WAIT target=2 elapsed=0s need=2s
UE 72 TTT_WAIT target=2 elapsed=0s need=2s
UE 73 TTT_WAIT target=2 elapsed=0s need=2s
UE 75 TTT_WAIT target=2 elapsed=0s need=2s
UE 80 TTT_WAIT target=2 elapsed=0s need=2s
UE 81 TTT_WAIT target=2 elapsed=0s need=2s
UE 83 TTT_WAIT target=7 elapsed=0s need=2s
UE 84 TTT_WAIT target=2 elapsed=0s need=2s
UE 85 TTT_WAIT target=2 elapsed=0s need=2s
UE 89 TTT_WAIT target=2 elapsed=0s need=2s
UE 90 TTT_WAIT target=7 elapsed=0s need=2s
UE 92 TTT_WAIT target=7 elapsed=0s need=2s
UE 96 TTT_WAIT target=7 elapsed=0s need=2s
UE 97 TTT_WAIT target=2 elapsed=0s need=2s
UE 99 TTT_WAIT target=7 elapsed=0s need=2s
UE 101 TTT_WAIT target=2 elapsed=0s need=2s
UE 102 TTT_WAIT target=2 elapsed=0s need=2s
UE 103 TTT_WAIT target=7 elapsed=0s need=2s
TRACE HO_SUCCESS Time=8.61507 IMSI=43 TargetCell=2 Type=TN TargetRSRP=-100.406 ServingRSRP=-51.8676 BackhaulDlSnr=-999 BackhaulUlSnr=-999
TRACE HO_SUCCESS Time=8.61507 IMSI=10 TargetCell=2 Type=TN TargetRSRP=-81.4098 ServingRSRP=-45.515 BackhaulDlSnr=-999 BackhaulUlSnr=-999
UAV_AUTONOMY_XAPP Time=10.4 DeploymentMode=tn-uav-satellite UavIndex=0 UavCellId=5 BestDonorCellId=3 BestDonorDistanceM=1623.51 XhaulConnected=1 XhaulChannelVariationDb=1.3721 XhaulState=HEALTHY SatBackhaulHealthy=1 OnboardUavRicAvailable=1 OnboardUavRicState=STANDBY BackhaulMode=TN_DIRECT ControlPath=TN_E2 ActiveUavRic=TN_NEAR_RT_RIC NormalUeHandoverAllowed=1 UavMode=TN_CONTROLLED_COVERAGE_EXTENSION
UAV_AUTONOMY_XAPP Time=10.4 DeploymentMode=tn-uav-satellite UavIndex=1 UavCellId=6 BestDonorCellId=4 BestDonorDistanceM=629.258 XhaulConnected=1 XhaulChannelVariationDb=-7.24567 XhaulState=HEALTHY SatBackhaulHealthy=1 OnboardUavRicAvailable=1 OnboardUavRicState=STANDBY BackhaulMode=TN_DIRECT ControlPath=TN_E2 ActiveUavRic=TN_NEAR_RT_RIC NormalUeHandoverAllowed=1 UavMode=TN_CONTROLLED_COVERAGE_EXTENSION
UAV_AUTONOMY_XAPP Time=10.4 DeploymentMode=tn-uav-satellite UavIndex=2 UavCellId=7 BestDonorCellId=1 BestDonorDistanceM=1205.83 XhaulConnected=1 XhaulChannelVariationDb=5.16465 XhaulState=HEALTHY SatBackhaulHealthy=1 OnboardUavRicAvailable=1 OnboardUavRicState=STANDBY BackhaulMode=TN_DIRECT ControlPath=TN_E2 ActiveUavRic=TN_NEAR_RT_RIC NormalUeHandoverAllowed=1 UavMode=TN_CONTROLLED_COVERAGE_EXTENSION
---- LOAD at t=10.5 ----
  cell 1 (TN) load=20/20
  cell 2 (TN) load=13/20
  cell 3 (TN) load=19/20
  cell 4 (TN) load=20/20
  cell 5 (NTN) load=10/10
  cell 6 (NTN) load=9/10
  cell 7 (NTN) load=9/10
UE 8 TTT_WAIT target=7 elapsed=0s need=2s
UE 11 TTT_WAIT target=6 elapsed=0s need=2s
UE 12 TTT_WAIT target=3 elapsed=0s need=2s
UE 13 TTT_WAIT target=3 elapsed=0s need=2s
UE 16 TTT_WAIT target=2 elapsed=0s need=2s
UE 17 TTT_WAIT target=2 elapsed=0s need=2s
UE 19 TTT_WAIT target=2 elapsed=0s need=2s
UE 21 TTT_WAIT target=7 elapsed=0s need=2s
LM HO UE=23 rnti=22 7->2 type=TN servingRsrp=-82.5001 targetRsrp=-41.648 targetLoadReal=13/20 targetLoadEff=13/20
UE 25 TTT_WAIT target=3 elapsed=0s need=2s
LM HO UE=34 rnti=73 6->2 type=TN servingRsrp=-85.5262 targetRsrp=-77.7239 targetLoadReal=13/20 targetLoadEff=14/20
LM HO UE=37 rnti=52 1->2 type=TN servingRsrp=-90.5467 targetRsrp=-86.4299 targetLoadReal=13/20 targetLoadEff=15/20
UE 38 TTT_WAIT target=3 elapsed=0s need=2s
UE 42 TTT_WAIT target=2 elapsed=0s need=2s
UE 47 TTT_WAIT target=2 elapsed=0s need=2s
UE 50 TTT_WAIT target=6 elapsed=0s need=2s
UE 51 TTT_WAIT target=2 elapsed=0s need=2s
UE 53 TTT_WAIT target=2 elapsed=0s need=2s
UE 54 TTT_WAIT target=6 elapsed=0s need=2s
UE 60 TTT_WAIT target=2 elapsed=0s need=2s
UE 63 TTT_WAIT target=6 elapsed=0s need=2s
LM HO UE=64 rnti=138 4->2 type=TN servingRsrp=-85.1742 targetRsrp=-81.7569 targetLoadReal=13/20 targetLoadEff=16/20
LM HO UE=65 rnti=138 1->2 type=TN servingRsrp=-73.2183 targetRsrp=-61.7482 targetLoadReal=13/20 targetLoadEff=17/20
UE 66 TTT_WAIT target=3 elapsed=0s need=2s
LM HO UE=72 rnti=140 1->2 type=TN servingRsrp=-96.1896 targetRsrp=-70.0737 targetLoadReal=13/20 targetLoadEff=18/20
UE 73 TTT_WAIT target=6 elapsed=0s need=2s
UE 74 TTT_WAIT target=7 elapsed=0s need=2s
LM HO UE=75 rnti=159 3->2 type=TN servingRsrp=-83.7994 targetRsrp=-65.768 targetLoadReal=13/20 targetLoadEff=19/20
UE 78 TTT_WAIT target=3 elapsed=0s need=2s
UE 80 TTT_WAIT target=7 elapsed=0s need=2s
UE 81 TTT_WAIT target=7 elapsed=0s need=2s
UE 82 TTT_WAIT target=6 elapsed=0s need=2s
UE 85 TTT_WAIT target=6 elapsed=0s need=2s
UE 88 TTT_WAIT target=6 elapsed=0s need=2s
UE 90 TTT_WAIT target=3 elapsed=0s need=2s
UE 91 TTT_WAIT target=3 elapsed=0s need=2s
UE 97 TTT_WAIT target=3 elapsed=0s need=2s
UE 98 TTT_WAIT target=3 elapsed=0s need=2s
UE 99 TTT_WAIT target=6 elapsed=0s need=2s
UE 102 TTT_WAIT target=7 elapsed=0s need=2s
UE 103 TTT_WAIT target=3 elapsed=0s need=2s
UE 104 TTT_WAIT target=3 elapsed=0s need=2s
UE 105 TTT_WAIT target=6 elapsed=0s need=2s
UE 106 TTT_WAIT target=3 elapsed=0s need=2s
TRACE HO_SUCCESS Time=10.6151 IMSI=36 TargetCell=2 Type=TN TargetRSRP=-61.6401 ServingRSRP=-70.71 BackhaulDlSnr=-999 BackhaulUlSnr=-999
TRACE HO_SUCCESS Time=10.6151 IMSI=64 TargetCell=2 Type=TN TargetRSRP=-94.3831 ServingRSRP=-58.9238 BackhaulDlSnr=-999 BackhaulUlSnr=-999
TRACE HO_SUCCESS Time=10.6151 IMSI=71 TargetCell=2 Type=TN TargetRSRP=-61.6273 ServingRSRP=-59.6369 BackhaulDlSnr=-999 BackhaulUlSnr=-999
TRACE HO_SUCCESS Time=10.6151 IMSI=74 TargetCell=2 Type=TN TargetRSRP=-80.3403 ServingRSRP=-61.3743 BackhaulDlSnr=-999 BackhaulUlSnr=-999
TRACE HO_SUCCESS Time=10.6151 IMSI=63 TargetCell=2 Type=TN TargetRSRP=-77.3659 ServingRSRP=-69.6102 BackhaulDlSnr=-999 BackhaulUlSnr=-999
TRACE HO_SUCCESS Time=10.6151 IMSI=33 TargetCell=2 Type=TN TargetRSRP=-86.1015 ServingRSRP=-45.4581 BackhaulDlSnr=-999 BackhaulUlSnr=-999
TRACE HO_SUCCESS Time=10.6151 IMSI=22 TargetCell=2 Type=TN TargetRSRP=-59.7733 ServingRSRP=-74.3795 BackhaulDlSnr=-999 BackhaulUlSnr=-999
UAV_AUTONOMY_XAPP Time=12.4 DeploymentMode=tn-uav-satellite UavIndex=0 UavCellId=5 BestDonorCellId=2 BestDonorDistanceM=1906.06 XhaulConnected=1 XhaulChannelVariationDb=2.9061 XhaulState=HEALTHY SatBackhaulHealthy=1 OnboardUavRicAvailable=1 OnboardUavRicState=STANDBY BackhaulMode=TN_DIRECT ControlPath=TN_E2 ActiveUavRic=TN_NEAR_RT_RIC NormalUeHandoverAllowed=1 UavMode=TN_CONTROLLED_COVERAGE_EXTENSION
UAV_AUTONOMY_XAPP Time=12.4 DeploymentMode=tn-uav-satellite UavIndex=1 UavCellId=6 BestDonorCellId=4 BestDonorDistanceM=629.258 XhaulConnected=1 XhaulChannelVariationDb=2.56656 XhaulState=HEALTHY SatBackhaulHealthy=1 OnboardUavRicAvailable=1 OnboardUavRicState=STANDBY BackhaulMode=TN_DIRECT ControlPath=TN_E2 ActiveUavRic=TN_NEAR_RT_RIC NormalUeHandoverAllowed=1 UavMode=TN_CONTROLLED_COVERAGE_EXTENSION
UAV_AUTONOMY_XAPP Time=12.4 DeploymentMode=tn-uav-satellite UavIndex=2 UavCellId=7 BestDonorCellId=2 BestDonorDistanceM=765.017 XhaulConnected=1 XhaulChannelVariationDb=1.04915 XhaulState=HEALTHY SatBackhaulHealthy=1 OnboardUavRicAvailable=1 OnboardUavRicState=STANDBY BackhaulMode=TN_DIRECT ControlPath=TN_E2 ActiveUavRic=TN_NEAR_RT_RIC NormalUeHandoverAllowed=1 UavMode=TN_CONTROLLED_COVERAGE_EXTENSION
---- LOAD at t=12.5 ----
  cell 1 (TN) load=17/20
  cell 2 (TN) load=20/20
  cell 3 (TN) load=18/20
  cell 4 (TN) load=19/20
  cell 5 (NTN) load=10/10
  cell 6 (NTN) load=8/10
  cell 7 (NTN) load=8/10
UE 8 TTT_WAIT target=1 elapsed=0s need=2s
UE 12 TTT_WAIT target=1 elapsed=0s need=2s
LM HO UE=13 rnti=50 1->3 type=TN servingRsrp=-64.2495 targetRsrp=-46.1801 targetLoadReal=18/20 targetLoadEff=18/20
UE 19 TTT_WAIT target=1 elapsed=0s need=2s
UE 20 TTT_WAIT target=3 elapsed=0s need=2s
UE 23 TTT_WAIT target=1 elapsed=0s need=2s
LM HO UE=25 rnti=66 6->3 type=TN servingRsrp=-85.4893 targetRsrp=-67.7422 targetLoadReal=18/20 targetLoadEff=19/20
UE 26 TTT_WAIT target=4 elapsed=0s need=2s
UE 27 TTT_WAIT target=4 elapsed=0s need=2s
UE 31 TTT_WAIT target=1 elapsed=0s need=2s
UE 34 TTT_WAIT target=4 elapsed=0s need=2s
UE 39 TTT_WAIT target=7 elapsed=0s need=2s
UE 47 TTT_WAIT target=1 elapsed=0s need=2s
UE 50 TTT_WAIT target=4 elapsed=0s need=2s
UE 56 TTT_WAIT target=4 elapsed=0s need=2s
UE 57 TTT_WAIT target=1 elapsed=0s need=2s
UE 58 TTT_WAIT target=7 elapsed=0s need=2s
UE 59 TTT_WAIT target=1 elapsed=0s need=2s
UE 62 TTT_WAIT target=7 elapsed=0s need=2s
LM HO UE=63 rnti=155 3->6 type=NTN servingRsrp=-87.919 targetRsrp=-75.1616 targetLoadReal=8/10 targetLoadEff=8/10
UE 68 TTT_WAIT target=1 elapsed=0s need=2s
UE 75 TTT_WAIT target=7 elapsed=0s need=2s
UE 80 TTT_WAIT target=1 elapsed=0s need=2s
UE 81 TTT_WAIT target=6 elapsed=0s need=2s
LM HO UE=82 rnti=144 4->6 type=NTN servingRsrp=-78.2952 targetRsrp=-74.2662 targetLoadReal=8/10 targetLoadEff=9/10
UE 83 TTT_WAIT target=1 elapsed=0s need=2s
UE 84 TTT_WAIT target=7 elapsed=0s need=2s
UE 85 TTT_WAIT target=1 elapsed=0s need=2s
UE 86 TTT_WAIT target=1 elapsed=0s need=2s
UE 90 TTT_WAIT target=4 elapsed=0s need=2s
UE 95 TTT_WAIT target=4 elapsed=0s need=2s
UE 96 TTT_WAIT target=4 elapsed=0s need=2s
UE 102 TTT_WAIT target=4 elapsed=0s need=2s
UE 103 TTT_WAIT target=4 elapsed=0s need=2s
UE 104 TTT_WAIT target=1 elapsed=0s need=2s
TRACE HO_SUCCESS Time=12.6151 IMSI=12 TargetCell=3 Type=TN TargetRSRP=-1e+09 ServingRSRP=-1e+09 BackhaulDlSnr=-999 BackhaulUlSnr=-999
TRACE HO_SUCCESS Time=12.6151 IMSI=24 TargetCell=3 Type=TN TargetRSRP=-1e+09 ServingRSRP=-1e+09 BackhaulDlSnr=-999 BackhaulUlSnr=-999
TRACE HO_SUCCESS Time=12.6151 IMSI=62 TargetCell=6 Type=NTN TargetRSRP=-103.896 ServingRSRP=-69.4895 BackhaulDlSnr=15.793 BackhaulUlSnr=11.2724
TRACE HO_SUCCESS Time=12.6151 IMSI=81 TargetCell=6 Type=NTN TargetRSRP=-107.013 ServingRSRP=-71.2801 BackhaulDlSnr=15.793 BackhaulUlSnr=11.2724
UAV_AUTONOMY_XAPP Time=14.4 DeploymentMode=tn-uav-satellite UavIndex=0 UavCellId=5 BestDonorCellId=1 BestDonorDistanceM=1451.84 XhaulConnected=1 XhaulChannelVariationDb=3.02157 XhaulState=HEALTHY SatBackhaulHealthy=1 OnboardUavRicAvailable=1 OnboardUavRicState=STANDBY BackhaulMode=TN_DIRECT ControlPath=TN_E2 ActiveUavRic=TN_NEAR_RT_RIC NormalUeHandoverAllowed=1 UavMode=TN_CONTROLLED_COVERAGE_EXTENSION
UAV_AUTONOMY_XAPP Time=14.4 DeploymentMode=tn-uav-satellite UavIndex=1 UavCellId=6 BestDonorCellId=4 BestDonorDistanceM=629.258 XhaulConnected=1 XhaulChannelVariationDb=-3.75201 XhaulState=HEALTHY SatBackhaulHealthy=1 OnboardUavRicAvailable=1 OnboardUavRicState=STANDBY BackhaulMode=TN_DIRECT ControlPath=TN_E2 ActiveUavRic=TN_NEAR_RT_RIC NormalUeHandoverAllowed=1 UavMode=TN_CONTROLLED_COVERAGE_EXTENSION
UAV_AUTONOMY_XAPP Time=14.4 DeploymentMode=tn-uav-satellite UavIndex=2 UavCellId=7 BestDonorCellId=2 BestDonorDistanceM=765.017 XhaulConnected=1 XhaulChannelVariationDb=-2.04708 XhaulState=HEALTHY SatBackhaulHealthy=1 OnboardUavRicAvailable=1 OnboardUavRicState=STANDBY BackhaulMode=TN_DIRECT ControlPath=TN_E2 ActiveUavRic=TN_NEAR_RT_RIC NormalUeHandoverAllowed=1 UavMode=TN_CONTROLLED_COVERAGE_EXTENSION
---- LOAD at t=14.5 ----
  cell 1 (TN) load=16/20
  cell 2 (TN) load=20/20
  cell 3 (TN) load=19/20
  cell 4 (TN) load=18/20
  cell 5 (NTN) load=10/10
  cell 6 (NTN) load=9/10
  cell 7 (NTN) load=8/10
UE 11 TTT_WAIT target=4 elapsed=0s need=2s
UE 12 TTT_WAIT target=3 elapsed=0s need=2s
UE 13 TTT_WAIT target=1 elapsed=0s need=2s
UE 15 TTT_WAIT target=4 elapsed=0s need=2s
UE 16 TTT_WAIT target=6 elapsed=0s need=2s
UE 17 TTT_WAIT target=3 elapsed=0s need=2s
UE 22 TTT_WAIT target=6 elapsed=0s need=2s
UE 28 TTT_WAIT target=4 elapsed=0s need=2s
UE 30 TTT_WAIT target=3 elapsed=0s need=2s
UE 31 TTT_WAIT target=3 elapsed=0s need=2s
UE 33 TTT_WAIT target=3 elapsed=0s need=2s
UE 34 TTT_WAIT target=1 elapsed=0s need=2s
UE 39 TTT_WAIT target=3 elapsed=0s need=2s
UE 41 TTT_WAIT target=3 elapsed=0s need=2s
UE 44 TTT_WAIT target=3 elapsed=0s need=2s
UE 45 TTT_WAIT target=7 elapsed=0s need=2s
LM HO UE=47 rnti=94 3->1 type=TN servingRsrp=-78.2151 targetRsrp=-68.6661 targetLoadReal=16/20 targetLoadEff=16/20
LM HO UE=50 rnti=95 3->4 type=TN servingRsrp=-93.6257 targetRsrp=-68.6401 targetLoadReal=18/20 targetLoadEff=18/20
UE 51 TTT_WAIT target=1 elapsed=0s need=2s
UE 52 TTT_WAIT target=7 elapsed=0s need=2s
UE 57 TTT_WAIT target=7 elapsed=0s need=2s
UE 59 TTT_WAIT target=4 elapsed=0s need=2s
UE 62 TTT_WAIT target=3 elapsed=0s need=2s
UE 63 TTT_WAIT target=3 elapsed=0s need=2s
UE 64 TTT_WAIT target=4 elapsed=0s need=2s
UE 65 TTT_WAIT target=1 elapsed=0s need=2s
UE 66 TTT_WAIT target=3 elapsed=0s need=2s
UE 72 TTT_WAIT target=3 elapsed=0s need=2s
UE 74 TTT_WAIT target=1 elapsed=0s need=2s
UE 76 TTT_WAIT target=3 elapsed=0s need=2s
UE 78 TTT_WAIT target=3 elapsed=0s need=2s
UE 80 TTT_WAIT target=4 elapsed=0s need=2s
UE 81 TTT_WAIT target=1 elapsed=0s need=2s
UE 82 TTT_WAIT target=3 elapsed=0s need=2s
UE 83 TTT_WAIT target=3 elapsed=0s need=2s
UE 84 TTT_WAIT target=3 elapsed=0s need=2s
UE 85 TTT_WAIT target=3 elapsed=0s need=2s
UE 89 TTT_WAIT target=3 elapsed=0s need=2s
UE 90 TTT_WAIT target=3 elapsed=0s need=2s
UE 91 TTT_WAIT target=1 elapsed=0s need=2s
UE 92 TTT_WAIT target=3 elapsed=0s need=2s
UE 93 TTT_WAIT target=6 elapsed=0s need=2s
LM HO UE=95 rnti=69 7->4 type=TN servingRsrp=-84.9886 targetRsrp=-44.6625 targetLoadReal=18/20 targetLoadEff=19/20
UE 98 TTT_WAIT target=1 elapsed=0s need=2s
UE 99 TTT_WAIT target=7 elapsed=0s need=2s
UE 100 TTT_WAIT target=7 elapsed=0s need=2s
UE 102 TTT_WAIT target=3 elapsed=0s need=2s
UE 106 TTT_WAIT target=3 elapsed=0s need=2s
UE 107 TTT_WAIT target=1 elapsed=0s need=2s
TRACE HO_SUCCESS Time=14.6151 IMSI=46 TargetCell=1 Type=TN TargetRSRP=-63.56 ServingRSRP=-44.6021 BackhaulDlSnr=-999 BackhaulUlSnr=-999
TRACE HO_SUCCESS Time=14.6151 IMSI=49 TargetCell=4 Type=TN TargetRSRP=-1e+09 ServingRSRP=-1e+09 BackhaulDlSnr=-999 BackhaulUlSnr=-999
TRACE HO_SUCCESS Time=14.6151 IMSI=94 TargetCell=4 Type=TN TargetRSRP=-1e+09 ServingRSRP=-1e+09 BackhaulDlSnr=-999 BackhaulUlSnr=-999
UAV_AUTONOMY_XAPP Time=16.4 DeploymentMode=tn-uav-satellite UavIndex=0 UavCellId=5 BestDonorCellId=1 BestDonorDistanceM=1451.84 XhaulConnected=1 XhaulChannelVariationDb=-1.35744 XhaulState=HEALTHY SatBackhaulHealthy=1 OnboardUavRicAvailable=1 OnboardUavRicState=STANDBY BackhaulMode=TN_DIRECT ControlPath=TN_E2 ActiveUavRic=TN_NEAR_RT_RIC NormalUeHandoverAllowed=1 UavMode=TN_CONTROLLED_COVERAGE_EXTENSION
UAV_AUTONOMY_XAPP Time=16.4 DeploymentMode=tn-uav-satellite UavIndex=1 UavCellId=6 BestDonorCellId=4 BestDonorDistanceM=440.835 XhaulConnected=1 XhaulChannelVariationDb=-2.66666 XhaulState=HEALTHY SatBackhaulHealthy=1 OnboardUavRicAvailable=1 OnboardUavRicState=STANDBY BackhaulMode=TN_DIRECT ControlPath=TN_E2 ActiveUavRic=TN_NEAR_RT_RIC NormalUeHandoverAllowed=1 UavMode=TN_CONTROLLED_COVERAGE_EXTENSION
UAV_AUTONOMY_XAPP Time=16.4 DeploymentMode=tn-uav-satellite UavIndex=2 UavCellId=7 BestDonorCellId=1 BestDonorDistanceM=1695.83 XhaulConnected=1 XhaulChannelVariationDb=3.43702 XhaulState=HEALTHY SatBackhaulHealthy=1 OnboardUavRicAvailable=1 OnboardUavRicState=STANDBY BackhaulMode=TN_DIRECT ControlPath=TN_E2 ActiveUavRic=TN_NEAR_RT_RIC NormalUeHandoverAllowed=1 UavMode=TN_CONTROLLED_COVERAGE_EXTENSION
---- LOAD at t=16.5 ----
  cell 1 (TN) load=17/20
  cell 2 (TN) load=20/20
  cell 3 (TN) load=17/20
  cell 4 (TN) load=20/20
  cell 5 (NTN) load=10/10
  cell 6 (NTN) load=9/10
  cell 7 (NTN) load=7/10
UE 8 TTT_WAIT target=1 elapsed=0s need=2s
UE 11 TTT_WAIT target=1 elapsed=0s need=2s
UE 12 TTT_WAIT target=1 elapsed=0s need=2s
LM HO UE=13 rnti=171 3->1 type=TN servingRsrp=-70.7809 targetRsrp=-36.6778 targetLoadReal=17/20 targetLoadEff=17/20
UE 16 TTT_WAIT target=3 elapsed=0s need=2s
UE 17 TTT_WAIT target=1 elapsed=0s need=2s
UE 19 TTT_WAIT target=1 elapsed=0s need=2s
UE 21 TTT_WAIT target=7 elapsed=0s need=2s
UE 22 TTT_WAIT target=7 elapsed=0s need=2s
UE 23 TTT_WAIT target=3 elapsed=0s need=2s
UE 25 TTT_WAIT target=1 elapsed=0s need=2s
UE 26 TTT_WAIT target=6 elapsed=0s need=2s
UE 29 TTT_WAIT target=3 elapsed=0s need=2s
LM HO UE=30 rnti=84 5->3 type=TN servingRsrp=-82.0383 targetRsrp=-66.6031 targetLoadReal=17/20 targetLoadEff=17/20
UE 33 TTT_WAIT target=1 elapsed=0s need=2s
UE 34 TTT_WAIT target=7 elapsed=0s need=2s
UE 41 TTT_WAIT target=6 elapsed=0s need=2s
UE 42 TTT_WAIT target=7 elapsed=0s need=2s
UE 50 TTT_WAIT target=3 elapsed=0s need=2s
LM HO UE=51 rnti=96 3->1 type=TN servingRsrp=-91.9781 targetRsrp=-82.7248 targetLoadReal=17/20 targetLoadEff=18/20
UE 59 TTT_WAIT target=7 elapsed=0s need=2s
UE 63 TTT_WAIT target=1 elapsed=0s need=2s
UE 64 TTT_WAIT target=1 elapsed=0s need=2s
UE 68 TTT_WAIT target=1 elapsed=0s need=2s
UE 72 TTT_WAIT target=1 elapsed=0s need=2s
UE 75 TTT_WAIT target=3 elapsed=0s need=2s
UE 76 TTT_WAIT target=1 elapsed=0s need=2s
UE 77 TTT_WAIT target=6 elapsed=0s need=2s
LM HO UE=78 rnti=141 1->3 type=TN servingRsrp=-59.946 targetRsrp=-52.718 targetLoadReal=17/20 targetLoadEff=18/20
LM HO UE=83 rnti=74 2->3 type=TN servingRsrp=-88.7262 targetRsrp=-78.243 targetLoadReal=17/20 targetLoadEff=19/20
UE 86 TTT_WAIT target=7 elapsed=0s need=2s
UE 90 TTT_WAIT target=6 elapsed=0s need=2s
LM HO UE=91 rnti=163 4->1 type=TN servingRsrp=-76.6136 targetRsrp=-49.5424 targetLoadReal=17/20 targetLoadEff=19/20
UE 99 TTT_WAIT target=6 elapsed=0s need=2s
LM HO UE=100 rnti=77 2->7 type=NTN servingRsrp=-76.4494 targetRsrp=-72.9117 targetLoadReal=7/10 targetLoadEff=7/10
UE 102 TTT_WAIT target=7 elapsed=0s need=2s
UE 104 TTT_WAIT target=7 elapsed=0s need=2s
UE 105 TTT_WAIT target=6 elapsed=0s need=2s
TRACE HO_SUCCESS Time=16.6151 IMSI=12 TargetCell=1 Type=TN TargetRSRP=-70.5138 ServingRSRP=-76.239 BackhaulDlSnr=-999 BackhaulUlSnr=-999
TRACE HO_SUCCESS Time=16.6151 IMSI=50 TargetCell=1 Type=TN TargetRSRP=-102.018 ServingRSRP=-66.6517 BackhaulDlSnr=-999 BackhaulUlSnr=-999
TRACE HO_SUCCESS Time=16.6151 IMSI=90 TargetCell=1 Type=TN TargetRSRP=-91.8413 ServingRSRP=-62.2653 BackhaulDlSnr=-999 BackhaulUlSnr=-999
TRACE HO_SUCCESS Time=16.6151 IMSI=77 TargetCell=3 Type=TN TargetRSRP=-1e+09 ServingRSRP=-1e+09 BackhaulDlSnr=-999 BackhaulUlSnr=-999
TRACE HO_SUCCESS Time=16.6151 IMSI=82 TargetCell=3 Type=TN TargetRSRP=-1e+09 ServingRSRP=-1e+09 BackhaulDlSnr=-999 BackhaulUlSnr=-999
TRACE HO_SUCCESS Time=16.6151 IMSI=29 TargetCell=3 Type=TN TargetRSRP=-1e+09 ServingRSRP=-1e+09 BackhaulDlSnr=-999 BackhaulUlSnr=-999
TRACE HO_SUCCESS Time=16.6151 IMSI=99 TargetCell=7 Type=NTN TargetRSRP=-95.4437 ServingRSRP=-74.6929 BackhaulDlSnr=12.519 BackhaulUlSnr=7.99841
UAV_AUTONOMY_XAPP Time=18.4 DeploymentMode=tn-uav-satellite UavIndex=0 UavCellId=5 BestDonorCellId=1 BestDonorDistanceM=1987.58 XhaulConnected=1 XhaulChannelVariationDb=1.51246 XhaulState=HEALTHY SatBackhaulHealthy=1 OnboardUavRicAvailable=1 OnboardUavRicState=STANDBY BackhaulMode=TN_DIRECT ControlPath=TN_E2 ActiveUavRic=TN_NEAR_RT_RIC NormalUeHandoverAllowed=1 UavMode=TN_CONTROLLED_COVERAGE_EXTENSION
UAV_AUTONOMY_XAPP Time=18.4 DeploymentMode=tn-uav-satellite UavIndex=1 UavCellId=6 BestDonorCellId=4 BestDonorDistanceM=1221.65 XhaulConnected=1 XhaulChannelVariationDb=-0.297647 XhaulState=HEALTHY SatBackhaulHealthy=1 OnboardUavRicAvailable=1 OnboardUavRicState=STANDBY BackhaulMode=TN_DIRECT ControlPath=TN_E2 ActiveUavRic=TN_NEAR_RT_RIC NormalUeHandoverAllowed=1 UavMode=TN_CONTROLLED_COVERAGE_EXTENSION
UAV_AUTONOMY_XAPP Time=18.4 DeploymentMode=tn-uav-satellite UavIndex=2 UavCellId=7 BestDonorCellId=4 BestDonorDistanceM=1156.93 XhaulConnected=1 XhaulChannelVariationDb=-1.22186 XhaulState=HEALTHY SatBackhaulHealthy=1 OnboardUavRicAvailable=1 OnboardUavRicState=STANDBY BackhaulMode=TN_DIRECT ControlPath=TN_E2 ActiveUavRic=TN_NEAR_RT_RIC NormalUeHandoverAllowed=1 UavMode=TN_CONTROLLED_COVERAGE_EXTENSION
---- LOAD at t=18.5 ----
  cell 1 (TN) load=19/20
  cell 2 (TN) load=18/20
  cell 3 (TN) load=18/20
  cell 4 (TN) load=19/20
  cell 5 (NTN) load=9/10
  cell 6 (NTN) load=9/10
  cell 7 (NTN) load=8/10
UE 9 TTT_WAIT target=1 elapsed=0s need=2s
UE 12 TTT_WAIT target=2 elapsed=0s need=2s
UE 15 TTT_WAIT target=1 elapsed=0s need=2s
LM HO UE=17 rnti=65 6->1 type=TN servingRsrp=-73.8554 targetRsrp=-48.3354 targetLoadReal=19/20 targetLoadEff=19/20
UE 19 TTT_WAIT target=7 elapsed=0s need=2s
UE 22 TTT_WAIT target=3 elapsed=0s need=2s
UE 23 TTT_WAIT target=7 elapsed=0s need=2s
UE 24 TTT_WAIT target=4 elapsed=0s need=2s
UE 25 TTT_WAIT target=4 elapsed=0s need=2s
UE 27 TTT_WAIT target=4 elapsed=0s need=2s
UE 28 TTT_WAIT target=4 elapsed=0s need=2s
UE 30 TTT_WAIT target=5 elapsed=0s need=2s
UE 33 TTT_WAIT target=2 elapsed=0s need=2s
UE 34 TTT_WAIT target=6 elapsed=0s need=2s
UE 35 TTT_WAIT target=3 elapsed=0s need=2s
UE 36 TTT_WAIT target=3 elapsed=0s need=2s
UE 37 TTT_WAIT target=4 elapsed=0s need=2s
UE 41 TTT_WAIT target=3 elapsed=0s need=2s
UE 42 TTT_WAIT target=2 elapsed=0s need=2s
UE 44 TTT_WAIT target=6 elapsed=0s need=2s
UE 45 TTT_WAIT target=2 elapsed=0s need=2s
UE 47 TTT_WAIT target=7 elapsed=0s need=2s
UE 48 TTT_WAIT target=4 elapsed=0s need=2s
UE 49 TTT_WAIT target=6 elapsed=0s need=2s
UE 50 TTT_WAIT target=2 elapsed=0s need=2s
UE 51 TTT_WAIT target=3 elapsed=0s need=2s
UE 52 TTT_WAIT target=3 elapsed=0s need=2s
UE 53 TTT_WAIT target=7 elapsed=0s need=2s
UE 54 TTT_WAIT target=4 elapsed=0s need=2s
UE 55 TTT_WAIT target=4 elapsed=0s need=2s
UE 58 TTT_WAIT target=3 elapsed=0s need=2s
UE 59 TTT_WAIT target=5 elapsed=0s need=2s
UE 60 TTT_WAIT target=5 elapsed=0s need=2s
UE 61 TTT_WAIT target=4 elapsed=0s need=2s
UE 62 TTT_WAIT target=3 elapsed=0s need=2s
UE 63 TTT_WAIT target=4 elapsed=0s need=2s
UE 64 TTT_WAIT target=4 elapsed=0s need=2s
UE 65 TTT_WAIT target=3 elapsed=0s need=2s
UE 67 TTT_WAIT target=2 elapsed=0s need=2s
UE 68 TTT_WAIT target=4 elapsed=0s need=2s
UE 69 TTT_WAIT target=7 elapsed=0s need=2s
UE 72 TTT_WAIT target=3 elapsed=0s need=2s
UE 73 TTT_WAIT target=2 elapsed=0s need=2s
UE 74 TTT_WAIT target=2 elapsed=0s need=2s
UE 75 TTT_WAIT target=5 elapsed=0s need=2s
UE 80 TTT_WAIT target=4 elapsed=0s need=2s
UE 82 TTT_WAIT target=4 elapsed=0s need=2s
UE 83 TTT_WAIT target=7 elapsed=0s need=2s
UE 86 TTT_WAIT target=2 elapsed=0s need=2s
UE 87 TTT_WAIT target=3 elapsed=0s need=2s
UE 88 TTT_WAIT target=6 elapsed=0s need=2s
UE 90 TTT_WAIT target=4 elapsed=0s need=2s
UE 91 TTT_WAIT target=3 elapsed=0s need=2s
UE 92 TTT_WAIT target=7 elapsed=0s need=2s
UE 94 TTT_WAIT target=3 elapsed=0s need=2s
UE 95 TTT_WAIT target=7 elapsed=0s need=2s
UE 96 TTT_WAIT target=7 elapsed=0s need=2s
UE 98 TTT_WAIT target=3 elapsed=0s need=2s
UE 99 TTT_WAIT target=5 elapsed=0s need=2s
UE 100 TTT_WAIT target=3 elapsed=0s need=2s
UE 101 TTT_WAIT target=7 elapsed=0s need=2s
UE 102 TTT_WAIT target=2 elapsed=0s need=2s
UE 105 TTT_WAIT target=4 elapsed=0s need=2s
UE 106 TTT_WAIT target=5 elapsed=0s need=2s
UE 107 TTT_WAIT target=3 elapsed=0s need=2s
TRACE HO_SUCCESS Time=18.6151 IMSI=16 TargetCell=1 Type=TN TargetRSRP=-1e+09 ServingRSRP=-1e+09 BackhaulDlSnr=-999 BackhaulUlSnr=-999
UAV_AUTONOMY_XAPP Time=20.4 DeploymentMode=tn-uav-satellite UavIndex=0 UavCellId=5 BestDonorCellId=3 BestDonorDistanceM=1431.43 XhaulConnected=1 XhaulChannelVariationDb=-2.05738 XhaulState=HEALTHY SatBackhaulHealthy=1 OnboardUavRicAvailable=1 OnboardUavRicState=STANDBY BackhaulMode=TN_DIRECT ControlPath=TN_E2 ActiveUavRic=TN_NEAR_RT_RIC NormalUeHandoverAllowed=1 UavMode=TN_CONTROLLED_COVERAGE_EXTENSION
UAV_AUTONOMY_XAPP Time=20.4 DeploymentMode=tn-uav-satellite UavIndex=1 UavCellId=6 BestDonorCellId=4 BestDonorDistanceM=2167.24 XhaulConnected=1 XhaulChannelVariationDb=-4.72636 XhaulState=DEGRADED SatBackhaulHealthy=1 OnboardUavRicAvailable=1 OnboardUavRicState=ACTIVE BackhaulMode=SATELLITE_FALLBACK ControlPath=ONBOARD_LOCAL_CONTROL_WITH_SAT_FEEDBACK ActiveUavRic=ONBOARD_UAV_RIC NormalUeHandoverAllowed=1 UavMode=ONBOARD_AUTONOMY_WITH_SATELLITE_BACKHAUL
UAV_AUTONOMY_XAPP Time=20.4 DeploymentMode=tn-uav-satellite UavIndex=2 UavCellId=7 BestDonorCellId=4 BestDonorDistanceM=1092.45 XhaulConnected=1 XhaulChannelVariationDb=1.67812 XhaulState=HEALTHY SatBackhaulHealthy=1 OnboardUavRicAvailable=1 OnboardUavRicState=STANDBY BackhaulMode=TN_DIRECT ControlPath=TN_E2 ActiveUavRic=TN_NEAR_RT_RIC NormalUeHandoverAllowed=1 UavMode=TN_CONTROLLED_COVERAGE_EXTENSION
---- LOAD at t=20.5 ----
  cell 1 (TN) load=20/20
  cell 2 (TN) load=18/20
  cell 3 (TN) load=18/20
  cell 4 (TN) load=19/20
  cell 5 (NTN) load=9/10
  cell 6 (NTN) load=8/10
  cell 7 (NTN) load=8/10
UE 17 TTT_WAIT target=3 elapsed=0s need=2s
UE 19 TTT_WAIT target=3 elapsed=0s need=2s
UE 24 TTT_WAIT target=3 elapsed=0s need=2s
UE 25 TTT_WAIT target=2 elapsed=0s need=2s
UE 27 TTT_WAIT target=3 elapsed=0s need=2s
UE 29 TTT_WAIT target=3 elapsed=0s need=2s
UE 30 TTT_WAIT target=2 elapsed=0s need=2s
LM HO UE=33 rnti=23 7->2 type=TN servingRsrp=-90.8299 targetRsrp=-65.0118 targetLoadReal=18/20 targetLoadEff=18/20
UE 34 TTT_WAIT target=3 elapsed=0s need=2s
UE 38 TTT_WAIT target=3 elapsed=0s need=2s
UE 39 TTT_WAIT target=4 elapsed=0s need=2s
UE 40 TTT_WAIT target=5 elapsed=0s need=2s
UE 41 TTT_WAIT target=6 elapsed=0s need=2s
UE 43 TTT_WAIT target=5 elapsed=0s need=2s
UE 45 TTT_WAIT target=5 elapsed=0s need=2s
UE 46 TTT_WAIT target=7 elapsed=0s need=2s
UE 47 TTT_WAIT target=2 elapsed=0s need=2s
UE 48 TTT_WAIT target=2 elapsed=0s need=2s
UE 50 TTT_WAIT target=3 elapsed=0s need=2s
UE 53 TTT_WAIT target=5 elapsed=0s need=2s
UE 55 TTT_WAIT target=7 elapsed=0s need=2s
UE 58 TTT_WAIT target=2 elapsed=0s need=2s
UE 59 TTT_WAIT target=2 elapsed=0s need=2s
UE 60 TTT_WAIT target=2 elapsed=0s need=2s
LM HO UE=61 rnti=85 6->4 type=TN servingRsrp=-96.8175 targetRsrp=-68.2926 targetLoadReal=19/20 targetLoadEff=19/20
UE 63 TTT_WAIT target=3 elapsed=0s need=2s
UE 64 TTT_WAIT target=7 elapsed=0s need=2s
LM HO UE=65 rnti=96 2->3 type=TN servingRsrp=-89.0817 targetRsrp=-86.3588 targetLoadReal=18/20 targetLoadEff=18/20
UE 66 TTT_WAIT target=7 elapsed=0s need=2s
LM HO UE=67 rnti=156 3->2 type=TN servingRsrp=-84.4675 targetRsrp=-76.2723 targetLoadReal=18/20 targetLoadEff=19/20
LM HO UE=69 rnti=139 4->7 type=NTN servingRsrp=-68.411 targetRsrp=-49.309 targetLoadReal=8/10 targetLoadEff=8/10
UE 71 TTT_WAIT target=3 elapsed=0s need=2s
UE 75 TTT_WAIT target=3 elapsed=0s need=2s
UE 76 TTT_WAIT target=3 elapsed=0s need=2s
UE 78 TTT_WAIT target=5 elapsed=0s need=2s
UE 82 TTT_WAIT target=3 elapsed=0s need=2s
LM HO UE=83 rnti=175 3->7 type=NTN servingRsrp=-94.0688 targetRsrp=-66.7769 targetLoadReal=8/10 targetLoadEff=9/10
LM HO UE=87 rnti=68 7->3 type=TN servingRsrp=-98.4305 targetRsrp=-85.8526 targetLoadReal=18/20 targetLoadEff=19/20
UE 88 TTT_WAIT target=5 elapsed=0s need=2s
UE 89 TTT_WAIT target=5 elapsed=0s need=2s
UE 91 TTT_WAIT target=5 elapsed=0s need=2s
UE 102 TTT_WAIT target=6 elapsed=0s need=2s
UE 103 TTT_WAIT target=5 elapsed=0s need=2s
UE 104 TTT_WAIT target=5 elapsed=0s need=2s
LM HO UE=106 rnti=80 2->5 type=NTN servingRsrp=-88.9489 targetRsrp=-78.6602 targetLoadReal=9/10 targetLoadEff=9/10
TRACE HO_SUCCESS Time=20.6151 IMSI=66 TargetCell=2 Type=TN TargetRSRP=-1e+09 ServingRSRP=-1e+09 BackhaulDlSnr=-999 BackhaulUlSnr=-999
TRACE HO_SUCCESS Time=20.6151 IMSI=32 TargetCell=2 Type=TN TargetRSRP=-92.0629 ServingRSRP=-62.4401 BackhaulDlSnr=-999 BackhaulUlSnr=-999
TRACE HO_SUCCESS Time=20.6151 IMSI=64 TargetCell=3 Type=TN TargetRSRP=-1e+09 ServingRSRP=-1e+09 BackhaulDlSnr=-999 BackhaulUlSnr=-999
TRACE HO_SUCCESS Time=20.6151 IMSI=86 TargetCell=3 Type=TN TargetRSRP=-1e+09 ServingRSRP=-1e+09 BackhaulDlSnr=-999 BackhaulUlSnr=-999
TRACE HO_SUCCESS Time=20.6151 IMSI=60 TargetCell=4 Type=TN TargetRSRP=-86.3564 ServingRSRP=-63.4837 BackhaulDlSnr=-999 BackhaulUlSnr=-999
TRACE HO_SUCCESS Time=20.6151 IMSI=105 TargetCell=5 Type=NTN TargetRSRP=-1e+09 ServingRSRP=-1e+09 BackhaulDlSnr=14.1182 BackhaulUlSnr=9.59758
TRACE HO_SUCCESS Time=20.6151 IMSI=82 TargetCell=7 Type=NTN TargetRSRP=-87.7374 ServingRSRP=-50.8887 BackhaulDlSnr=10.6972 BackhaulUlSnr=6.17662
TRACE HO_SUCCESS Time=20.6151 IMSI=68 TargetCell=7 Type=NTN TargetRSRP=-70.3346 ServingRSRP=-72.1938 BackhaulDlSnr=10.6972 BackhaulUlSnr=6.17662
UAV_AUTONOMY_XAPP Time=22.4 DeploymentMode=tn-uav-satellite UavIndex=0 UavCellId=5 BestDonorCellId=3 BestDonorDistanceM=1138.24 XhaulConnected=1 XhaulChannelVariationDb=3.91691 XhaulState=HEALTHY SatBackhaulHealthy=1 OnboardUavRicAvailable=1 OnboardUavRicState=STANDBY BackhaulMode=TN_DIRECT ControlPath=TN_E2 ActiveUavRic=TN_NEAR_RT_RIC NormalUeHandoverAllowed=1 UavMode=TN_CONTROLLED_COVERAGE_EXTENSION
UAV_AUTONOMY_XAPP Time=22.4 DeploymentMode=tn-uav-satellite UavIndex=1 UavCellId=6 BestDonorCellId=4 BestDonorDistanceM=3138.79 XhaulConnected=1 XhaulChannelVariationDb=-2.96853 XhaulState=DEGRADED SatBackhaulHealthy=1 OnboardUavRicAvailable=1 OnboardUavRicState=ACTIVE BackhaulMode=SATELLITE_FALLBACK ControlPath=ONBOARD_LOCAL_CONTROL_WITH_SAT_FEEDBACK ActiveUavRic=ONBOARD_UAV_RIC NormalUeHandoverAllowed=1 UavMode=ONBOARD_AUTONOMY_WITH_SATELLITE_BACKHAUL
UAV_AUTONOMY_XAPP Time=22.4 DeploymentMode=tn-uav-satellite UavIndex=2 UavCellId=7 BestDonorCellId=4 BestDonorDistanceM=1090.51 XhaulConnected=1 XhaulChannelVariationDb=0.883865 XhaulState=HEALTHY SatBackhaulHealthy=1 OnboardUavRicAvailable=1 OnboardUavRicState=STANDBY BackhaulMode=TN_DIRECT ControlPath=TN_E2 ActiveUavRic=TN_NEAR_RT_RIC NormalUeHandoverAllowed=1 UavMode=TN_CONTROLLED_COVERAGE_EXTENSION
---- LOAD at t=22.5 ----
  cell 1 (TN) load=20/20
  cell 2 (TN) load=18/20
  cell 3 (TN) load=18/20
  cell 4 (TN) load=19/20
  cell 5 (NTN) load=10/10
  cell 6 (NTN) load=7/10
  cell 7 (NTN) load=8/10
UE 9 TTT_WAIT target=3 elapsed=0s need=2s
UE 11 TTT_WAIT target=4 elapsed=0s need=2s
UE 13 TTT_WAIT target=3 elapsed=0s need=2s
UE 16 TTT_WAIT target=2 elapsed=0s need=2s
UE 17 TTT_WAIT target=2 elapsed=0s need=2s
LM HO UE=19 rnti=73 5->3 type=TN servingRsrp=-85.2868 targetRsrp=-56.0378 targetLoadReal=18/20 targetLoadEff=18/20
UE 20 TTT_WAIT target=2 elapsed=0s need=2s
UE 23 TTT_WAIT target=3 elapsed=0s need=2s
UE 24 TTT_WAIT target=2 elapsed=0s need=2s
UE 26 TTT_WAIT target=2 elapsed=0s need=2s
UE 27 TTT_WAIT target=4 elapsed=0s need=2s
UE 28 TTT_WAIT target=2 elapsed=0s need=2s
UE 30 TTT_WAIT target=7 elapsed=0s need=2s
UE 31 TTT_WAIT target=2 elapsed=0s need=2s
UE 34 TTT_WAIT target=4 elapsed=0s need=2s
UE 41 TTT_WAIT target=7 elapsed=0s need=2s
UE 42 TTT_WAIT target=4 elapsed=0s need=2s
UE 47 TTT_WAIT target=3 elapsed=0s need=2s
LM HO UE=48 rnti=76 6->2 type=TN servingRsrp=-109.386 targetRsrp=-66.5209 targetLoadReal=18/20 targetLoadEff=18/20
LM HO UE=50 rnti=165 4->3 type=TN servingRsrp=-98.2178 targetRsrp=-60.5941 targetLoadReal=18/20 targetLoadEff=19/20
UE 51 TTT_WAIT target=2 elapsed=0s need=2s
UE 55 TTT_WAIT target=4 elapsed=0s need=2s
LM HO UE=59 rnti=153 3->2 type=TN servingRsrp=-86.8659 targetRsrp=-80.8916 targetLoadReal=18/20 targetLoadEff=19/20
UE 64 TTT_WAIT target=4 elapsed=0s need=2s
UE 67 TTT_WAIT target=7 elapsed=0s need=2s
UE 69 TTT_WAIT target=4 elapsed=0s need=2s
UE 72 TTT_WAIT target=4 elapsed=0s need=2s
UE 77 TTT_WAIT target=7 elapsed=0s need=2s
UE 80 TTT_WAIT target=7 elapsed=0s need=2s
UE 82 TTT_WAIT target=7 elapsed=0s need=2s
UE 86 TTT_WAIT target=7 elapsed=0s need=2s
UE 91 TTT_WAIT target=4 elapsed=0s need=2s
UE 100 TTT_WAIT target=4 elapsed=0s need=2s
UE 101 TTT_WAIT target=7 elapsed=0s need=2s
UE 102 TTT_WAIT target=4 elapsed=0s need=2s
UE 104 TTT_WAIT target=7 elapsed=0s need=2s
UE 105 TTT_WAIT target=4 elapsed=0s need=2s
UE 107 TTT_WAIT target=6 elapsed=0s need=2s
TRACE HO_SUCCESS Time=22.6151 IMSI=58 TargetCell=2 Type=TN TargetRSRP=-1e+09 ServingRSRP=-1e+09 BackhaulDlSnr=-999 BackhaulUlSnr=-999
TRACE HO_SUCCESS Time=22.6151 IMSI=47 TargetCell=2 Type=TN TargetRSRP=-1e+09 ServingRSRP=-1e+09 BackhaulDlSnr=-999 BackhaulUlSnr=-999
TRACE HO_SUCCESS Time=22.6151 IMSI=49 TargetCell=3 Type=TN TargetRSRP=-1e+09 ServingRSRP=-1e+09 BackhaulDlSnr=-999 BackhaulUlSnr=-999
TRACE HO_SUCCESS Time=22.6151 IMSI=18 TargetCell=3 Type=TN TargetRSRP=-1e+09 ServingRSRP=-1e+09 BackhaulDlSnr=-999 BackhaulUlSnr=-999
UAV_AUTONOMY_XAPP Time=24.4 DeploymentMode=tn-uav-satellite UavIndex=0 UavCellId=5 BestDonorCellId=4 BestDonorDistanceM=4540.22 XhaulConnected=1 XhaulChannelVariationDb=3.31157 XhaulState=HEALTHY SatBackhaulHealthy=1 OnboardUavRicAvailable=1 OnboardUavRicState=STANDBY BackhaulMode=TN_DIRECT ControlPath=TN_E2 ActiveUavRic=TN_NEAR_RT_RIC NormalUeHandoverAllowed=1 UavMode=TN_CONTROLLED_COVERAGE_EXTENSION
UAV_AUTONOMY_XAPP Time=24.4 DeploymentMode=tn-uav-satellite UavIndex=1 UavCellId=6 BestDonorCellId=4 BestDonorDistanceM=3839.09 XhaulConnected=1 XhaulChannelVariationDb=1.30617 XhaulState=HEALTHY SatBackhaulHealthy=1 OnboardUavRicAvailable=1 OnboardUavRicState=STANDBY BackhaulMode=TN_DIRECT ControlPath=TN_E2 ActiveUavRic=TN_NEAR_RT_RIC NormalUeHandoverAllowed=1 UavMode=TN_CONTROLLED_COVERAGE_EXTENSION
UAV_AUTONOMY_XAPP Time=24.4 DeploymentMode=tn-uav-satellite UavIndex=2 UavCellId=7 BestDonorCellId=4 BestDonorDistanceM=1201.13 XhaulConnected=1 XhaulChannelVariationDb=-0.620743 XhaulState=HEALTHY SatBackhaulHealthy=1 OnboardUavRicAvailable=1 OnboardUavRicState=STANDBY BackhaulMode=TN_DIRECT ControlPath=TN_E2 ActiveUavRic=TN_NEAR_RT_RIC NormalUeHandoverAllowed=1 UavMode=TN_CONTROLLED_COVERAGE_EXTENSION
---- LOAD at t=24.5 ----
  cell 1 (TN) load=20/20
  cell 2 (TN) load=20/20
  cell 3 (TN) load=19/20
  cell 4 (TN) load=18/20
  cell 5 (NTN) load=9/10
  cell 6 (NTN) load=6/10
  cell 7 (NTN) load=8/10
UE 8 TTT_WAIT target=7 elapsed=0s need=2s
UE 12 TTT_WAIT target=3 elapsed=0s need=2s
UE 15 TTT_WAIT target=7 elapsed=0s need=2s
UE 17 TTT_WAIT target=3 elapsed=0s need=2s
UE 21 TTT_WAIT target=7 elapsed=0s need=2s
UE 24 TTT_WAIT target=3 elapsed=0s need=2s
UE 25 TTT_WAIT target=4 elapsed=0s need=2s
LM HO UE=27 rnti=67 6->4 type=TN servingRsrp=-90.6354 targetRsrp=-81.4659 targetLoadReal=18/20 targetLoadEff=18/20
UE 28 TTT_WAIT target=4 elapsed=0s need=2s
UE 30 TTT_WAIT target=5 elapsed=0s need=2s
UE 31 TTT_WAIT target=7 elapsed=0s need=2s
UE 36 TTT_WAIT target=6 elapsed=0s need=2s
UE 38 TTT_WAIT target=3 elapsed=0s need=2s
UE 46 TTT_WAIT target=3 elapsed=0s need=2s
UE 48 TTT_WAIT target=3 elapsed=0s need=2s
UE 51 TTT_WAIT target=7 elapsed=0s need=2s
UE 52 TTT_WAIT target=3 elapsed=0s need=2s
UE 53 TTT_WAIT target=5 elapsed=0s need=2s
UE 55 TTT_WAIT target=3 elapsed=0s need=2s
UE 56 TTT_WAIT target=5 elapsed=0s need=2s
UE 57 TTT_WAIT target=7 elapsed=0s need=2s
UE 58 TTT_WAIT target=3 elapsed=0s need=2s
UE 59 TTT_WAIT target=3 elapsed=0s need=2s
UE 60 TTT_WAIT target=5 elapsed=0s need=2s
UE 63 TTT_WAIT target=3 elapsed=0s need=2s
UE 66 TTT_WAIT target=3 elapsed=0s need=2s
UE 67 TTT_WAIT target=3 elapsed=0s need=2s
LM HO UE=69 rnti=74 7->4 type=TN servingRsrp=-85.6919 targetRsrp=-76.3771 targetLoadReal=18/20 targetLoadEff=19/20
UE 72 TTT_WAIT target=5 elapsed=0s need=2s
UE 75 TTT_WAIT target=3 elapsed=0s need=2s
UE 76 TTT_WAIT target=7 elapsed=0s need=2s
UE 80 TTT_WAIT target=5 elapsed=0s need=2s
LM HO UE=82 rnti=87 6->7 type=NTN servingRsrp=-94.3548 targetRsrp=-89.9483 targetLoadReal=8/10 targetLoadEff=8/10
UE 83 TTT_WAIT target=3 elapsed=0s need=2s
UE 86 TTT_WAIT target=3 elapsed=0s need=2s
UE 87 TTT_WAIT target=7 elapsed=0s need=2s
UE 88 TTT_WAIT target=7 elapsed=0s need=2s
UE 89 TTT_WAIT target=3 elapsed=0s need=2s
UE 91 TTT_WAIT target=3 elapsed=0s need=2s
UE 93 TTT_WAIT target=5 elapsed=0s need=2s
UE 98 TTT_WAIT target=3 elapsed=0s need=2s
UE 99 TTT_WAIT target=5 elapsed=0s need=2s
UE 100 TTT_WAIT target=5 elapsed=0s need=2s
UE 102 TTT_WAIT target=3 elapsed=0s need=2s
UE 103 TTT_WAIT target=5 elapsed=0s need=2s
UE 104 TTT_WAIT target=3 elapsed=0s need=2s
TRACE HO_SUCCESS Time=24.6151 IMSI=26 TargetCell=4 Type=TN TargetRSRP=-1e+09 ServingRSRP=-1e+09 BackhaulDlSnr=-999 BackhaulUlSnr=-999
TRACE HO_SUCCESS Time=24.6151 IMSI=68 TargetCell=4 Type=TN TargetRSRP=-1e+09 ServingRSRP=-1e+09 BackhaulDlSnr=-999 BackhaulUlSnr=-999
TRACE HO_SUCCESS Time=24.6151 IMSI=81 TargetCell=7 Type=NTN TargetRSRP=-98.5629 ServingRSRP=-72.7603 BackhaulDlSnr=10.193 BackhaulUlSnr=5.67238
UAV_AUTONOMY_XAPP Time=26.4 DeploymentMode=tn-uav-satellite UavIndex=0 UavCellId=5 BestDonorCellId=2 BestDonorDistanceM=3434.3 XhaulConnected=1 XhaulChannelVariationDb=2.29967 XhaulState=HEALTHY SatBackhaulHealthy=1 OnboardUavRicAvailable=1 OnboardUavRicState=STANDBY BackhaulMode=TN_DIRECT ControlPath=TN_E2 ActiveUavRic=TN_NEAR_RT_RIC NormalUeHandoverAllowed=1 UavMode=TN_CONTROLLED_COVERAGE_EXTENSION
UAV_AUTONOMY_XAPP Time=26.4 DeploymentMode=tn-uav-satellite UavIndex=1 UavCellId=6 BestDonorCellId=4 BestDonorDistanceM=4727.14 XhaulConnected=1 XhaulChannelVariationDb=-2.69739 XhaulState=DEGRADED SatBackhaulHealthy=1 OnboardUavRicAvailable=1 OnboardUavRicState=ACTIVE BackhaulMode=SATELLITE_FALLBACK ControlPath=ONBOARD_LOCAL_CONTROL_WITH_SAT_FEEDBACK ActiveUavRic=ONBOARD_UAV_RIC NormalUeHandoverAllowed=1 UavMode=ONBOARD_AUTONOMY_WITH_SATELLITE_BACKHAUL
UAV_AUTONOMY_XAPP Time=26.4 DeploymentMode=tn-uav-satellite UavIndex=2 UavCellId=7 BestDonorCellId=4 BestDonorDistanceM=1873.72 XhaulConnected=1 XhaulChannelVariationDb=-3.37435 XhaulState=HEALTHY SatBackhaulHealthy=1 OnboardUavRicAvailable=1 OnboardUavRicState=STANDBY BackhaulMode=TN_DIRECT ControlPath=TN_E2 ActiveUavRic=TN_NEAR_RT_RIC NormalUeHandoverAllowed=1 UavMode=TN_CONTROLLED_COVERAGE_EXTENSION
---- LOAD at t=26.5 ----
  cell 1 (TN) load=20/20
  cell 2 (TN) load=20/20
  cell 3 (TN) load=19/20
  cell 4 (TN) load=20/20
  cell 5 (NTN) load=9/10
  cell 6 (NTN) load=4/10
  cell 7 (NTN) load=8/10
UE 8 TTT_WAIT target=3 elapsed=0s need=2s
UE 9 TTT_WAIT target=7 elapsed=0s need=2s
UE 20 TTT_WAIT target=3 elapsed=0s need=2s
LM HO UE=21 rnti=51 4->7 type=NTN servingRsrp=-73.3575 targetRsrp=-64.589 targetLoadReal=8/10 targetLoadEff=8/10
UE 23 TTT_WAIT target=5 elapsed=0s need=2s
LM HO UE=24 rnti=82 5->3 type=TN servingRsrp=-102.633 targetRsrp=-89.7636 targetLoadReal=19/20 targetLoadEff=19/20
UE 25 TTT_WAIT target=7 elapsed=0s need=2s
UE 34 TTT_WAIT target=7 elapsed=0s need=2s
UE 35 TTT_WAIT target=7 elapsed=0s need=2s
UE 42 TTT_WAIT target=7 elapsed=0s need=2s
UE 44 TTT_WAIT target=5 elapsed=0s need=2s
UE 46 TTT_WAIT target=7 elapsed=0s need=2s
UE 50 TTT_WAIT target=5 elapsed=0s need=2s
UE 52 TTT_WAIT target=5 elapsed=0s need=2s
LM HO UE=53 rnti=97 3->5 type=NTN servingRsrp=-80.7584 targetRsrp=-51.3098 targetLoadReal=9/10 targetLoadEff=9/10
UE 55 TTT_WAIT target=7 elapsed=0s need=2s
UE 63 TTT_WAIT target=7 elapsed=0s need=2s
UE 64 TTT_WAIT target=7 elapsed=0s need=2s
UE 89 TTT_WAIT target=7 elapsed=0s need=2s
TRACE HO_SUCCESS Time=26.6151 IMSI=23 TargetCell=3 Type=TN TargetRSRP=-1e+09 ServingRSRP=-1e+09 BackhaulDlSnr=-999 BackhaulUlSnr=-999
TRACE HO_SUCCESS Time=26.6151 IMSI=52 TargetCell=5 Type=NTN TargetRSRP=-95.6778 ServingRSRP=-53.2509 BackhaulDlSnr=12.0701 BackhaulUlSnr=7.54952
TRACE HO_SUCCESS Time=26.6151 IMSI=20 TargetCell=7 Type=NTN TargetRSRP=-100.085 ServingRSRP=-44.6709 BackhaulDlSnr=10.9223 BackhaulUlSnr=6.40173
UAV_AUTONOMY_XAPP Time=28.4 DeploymentMode=tn-uav-satellite UavIndex=0 UavCellId=5 BestDonorCellId=2 BestDonorDistanceM=4412.21 XhaulConnected=1 XhaulChannelVariationDb=3.00192 XhaulState=HEALTHY SatBackhaulHealthy=1 OnboardUavRicAvailable=1 OnboardUavRicState=STANDBY BackhaulMode=TN_DIRECT ControlPath=TN_E2 ActiveUavRic=TN_NEAR_RT_RIC NormalUeHandoverAllowed=1 UavMode=TN_CONTROLLED_COVERAGE_EXTENSION
UAV_AUTONOMY_XAPP Time=28.4 DeploymentMode=tn-uav-satellite UavIndex=1 UavCellId=6 BestDonorCellId=4 BestDonorDistanceM=4349.8 XhaulConnected=1 XhaulChannelVariationDb=-1.58626 XhaulState=DEGRADED SatBackhaulHealthy=1 OnboardUavRicAvailable=1 OnboardUavRicState=ACTIVE BackhaulMode=SATELLITE_FALLBACK ControlPath=ONBOARD_LOCAL_CONTROL_WITH_SAT_FEEDBACK ActiveUavRic=ONBOARD_UAV_RIC NormalUeHandoverAllowed=1 UavMode=ONBOARD_AUTONOMY_WITH_SATELLITE_BACKHAUL
UAV_AUTONOMY_XAPP Time=28.4 DeploymentMode=tn-uav-satellite UavIndex=2 UavCellId=7 BestDonorCellId=3 BestDonorDistanceM=5715.36 XhaulConnected=1 XhaulChannelVariationDb=0.886592 XhaulState=DEGRADED SatBackhaulHealthy=1 OnboardUavRicAvailable=1 OnboardUavRicState=ACTIVE BackhaulMode=SATELLITE_FALLBACK ControlPath=ONBOARD_LOCAL_CONTROL_WITH_SAT_FEEDBACK ActiveUavRic=ONBOARD_UAV_RIC NormalUeHandoverAllowed=1 UavMode=ONBOARD_AUTONOMY_WITH_SATELLITE_BACKHAUL
---- LOAD at t=28.5 ----
  cell 1 (TN) load=20/20
  cell 2 (TN) load=20/20
  cell 3 (TN) load=19/20
  cell 4 (TN) load=19/20
  cell 5 (NTN) load=9/10
  cell 6 (NTN) load=4/10
  cell 7 (NTN) load=9/10
UE 9 TTT_WAIT target=4 elapsed=0s need=2s
UE 14 TTT_WAIT target=4 elapsed=0s need=2s
UE 21 TTT_WAIT target=4 elapsed=0s need=2s
UE 23 TTT_WAIT target=4 elapsed=0s need=2s
UE 25 TTT_WAIT target=4 elapsed=0s need=2s
UE 26 TTT_WAIT target=5 elapsed=0s need=2s
UE 27 TTT_WAIT target=3 elapsed=0s need=2s
UE 33 TTT_WAIT target=5 elapsed=0s need=2s
UE 35 TTT_WAIT target=3 elapsed=0s need=2s
UE 38 TTT_WAIT target=3 elapsed=0s need=2s
UE 39 TTT_WAIT target=3 elapsed=0s need=2s
UE 42 TTT_WAIT target=4 elapsed=0s need=2s
UE 44 TTT_WAIT target=3 elapsed=0s need=2s
UE 46 TTT_WAIT target=4 elapsed=0s need=2s
UE 48 TTT_WAIT target=3 elapsed=0s need=2s
UE 51 TTT_WAIT target=3 elapsed=0s need=2s
UE 53 TTT_WAIT target=3 elapsed=0s need=2s
UE 54 TTT_WAIT target=4 elapsed=0s need=2s
UE 55 TTT_WAIT target=4 elapsed=0s need=2s
UE 56 TTT_WAIT target=3 elapsed=0s need=2s
UE 57 TTT_WAIT target=5 elapsed=0s need=2s
UE 59 TTT_WAIT target=4 elapsed=0s need=2s
UE 63 TTT_WAIT target=4 elapsed=0s need=2s
UE 64 TTT_WAIT target=4 elapsed=0s need=2s
UE 66 TTT_WAIT target=5 elapsed=0s need=2s
UE 67 TTT_WAIT target=3 elapsed=0s need=2s
UE 72 TTT_WAIT target=5 elapsed=0s need=2s
UE 75 TTT_WAIT target=3 elapsed=0s need=2s
UE 76 TTT_WAIT target=3 elapsed=0s need=2s
UE 80 TTT_WAIT target=5 elapsed=0s need=2s
UE 81 TTT_WAIT target=6 elapsed=0s need=2s
UE 82 TTT_WAIT target=4 elapsed=0s need=2s
UE 83 TTT_WAIT target=3 elapsed=0s need=2s
UE 87 TTT_WAIT target=7 elapsed=0s need=2s
UE 89 TTT_WAIT target=3 elapsed=0s need=2s
UE 92 TTT_WAIT target=3 elapsed=0s need=2s
UE 99 TTT_WAIT target=3 elapsed=0s need=2s
UE 100 TTT_WAIT target=4 elapsed=0s need=2s
UE 102 TTT_WAIT target=4 elapsed=0s need=2s
UE 103 TTT_WAIT target=3 elapsed=0s need=2s
UE 104 TTT_WAIT target=3 elapsed=0s need=2s
UE 105 TTT_WAIT target=4 elapsed=0s need=2s
UE 106 TTT_WAIT target=3 elapsed=0s need=2s
UE 107 TTT_WAIT target=3 elapsed=0s need=2s
UAV_AUTONOMY_XAPP Time=30.4 DeploymentMode=tn-uav-satellite UavIndex=0 UavCellId=5 BestDonorCellId=2 BestDonorDistanceM=5367.75 XhaulConnected=1 XhaulChannelVariationDb=3.95538 XhaulState=DEGRADED SatBackhaulHealthy=1 OnboardUavRicAvailable=1 OnboardUavRicState=ACTIVE BackhaulMode=SATELLITE_FALLBACK ControlPath=ONBOARD_LOCAL_CONTROL_WITH_SAT_FEEDBACK ActiveUavRic=ONBOARD_UAV_RIC NormalUeHandoverAllowed=1 UavMode=ONBOARD_AUTONOMY_WITH_SATELLITE_BACKHAUL
UAV_AUTONOMY_XAPP Time=30.4 DeploymentMode=tn-uav-satellite UavIndex=1 UavCellId=6 BestDonorCellId=3 BestDonorDistanceM=6680.02 XhaulConnected=1 XhaulChannelVariationDb=4.70953 XhaulState=DEGRADED SatBackhaulHealthy=1 OnboardUavRicAvailable=1 OnboardUavRicState=ACTIVE BackhaulMode=SATELLITE_FALLBACK ControlPath=ONBOARD_LOCAL_CONTROL_WITH_SAT_FEEDBACK ActiveUavRic=ONBOARD_UAV_RIC NormalUeHandoverAllowed=1 UavMode=ONBOARD_AUTONOMY_WITH_SATELLITE_BACKHAUL
UAV_AUTONOMY_XAPP Time=30.4 DeploymentMode=tn-uav-satellite UavIndex=2 UavCellId=7 BestDonorCellId=4 BestDonorDistanceM=3809.75 XhaulConnected=1 XhaulChannelVariationDb=-2.13209 XhaulState=DEGRADED SatBackhaulHealthy=1 OnboardUavRicAvailable=1 OnboardUavRicState=ACTIVE BackhaulMode=SATELLITE_FALLBACK ControlPath=ONBOARD_LOCAL_CONTROL_WITH_SAT_FEEDBACK ActiveUavRic=ONBOARD_UAV_RIC NormalUeHandoverAllowed=1 UavMode=ONBOARD_AUTONOMY_WITH_SATELLITE_BACKHAUL
---- LOAD at t=30.5 ----
  cell 1 (TN) load=20/20
  cell 2 (TN) load=20/20
  cell 3 (TN) load=19/20
  cell 4 (TN) load=19/20
  cell 5 (NTN) load=9/10
  cell 6 (NTN) load=4/10
  cell 7 (NTN) load=9/10
UE 12 TTT_WAIT target=3 elapsed=0s need=2s
UE 14 TTT_WAIT target=3 elapsed=0s need=2s
UE 16 TTT_WAIT target=7 elapsed=0s need=2s
UE 20 TTT_WAIT target=4 elapsed=0s need=2s
LM HO UE=21 rnti=77 7->4 type=TN servingRsrp=-102.769 targetRsrp=-67.5454 targetLoadReal=19/20 targetLoadEff=19/20
UE 22 TTT_WAIT target=3 elapsed=0s need=2s
UE 23 TTT_WAIT target=3 elapsed=0s need=2s
UE 24 TTT_WAIT target=5 elapsed=0s need=2s
UE 26 TTT_WAIT target=7 elapsed=0s need=2s
UE 28 TTT_WAIT target=3 elapsed=0s need=2s
UE 31 TTT_WAIT target=3 elapsed=0s need=2s
UE 42 TTT_WAIT target=3 elapsed=0s need=2s
UE 50 TTT_WAIT target=5 elapsed=0s need=2s
LM HO UE=51 rnti=166 1->3 type=TN servingRsrp=-94.7299 targetRsrp=-90.8563 targetLoadReal=19/20 targetLoadEff=19/20
UE 53 TTT_WAIT target=7 elapsed=0s need=2s
UE 54 TTT_WAIT target=5 elapsed=0s need=2s
UE 55 TTT_WAIT target=5 elapsed=0s need=2s
UE 63 TTT_WAIT target=7 elapsed=0s need=2s
UE 65 TTT_WAIT target=7 elapsed=0s need=2s
UE 68 TTT_WAIT target=6 elapsed=0s need=2s
UE 80 TTT_WAIT target=6 elapsed=0s need=2s
UE 83 TTT_WAIT target=5 elapsed=0s need=2s
UE 89 TTT_WAIT target=5 elapsed=0s need=2s
UE 100 TTT_WAIT target=6 elapsed=0s need=2s
UE 102 TTT_WAIT target=5 elapsed=0s need=2s
UE 105 TTT_WAIT target=6 elapsed=0s need=2s
UE 106 TTT_WAIT target=7 elapsed=0s need=2s
UE 107 TTT_WAIT target=6 elapsed=0s need=2s
TRACE HO_SUCCESS Time=30.6151 IMSI=50 TargetCell=3 Type=TN TargetRSRP=-1e+09 ServingRSRP=-1e+09 BackhaulDlSnr=-999 BackhaulUlSnr=-999
TRACE HO_SUCCESS Time=30.6151 IMSI=20 TargetCell=4 Type=TN TargetRSRP=-1e+09 ServingRSRP=-1e+09 BackhaulDlSnr=-999 BackhaulUlSnr=-999
UAV_AUTONOMY_XAPP Time=32.4 DeploymentMode=tn-uav-satellite UavIndex=0 UavCellId=5 BestDonorCellId=1 BestDonorDistanceM=5780.89 XhaulConnected=1 XhaulChannelVariationDb=-0.64891 XhaulState=DEGRADED SatBackhaulHealthy=1 OnboardUavRicAvailable=1 OnboardUavRicState=ACTIVE BackhaulMode=SATELLITE_FALLBACK ControlPath=ONBOARD_LOCAL_CONTROL_WITH_SAT_FEEDBACK ActiveUavRic=ONBOARD_UAV_RIC NormalUeHandoverAllowed=1 UavMode=ONBOARD_AUTONOMY_WITH_SATELLITE_BACKHAUL
UAV_AUTONOMY_XAPP Time=32.4 DeploymentMode=tn-uav-satellite UavIndex=1 UavCellId=6 BestDonorCellId=4 BestDonorDistanceM=4181.04 XhaulConnected=1 XhaulChannelVariationDb=-2.55936 XhaulState=DEGRADED SatBackhaulHealthy=1 OnboardUavRicAvailable=1 OnboardUavRicState=ACTIVE BackhaulMode=SATELLITE_FALLBACK ControlPath=ONBOARD_LOCAL_CONTROL_WITH_SAT_FEEDBACK ActiveUavRic=ONBOARD_UAV_RIC NormalUeHandoverAllowed=1 UavMode=ONBOARD_AUTONOMY_WITH_SATELLITE_BACKHAUL
UAV_AUTONOMY_XAPP Time=32.4 DeploymentMode=tn-uav-satellite UavIndex=2 UavCellId=7 BestDonorCellId=4 BestDonorDistanceM=3410.95 XhaulConnected=1 XhaulChannelVariationDb=-2.47599 XhaulState=DEGRADED SatBackhaulHealthy=1 OnboardUavRicAvailable=1 OnboardUavRicState=ACTIVE BackhaulMode=SATELLITE_FALLBACK ControlPath=ONBOARD_LOCAL_CONTROL_WITH_SAT_FEEDBACK ActiveUavRic=ONBOARD_UAV_RIC NormalUeHandoverAllowed=1 UavMode=ONBOARD_AUTONOMY_WITH_SATELLITE_BACKHAUL
---- LOAD at t=32.5 ----
  cell 1 (TN) load=19/20
  cell 2 (TN) load=20/20
  cell 3 (TN) load=20/20
  cell 4 (TN) load=20/20
  cell 5 (NTN) load=9/10
  cell 6 (NTN) load=4/10
  cell 7 (NTN) load=8/10
UE 11 TTT_WAIT target=1 elapsed=0s need=2s
UE 14 TTT_WAIT target=1 elapsed=0s need=2s
UE 19 TTT_WAIT target=1 elapsed=0s need=2s
UE 20 TTT_WAIT target=1 elapsed=0s need=2s
UE 23 TTT_WAIT target=1 elapsed=0s need=2s
UE 24 TTT_WAIT target=1 elapsed=0s need=2s
UE 25 TTT_WAIT target=1 elapsed=0s need=2s
UE 28 TTT_WAIT target=1 elapsed=0s need=2s
UE 30 TTT_WAIT target=1 elapsed=0s need=2s
UE 34 TTT_WAIT target=1 elapsed=0s need=2s
UE 35 TTT_WAIT target=1 elapsed=0s need=2s
UE 38 TTT_WAIT target=1 elapsed=0s need=2s
UE 41 TTT_WAIT target=1 elapsed=0s need=2s
UE 42 TTT_WAIT target=1 elapsed=0s need=2s
UE 44 TTT_WAIT target=6 elapsed=0s need=2s
UE 46 TTT_WAIT target=5 elapsed=0s need=2s
UE 51 TTT_WAIT target=1 elapsed=0s need=2s
UE 53 TTT_WAIT target=6 elapsed=0s need=2s
UE 54 TTT_WAIT target=1 elapsed=0s need=2s
UE 55 TTT_WAIT target=1 elapsed=0s need=2s
UE 59 TTT_WAIT target=1 elapsed=0s need=2s
UE 61 TTT_WAIT target=1 elapsed=0s need=2s
UE 62 TTT_WAIT target=7 elapsed=0s need=2s
UE 63 TTT_WAIT target=1 elapsed=0s need=2s
UE 65 TTT_WAIT target=1 elapsed=0s need=2s
UE 67 TTT_WAIT target=1 elapsed=0s need=2s
UE 68 TTT_WAIT target=1 elapsed=0s need=2s
UE 71 TTT_WAIT target=1 elapsed=0s need=2s
UE 72 TTT_WAIT target=5 elapsed=0s need=2s
UE 74 TTT_WAIT target=1 elapsed=0s need=2s
UE 76 TTT_WAIT target=1 elapsed=0s need=2s
UE 78 TTT_WAIT target=1 elapsed=0s need=2s
LM HO UE=80 rnti=160 3->6 type=NTN servingRsrp=-76.4827 targetRsrp=-70.6461 targetLoadReal=4/10 targetLoadEff=4/10
UE 81 TTT_WAIT target=1 elapsed=0s need=2s
UE 82 TTT_WAIT target=1 elapsed=0s need=2s
UE 83 TTT_WAIT target=1 elapsed=0s need=2s
UE 89 TTT_WAIT target=6 elapsed=0s need=2s
UE 98 TTT_WAIT target=1 elapsed=0s need=2s
UE 100 TTT_WAIT target=1 elapsed=0s need=2s
LM HO UE=102 rnti=162 1->5 type=NTN servingRsrp=-109.543 targetRsrp=-91.9585 targetLoadReal=9/10 targetLoadEff=9/10
UE 103 TTT_WAIT target=1 elapsed=0s need=2s
UE 104 TTT_WAIT target=1 elapsed=0s need=2s
UE 106 TTT_WAIT target=6 elapsed=0s need=2s
TRACE HO_SUCCESS Time=32.6151 IMSI=101 TargetCell=5 Type=NTN TargetRSRP=-99.5337 ServingRSRP=-55.2242 BackhaulDlSnr=11.9165 BackhaulUlSnr=7.39587
TRACE HO_SUCCESS Time=32.6151 IMSI=79 TargetCell=6 Type=NTN TargetRSRP=-105.721 ServingRSRP=-80.364 BackhaulDlSnr=13.9215 BackhaulUlSnr=9.40094
UAV_AUTONOMY_XAPP Time=34.4 DeploymentMode=tn-uav-satellite UavIndex=0 UavCellId=5 BestDonorCellId=1 BestDonorDistanceM=6009.67 XhaulConnected=1 XhaulChannelVariationDb=1.48981 XhaulState=DEGRADED SatBackhaulHealthy=1 OnboardUavRicAvailable=1 OnboardUavRicState=ACTIVE BackhaulMode=SATELLITE_FALLBACK ControlPath=ONBOARD_LOCAL_CONTROL_WITH_SAT_FEEDBACK ActiveUavRic=ONBOARD_UAV_RIC NormalUeHandoverAllowed=1 UavMode=ONBOARD_AUTONOMY_WITH_SATELLITE_BACKHAUL
UAV_AUTONOMY_XAPP Time=34.4 DeploymentMode=tn-uav-satellite UavIndex=1 UavCellId=6 BestDonorCellId=4 BestDonorDistanceM=4490.07 XhaulConnected=1 XhaulChannelVariationDb=-0.447712 XhaulState=DEGRADED SatBackhaulHealthy=1 OnboardUavRicAvailable=1 OnboardUavRicState=ACTIVE BackhaulMode=SATELLITE_FALLBACK ControlPath=ONBOARD_LOCAL_CONTROL_WITH_SAT_FEEDBACK ActiveUavRic=ONBOARD_UAV_RIC NormalUeHandoverAllowed=1 UavMode=ONBOARD_AUTONOMY_WITH_SATELLITE_BACKHAUL
UAV_AUTONOMY_XAPP Time=34.4 DeploymentMode=tn-uav-satellite UavIndex=2 UavCellId=7 BestDonorCellId=4 BestDonorDistanceM=2415.32 XhaulConnected=1 XhaulChannelVariationDb=-3.39901 XhaulState=DEGRADED SatBackhaulHealthy=1 OnboardUavRicAvailable=1 OnboardUavRicState=ACTIVE BackhaulMode=SATELLITE_FALLBACK ControlPath=ONBOARD_LOCAL_CONTROL_WITH_SAT_FEEDBACK ActiveUavRic=ONBOARD_UAV_RIC NormalUeHandoverAllowed=1 UavMode=ONBOARD_AUTONOMY_WITH_SATELLITE_BACKHAUL
---- LOAD at t=34.5 ----
  cell 1 (TN) load=18/20
  cell 2 (TN) load=20/20
  cell 3 (TN) load=19/20
  cell 4 (TN) load=20/20
  cell 5 (NTN) load=10/10
  cell 6 (NTN) load=5/10
  cell 7 (NTN) load=8/10
UE 9 TTT_WAIT target=1 elapsed=0s need=2s
UE 12 TTT_WAIT target=3 elapsed=0s need=2s
UE 14 TTT_WAIT target=3 elapsed=0s need=2s
LM HO UE=19 rnti=178 3->1 type=TN servingRsrp=-90.5206 targetRsrp=-52.6156 targetLoadReal=18/20 targetLoadEff=18/20
LM HO UE=20 rnti=81 5->1 type=TN servingRsrp=-101.361 targetRsrp=-62.7674 targetLoadReal=18/20 targetLoadEff=19/20
UE 23 TTT_WAIT target=7 elapsed=0s need=2s
UE 24 TTT_WAIT target=6 elapsed=0s need=2s
UE 25 TTT_WAIT target=6 elapsed=0s need=2s
UE 28 TTT_WAIT target=3 elapsed=0s need=2s
UE 34 TTT_WAIT target=3 elapsed=0s need=2s
UE 35 TTT_WAIT target=3 elapsed=0s need=2s
UE 38 TTT_WAIT target=3 elapsed=0s need=2s
UE 39 TTT_WAIT target=3 elapsed=0s need=2s
UE 41 TTT_WAIT target=7 elapsed=0s need=2s
UE 42 TTT_WAIT target=3 elapsed=0s need=2s
UE 44 TTT_WAIT target=3 elapsed=0s need=2s
UE 46 TTT_WAIT target=3 elapsed=0s need=2s
UE 50 TTT_WAIT target=7 elapsed=0s need=2s
UE 53 TTT_WAIT target=3 elapsed=0s need=2s
UE 54 TTT_WAIT target=3 elapsed=0s need=2s
UE 55 TTT_WAIT target=7 elapsed=0s need=2s
UE 59 TTT_WAIT target=3 elapsed=0s need=2s
UE 64 TTT_WAIT target=3 elapsed=0s need=2s
UE 72 TTT_WAIT target=3 elapsed=0s need=2s
UE 75 TTT_WAIT target=3 elapsed=0s need=2s
UE 76 TTT_WAIT target=3 elapsed=0s need=2s
UE 80 TTT_WAIT target=3 elapsed=0s need=2s
UE 81 TTT_WAIT target=7 elapsed=0s need=2s
UE 82 TTT_WAIT target=3 elapsed=0s need=2s
UE 83 TTT_WAIT target=3 elapsed=0s need=2s
UE 87 TTT_WAIT target=7 elapsed=0s need=2s
UE 91 TTT_WAIT target=3 elapsed=0s need=2s
UE 92 TTT_WAIT target=3 elapsed=0s need=2s
UE 94 TTT_WAIT target=3 elapsed=0s need=2s
UE 98 TTT_WAIT target=3 elapsed=0s need=2s
UE 100 TTT_WAIT target=3 elapsed=0s need=2s
UE 102 TTT_WAIT target=3 elapsed=0s need=2s
UE 103 TTT_WAIT target=3 elapsed=0s need=2s
UE 106 TTT_WAIT target=3 elapsed=0s need=2s
UE 107 TTT_WAIT target=3 elapsed=0s need=2s
TRACE HO_SUCCESS Time=34.6151 IMSI=18 TargetCell=1 Type=TN TargetRSRP=-60.8001 ServingRSRP=-86.0035 BackhaulDlSnr=-999 BackhaulUlSnr=-999
TRACE HO_SUCCESS Time=34.6151 IMSI=19 TargetCell=1 Type=TN TargetRSRP=-101.447 ServingRSRP=-38.8025 BackhaulDlSnr=-999 BackhaulUlSnr=-999
UAV_AUTONOMY_XAPP Time=36.4 DeploymentMode=tn-uav-satellite UavIndex=0 UavCellId=5 BestDonorCellId=4 BestDonorDistanceM=8312.11 XhaulConnected=1 XhaulChannelVariationDb=0.454155 XhaulState=DEGRADED SatBackhaulHealthy=1 OnboardUavRicAvailable=1 OnboardUavRicState=ACTIVE BackhaulMode=SATELLITE_FALLBACK ControlPath=ONBOARD_LOCAL_CONTROL_WITH_SAT_FEEDBACK ActiveUavRic=ONBOARD_UAV_RIC NormalUeHandoverAllowed=1 UavMode=ONBOARD_AUTONOMY_WITH_SATELLITE_BACKHAUL
UAV_AUTONOMY_XAPP Time=36.4 DeploymentMode=tn-uav-satellite UavIndex=1 UavCellId=6 BestDonorCellId=4 BestDonorDistanceM=3920.97 XhaulConnected=1 XhaulChannelVariationDb=-0.163872 XhaulState=DEGRADED SatBackhaulHealthy=1 OnboardUavRicAvailable=1 OnboardUavRicState=ACTIVE BackhaulMode=SATELLITE_FALLBACK ControlPath=ONBOARD_LOCAL_CONTROL_WITH_SAT_FEEDBACK ActiveUavRic=ONBOARD_UAV_RIC NormalUeHandoverAllowed=1 UavMode=ONBOARD_AUTONOMY_WITH_SATELLITE_BACKHAUL
UAV_AUTONOMY_XAPP Time=36.4 DeploymentMode=tn-uav-satellite UavIndex=2 UavCellId=7 BestDonorCellId=4 BestDonorDistanceM=1425.02 XhaulConnected=1 XhaulChannelVariationDb=-0.121681 XhaulState=HEALTHY SatBackhaulHealthy=1 OnboardUavRicAvailable=1 OnboardUavRicState=STANDBY BackhaulMode=TN_DIRECT ControlPath=TN_E2 ActiveUavRic=TN_NEAR_RT_RIC NormalUeHandoverAllowed=1 UavMode=TN_CONTROLLED_COVERAGE_EXTENSION
---- LOAD at t=36.5 ----
  cell 1 (TN) load=20/20
  cell 2 (TN) load=20/20
  cell 3 (TN) load=18/20
  cell 4 (TN) load=20/20
  cell 5 (NTN) load=9/10
  cell 6 (NTN) load=5/10
  cell 7 (NTN) load=8/10
UE 11 TTT_WAIT target=7 elapsed=0s need=2s
LM HO UE=12 rnti=71 5->3 type=TN servingRsrp=-108.244 targetRsrp=-89.8594 targetLoadReal=18/20 targetLoadEff=18/20
UE 16 TTT_WAIT target=3 elapsed=0s need=2s
UE 19 TTT_WAIT target=3 elapsed=0s need=2s
UE 20 TTT_WAIT target=6 elapsed=0s need=2s
LM HO UE=23 rnti=91 2->7 type=NTN servingRsrp=-74.2112 targetRsrp=-64.2951 targetLoadReal=8/10 targetLoadEff=8/10
UE 25 TTT_WAIT target=7 elapsed=0s need=2s
UE 26 TTT_WAIT target=5 elapsed=0s need=2s
LM HO UE=28 rnti=83 5->3 type=TN servingRsrp=-112.925 targetRsrp=-68.918 targetLoadReal=18/20 targetLoadEff=19/20
UE 30 TTT_WAIT target=5 elapsed=0s need=2s
UE 38 TTT_WAIT target=6 elapsed=0s need=2s
UE 42 TTT_WAIT target=5 elapsed=0s need=2s
UE 46 TTT_WAIT target=7 elapsed=0s need=2s
UE 50 TTT_WAIT target=5 elapsed=0s need=2s
UE 53 TTT_WAIT target=7 elapsed=0s need=2s
LM HO UE=55 rnti=77 6->7 type=NTN servingRsrp=-104.333 targetRsrp=-88.3452 targetLoadReal=8/10 targetLoadEff=9/10
UE 58 TTT_WAIT target=5 elapsed=0s need=2s
UE 68 TTT_WAIT target=6 elapsed=0s need=2s
UE 71 TTT_WAIT target=5 elapsed=0s need=2s
UE 75 TTT_WAIT target=6 elapsed=0s need=2s
UE 80 TTT_WAIT target=5 elapsed=0s need=2s
UE 82 TTT_WAIT target=5 elapsed=0s need=2s
UE 83 TTT_WAIT target=5 elapsed=0s need=2s
UE 87 TTT_WAIT target=5 elapsed=0s need=2s
UE 99 TTT_WAIT target=5 elapsed=0s need=2s
UE 100 TTT_WAIT target=6 elapsed=0s need=2s
UE 106 TTT_WAIT target=6 elapsed=0s need=2s
TRACE HO_SUCCESS Time=36.6151 IMSI=11 TargetCell=3 Type=TN TargetRSRP=-1e+09 ServingRSRP=-1e+09 BackhaulDlSnr=-999 BackhaulUlSnr=-999
TRACE HO_SUCCESS Time=36.6151 IMSI=27 TargetCell=3 Type=TN TargetRSRP=-1e+09 ServingRSRP=-1e+09 BackhaulDlSnr=-999 BackhaulUlSnr=-999
TRACE HO_SUCCESS Time=36.6151 IMSI=22 TargetCell=7 Type=NTN TargetRSRP=-93.3328 ServingRSRP=-47.7719 BackhaulDlSnr=10.4181 BackhaulUlSnr=5.89749
TRACE HO_SUCCESS Time=36.6151 IMSI=54 TargetCell=7 Type=NTN TargetRSRP=-96.9967 ServingRSRP=-35.1962 BackhaulDlSnr=10.4181 BackhaulUlSnr=5.89749
UAV_AUTONOMY_XAPP Time=38.4 DeploymentMode=tn-uav-satellite UavIndex=0 UavCellId=5 BestDonorCellId=1 BestDonorDistanceM=6028.19 XhaulConnected=1 XhaulChannelVariationDb=4.33644 XhaulState=DEGRADED SatBackhaulHealthy=1 OnboardUavRicAvailable=1 OnboardUavRicState=ACTIVE BackhaulMode=SATELLITE_FALLBACK ControlPath=ONBOARD_LOCAL_CONTROL_WITH_SAT_FEEDBACK ActiveUavRic=ONBOARD_UAV_RIC NormalUeHandoverAllowed=1 UavMode=ONBOARD_AUTONOMY_WITH_SATELLITE_BACKHAUL
UAV_AUTONOMY_XAPP Time=38.4 DeploymentMode=tn-uav-satellite UavIndex=1 UavCellId=6 BestDonorCellId=4 BestDonorDistanceM=4258.29 XhaulConnected=1 XhaulChannelVariationDb=2.52106 XhaulState=HEALTHY SatBackhaulHealthy=1 OnboardUavRicAvailable=1 OnboardUavRicState=STANDBY BackhaulMode=TN_DIRECT ControlPath=TN_E2 ActiveUavRic=TN_NEAR_RT_RIC NormalUeHandoverAllowed=1 UavMode=TN_CONTROLLED_COVERAGE_EXTENSION
UAV_AUTONOMY_XAPP Time=38.4 DeploymentMode=tn-uav-satellite UavIndex=2 UavCellId=7 BestDonorCellId=4 BestDonorDistanceM=1131.78 XhaulConnected=1 XhaulChannelVariationDb=-4.08725 XhaulState=HEALTHY SatBackhaulHealthy=1 OnboardUavRicAvailable=1 OnboardUavRicState=STANDBY BackhaulMode=TN_DIRECT ControlPath=TN_E2 ActiveUavRic=TN_NEAR_RT_RIC NormalUeHandoverAllowed=1 UavMode=TN_CONTROLLED_COVERAGE_EXTENSION
---- LOAD at t=38.5 ----
  cell 1 (TN) load=20/20
  cell 2 (TN) load=19/20
  cell 3 (TN) load=20/20
  cell 4 (TN) load=20/20
  cell 5 (NTN) load=7/10
  cell 6 (NTN) load=4/10
  cell 7 (NTN) load=10/10
UE 12 TTT_WAIT target=5 elapsed=0s need=2s
UE 13 TTT_WAIT target=2 elapsed=0s need=2s
UE 14 TTT_WAIT target=2 elapsed=0s need=2s
LM HO UE=20 rnti=169 1->6 type=NTN servingRsrp=-81.6579 targetRsrp=-65.1915 targetLoadReal=4/10 targetLoadEff=4/10
UE 23 TTT_WAIT target=2 elapsed=0s need=2s
UE 24 TTT_WAIT target=2 elapsed=0s need=2s
UE 25 TTT_WAIT target=2 elapsed=0s need=2s
UE 26 TTT_WAIT target=2 elapsed=0s need=2s
UE 30 TTT_WAIT target=6 elapsed=0s need=2s
UE 31 TTT_WAIT target=2 elapsed=0s need=2s
UE 35 TTT_WAIT target=2 elapsed=0s need=2s
UE 42 TTT_WAIT target=2 elapsed=0s need=2s
UE 46 TTT_WAIT target=2 elapsed=0s need=2s
UE 48 TTT_WAIT target=6 elapsed=0s need=2s
UE 51 TTT_WAIT target=2 elapsed=0s need=2s
UE 53 TTT_WAIT target=2 elapsed=0s need=2s
UE 54 TTT_WAIT target=2 elapsed=0s need=2s
UE 55 TTT_WAIT target=6 elapsed=0s need=2s
UE 58 TTT_WAIT target=2 elapsed=0s need=2s
UE 60 TTT_WAIT target=2 elapsed=0s need=2s
UE 63 TTT_WAIT target=2 elapsed=0s need=2s
UE 65 TTT_WAIT target=2 elapsed=0s need=2s
UE 67 TTT_WAIT target=6 elapsed=0s need=2s
UE 68 TTT_WAIT target=2 elapsed=0s need=2s
UE 71 TTT_WAIT target=6 elapsed=0s need=2s
UE 73 TTT_WAIT target=2 elapsed=0s need=2s
LM HO UE=75 rnti=95 2->6 type=NTN servingRsrp=-93.9949 targetRsrp=-75.1348 targetLoadReal=4/10 targetLoadEff=5/10
UE 78 TTT_WAIT target=2 elapsed=0s need=2s
UE 80 TTT_WAIT target=2 elapsed=0s need=2s
UE 81 TTT_WAIT target=2 elapsed=0s need=2s
UE 82 TTT_WAIT target=2 elapsed=0s need=2s
UE 83 TTT_WAIT target=2 elapsed=0s need=2s
UE 84 TTT_WAIT target=2 elapsed=0s need=2s
UE 86 TTT_WAIT target=2 elapsed=0s need=2s
UE 89 TTT_WAIT target=2 elapsed=0s need=2s
UE 92 TTT_WAIT target=2 elapsed=0s need=2s
UE 93 TTT_WAIT target=6 elapsed=0s need=2s
UE 100 TTT_WAIT target=2 elapsed=0s need=2s
UE 101 TTT_WAIT target=2 elapsed=0s need=2s
UE 102 TTT_WAIT target=2 elapsed=0s need=2s
UE 106 TTT_WAIT target=2 elapsed=0s need=2s
TRACE HO_SUCCESS Time=38.6151 IMSI=19 TargetCell=6 Type=NTN TargetRSRP=-111.644 ServingRSRP=-83.8585 BackhaulDlSnr=13.0581 BackhaulUlSnr=8.53754
TRACE HO_SUCCESS Time=38.6151 IMSI=74 TargetCell=6 Type=NTN TargetRSRP=-106.534 ServingRSRP=-89.5744 BackhaulDlSnr=13.0581 BackhaulUlSnr=8.53754
