Could not find NR UE cell info for E2 Node ID = 5
Could not find NR UE cell info for E2 Node ID = 6
Could not find NR UE cell info for E2 Node ID = 7
Could not find NR UE cell info for E2 Node ID = 8
Could not find NR UE cell info for E2 Node ID = 9
Could not find NR UE cell info for E2 Node ID = 10
Could not find NR UE cell info for E2 Node ID = 11
Could not find NR UE cell info for E2 Node ID = 12
Could not find NR UE cell info for E2 Node ID = 13
Could not find NR UE cell info for E2 Node ID = 14
Could not find NR UE cell info for E2 Node ID = 15
Could not find NR UE cell info for E2 Node ID = 16
Could not find NR UE cell info for E2 Node ID = 17
Could not find NR UE cell info for E2 Node ID = 18
Could not find NR UE cell info for E2 Node ID = 19
Could not find NR UE cell info for E2 Node ID = 20
Could not find NR UE cell info for E2 Node ID = 21
Could not find NR UE cell info for E2 Node ID = 22
Could not find NR UE cell info for E2 Node ID = 23
Could not find NR UE cell info for E2 Node ID = 24
Could not find NR gNB location for E2 Node ID = 1
Could not find NR gNB location for E2 Node ID = 2
Could not find NR gNB location for E2 Node ID = 3
Could not find NR gNB location for E2 Node ID = 4
---- LOAD at t=4.5 ----
---- LOAD at t=6.5 ----
  cell 1 (TN) load=5/20
  cell 2 (TN) load=2/20
  cell 3 (TN) load=7/20
  cell 4 (TN) load=6/20
UE 5 TTT_WAIT target=3 elapsed=0s need=2s
UE 10 TTT_WAIT target=1 elapsed=0s need=2s
UE 11 TTT_WAIT target=2 elapsed=0s need=2s
UE 13 TTT_WAIT target=3 elapsed=0s need=2s
UE 14 TTT_WAIT target=1 elapsed=0s need=2s
UE 17 TTT_WAIT target=1 elapsed=0s need=2s
UE 20 TTT_WAIT target=1 elapsed=0s need=2s
---- LOAD at t=8.5 ----
  cell 1 (TN) load=19/20
  cell 2 (TN) load=11/20
  cell 3 (TN) load=20/20
  cell 4 (TN) load=20/20
UE 9 TTT_WAIT target=1 elapsed=0s need=2s
UE 11 TTT_WAIT target=1 elapsed=0s need=2s
LM HO UE=14 rnti=52 3->1 type=TN servingRsrp=-82.5546 targetRsrp=-74.9626 targetLoadReal=19/20 targetLoadEff=19/20
UE 17 TTT_WAIT target=2 elapsed=0s need=2s
UE 27 TTT_WAIT target=2 elapsed=0s need=2s
UE 36 TTT_WAIT target=2 elapsed=0s need=2s
UE 38 TTT_WAIT target=2 elapsed=0s need=2s
UE 44 TTT_WAIT target=2 elapsed=0s need=2s
UE 48 TTT_WAIT target=2 elapsed=0s need=2s
UE 50 TTT_WAIT target=2 elapsed=0s need=2s
UE 51 TTT_WAIT target=2 elapsed=0s need=2s
UE 52 TTT_WAIT target=2 elapsed=0s need=2s
UE 60 TTT_WAIT target=2 elapsed=0s need=2s
UE 66 TTT_WAIT target=2 elapsed=0s need=2s
UE 67 TTT_WAIT target=2 elapsed=0s need=2s
UE 72 TTT_WAIT target=2 elapsed=0s need=2s
UE 74 TTT_WAIT target=2 elapsed=0s need=2s
TRACE HO_SUCCESS Time=8.61507 IMSI=13 TargetCell=1 Type=TN TargetRSRP=-72.8005 ServingRSRP=-64.5672 BackhaulDlSnr=-999 BackhaulUlSnr=-999
---- LOAD at t=10.5 ----
  cell 1 (TN) load=20/20
  cell 2 (TN) load=11/20
  cell 3 (TN) load=19/20
  cell 4 (TN) load=20/20
UE 6 TTT_WAIT target=2 elapsed=0s need=2s
UE 7 TTT_WAIT target=2 elapsed=0s need=2s
UE 8 TTT_WAIT target=3 elapsed=0s need=2s
UE 9 TTT_WAIT target=3 elapsed=0s need=2s
UE 11 TTT_WAIT target=2 elapsed=0s need=2s
UE 15 TTT_WAIT target=2 elapsed=0s need=2s
UE 16 TTT_WAIT target=2 elapsed=0s need=2s
UE 17 TTT_WAIT target=3 elapsed=0s need=2s
UE 19 TTT_WAIT target=2 elapsed=0s need=2s
UE 20 TTT_WAIT target=2 elapsed=0s need=2s
UE 22 TTT_WAIT target=3 elapsed=0s need=2s
UE 25 TTT_WAIT target=2 elapsed=0s need=2s
UE 27 TTT_WAIT target=3 elapsed=0s need=2s
UE 29 TTT_WAIT target=2 elapsed=0s need=2s
UE 42 TTT_WAIT target=3 elapsed=0s need=2s
UE 47 TTT_WAIT target=2 elapsed=0s need=2s
LM HO UE=50 rnti=141 3->2 type=TN servingRsrp=-94.7185 targetRsrp=-61.5128 targetLoadReal=11/20 targetLoadEff=11/20
LM HO UE=51 rnti=142 3->2 type=TN servingRsrp=-88.2033 targetRsrp=-53.789 targetLoadReal=11/20 targetLoadEff=12/20
LM HO UE=52 rnti=143 3->2 type=TN servingRsrp=-60.2555 targetRsrp=-52.8859 targetLoadReal=11/20 targetLoadEff=13/20
UE 54 TTT_WAIT target=3 elapsed=0s need=2s
UE 57 TTT_WAIT target=2 elapsed=0s need=2s
UE 58 TTT_WAIT target=2 elapsed=0s need=2s
UE 66 TTT_WAIT target=3 elapsed=0s need=2s
UE 67 TTT_WAIT target=3 elapsed=0s need=2s
LM HO UE=72 rnti=153 1->2 type=TN servingRsrp=-89.399 targetRsrp=-56.9697 targetLoadReal=11/20 targetLoadEff=14/20
TRACE HO_SUCCESS Time=10.6151 IMSI=71 TargetCell=2 Type=TN TargetRSRP=-74.6955 ServingRSRP=-69.2944 BackhaulDlSnr=-999 BackhaulUlSnr=-999
TRACE HO_SUCCESS Time=10.6151 IMSI=49 TargetCell=2 Type=TN TargetRSRP=-93.7305 ServingRSRP=-76.9428 BackhaulDlSnr=-999 BackhaulUlSnr=-999
TRACE HO_SUCCESS Time=10.6151 IMSI=50 TargetCell=2 Type=TN TargetRSRP=-92.5227 ServingRSRP=-54.458 BackhaulDlSnr=-999 BackhaulUlSnr=-999
TRACE HO_SUCCESS Time=10.6151 IMSI=51 TargetCell=2 Type=TN TargetRSRP=-63.2823 ServingRSRP=-83.9497 BackhaulDlSnr=-999 BackhaulUlSnr=-999
---- LOAD at t=12.5 ----
  cell 1 (TN) load=19/20
  cell 2 (TN) load=15/20
  cell 3 (TN) load=16/20
  cell 4 (TN) load=20/20
UE 5 TTT_WAIT target=3 elapsed=0s need=2s
LM HO UE=7 rnti=37 1->2 type=TN servingRsrp=-75.3531 targetRsrp=-70.7693 targetLoadReal=15/20 targetLoadEff=15/20
UE 8 TTT_WAIT target=1 elapsed=0s need=2s
UE 11 TTT_WAIT target=3 elapsed=0s need=2s
UE 17 TTT_WAIT target=2 elapsed=0s need=2s
UE 24 TTT_WAIT target=2 elapsed=0s need=2s
UE 26 TTT_WAIT target=2 elapsed=0s need=2s
UE 28 TTT_WAIT target=3 elapsed=0s need=2s
UE 31 TTT_WAIT target=1 elapsed=0s need=2s
UE 35 TTT_WAIT target=3 elapsed=0s need=2s
UE 42 TTT_WAIT target=2 elapsed=0s need=2s
UE 44 TTT_WAIT target=1 elapsed=0s need=2s
UE 45 TTT_WAIT target=3 elapsed=0s need=2s
UE 51 TTT_WAIT target=1 elapsed=0s need=2s
UE 52 TTT_WAIT target=1 elapsed=0s need=2s
UE 55 TTT_WAIT target=2 elapsed=0s need=2s
UE 59 TTT_WAIT target=1 elapsed=0s need=2s
UE 62 TTT_WAIT target=2 elapsed=0s need=2s
UE 66 TTT_WAIT target=2 elapsed=0s need=2s
LM HO UE=67 rnti=136 1->3 type=TN servingRsrp=-103.772 targetRsrp=-86.9147 targetLoadReal=16/20 targetLoadEff=16/20
UE 68 TTT_WAIT target=1 elapsed=0s need=2s
UE 71 TTT_WAIT target=1 elapsed=0s need=2s
UE 72 TTT_WAIT target=1 elapsed=0s need=2s
UE 73 TTT_WAIT target=3 elapsed=0s need=2s
TRACE HO_SUCCESS Time=12.6151 IMSI=6 TargetCell=2 Type=TN TargetRSRP=-77.7382 ServingRSRP=-78.2655 BackhaulDlSnr=-999 BackhaulUlSnr=-999
TRACE HO_SUCCESS Time=12.6151 IMSI=66 TargetCell=3 Type=TN TargetRSRP=-91.029 ServingRSRP=-102.053 BackhaulDlSnr=-999 BackhaulUlSnr=-999
---- LOAD at t=14.5 ----
  cell 1 (TN) load=17/20
  cell 2 (TN) load=16/20
  cell 3 (TN) load=17/20
  cell 4 (TN) load=20/20
UE 8 TTT_WAIT target=3 elapsed=0s need=2s
LM HO UE=11 rnti=44 4->3 type=TN servingRsrp=-90.9467 targetRsrp=-55.8769 targetLoadReal=17/20 targetLoadEff=17/20
UE 12 TTT_WAIT target=1 elapsed=0s need=2s
UE 14 TTT_WAIT target=2 elapsed=0s need=2s
UE 19 TTT_WAIT target=1 elapsed=0s need=2s
UE 22 TTT_WAIT target=3 elapsed=0s need=2s
LM HO UE=24 rnti=40 1->2 type=TN servingRsrp=-76.1429 targetRsrp=-51.5981 targetLoadReal=16/20 targetLoadEff=16/20
LM HO UE=26 rnti=136 3->2 type=TN servingRsrp=-76.8553 targetRsrp=-72.2385 targetLoadReal=16/20 targetLoadEff=17/20
UE 27 TTT_WAIT target=3 elapsed=0s need=2s
UE 28 TTT_WAIT target=2 elapsed=0s need=2s
UE 29 TTT_WAIT target=3 elapsed=0s need=2s
UE 30 TTT_WAIT target=3 elapsed=0s need=2s
UE 31 TTT_WAIT target=2 elapsed=0s need=2s
UE 33 TTT_WAIT target=3 elapsed=0s need=2s
UE 37 TTT_WAIT target=2 elapsed=0s need=2s
UE 40 TTT_WAIT target=3 elapsed=0s need=2s
LM HO UE=44 rnti=140 3->1 type=TN servingRsrp=-67.7915 targetRsrp=-64.0328 targetLoadReal=17/20 targetLoadEff=17/20
UE 45 TTT_WAIT target=2 elapsed=0s need=2s
UE 50 TTT_WAIT target=3 elapsed=0s need=2s
UE 52 TTT_WAIT target=3 elapsed=0s need=2s
UE 54 TTT_WAIT target=1 elapsed=0s need=2s
UE 55 TTT_WAIT target=1 elapsed=0s need=2s
UE 57 TTT_WAIT target=2 elapsed=0s need=2s
UE 63 TTT_WAIT target=1 elapsed=0s need=2s
UE 64 TTT_WAIT target=3 elapsed=0s need=2s
LM HO UE=68 rnti=75 2->1 type=TN servingRsrp=-96.2389 targetRsrp=-86.3537 targetLoadReal=17/20 targetLoadEff=18/20
LM HO UE=71 rnti=78 2->1 type=TN servingRsrp=-71.2607 targetRsrp=-50.0889 targetLoadReal=17/20 targetLoadEff=19/20
LM HO UE=73 rnti=79 2->3 type=TN servingRsrp=-81.5359 targetRsrp=-58.7369 targetLoadReal=17/20 targetLoadEff=18/20
UE 74 TTT_WAIT target=2 elapsed=0s need=2s
TRACE HO_SUCCESS Time=14.6151 IMSI=67 TargetCell=1 Type=TN TargetRSRP=-85.5068 ServingRSRP=-55.0454 BackhaulDlSnr=-999 BackhaulUlSnr=-999
TRACE HO_SUCCESS Time=14.6151 IMSI=70 TargetCell=1 Type=TN TargetRSRP=-76.6038 ServingRSRP=-62.2827 BackhaulDlSnr=-999 BackhaulUlSnr=-999
TRACE HO_SUCCESS Time=14.6151 IMSI=43 TargetCell=1 Type=TN TargetRSRP=-91.8899 ServingRSRP=-83.4538 BackhaulDlSnr=-999 BackhaulUlSnr=-999
TRACE HO_SUCCESS Time=14.6151 IMSI=23 TargetCell=2 Type=TN TargetRSRP=-46.1127 ServingRSRP=-46.5099 BackhaulDlSnr=-999 BackhaulUlSnr=-999
TRACE HO_SUCCESS Time=14.6151 IMSI=25 TargetCell=2 Type=TN TargetRSRP=-83.0382 ServingRSRP=-76.404 BackhaulDlSnr=-999 BackhaulUlSnr=-999
TRACE HO_SUCCESS Time=14.6151 IMSI=72 TargetCell=3 Type=TN TargetRSRP=-90.417 ServingRSRP=-81.1624 BackhaulDlSnr=-999 BackhaulUlSnr=-999
TRACE HO_SUCCESS Time=14.6151 IMSI=10 TargetCell=3 Type=TN TargetRSRP=-83.4214 ServingRSRP=-82.0647 BackhaulDlSnr=-999 BackhaulUlSnr=-999
---- LOAD at t=16.5 ----
  cell 1 (TN) load=19/20
  cell 2 (TN) load=15/20
  cell 3 (TN) load=17/20
  cell 4 (TN) load=19/20
UE 9 TTT_WAIT target=3 elapsed=0s need=2s
UE 11 TTT_WAIT target=4 elapsed=0s need=2s
UE 16 TTT_WAIT target=3 elapsed=0s need=2s
UE 22 TTT_WAIT target=1 elapsed=0s need=2s
UE 23 TTT_WAIT target=2 elapsed=0s need=2s
UE 26 TTT_WAIT target=3 elapsed=0s need=2s
LM HO UE=27 rnti=135 4->3 type=TN servingRsrp=-74.1657 targetRsrp=-55.5904 targetLoadReal=17/20 targetLoadEff=17/20
UE 29 TTT_WAIT target=2 elapsed=0s need=2s
LM HO UE=33 rnti=71 2->3 type=TN servingRsrp=-79.656 targetRsrp=-48.001 targetLoadReal=17/20 targetLoadEff=18/20
UE 35 TTT_WAIT target=3 elapsed=0s need=2s
UE 39 TTT_WAIT target=2 elapsed=0s need=2s
UE 40 TTT_WAIT target=1 elapsed=0s need=2s
UE 42 TTT_WAIT target=1 elapsed=0s need=2s
UE 44 TTT_WAIT target=4 elapsed=0s need=2s
UE 46 TTT_WAIT target=1 elapsed=0s need=2s
UE 50 TTT_WAIT target=1 elapsed=0s need=2s
UE 51 TTT_WAIT target=3 elapsed=0s need=2s
UE 54 TTT_WAIT target=4 elapsed=0s need=2s
UE 59 TTT_WAIT target=1 elapsed=0s need=2s
UE 60 TTT_WAIT target=1 elapsed=0s need=2s
UE 62 TTT_WAIT target=2 elapsed=0s need=2s
LM HO UE=63 rnti=162 3->1 type=TN servingRsrp=-86.199 targetRsrp=-56.4765 targetLoadReal=19/20 targetLoadEff=19/20
UE 66 TTT_WAIT target=2 elapsed=0s need=2s
UE 67 TTT_WAIT target=4 elapsed=0s need=2s
UE 69 TTT_WAIT target=4 elapsed=0s need=2s
UE 70 TTT_WAIT target=4 elapsed=0s need=2s
UE 71 TTT_WAIT target=4 elapsed=0s need=2s
UE 72 TTT_WAIT target=3 elapsed=0s need=2s
UE 73 TTT_WAIT target=2 elapsed=0s need=2s
UE 74 TTT_WAIT target=3 elapsed=0s need=2s
TRACE HO_SUCCESS Time=16.6151 IMSI=62 TargetCell=1 Type=TN TargetRSRP=-88.0087 ServingRSRP=-61.0523 BackhaulDlSnr=-999 BackhaulUlSnr=-999
TRACE HO_SUCCESS Time=16.6151 IMSI=32 TargetCell=3 Type=TN TargetRSRP=-81.9148 ServingRSRP=-74.2189 BackhaulDlSnr=-999 BackhaulUlSnr=-999
TRACE HO_SUCCESS Time=16.6151 IMSI=26 TargetCell=3 Type=TN TargetRSRP=-87.8392 ServingRSRP=-46.2855 BackhaulDlSnr=-999 BackhaulUlSnr=-999
---- LOAD at t=18.5 ----
  cell 1 (TN) load=20/20
  cell 2 (TN) load=14/20
  cell 3 (TN) load=18/20
  cell 4 (TN) load=18/20
UE 7 TTT_WAIT target=4 elapsed=0s need=2s
UE 9 TTT_WAIT target=4 elapsed=0s need=2s
UE 11 TTT_WAIT target=2 elapsed=0s need=2s
UE 14 TTT_WAIT target=3 elapsed=0s need=2s
UE 17 TTT_WAIT target=3 elapsed=0s need=2s
UE 24 TTT_WAIT target=3 elapsed=0s need=2s
UE 25 TTT_WAIT target=2 elapsed=0s need=2s
UE 27 TTT_WAIT target=2 elapsed=0s need=2s
UE 28 TTT_WAIT target=2 elapsed=0s need=2s
UE 29 TTT_WAIT target=3 elapsed=0s need=2s
UE 30 TTT_WAIT target=2 elapsed=0s need=2s
UE 31 TTT_WAIT target=2 elapsed=0s need=2s
UE 33 TTT_WAIT target=2 elapsed=0s need=2s
LM HO UE=35 rnti=128 1->3 type=TN servingRsrp=-79.8651 targetRsrp=-55.5826 targetLoadReal=18/20 targetLoadEff=18/20
UE 36 TTT_WAIT target=2 elapsed=0s need=2s
UE 38 TTT_WAIT target=2 elapsed=0s need=2s
UE 41 TTT_WAIT target=3 elapsed=0s need=2s
UE 45 TTT_WAIT target=2 elapsed=0s need=2s
UE 46 TTT_WAIT target=2 elapsed=0s need=2s
UE 47 TTT_WAIT target=3 elapsed=0s need=2s
UE 57 TTT_WAIT target=2 elapsed=0s need=2s
UE 63 TTT_WAIT target=4 elapsed=0s need=2s
UE 65 TTT_WAIT target=3 elapsed=0s need=2s
UE 66 TTT_WAIT target=3 elapsed=0s need=2s
LM HO UE=69 rnti=76 2->4 type=TN servingRsrp=-85.889 targetRsrp=-77.2436 targetLoadReal=18/20 targetLoadEff=18/20
UE 71 TTT_WAIT target=2 elapsed=0s need=2s
LM HO UE=72 rnti=90 2->3 type=TN servingRsrp=-95.6642 targetRsrp=-63.6771 targetLoadReal=18/20 targetLoadEff=19/20
LM HO UE=73 rnti=165 3->2 type=TN servingRsrp=-91.1895 targetRsrp=-51.1516 targetLoadReal=14/20 targetLoadEff=14/20
TRACE HO_SUCCESS Time=18.6151 IMSI=72 TargetCell=2 Type=TN TargetRSRP=-53.319 ServingRSRP=-49.1597 BackhaulDlSnr=-999 BackhaulUlSnr=-999
TRACE HO_SUCCESS Time=18.6151 IMSI=34 TargetCell=3 Type=TN TargetRSRP=-80.5354 ServingRSRP=-70.3864 BackhaulDlSnr=-999 BackhaulUlSnr=-999
TRACE HO_SUCCESS Time=18.6151 IMSI=71 TargetCell=3 Type=TN TargetRSRP=-90.2792 ServingRSRP=-58.9213 BackhaulDlSnr=-999 BackhaulUlSnr=-999
TRACE HO_SUCCESS Time=18.6151 IMSI=68 TargetCell=4 Type=TN TargetRSRP=-87.2868 ServingRSRP=-75.9026 BackhaulDlSnr=-999 BackhaulUlSnr=-999
---- LOAD at t=20.5 ----
  cell 1 (TN) load=19/20
  cell 2 (TN) load=13/20
  cell 3 (TN) load=19/20
  cell 4 (TN) load=19/20
UE 9 TTT_WAIT target=1 elapsed=0s need=2s
UE 11 TTT_WAIT target=1 elapsed=0s need=2s
UE 12 TTT_WAIT target=1 elapsed=0s need=2s
UE 17 TTT_WAIT target=1 elapsed=0s need=2s
LM HO UE=24 rnti=94 2->3 type=TN servingRsrp=-77.9424 targetRsrp=-59.5827 targetLoadReal=19/20 targetLoadEff=19/20
LM HO UE=25 rnti=134 4->2 type=TN servingRsrp=-83.324 targetRsrp=-79.7993 targetLoadReal=13/20 targetLoadEff=13/20
UE 26 TTT_WAIT target=1 elapsed=0s need=2s
LM HO UE=28 rnti=125 1->2 type=TN servingRsrp=-66.9228 targetRsrp=-48.2794 targetLoadReal=13/20 targetLoadEff=14/20
UE 33 TTT_WAIT target=1 elapsed=0s need=2s
UE 34 TTT_WAIT target=2 elapsed=0s need=2s
UE 37 TTT_WAIT target=2 elapsed=0s need=2s
LM HO UE=38 rnti=138 3->2 type=TN servingRsrp=-78.4728 targetRsrp=-71.8107 targetLoadReal=13/20 targetLoadEff=15/20
UE 42 TTT_WAIT target=2 elapsed=0s need=2s
UE 43 TTT_WAIT target=1 elapsed=0s need=2s
LM HO UE=46 rnti=142 4->2 type=TN servingRsrp=-78.0811 targetRsrp=-56.2537 targetLoadReal=13/20 targetLoadEff=16/20
UE 50 TTT_WAIT target=1 elapsed=0s need=2s
UE 51 TTT_WAIT target=4 elapsed=0s need=2s
UE 54 TTT_WAIT target=1 elapsed=0s need=2s
UE 57 TTT_WAIT target=1 elapsed=0s need=2s
UE 59 TTT_WAIT target=2 elapsed=0s need=2s
UE 63 TTT_WAIT target=2 elapsed=0s need=2s
UE 65 TTT_WAIT target=1 elapsed=0s need=2s
UE 67 TTT_WAIT target=4 elapsed=0s need=2s
UE 70 TTT_WAIT target=4 elapsed=0s need=2s
UE 72 TTT_WAIT target=1 elapsed=0s need=2s
UE 73 TTT_WAIT target=4 elapsed=0s need=2s
UE 74 TTT_WAIT target=2 elapsed=0s need=2s
TRACE HO_SUCCESS Time=20.6151 IMSI=27 TargetCell=2 Type=TN TargetRSRP=-73.2513 ServingRSRP=-69.1574 BackhaulDlSnr=-999 BackhaulUlSnr=-999
TRACE HO_SUCCESS Time=20.6151 IMSI=37 TargetCell=2 Type=TN TargetRSRP=-84.899 ServingRSRP=-57.7285 BackhaulDlSnr=-999 BackhaulUlSnr=-999
TRACE HO_SUCCESS Time=20.6151 IMSI=24 TargetCell=2 Type=TN TargetRSRP=-77.8274 ServingRSRP=-81.4776 BackhaulDlSnr=-999 BackhaulUlSnr=-999
TRACE HO_SUCCESS Time=20.6151 IMSI=45 TargetCell=2 Type=TN TargetRSRP=-92.0785 ServingRSRP=-40.3163 BackhaulDlSnr=-999 BackhaulUlSnr=-999
TRACE HO_SUCCESS Time=20.6151 IMSI=23 TargetCell=3 Type=TN TargetRSRP=-79.14 ServingRSRP=-71.7204 BackhaulDlSnr=-999 BackhaulUlSnr=-999
---- LOAD at t=22.5 ----
  cell 1 (TN) load=18/20
  cell 2 (TN) load=16/20
  cell 3 (TN) load=19/20
  cell 4 (TN) load=17/20
UE 5 TTT_WAIT target=2 elapsed=0s need=2s
LM HO UE=12 rnti=51 3->1 type=TN servingRsrp=-85.0767 targetRsrp=-65.9052 targetLoadReal=18/20 targetLoadEff=18/20
UE 14 TTT_WAIT target=3 elapsed=0s need=2s
UE 15 TTT_WAIT target=1 elapsed=0s need=2s
UE 17 TTT_WAIT target=3 elapsed=0s need=2s
UE 18 TTT_WAIT target=1 elapsed=0s need=2s
UE 20 TTT_WAIT target=1 elapsed=0s need=2s
UE 22 TTT_WAIT target=3 elapsed=0s need=2s
UE 23 TTT_WAIT target=2 elapsed=0s need=2s
UE 24 TTT_WAIT target=2 elapsed=0s need=2s
UE 25 TTT_WAIT target=3 elapsed=0s need=2s
UE 26 TTT_WAIT target=3 elapsed=0s need=2s
UE 28 TTT_WAIT target=1 elapsed=0s need=2s
UE 30 TTT_WAIT target=3 elapsed=0s need=2s
UE 35 TTT_WAIT target=1 elapsed=0s need=2s
UE 38 TTT_WAIT target=1 elapsed=0s need=2s
UE 39 TTT_WAIT target=2 elapsed=0s need=2s
UE 42 TTT_WAIT target=1 elapsed=0s need=2s
UE 46 TTT_WAIT target=4 elapsed=0s need=2s
LM HO UE=50 rnti=89 2->1 type=TN servingRsrp=-86.5486 targetRsrp=-56.488 targetLoadReal=18/20 targetLoadEff=19/20
UE 51 TTT_WAIT target=3 elapsed=0s need=2s
UE 52 TTT_WAIT target=3 elapsed=0s need=2s
UE 53 TTT_WAIT target=4 elapsed=0s need=2s
UE 54 TTT_WAIT target=4 elapsed=0s need=2s
UE 58 TTT_WAIT target=4 elapsed=0s need=2s
UE 61 TTT_WAIT target=2 elapsed=0s need=2s
UE 63 TTT_WAIT target=3 elapsed=0s need=2s
UE 65 TTT_WAIT target=4 elapsed=0s need=2s
UE 70 TTT_WAIT target=3 elapsed=0s need=2s
UE 71 TTT_WAIT target=2 elapsed=0s need=2s
LM HO UE=73 rnti=96 2->4 type=TN servingRsrp=-82.7888 targetRsrp=-41.8933 targetLoadReal=17/20 targetLoadEff=17/20
TRACE HO_SUCCESS Time=22.6151 IMSI=49 TargetCell=1 Type=TN TargetRSRP=-92.3172 ServingRSRP=-65.727 BackhaulDlSnr=-999 BackhaulUlSnr=-999
TRACE HO_SUCCESS Time=22.6151 IMSI=11 TargetCell=1 Type=TN TargetRSRP=-74.21 ServingRSRP=-83.7412 BackhaulDlSnr=-999 BackhaulUlSnr=-999
TRACE HO_SUCCESS Time=22.6151 IMSI=72 TargetCell=4 Type=TN TargetRSRP=-79.463 ServingRSRP=-70.9328 BackhaulDlSnr=-999 BackhaulUlSnr=-999
---- LOAD at t=24.5 ----
  cell 1 (TN) load=20/20
  cell 2 (TN) load=14/20
  cell 3 (TN) load=18/20
  cell 4 (TN) load=18/20
UE 6 TTT_WAIT target=2 elapsed=0s need=2s
UE 22 TTT_WAIT target=2 elapsed=0s need=2s
LM HO UE=24 rnti=170 3->2 type=TN servingRsrp=-82.1257 targetRsrp=-79.6233 targetLoadReal=14/20 targetLoadEff=14/20
UE 25 TTT_WAIT target=4 elapsed=0s need=2s
UE 26 TTT_WAIT target=4 elapsed=0s need=2s
UE 35 TTT_WAIT target=2 elapsed=0s need=2s
UE 38 TTT_WAIT target=3 elapsed=0s need=2s
LM HO UE=39 rnti=129 1->2 type=TN servingRsrp=-85.2706 targetRsrp=-80.0126 targetLoadReal=14/20 targetLoadEff=15/20
UE 42 TTT_WAIT target=3 elapsed=0s need=2s
UE 50 TTT_WAIT target=3 elapsed=0s need=2s
LM HO UE=51 rnti=91 2->3 type=TN servingRsrp=-91.5644 targetRsrp=-88.9424 targetLoadReal=18/20 targetLoadEff=18/20
LM HO UE=52 rnti=92 2->3 type=TN servingRsrp=-85.8084 targetRsrp=-80.1496 targetLoadReal=18/20 targetLoadEff=19/20
UE 55 TTT_WAIT target=2 elapsed=0s need=2s
UE 57 TTT_WAIT target=2 elapsed=0s need=2s
LM HO UE=65 rnti=74 2->4 type=TN servingRsrp=-84.0712 targetRsrp=-65.2769 targetLoadReal=18/20 targetLoadEff=18/20
UE 67 TTT_WAIT target=4 elapsed=0s need=2s
UE 70 TTT_WAIT target=4 elapsed=0s need=2s
LM HO UE=71 rnti=158 1->2 type=TN servingRsrp=-78.0269 targetRsrp=-71.4946 targetLoadReal=14/20 targetLoadEff=16/20
UE 72 TTT_WAIT target=2 elapsed=0s need=2s
UE 73 TTT_WAIT target=2 elapsed=0s need=2s
TRACE HO_SUCCESS Time=24.6151 IMSI=38 TargetCell=2 Type=TN TargetRSRP=-82.0518 ServingRSRP=-47.5348 BackhaulDlSnr=-999 BackhaulUlSnr=-999
TRACE HO_SUCCESS Time=24.6151 IMSI=70 TargetCell=2 Type=TN TargetRSRP=-38.5992 ServingRSRP=-62.6799 BackhaulDlSnr=-999 BackhaulUlSnr=-999
TRACE HO_SUCCESS Time=24.6151 IMSI=23 TargetCell=2 Type=TN TargetRSRP=-44.2889 ServingRSRP=-73.8657 BackhaulDlSnr=-999 BackhaulUlSnr=-999
TRACE HO_SUCCESS Time=24.6151 IMSI=50 TargetCell=3 Type=TN TargetRSRP=-83.4091 ServingRSRP=-91.8499 BackhaulDlSnr=-999 BackhaulUlSnr=-999
TRACE HO_SUCCESS Time=24.6151 IMSI=51 TargetCell=3 Type=TN TargetRSRP=-81.8384 ServingRSRP=-88.463 BackhaulDlSnr=-999 BackhaulUlSnr=-999
TRACE HO_SUCCESS Time=24.6151 IMSI=64 TargetCell=4 Type=TN TargetRSRP=-92.6007 ServingRSRP=-54.534 BackhaulDlSnr=-999 BackhaulUlSnr=-999
---- LOAD at t=26.5 ----
  cell 1 (TN) load=18/20
  cell 2 (TN) load=14/20
  cell 3 (TN) load=19/20
  cell 4 (TN) load=19/20
UE 11 TTT_WAIT target=2 elapsed=0s need=2s
UE 13 TTT_WAIT target=3 elapsed=0s need=2s
UE 16 TTT_WAIT target=2 elapsed=0s need=2s
UE 17 TTT_WAIT target=2 elapsed=0s need=2s
UE 19 TTT_WAIT target=2 elapsed=0s need=2s
UE 23 TTT_WAIT target=2 elapsed=0s need=2s
UE 24 TTT_WAIT target=3 elapsed=0s need=2s
UE 25 TTT_WAIT target=3 elapsed=0s need=2s
UE 27 TTT_WAIT target=4 elapsed=0s need=2s
UE 28 TTT_WAIT target=3 elapsed=0s need=2s
UE 30 TTT_WAIT target=2 elapsed=0s need=2s
UE 33 TTT_WAIT target=1 elapsed=0s need=2s
LM HO UE=35 rnti=168 3->2 type=TN servingRsrp=-85.3478 targetRsrp=-50.641 targetLoadReal=14/20 targetLoadEff=14/20
LM HO UE=38 rnti=99 2->3 type=TN servingRsrp=-85.0526 targetRsrp=-77.6673 targetLoadReal=19/20 targetLoadEff=19/20
UE 42 TTT_WAIT target=1 elapsed=0s need=2s
UE 46 TTT_WAIT target=1 elapsed=0s need=2s
UE 50 TTT_WAIT target=2 elapsed=0s need=2s
UE 52 TTT_WAIT target=1 elapsed=0s need=2s
UE 57 TTT_WAIT target=1 elapsed=0s need=2s
UE 60 TTT_WAIT target=1 elapsed=0s need=2s
UE 61 TTT_WAIT target=2 elapsed=0s need=2s
UE 67 TTT_WAIT target=1 elapsed=0s need=2s
UE 68 TTT_WAIT target=4 elapsed=0s need=2s
UE 69 TTT_WAIT target=2 elapsed=0s need=2s
UE 71 TTT_WAIT target=1 elapsed=0s need=2s
UE 72 TTT_WAIT target=1 elapsed=0s need=2s
UE 73 TTT_WAIT target=1 elapsed=0s need=2s
UE 74 TTT_WAIT target=2 elapsed=0s need=2s
TRACE HO_SUCCESS Time=26.6151 IMSI=34 TargetCell=2 Type=TN TargetRSRP=-81.9362 ServingRSRP=-43.6809 BackhaulDlSnr=-999 BackhaulUlSnr=-999
TRACE HO_SUCCESS Time=26.6151 IMSI=37 TargetCell=3 Type=TN TargetRSRP=-50.2313 ServingRSRP=-79.8848 BackhaulDlSnr=-999 BackhaulUlSnr=-999
---- LOAD at t=28.5 ----
  cell 1 (TN) load=18/20
  cell 2 (TN) load=14/20
  cell 3 (TN) load=19/20
  cell 4 (TN) load=19/20
UE 5 TTT_WAIT target=2 elapsed=0s need=2s
UE 8 TTT_WAIT target=1 elapsed=0s need=2s
UE 10 TTT_WAIT target=1 elapsed=0s need=2s
UE 11 TTT_WAIT target=1 elapsed=0s need=2s
UE 16 TTT_WAIT target=1 elapsed=0s need=2s
UE 18 TTT_WAIT target=1 elapsed=0s need=2s
UE 19 TTT_WAIT target=1 elapsed=0s need=2s
UE 20 TTT_WAIT target=2 elapsed=0s need=2s
UE 22 TTT_WAIT target=1 elapsed=0s need=2s
LM HO UE=24 rnti=101 2->3 type=TN servingRsrp=-77.878 targetRsrp=-52.4067 targetLoadReal=19/20 targetLoadEff=19/20
UE 25 TTT_WAIT target=4 elapsed=0s need=2s
LM HO UE=27 rnti=166 3->4 type=TN servingRsrp=-87.5732 targetRsrp=-51.2689 targetLoadReal=19/20 targetLoadEff=19/20
LM HO UE=33 rnti=167 3->1 type=TN servingRsrp=-81.2437 targetRsrp=-74.4479 targetLoadReal=18/20 targetLoadEff=18/20
UE 35 TTT_WAIT target=1 elapsed=0s need=2s
UE 38 TTT_WAIT target=1 elapsed=0s need=2s
UE 42 TTT_WAIT target=2 elapsed=0s need=2s
UE 44 TTT_WAIT target=2 elapsed=0s need=2s
UE 45 TTT_WAIT target=2 elapsed=0s need=2s
UE 51 TTT_WAIT target=2 elapsed=0s need=2s
UE 60 TTT_WAIT target=2 elapsed=0s need=2s
UE 62 TTT_WAIT target=2 elapsed=0s need=2s
UE 65 TTT_WAIT target=1 elapsed=0s need=2s
LM HO UE=71 rnti=103 2->1 type=TN servingRsrp=-74.8267 targetRsrp=-41.4014 targetLoadReal=18/20 targetLoadEff=19/20
UE 72 TTT_WAIT target=2 elapsed=0s need=2s
UE 73 TTT_WAIT target=2 elapsed=0s need=2s
LM HO UE=74 rnti=154 1->2 type=TN servingRsrp=-80.2037 targetRsrp=-63.2456 targetLoadReal=14/20 targetLoadEff=14/20
TRACE HO_SUCCESS Time=28.6151 IMSI=70 TargetCell=1 Type=TN TargetRSRP=-89.996 ServingRSRP=-59.2698 BackhaulDlSnr=-999 BackhaulUlSnr=-999
TRACE HO_SUCCESS Time=28.6151 IMSI=32 TargetCell=1 Type=TN TargetRSRP=-41.4231 ServingRSRP=-73.8899 BackhaulDlSnr=-999 BackhaulUlSnr=-999
TRACE HO_SUCCESS Time=28.6151 IMSI=73 TargetCell=2 Type=TN TargetRSRP=-83.452 ServingRSRP=-78.4266 BackhaulDlSnr=-999 BackhaulUlSnr=-999
TRACE HO_SUCCESS Time=28.6151 IMSI=23 TargetCell=3 Type=TN TargetRSRP=-57.1617 ServingRSRP=-70.6685 BackhaulDlSnr=-999 BackhaulUlSnr=-999
TRACE HO_SUCCESS Time=28.6151 IMSI=26 TargetCell=4 Type=TN TargetRSRP=-75.4108 ServingRSRP=-81.5603 BackhaulDlSnr=-999 BackhaulUlSnr=-999
---- LOAD at t=30.5 ----
  cell 1 (TN) load=19/20
  cell 2 (TN) load=13/20
  cell 3 (TN) load=18/20
  cell 4 (TN) load=20/20
UE 9 TTT_WAIT target=3 elapsed=0s need=2s
UE 11 TTT_WAIT target=2 elapsed=0s need=2s
UE 12 TTT_WAIT target=2 elapsed=0s need=2s
UE 13 TTT_WAIT target=2 elapsed=0s need=2s
UE 14 TTT_WAIT target=3 elapsed=0s need=2s
LM HO UE=16 rnti=45 4->1 type=TN servingRsrp=-77.1072 targetRsrp=-71.0488 targetLoadReal=19/20 targetLoadEff=19/20
UE 19 TTT_WAIT target=2 elapsed=0s need=2s
UE 24 TTT_WAIT target=2 elapsed=0s need=2s
UE 25 TTT_WAIT target=3 elapsed=0s need=2s
UE 29 TTT_WAIT target=2 elapsed=0s need=2s
UE 33 TTT_WAIT target=2 elapsed=0s need=2s
UE 38 TTT_WAIT target=2 elapsed=0s need=2s
UE 45 TTT_WAIT target=3 elapsed=0s need=2s
UE 46 TTT_WAIT target=3 elapsed=0s need=2s
UE 47 TTT_WAIT target=2 elapsed=0s need=2s
UE 50 TTT_WAIT target=3 elapsed=0s need=2s
LM HO UE=51 rnti=171 3->2 type=TN servingRsrp=-90.3469 targetRsrp=-73.1111 targetLoadReal=13/20 targetLoadEff=13/20
UE 62 TTT_WAIT target=3 elapsed=0s need=2s
UE 63 TTT_WAIT target=3 elapsed=0s need=2s
UE 65 TTT_WAIT target=2 elapsed=0s need=2s
UE 66 TTT_WAIT target=3 elapsed=0s need=2s
UE 68 TTT_WAIT target=3 elapsed=0s need=2s
UE 69 TTT_WAIT target=2 elapsed=0s need=2s
UE 71 TTT_WAIT target=2 elapsed=0s need=2s
LM HO UE=72 rnti=169 3->2 type=TN servingRsrp=-86.977 targetRsrp=-74.274 targetLoadReal=13/20 targetLoadEff=14/20
UE 74 TTT_WAIT target=3 elapsed=0s need=2s
TRACE HO_SUCCESS Time=30.6151 IMSI=15 TargetCell=1 Type=TN TargetRSRP=-96.3633 ServingRSRP=-73.3672 BackhaulDlSnr=-999 BackhaulUlSnr=-999
TRACE HO_SUCCESS Time=30.6151 IMSI=50 TargetCell=2 Type=TN TargetRSRP=-63.2019 ServingRSRP=-84.221 BackhaulDlSnr=-999 BackhaulUlSnr=-999
TRACE HO_SUCCESS Time=30.6151 IMSI=71 TargetCell=2 Type=TN TargetRSRP=-88.6341 ServingRSRP=-58.5143 BackhaulDlSnr=-999 BackhaulUlSnr=-999
---- LOAD at t=32.5 ----
  cell 1 (TN) load=20/20
  cell 2 (TN) load=15/20
  cell 3 (TN) load=16/20
  cell 4 (TN) load=19/20
UE 5 TTT_WAIT target=2 elapsed=0s need=2s
LM HO UE=11 rnti=164 3->2 type=TN servingRsrp=-97.3936 targetRsrp=-79.9696 targetLoadReal=15/20 targetLoadEff=15/20
UE 14 TTT_WAIT target=4 elapsed=0s need=2s
UE 16 TTT_WAIT target=2 elapsed=0s need=2s
UE 17 TTT_WAIT target=2 elapsed=0s need=2s
UE 18 TTT_WAIT target=4 elapsed=0s need=2s
UE 20 TTT_WAIT target=2 elapsed=0s need=2s
UE 22 TTT_WAIT target=3 elapsed=0s need=2s
LM HO UE=24 rnti=174 3->2 type=TN servingRsrp=-76.1832 targetRsrp=-43.9313 targetLoadReal=15/20 targetLoadEff=16/20
UE 30 TTT_WAIT target=3 elapsed=0s need=2s
UE 31 TTT_WAIT target=2 elapsed=0s need=2s
UE 33 TTT_WAIT target=3 elapsed=0s need=2s
UE 36 TTT_WAIT target=2 elapsed=0s need=2s
LM HO UE=38 rnti=173 3->2 type=TN servingRsrp=-77.5667 targetRsrp=-54.9473 targetLoadReal=15/20 targetLoadEff=17/20
UE 39 TTT_WAIT target=3 elapsed=0s need=2s
UE 42 TTT_WAIT target=2 elapsed=0s need=2s
UE 44 TTT_WAIT target=4 elapsed=0s need=2s
LM HO UE=46 rnti=100 2->3 type=TN servingRsrp=-90.6471 targetRsrp=-68.3962 targetLoadReal=16/20 targetLoadEff=16/20
UE 51 TTT_WAIT target=3 elapsed=0s need=2s
UE 54 TTT_WAIT target=4 elapsed=0s need=2s
UE 65 TTT_WAIT target=3 elapsed=0s need=2s
UE 66 TTT_WAIT target=2 elapsed=0s need=2s
UE 67 TTT_WAIT target=4 elapsed=0s need=2s
UE 70 TTT_WAIT target=4 elapsed=0s need=2s
UE 71 TTT_WAIT target=4 elapsed=0s need=2s
UE 72 TTT_WAIT target=3 elapsed=0s need=2s
UE 73 TTT_WAIT target=2 elapsed=0s need=2s
TRACE HO_SUCCESS Time=32.6151 IMSI=23 TargetCell=2 Type=TN TargetRSRP=-41.575 ServingRSRP=-47.2662 BackhaulDlSnr=-999 BackhaulUlSnr=-999
TRACE HO_SUCCESS Time=32.6151 IMSI=37 TargetCell=2 Type=TN TargetRSRP=-86.8992 ServingRSRP=-79.2573 BackhaulDlSnr=-999 BackhaulUlSnr=-999
TRACE HO_SUCCESS Time=32.6151 IMSI=10 TargetCell=2 Type=TN TargetRSRP=-80.6716 ServingRSRP=-82.9999 BackhaulDlSnr=-999 BackhaulUlSnr=-999
TRACE HO_SUCCESS Time=32.6151 IMSI=45 TargetCell=3 Type=TN TargetRSRP=-94.5755 ServingRSRP=-76.4472 BackhaulDlSnr=-999 BackhaulUlSnr=-999
---- LOAD at t=34.5 ----
  cell 1 (TN) load=20/20
  cell 2 (TN) load=17/20
  cell 3 (TN) load=14/20
  cell 4 (TN) load=19/20
UE 8 TTT_WAIT target=3 elapsed=0s need=2s
UE 9 TTT_WAIT target=3 elapsed=0s need=2s
UE 10 TTT_WAIT target=2 elapsed=0s need=2s
UE 13 TTT_WAIT target=2 elapsed=0s need=2s
UE 16 TTT_WAIT target=4 elapsed=0s need=2s
UE 25 TTT_WAIT target=4 elapsed=0s need=2s
UE 30 TTT_WAIT target=2 elapsed=0s need=2s
LM HO UE=31 rnti=137 3->2 type=TN servingRsrp=-90.2913 targetRsrp=-84.3318 targetLoadReal=17/20 targetLoadEff=17/20
UE 32 TTT_WAIT target=2 elapsed=0s need=2s
UE 34 TTT_WAIT target=2 elapsed=0s need=2s
UE 35 TTT_WAIT target=3 elapsed=0s need=2s
LM HO UE=36 rnti=138 4->2 type=TN servingRsrp=-77.6059 targetRsrp=-69.6857 targetLoadReal=17/20 targetLoadEff=18/20
UE 42 TTT_WAIT target=3 elapsed=0s need=2s
UE 44 TTT_WAIT target=2 elapsed=0s need=2s
UE 46 TTT_WAIT target=4 elapsed=0s need=2s
UE 47 TTT_WAIT target=2 elapsed=0s need=2s
UE 48 TTT_WAIT target=2 elapsed=0s need=2s
UE 50 TTT_WAIT target=3 elapsed=0s need=2s
LM HO UE=51 rnti=106 2->3 type=TN servingRsrp=-56.0555 targetRsrp=-48.2072 targetLoadReal=14/20 targetLoadEff=14/20
UE 53 TTT_WAIT target=4 elapsed=0s need=2s
UE 57 TTT_WAIT target=2 elapsed=0s need=2s
UE 58 TTT_WAIT target=3 elapsed=0s need=2s
UE 60 TTT_WAIT target=2 elapsed=0s need=2s
UE 61 TTT_WAIT target=2 elapsed=0s need=2s
UE 63 TTT_WAIT target=4 elapsed=0s need=2s
LM HO UE=65 rnti=166 4->3 type=TN servingRsrp=-95.5469 targetRsrp=-87.1506 targetLoadReal=14/20 targetLoadEff=15/20
UE 70 TTT_WAIT target=3 elapsed=0s need=2s
UE 71 TTT_WAIT target=2 elapsed=0s need=2s
UE 74 TTT_WAIT target=4 elapsed=0s need=2s
TRACE HO_SUCCESS Time=34.6151 IMSI=30 TargetCell=2 Type=TN TargetRSRP=-91.0963 ServingRSRP=-49.2111 BackhaulDlSnr=-999 BackhaulUlSnr=-999
TRACE HO_SUCCESS Time=34.6151 IMSI=35 TargetCell=2 Type=TN TargetRSRP=-100.659 ServingRSRP=-72.6479 BackhaulDlSnr=-999 BackhaulUlSnr=-999
TRACE HO_SUCCESS Time=34.6151 IMSI=50 TargetCell=3 Type=TN TargetRSRP=-90.1821 ServingRSRP=-76.5313 BackhaulDlSnr=-999 BackhaulUlSnr=-999
TRACE HO_SUCCESS Time=34.6151 IMSI=64 TargetCell=3 Type=TN TargetRSRP=-80.3376 ServingRSRP=-52.9562 BackhaulDlSnr=-999 BackhaulUlSnr=-999
---- LOAD at t=36.5 ----
  cell 1 (TN) load=20/20
  cell 2 (TN) load=18/20
  cell 3 (TN) load=15/20
  cell 4 (TN) load=17/20
UE 5 TTT_WAIT target=3 elapsed=0s need=2s
LM HO UE=9 rnti=16 2->3 type=TN servingRsrp=-85.8297 targetRsrp=-83.083 targetLoadReal=15/20 targetLoadEff=15/20
UE 14 TTT_WAIT target=3 elapsed=0s need=2s
LM HO UE=16 rnti=164 1->4 type=TN servingRsrp=-84.2683 targetRsrp=-71.4713 targetLoadReal=17/20 targetLoadEff=17/20
UE 19 TTT_WAIT target=2 elapsed=0s need=2s
UE 22 TTT_WAIT target=2 elapsed=0s need=2s
UE 23 TTT_WAIT target=2 elapsed=0s need=2s
UE 29 TTT_WAIT target=2 elapsed=0s need=2s
LM HO UE=35 rnti=104 2->3 type=TN servingRsrp=-79.7498 targetRsrp=-69.7863 targetLoadReal=15/20 targetLoadEff=16/20
UE 36 TTT_WAIT target=4 elapsed=0s need=2s
UE 40 TTT_WAIT target=2 elapsed=0s need=2s
UE 50 TTT_WAIT target=2 elapsed=0s need=2s
UE 54 TTT_WAIT target=4 elapsed=0s need=2s
UE 55 TTT_WAIT target=2 elapsed=0s need=2s
UE 56 TTT_WAIT target=3 elapsed=0s need=2s
LM HO UE=60 rnti=147 3->2 type=TN servingRsrp=-81.9828 targetRsrp=-52.1691 targetLoadReal=18/20 targetLoadEff=18/20
UE 62 TTT_WAIT target=2 elapsed=0s need=2s
UE 63 TTT_WAIT target=3 elapsed=0s need=2s
UE 65 TTT_WAIT target=2 elapsed=0s need=2s
UE 66 TTT_WAIT target=3 elapsed=0s need=2s
UE 68 TTT_WAIT target=4 elapsed=0s need=2s
UE 70 TTT_WAIT target=4 elapsed=0s need=2s
UE 73 TTT_WAIT target=3 elapsed=0s need=2s
UE 74 TTT_WAIT target=3 elapsed=0s need=2s
TRACE HO_SUCCESS Time=36.6151 IMSI=59 TargetCell=2 Type=TN TargetRSRP=-84.9598 ServingRSRP=-84.5897 BackhaulDlSnr=-999 BackhaulUlSnr=-999
TRACE HO_SUCCESS Time=36.6151 IMSI=8 TargetCell=3 Type=TN TargetRSRP=-85.9541 ServingRSRP=-82.1237 BackhaulDlSnr=-999 BackhaulUlSnr=-999
TRACE HO_SUCCESS Time=36.6151 IMSI=34 TargetCell=3 Type=TN TargetRSRP=-86.1678 ServingRSRP=-66.44 BackhaulDlSnr=-999 BackhaulUlSnr=-999
TRACE HO_SUCCESS Time=36.6151 IMSI=15 TargetCell=4 Type=TN TargetRSRP=-53.3656 ServingRSRP=-82.9274 BackhaulDlSnr=-999 BackhaulUlSnr=-999
---- LOAD at t=38.5 ----
  cell 1 (TN) load=19/20
  cell 2 (TN) load=17/20
  cell 3 (TN) load=16/20
  cell 4 (TN) load=18/20
UE 7 TTT_WAIT target=1 elapsed=0s need=2s
UE 9 TTT_WAIT target=2 elapsed=0s need=2s
UE 11 TTT_WAIT target=4 elapsed=0s need=2s
UE 14 TTT_WAIT target=2 elapsed=0s need=2s
UE 16 TTT_WAIT target=2 elapsed=0s need=2s
UE 18 TTT_WAIT target=1 elapsed=0s need=2s
LM HO UE=19 rnti=55 3->2 type=TN servingRsrp=-95.205 targetRsrp=-70.9263 targetLoadReal=17/20 targetLoadEff=17/20
UE 20 TTT_WAIT target=1 elapsed=0s need=2s
UE 24 TTT_WAIT target=3 elapsed=0s need=2s
UE 26 TTT_WAIT target=3 elapsed=0s need=2s
UE 30 TTT_WAIT target=2 elapsed=0s need=2s
UE 31 TTT_WAIT target=3 elapsed=0s need=2s
UE 35 TTT_WAIT target=1 elapsed=0s need=2s
LM HO UE=36 rnti=112 2->4 type=TN servingRsrp=-83.4579 targetRsrp=-75.8618 targetLoadReal=18/20 targetLoadEff=18/20
UE 38 TTT_WAIT target=3 elapsed=0s need=2s
UE 39 TTT_WAIT target=1 elapsed=0s need=2s
UE 45 TTT_WAIT target=2 elapsed=0s need=2s
UE 46 TTT_WAIT target=4 elapsed=0s need=2s
UE 51 TTT_WAIT target=1 elapsed=0s need=2s
UE 52 TTT_WAIT target=1 elapsed=0s need=2s
LM HO UE=65 rnti=177 3->2 type=TN servingRsrp=-86.1801 targetRsrp=-65.3961 targetLoadReal=17/20 targetLoadEff=18/20
UE 66 TTT_WAIT target=2 elapsed=0s need=2s
UE 67 TTT_WAIT target=2 elapsed=0s need=2s
UE 69 TTT_WAIT target=1 elapsed=0s need=2s
LM HO UE=70 rnti=77 2->4 type=TN servingRsrp=-91.2473 targetRsrp=-67.084 targetLoadReal=18/20 targetLoadEff=19/20
UE 72 TTT_WAIT target=1 elapsed=0s need=2s
LM HO UE=73 rnti=165 4->3 type=TN servingRsrp=-57.6255 targetRsrp=-53.2752 targetLoadReal=16/20 targetLoadEff=16/20
TRACE HO_SUCCESS Time=38.6151 IMSI=18 TargetCell=2 Type=TN TargetRSRP=-90.263 ServingRSRP=-86.8896 BackhaulDlSnr=-999 BackhaulUlSnr=-999
TRACE HO_SUCCESS Time=38.6151 IMSI=64 TargetCell=2 Type=TN TargetRSRP=-68.7463 ServingRSRP=-60.4196 BackhaulDlSnr=-999 BackhaulUlSnr=-999
TRACE HO_SUCCESS Time=38.6151 IMSI=72 TargetCell=3 Type=TN TargetRSRP=-89.4193 ServingRSRP=-77.1719 BackhaulDlSnr=-999 BackhaulUlSnr=-999
TRACE HO_SUCCESS Time=38.6151 IMSI=69 TargetCell=4 Type=TN TargetRSRP=-67.9928 ServingRSRP=-67.7431 BackhaulDlSnr=-999 BackhaulUlSnr=-999
TRACE HO_SUCCESS Time=38.6151 IMSI=35 TargetCell=4 Type=TN TargetRSRP=-70.6694 ServingRSRP=-94.4441 BackhaulDlSnr=-999 BackhaulUlSnr=-999
