UAV_AUTONOMY_XAPP Time=4.5 DeploymentMode=tn-uav UavIndex=0 UavCellId=5 BestDonorCellId=1 BestDonorDistanceM=1451.84 XhaulConnected=1 XhaulChannelVariationDb=0 XhaulState=HEALTHY SatBackhaulHealthy=0 OnboardUavRicAvailable=0 OnboardUavRicState=DISABLED BackhaulMode=TN_DIRECT ControlPath=TN_E2 ActiveUavRic=TN_NEAR_RT_RIC NormalUeHandoverAllowed=1 UavMode=TN_CONTROLLED_COVERAGE_EXTENSION
UAV_AUTONOMY_XAPP Time=4.5 DeploymentMode=tn-uav UavIndex=1 UavCellId=6 BestDonorCellId=4 BestDonorDistanceM=629.258 XhaulConnected=1 XhaulChannelVariationDb=0 XhaulState=HEALTHY SatBackhaulHealthy=0 OnboardUavRicAvailable=0 OnboardUavRicState=DISABLED BackhaulMode=TN_DIRECT ControlPath=TN_E2 ActiveUavRic=TN_NEAR_RT_RIC NormalUeHandoverAllowed=1 UavMode=TN_CONTROLLED_COVERAGE_EXTENSION
UAV_AUTONOMY_XAPP Time=4.5 DeploymentMode=tn-uav UavIndex=2 UavCellId=7 BestDonorCellId=2 BestDonorDistanceM=765.017 XhaulConnected=1 XhaulChannelVariationDb=0 XhaulState=HEALTHY SatBackhaulHealthy=0 OnboardUavRicAvailable=0 OnboardUavRicState=DISABLED BackhaulMode=TN_DIRECT ControlPath=TN_E2 ActiveUavRic=TN_NEAR_RT_RIC NormalUeHandoverAllowed=1 UavMode=TN_CONTROLLED_COVERAGE_EXTENSION
Could not find NR UE cell info for E2 Node ID = 8
Could not find NR UE cell info for E2 Node ID = 9
Could not find NR UE cell info for E2 Node ID = 10
Could not find NR UE cell info for E2 Node ID = 11
Could not find NR UE cell info for E2 Node ID = 12
Could not find NR UE cell info for E2 Node ID = 13
Could not find NR UE cell info for E2 Node ID = 14
Could not find NR UE cell info for E2 Node ID = 15
Could not find NR UE cell info for E2 Node ID = 16
Could not find NR UE cell info for E2 Node ID = 17
Could not find NR UE cell info for E2 Node ID = 18
Could not find NR UE cell info for E2 Node ID = 19
Could not find NR UE cell info for E2 Node ID = 20
Could not find NR UE cell info for E2 Node ID = 21
Could not find NR UE cell info for E2 Node ID = 22
Could not find NR UE cell info for E2 Node ID = 23
Could not find NR UE cell info for E2 Node ID = 24
Could not find NR UE cell info for E2 Node ID = 25
Could not find NR UE cell info for E2 Node ID = 26
Could not find NR UE cell info for E2 Node ID = 27
Could not find NR UE cell info for E2 Node ID = 28
Could not find NR UE cell info for E2 Node ID = 29
Could not find NR UE cell info for E2 Node ID = 30
Could not find NR UE cell info for E2 Node ID = 31
Could not find NR UE cell info for E2 Node ID = 32
Could not find NR UE cell info for E2 Node ID = 33
Could not find NR UE cell info for E2 Node ID = 34
Could not find NR UE cell info for E2 Node ID = 35
Could not find NR UE cell info for E2 Node ID = 36
Could not find NR UE cell info for E2 Node ID = 37
Could not find NR UE cell info for E2 Node ID = 38
Could not find NR UE cell info for E2 Node ID = 39
Could not find NR UE cell info for E2 Node ID = 40
Could not find NR UE cell info for E2 Node ID = 41
Could not find NR UE cell info for E2 Node ID = 42
Could not find NR UE cell info for E2 Node ID = 43
Could not find NR UE cell info for E2 Node ID = 44
Could not find NR UE cell info for E2 Node ID = 45
Could not find NR UE cell info for E2 Node ID = 46
Could not find NR UE cell info for E2 Node ID = 47
Could not find NR UE cell info for E2 Node ID = 48
Could not find NR UE cell info for E2 Node ID = 49
Could not find NR UE cell info for E2 Node ID = 50
Could not find NR UE cell info for E2 Node ID = 51
Could not find NR UE cell info for E2 Node ID = 52
Could not find NR UE cell info for E2 Node ID = 53
Could not find NR UE cell info for E2 Node ID = 54
Could not find NR UE cell info for E2 Node ID = 55
Could not find NR UE cell info for E2 Node ID = 56
Could not find NR UE cell info for E2 Node ID = 57
Could not find NR gNB location for E2 Node ID = 1
Could not find NR gNB location for E2 Node ID = 2
Could not find NR gNB location for E2 Node ID = 3
Could not find NR gNB location for E2 Node ID = 4
Could not find NR gNB location for E2 Node ID = 5
Could not find NR gNB location for E2 Node ID = 6
Could not find NR gNB location for E2 Node ID = 7
---- LOAD at t=4.5 ----
UAV_AUTONOMY_XAPP Time=6.5 DeploymentMode=tn-uav UavIndex=0 UavCellId=5 BestDonorCellId=1 BestDonorDistanceM=1451.84 XhaulConnected=1 XhaulChannelVariationDb=0 XhaulState=HEALTHY SatBackhaulHealthy=0 OnboardUavRicAvailable=0 OnboardUavRicState=DISABLED BackhaulMode=TN_DIRECT ControlPath=TN_E2 ActiveUavRic=TN_NEAR_RT_RIC NormalUeHandoverAllowed=1 UavMode=TN_CONTROLLED_COVERAGE_EXTENSION
UAV_AUTONOMY_XAPP Time=6.5 DeploymentMode=tn-uav UavIndex=1 UavCellId=6 BestDonorCellId=4 BestDonorDistanceM=629.258 XhaulConnected=1 XhaulChannelVariationDb=0 XhaulState=HEALTHY SatBackhaulHealthy=0 OnboardUavRicAvailable=0 OnboardUavRicState=DISABLED BackhaulMode=TN_DIRECT ControlPath=TN_E2 ActiveUavRic=TN_NEAR_RT_RIC NormalUeHandoverAllowed=1 UavMode=TN_CONTROLLED_COVERAGE_EXTENSION
UAV_AUTONOMY_XAPP Time=6.5 DeploymentMode=tn-uav UavIndex=2 UavCellId=7 BestDonorCellId=2 BestDonorDistanceM=765.017 XhaulConnected=1 XhaulChannelVariationDb=0 XhaulState=HEALTHY SatBackhaulHealthy=0 OnboardUavRicAvailable=0 OnboardUavRicState=DISABLED BackhaulMode=TN_DIRECT ControlPath=TN_E2 ActiveUavRic=TN_NEAR_RT_RIC NormalUeHandoverAllowed=1 UavMode=TN_CONTROLLED_COVERAGE_EXTENSION
---- LOAD at t=6.5 ----
  cell 1 (TN) load=7/20
  cell 2 (TN) load=3/20
  cell 3 (TN) load=11/20
  cell 4 (TN) load=7/20
  cell 5 (NTN) load=10/10
  cell 6 (NTN) load=9/10
  cell 7 (NTN) load=3/10
UE 9 TTT_WAIT target=1 elapsed=0s need=2s
UE 11 TTT_WAIT target=2 elapsed=0s need=2s
UE 13 TTT_WAIT target=3 elapsed=0s need=2s
UE 17 TTT_WAIT target=2 elapsed=0s need=2s
UE 18 TTT_WAIT target=1 elapsed=0s need=2s
UE 23 TTT_WAIT target=2 elapsed=0s need=2s
UE 26 TTT_WAIT target=2 elapsed=0s need=2s
UE 28 TTT_WAIT target=1 elapsed=0s need=2s
UE 29 TTT_WAIT target=2 elapsed=0s need=2s
UE 30 TTT_WAIT target=3 elapsed=0s need=2s
UE 33 TTT_WAIT target=2 elapsed=0s need=2s
UE 35 TTT_WAIT target=2 elapsed=0s need=2s
UE 37 TTT_WAIT target=4 elapsed=0s need=2s
UE 38 TTT_WAIT target=3 elapsed=0s need=2s
UE 40 TTT_WAIT target=2 elapsed=0s need=2s
UE 42 TTT_WAIT target=2 elapsed=0s need=2s
UE 44 TTT_WAIT target=2 elapsed=0s need=2s
UE 46 TTT_WAIT target=7 elapsed=0s need=2s
UE 47 TTT_WAIT target=1 elapsed=0s need=2s
UE 49 TTT_WAIT target=6 elapsed=0s need=2s
UE 50 TTT_WAIT target=4 elapsed=0s need=2s
UE 51 TTT_WAIT target=7 elapsed=0s need=2s
UE 52 TTT_WAIT target=2 elapsed=0s need=2s
UE 55 TTT_WAIT target=4 elapsed=0s need=2s
UE 57 TTT_WAIT target=2 elapsed=0s need=2s
UAV_AUTONOMY_XAPP Time=8.5 DeploymentMode=tn-uav UavIndex=0 UavCellId=5 BestDonorCellId=1 BestDonorDistanceM=1451.84 XhaulConnected=1 XhaulChannelVariationDb=0 XhaulState=HEALTHY SatBackhaulHealthy=0 OnboardUavRicAvailable=0 OnboardUavRicState=DISABLED BackhaulMode=TN_DIRECT ControlPath=TN_E2 ActiveUavRic=TN_NEAR_RT_RIC NormalUeHandoverAllowed=1 UavMode=TN_CONTROLLED_COVERAGE_EXTENSION
UAV_AUTONOMY_XAPP Time=8.5 DeploymentMode=tn-uav UavIndex=1 UavCellId=6 BestDonorCellId=4 BestDonorDistanceM=629.258 XhaulConnected=1 XhaulChannelVariationDb=0 XhaulState=HEALTHY SatBackhaulHealthy=0 OnboardUavRicAvailable=0 OnboardUavRicState=DISABLED BackhaulMode=TN_DIRECT ControlPath=TN_E2 ActiveUavRic=TN_NEAR_RT_RIC NormalUeHandoverAllowed=1 UavMode=TN_CONTROLLED_COVERAGE_EXTENSION
UAV_AUTONOMY_XAPP Time=8.5 DeploymentMode=tn-uav UavIndex=2 UavCellId=7 BestDonorCellId=2 BestDonorDistanceM=765.572 XhaulConnected=1 XhaulChannelVariationDb=0 XhaulState=HEALTHY SatBackhaulHealthy=0 OnboardUavRicAvailable=0 OnboardUavRicState=DISABLED BackhaulMode=TN_DIRECT ControlPath=TN_E2 ActiveUavRic=TN_NEAR_RT_RIC NormalUeHandoverAllowed=1 UavMode=TN_CONTROLLED_COVERAGE_EXTENSION
---- LOAD at t=8.5 ----
  cell 1 (TN) load=20/20
  cell 2 (TN) load=12/20
  cell 3 (TN) load=20/20
  cell 4 (TN) load=20/20
  cell 5 (NTN) load=10/10
  cell 6 (NTN) load=10/10
  cell 7 (NTN) load=8/10
UE 12 TTT_WAIT target=2 elapsed=0s need=2s
LM HO UE=17 rnti=65 6->2 type=TN servingRsrp=-83.2096 targetRsrp=-53.9927 targetLoadReal=12/20 targetLoadEff=12/20
LM HO UE=23 rnti=22 7->2 type=TN servingRsrp=-78.2662 targetRsrp=-66.8022 targetLoadReal=12/20 targetLoadEff=13/20
LM HO UE=26 rnti=91 3->2 type=TN servingRsrp=-53.0223 targetRsrp=-46.3869 targetLoadReal=12/20 targetLoadEff=14/20
LM HO UE=29 rnti=51 1->2 type=TN servingRsrp=-77.7823 targetRsrp=-44.2453 targetLoadReal=12/20 targetLoadEff=15/20
LM HO UE=33 rnti=23 7->2 type=TN servingRsrp=-79.5827 targetRsrp=-41.0422 targetLoadReal=12/20 targetLoadEff=16/20
UE 34 TTT_WAIT target=7 elapsed=0s need=2s
UE 37 TTT_WAIT target=2 elapsed=0s need=2s
UE 39 TTT_WAIT target=2 elapsed=0s need=2s
UE 41 TTT_WAIT target=7 elapsed=0s need=2s
UE 42 TTT_WAIT target=7 elapsed=0s need=2s
LM HO UE=44 rnti=93 3->2 type=TN servingRsrp=-98.6863 targetRsrp=-96.2504 targetLoadReal=12/20 targetLoadEff=17/20
UE 47 TTT_WAIT target=7 elapsed=0s need=2s
UE 50 TTT_WAIT target=2 elapsed=0s need=2s
LM HO UE=52 rnti=55 1->2 type=TN servingRsrp=-74.4699 targetRsrp=-46.629 targetLoadReal=12/20 targetLoadEff=18/20
UE 53 TTT_WAIT target=2 elapsed=0s need=2s
LM HO UE=57 rnti=98 3->2 type=TN servingRsrp=-94.2194 targetRsrp=-89.1671 targetLoadReal=12/20 targetLoadEff=19/20
UE 64 TTT_WAIT target=7 elapsed=0s need=2s
UE 72 TTT_WAIT target=7 elapsed=0s need=2s
UE 74 TTT_WAIT target=7 elapsed=0s need=2s
UE 75 TTT_WAIT target=7 elapsed=0s need=2s
UE 76 TTT_WAIT target=7 elapsed=0s need=2s
UE 81 TTT_WAIT target=7 elapsed=0s need=2s
UE 83 TTT_WAIT target=7 elapsed=0s need=2s
UE 94 TTT_WAIT target=7 elapsed=0s need=2s
UE 96 TTT_WAIT target=7 elapsed=0s need=2s
TRACE HO_SUCCESS Time=8.61507 IMSI=28 TargetCell=2 Type=TN TargetRSRP=-81.326 ServingRSRP=-50.4137 BackhaulDlSnr=-999 BackhaulUlSnr=-999
TRACE HO_SUCCESS Time=8.61507 IMSI=51 TargetCell=2 Type=TN TargetRSRP=-85.9933 ServingRSRP=-52.4318 BackhaulDlSnr=-999 BackhaulUlSnr=-999
TRACE HO_SUCCESS Time=8.61507 IMSI=25 TargetCell=2 Type=TN TargetRSRP=-86.1648 ServingRSRP=-58.6045 BackhaulDlSnr=-999 BackhaulUlSnr=-999
TRACE HO_SUCCESS Time=8.61507 IMSI=43 TargetCell=2 Type=TN TargetRSRP=-83.518 ServingRSRP=-62.2591 BackhaulDlSnr=-999 BackhaulUlSnr=-999
TRACE HO_SUCCESS Time=8.61507 IMSI=56 TargetCell=2 Type=TN TargetRSRP=-93.9246 ServingRSRP=-85.2645 BackhaulDlSnr=-999 BackhaulUlSnr=-999
TRACE HO_SUCCESS Time=8.61507 IMSI=16 TargetCell=2 Type=TN TargetRSRP=-91.5186 ServingRSRP=-56.4986 BackhaulDlSnr=-999 BackhaulUlSnr=-999
TRACE HO_SUCCESS Time=8.61507 IMSI=22 TargetCell=2 Type=TN TargetRSRP=-37.5197 ServingRSRP=-31.4829 BackhaulDlSnr=-999 BackhaulUlSnr=-999
TRACE HO_SUCCESS Time=8.61507 IMSI=32 TargetCell=2 Type=TN TargetRSRP=-69.8865 ServingRSRP=-68.2824 BackhaulDlSnr=-999 BackhaulUlSnr=-999
UAV_AUTONOMY_XAPP Time=10.5 DeploymentMode=tn-uav UavIndex=0 UavCellId=5 BestDonorCellId=1 BestDonorDistanceM=1451.84 XhaulConnected=1 XhaulChannelVariationDb=0 XhaulState=HEALTHY SatBackhaulHealthy=0 OnboardUavRicAvailable=0 OnboardUavRicState=DISABLED BackhaulMode=TN_DIRECT ControlPath=TN_E2 ActiveUavRic=TN_NEAR_RT_RIC NormalUeHandoverAllowed=1 UavMode=TN_CONTROLLED_COVERAGE_EXTENSION
UAV_AUTONOMY_XAPP Time=10.5 DeploymentMode=tn-uav UavIndex=1 UavCellId=6 BestDonorCellId=4 BestDonorDistanceM=643.166 XhaulConnected=1 XhaulChannelVariationDb=0 XhaulState=HEALTHY SatBackhaulHealthy=0 OnboardUavRicAvailable=0 OnboardUavRicState=DISABLED BackhaulMode=TN_DIRECT ControlPath=TN_E2 ActiveUavRic=TN_NEAR_RT_RIC NormalUeHandoverAllowed=1 UavMode=TN_CONTROLLED_COVERAGE_EXTENSION
UAV_AUTONOMY_XAPP Time=10.5 DeploymentMode=tn-uav UavIndex=2 UavCellId=7 BestDonorCellId=2 BestDonorDistanceM=766.665 XhaulConnected=1 XhaulChannelVariationDb=0 XhaulState=HEALTHY SatBackhaulHealthy=0 OnboardUavRicAvailable=0 OnboardUavRicState=DISABLED BackhaulMode=TN_DIRECT ControlPath=TN_E2 ActiveUavRic=TN_NEAR_RT_RIC NormalUeHandoverAllowed=1 UavMode=TN_CONTROLLED_COVERAGE_EXTENSION
---- LOAD at t=10.5 ----
  cell 1 (TN) load=18/20
  cell 2 (TN) load=20/20
  cell 3 (TN) load=17/20
  cell 4 (TN) load=20/20
  cell 5 (NTN) load=10/10
  cell 6 (NTN) load=9/10
  cell 7 (NTN) load=6/10
UE 8 TTT_WAIT target=1 elapsed=0s need=2s
UE 11 TTT_WAIT target=1 elapsed=0s need=2s
UE 19 TTT_WAIT target=3 elapsed=0s need=2s
UE 20 TTT_WAIT target=1 elapsed=0s need=2s
UE 23 TTT_WAIT target=3 elapsed=0s need=2s
UE 26 TTT_WAIT target=3 elapsed=0s need=2s
UE 29 TTT_WAIT target=7 elapsed=0s need=2s
UE 30 TTT_WAIT target=6 elapsed=0s need=2s
UE 31 TTT_WAIT target=6 elapsed=0s need=2s
UE 33 TTT_WAIT target=7 elapsed=0s need=2s
UE 39 TTT_WAIT target=3 elapsed=0s need=2s
UE 42 TTT_WAIT target=1 elapsed=0s need=2s
UE 44 TTT_WAIT target=3 elapsed=0s need=2s
UE 45 TTT_WAIT target=7 elapsed=0s need=2s
UE 47 TTT_WAIT target=1 elapsed=0s need=2s
UE 51 TTT_WAIT target=1 elapsed=0s need=2s
UE 53 TTT_WAIT target=7 elapsed=0s need=2s
UE 60 TTT_WAIT target=1 elapsed=0s need=2s
UE 63 TTT_WAIT target=1 elapsed=0s need=2s
UE 66 TTT_WAIT target=1 elapsed=0s need=2s
UE 68 TTT_WAIT target=7 elapsed=0s need=2s
UE 69 TTT_WAIT target=6 elapsed=0s need=2s
UE 70 TTT_WAIT target=1 elapsed=0s need=2s
UE 73 TTT_WAIT target=6 elapsed=0s need=2s
LM HO UE=75 rnti=160 3->7 type=NTN servingRsrp=-84.6848 targetRsrp=-63.3063 targetLoadReal=6/10 targetLoadEff=6/10
UE 76 TTT_WAIT target=3 elapsed=0s need=2s
UE 81 TTT_WAIT target=6 elapsed=0s need=2s
UE 85 TTT_WAIT target=6 elapsed=0s need=2s
UE 86 TTT_WAIT target=1 elapsed=0s need=2s
UE 89 TTT_WAIT target=1 elapsed=0s need=2s
UE 91 TTT_WAIT target=3 elapsed=0s need=2s
UE 92 TTT_WAIT target=3 elapsed=0s need=2s
UE 94 TTT_WAIT target=3 elapsed=0s need=2s
UE 95 TTT_WAIT target=6 elapsed=0s need=2s
UE 96 TTT_WAIT target=1 elapsed=0s need=2s
UE 97 TTT_WAIT target=3 elapsed=0s need=2s
UE 98 TTT_WAIT target=1 elapsed=0s need=2s
UE 99 TTT_WAIT target=3 elapsed=0s need=2s
UE 103 TTT_WAIT target=1 elapsed=0s need=2s
UE 104 TTT_WAIT target=3 elapsed=0s need=2s
UE 107 TTT_WAIT target=3 elapsed=0s need=2s
TRACE HO_SUCCESS Time=10.6151 IMSI=74 TargetCell=7 Type=NTN TargetRSRP=-75.4948 ServingRSRP=-50.1049 BackhaulDlSnr=-999 BackhaulUlSnr=-999
UAV_AUTONOMY_XAPP Time=12.5 DeploymentMode=tn-uav UavIndex=0 UavCellId=5 BestDonorCellId=1 BestDonorDistanceM=1451.84 XhaulConnected=1 XhaulChannelVariationDb=0 XhaulState=HEALTHY SatBackhaulHealthy=0 OnboardUavRicAvailable=0 OnboardUavRicState=DISABLED BackhaulMode=TN_DIRECT ControlPath=TN_E2 ActiveUavRic=TN_NEAR_RT_RIC NormalUeHandoverAllowed=1 UavMode=TN_CONTROLLED_COVERAGE_EXTENSION
UAV_AUTONOMY_XAPP Time=12.5 DeploymentMode=tn-uav UavIndex=1 UavCellId=6 BestDonorCellId=4 BestDonorDistanceM=660.753 XhaulConnected=1 XhaulChannelVariationDb=0 XhaulState=HEALTHY SatBackhaulHealthy=0 OnboardUavRicAvailable=0 OnboardUavRicState=DISABLED BackhaulMode=TN_DIRECT ControlPath=TN_E2 ActiveUavRic=TN_NEAR_RT_RIC NormalUeHandoverAllowed=1 UavMode=TN_CONTROLLED_COVERAGE_EXTENSION
UAV_AUTONOMY_XAPP Time=12.5 DeploymentMode=tn-uav UavIndex=2 UavCellId=7 BestDonorCellId=2 BestDonorDistanceM=766.943 XhaulConnected=1 XhaulChannelVariationDb=0 XhaulState=HEALTHY SatBackhaulHealthy=0 OnboardUavRicAvailable=0 OnboardUavRicState=DISABLED BackhaulMode=TN_DIRECT ControlPath=TN_E2 ActiveUavRic=TN_NEAR_RT_RIC NormalUeHandoverAllowed=1 UavMode=TN_CONTROLLED_COVERAGE_EXTENSION
---- LOAD at t=12.5 ----
  cell 1 (TN) load=18/20
  cell 2 (TN) load=20/20
  cell 3 (TN) load=16/20
  cell 4 (TN) load=20/20
  cell 5 (NTN) load=10/10
  cell 6 (NTN) load=9/10
  cell 7 (NTN) load=7/10
LM HO UE=8 rnti=22 2->1 type=TN servingRsrp=-78.7924 targetRsrp=-65.7291 targetLoadReal=18/20 targetLoadEff=18/20
UE 17 TTT_WAIT target=6 elapsed=0s need=2s
UE 19 TTT_WAIT target=7 elapsed=0s need=2s
UE 20 TTT_WAIT target=6 elapsed=0s need=2s
UE 23 TTT_WAIT target=1 elapsed=0s need=2s
UE 24 TTT_WAIT target=3 elapsed=0s need=2s
UE 25 TTT_WAIT target=3 elapsed=0s need=2s
LM HO UE=26 rnti=99 2->3 type=TN servingRsrp=-83.3111 targetRsrp=-41.2201 targetLoadReal=16/20 targetLoadEff=16/20
UE 34 TTT_WAIT target=3 elapsed=0s need=2s
UE 35 TTT_WAIT target=3 elapsed=0s need=2s
UE 36 TTT_WAIT target=3 elapsed=0s need=2s
LM HO UE=39 rnti=53 1->3 type=TN servingRsrp=-80.2392 targetRsrp=-50.4901 targetLoadReal=16/20 targetLoadEff=17/20
UE 41 TTT_WAIT target=3 elapsed=0s need=2s
LM HO UE=42 rnti=74 6->1 type=TN servingRsrp=-74.3423 targetRsrp=-58.1278 targetLoadReal=18/20 targetLoadEff=19/20
LM HO UE=44 rnti=102 2->3 type=TN servingRsrp=-70.1164 targetRsrp=-62.5295 targetLoadReal=16/20 targetLoadEff=18/20
LM HO UE=45 rnti=54 1->7 type=NTN servingRsrp=-76.6013 targetRsrp=-62.3414 targetLoadReal=7/10 targetLoadEff=7/10
UE 47 TTT_WAIT target=7 elapsed=0s need=2s
UE 50 TTT_WAIT target=6 elapsed=0s need=2s
LM HO UE=53 rnti=97 3->7 type=NTN servingRsrp=-79.896 targetRsrp=-55.4087 targetLoadReal=7/10 targetLoadEff=8/10
UE 58 TTT_WAIT target=7 elapsed=0s need=2s
UE 60 TTT_WAIT target=7 elapsed=0s need=2s
UE 62 TTT_WAIT target=3 elapsed=0s need=2s
UE 63 TTT_WAIT target=7 elapsed=0s need=2s
UE 64 TTT_WAIT target=6 elapsed=0s need=2s
UE 72 TTT_WAIT target=3 elapsed=0s need=2s
LM HO UE=73 rnti=142 4->6 type=NTN servingRsrp=-73.4364 targetRsrp=-51.2738 targetLoadReal=9/10 targetLoadEff=9/10
UE 75 TTT_WAIT target=3 elapsed=0s need=2s
UE 76 TTT_WAIT target=7 elapsed=0s need=2s
UE 84 TTT_WAIT target=7 elapsed=0s need=2s
UE 85 TTT_WAIT target=3 elapsed=0s need=2s
UE 86 TTT_WAIT target=3 elapsed=0s need=2s
UE 89 TTT_WAIT target=3 elapsed=0s need=2s
LM HO UE=91 rnti=164 4->3 type=TN servingRsrp=-75.8693 targetRsrp=-55.3828 targetLoadReal=16/20 targetLoadEff=19/20
UE 94 TTT_WAIT target=7 elapsed=0s need=2s
UE 97 TTT_WAIT target=7 elapsed=0s need=2s
UE 101 TTT_WAIT target=7 elapsed=0s need=2s
UE 103 TTT_WAIT target=7 elapsed=0s need=2s
TRACE HO_SUCCESS Time=12.6151 IMSI=7 TargetCell=1 Type=TN TargetRSRP=-78.9004 ServingRSRP=-56.5135 BackhaulDlSnr=-999 BackhaulUlSnr=-999
TRACE HO_SUCCESS Time=12.6151 IMSI=41 TargetCell=1 Type=TN TargetRSRP=-83.1781 ServingRSRP=-53.2506 BackhaulDlSnr=-999 BackhaulUlSnr=-999
TRACE HO_SUCCESS Time=12.6151 IMSI=38 TargetCell=3 Type=TN TargetRSRP=-47.7759 ServingRSRP=-57.1737 BackhaulDlSnr=-999 BackhaulUlSnr=-999
TRACE HO_SUCCESS Time=12.6151 IMSI=25 TargetCell=3 Type=TN TargetRSRP=-81.1562 ServingRSRP=-66.8221 BackhaulDlSnr=-999 BackhaulUlSnr=-999
TRACE HO_SUCCESS Time=12.6151 IMSI=43 TargetCell=3 Type=TN TargetRSRP=-59.0617 ServingRSRP=-67.4128 BackhaulDlSnr=-999 BackhaulUlSnr=-999
TRACE HO_SUCCESS Time=12.6151 IMSI=90 TargetCell=3 Type=TN TargetRSRP=-53.1019 ServingRSRP=-69.7934 BackhaulDlSnr=-999 BackhaulUlSnr=-999
TRACE HO_SUCCESS Time=12.6151 IMSI=72 TargetCell=6 Type=NTN TargetRSRP=-80.9094 ServingRSRP=-56.7529 BackhaulDlSnr=-999 BackhaulUlSnr=-999
TRACE HO_SUCCESS Time=12.6151 IMSI=44 TargetCell=7 Type=NTN TargetRSRP=-75.1051 ServingRSRP=-67.7127 BackhaulDlSnr=-999 BackhaulUlSnr=-999
TRACE HO_SUCCESS Time=12.6151 IMSI=52 TargetCell=7 Type=NTN TargetRSRP=-88.6155 ServingRSRP=-46.3231 BackhaulDlSnr=-999 BackhaulUlSnr=-999
UAV_AUTONOMY_XAPP Time=14.5 DeploymentMode=tn-uav UavIndex=0 UavCellId=5 BestDonorCellId=1 BestDonorDistanceM=1451.84 XhaulConnected=1 XhaulChannelVariationDb=0 XhaulState=HEALTHY SatBackhaulHealthy=0 OnboardUavRicAvailable=0 OnboardUavRicState=DISABLED BackhaulMode=TN_DIRECT ControlPath=TN_E2 ActiveUavRic=TN_NEAR_RT_RIC NormalUeHandoverAllowed=1 UavMode=TN_CONTROLLED_COVERAGE_EXTENSION
UAV_AUTONOMY_XAPP Time=14.5 DeploymentMode=tn-uav UavIndex=1 UavCellId=6 BestDonorCellId=4 BestDonorDistanceM=678.49 XhaulConnected=1 XhaulChannelVariationDb=0 XhaulState=HEALTHY SatBackhaulHealthy=0 OnboardUavRicAvailable=0 OnboardUavRicState=DISABLED BackhaulMode=TN_DIRECT ControlPath=TN_E2 ActiveUavRic=TN_NEAR_RT_RIC NormalUeHandoverAllowed=1 UavMode=TN_CONTROLLED_COVERAGE_EXTENSION
UAV_AUTONOMY_XAPP Time=14.5 DeploymentMode=tn-uav UavIndex=2 UavCellId=7 BestDonorCellId=2 BestDonorDistanceM=766.943 XhaulConnected=1 XhaulChannelVariationDb=0 XhaulState=HEALTHY SatBackhaulHealthy=0 OnboardUavRicAvailable=0 OnboardUavRicState=DISABLED BackhaulMode=TN_DIRECT ControlPath=TN_E2 ActiveUavRic=TN_NEAR_RT_RIC NormalUeHandoverAllowed=1 UavMode=TN_CONTROLLED_COVERAGE_EXTENSION
---- LOAD at t=14.5 ----
  cell 1 (TN) load=18/20
  cell 2 (TN) load=17/20
  cell 3 (TN) load=19/20
  cell 4 (TN) load=18/20
  cell 5 (NTN) load=10/10
  cell 6 (NTN) load=9/10
  cell 7 (NTN) load=9/10
UE 8 TTT_WAIT target=2 elapsed=0s need=2s
UE 9 TTT_WAIT target=4 elapsed=0s need=2s
UE 12 TTT_WAIT target=6 elapsed=0s need=2s
UE 16 TTT_WAIT target=6 elapsed=0s need=2s
UE 17 TTT_WAIT target=1 elapsed=0s need=2s
UE 19 TTT_WAIT target=1 elapsed=0s need=2s
UE 21 TTT_WAIT target=7 elapsed=0s need=2s
LM HO UE=23 rnti=98 2->1 type=TN servingRsrp=-50.3516 targetRsrp=-44.8039 targetLoadReal=18/20 targetLoadEff=18/20
UE 25 TTT_WAIT target=4 elapsed=0s need=2s
UE 26 TTT_WAIT target=1 elapsed=0s need=2s
UE 29 TTT_WAIT target=1 elapsed=0s need=2s
UE 30 TTT_WAIT target=3 elapsed=0s need=2s
UE 33 TTT_WAIT target=3 elapsed=0s need=2s
UE 34 TTT_WAIT target=4 elapsed=0s need=2s
UE 35 TTT_WAIT target=1 elapsed=0s need=2s
UE 37 TTT_WAIT target=4 elapsed=0s need=2s
UE 39 TTT_WAIT target=2 elapsed=0s need=2s
UE 40 TTT_WAIT target=1 elapsed=0s need=2s
UE 42 TTT_WAIT target=6 elapsed=0s need=2s
UE 44 TTT_WAIT target=1 elapsed=0s need=2s
UE 47 TTT_WAIT target=2 elapsed=0s need=2s
UE 50 TTT_WAIT target=2 elapsed=0s need=2s
UE 52 TTT_WAIT target=7 elapsed=0s need=2s
UE 53 TTT_WAIT target=3 elapsed=0s need=2s
UE 57 TTT_WAIT target=1 elapsed=0s need=2s
UE 58 TTT_WAIT target=3 elapsed=0s need=2s
UE 59 TTT_WAIT target=1 elapsed=0s need=2s
UE 60 TTT_WAIT target=2 elapsed=0s need=2s
UE 62 TTT_WAIT target=2 elapsed=0s need=2s
UE 63 TTT_WAIT target=1 elapsed=0s need=2s
LM HO UE=64 rnti=139 4->6 type=NTN servingRsrp=-81.5455 targetRsrp=-77.9422 targetLoadReal=9/10 targetLoadEff=9/10
UE 65 TTT_WAIT target=3 elapsed=0s need=2s
UE 67 TTT_WAIT target=2 elapsed=0s need=2s
UE 68 TTT_WAIT target=1 elapsed=0s need=2s
UE 72 TTT_WAIT target=2 elapsed=0s need=2s
UE 73 TTT_WAIT target=4 elapsed=0s need=2s
UE 75 TTT_WAIT target=4 elapsed=0s need=2s
UE 76 TTT_WAIT target=3 elapsed=0s need=2s
UE 80 TTT_WAIT target=4 elapsed=0s need=2s
UE 81 TTT_WAIT target=4 elapsed=0s need=2s
UE 84 TTT_WAIT target=3 elapsed=0s need=2s
UE 85 TTT_WAIT target=7 elapsed=0s need=2s
UE 89 TTT_WAIT target=2 elapsed=0s need=2s
UE 91 TTT_WAIT target=7 elapsed=0s need=2s
UE 92 TTT_WAIT target=2 elapsed=0s need=2s
UE 94 TTT_WAIT target=3 elapsed=0s need=2s
UE 95 TTT_WAIT target=4 elapsed=0s need=2s
UE 98 TTT_WAIT target=2 elapsed=0s need=2s
UE 100 TTT_WAIT target=4 elapsed=0s need=2s
UE 102 TTT_WAIT target=3 elapsed=0s need=2s
UE 103 TTT_WAIT target=1 elapsed=0s need=2s
UE 104 TTT_WAIT target=1 elapsed=0s need=2s
UE 105 TTT_WAIT target=7 elapsed=0s need=2s
UE 106 TTT_WAIT target=3 elapsed=0s need=2s
TRACE HO_SUCCESS Time=14.6151 IMSI=22 TargetCell=1 Type=TN TargetRSRP=-63.0153 ServingRSRP=-46.1345 BackhaulDlSnr=-999 BackhaulUlSnr=-999
TRACE HO_SUCCESS Time=14.6151 IMSI=63 TargetCell=6 Type=NTN TargetRSRP=-55.697 ServingRSRP=-60.8632 BackhaulDlSnr=-999 BackhaulUlSnr=-999
UAV_AUTONOMY_XAPP Time=16.5 DeploymentMode=tn-uav UavIndex=0 UavCellId=5 BestDonorCellId=1 BestDonorDistanceM=1451.84 XhaulConnected=1 XhaulChannelVariationDb=0 XhaulState=HEALTHY SatBackhaulHealthy=0 OnboardUavRicAvailable=0 OnboardUavRicState=DISABLED BackhaulMode=TN_DIRECT ControlPath=TN_E2 ActiveUavRic=TN_NEAR_RT_RIC NormalUeHandoverAllowed=1 UavMode=TN_CONTROLLED_COVERAGE_EXTENSION
UAV_AUTONOMY_XAPP Time=16.5 DeploymentMode=tn-uav UavIndex=1 UavCellId=6 BestDonorCellId=4 BestDonorDistanceM=682.052 XhaulConnected=1 XhaulChannelVariationDb=0 XhaulState=HEALTHY SatBackhaulHealthy=0 OnboardUavRicAvailable=0 OnboardUavRicState=DISABLED BackhaulMode=TN_DIRECT ControlPath=TN_E2 ActiveUavRic=TN_NEAR_RT_RIC NormalUeHandoverAllowed=1 UavMode=TN_CONTROLLED_COVERAGE_EXTENSION
UAV_AUTONOMY_XAPP Time=16.5 DeploymentMode=tn-uav UavIndex=2 UavCellId=7 BestDonorCellId=2 BestDonorDistanceM=762.55 XhaulConnected=1 XhaulChannelVariationDb=0 XhaulState=HEALTHY SatBackhaulHealthy=0 OnboardUavRicAvailable=0 OnboardUavRicState=DISABLED BackhaulMode=TN_DIRECT ControlPath=TN_E2 ActiveUavRic=TN_NEAR_RT_RIC NormalUeHandoverAllowed=1 UavMode=TN_CONTROLLED_COVERAGE_EXTENSION
---- LOAD at t=16.5 ----
  cell 1 (TN) load=19/20
  cell 2 (TN) load=16/20
  cell 3 (TN) load=19/20
  cell 4 (TN) load=17/20
  cell 5 (NTN) load=10/10
  cell 6 (NTN) load=10/10
  cell 7 (NTN) load=9/10
UE 8 TTT_WAIT target=7 elapsed=0s need=2s
LM HO UE=9 rnti=23 2->4 type=TN servingRsrp=-79.9154 targetRsrp=-45.6448 targetLoadReal=17/20 targetLoadEff=17/20
UE 17 TTT_WAIT target=3 elapsed=0s need=2s
UE 19 TTT_WAIT target=2 elapsed=0s need=2s
LM HO UE=21 rnti=51 4->7 type=NTN servingRsrp=-70.2289 targetRsrp=-55.558 targetLoadReal=9/10 targetLoadEff=9/10
UE 24 TTT_WAIT target=2 elapsed=0s need=2s
LM HO UE=29 rnti=100 2->1 type=TN servingRsrp=-82.3448 targetRsrp=-67.0677 targetLoadReal=19/20 targetLoadEff=19/20
UE 35 TTT_WAIT target=3 elapsed=0s need=2s
UE 36 TTT_WAIT target=2 elapsed=0s need=2s
UE 37 TTT_WAIT target=3 elapsed=0s need=2s
UE 41 TTT_WAIT target=3 elapsed=0s need=2s
UE 44 TTT_WAIT target=2 elapsed=0s need=2s
UE 45 TTT_WAIT target=3 elapsed=0s need=2s
LM HO UE=47 rnti=94 3->2 type=TN servingRsrp=-80.5282 targetRsrp=-74.3936 targetLoadReal=16/20 targetLoadEff=16/20
UE 48 TTT_WAIT target=4 elapsed=0s need=2s
UE 51 TTT_WAIT target=2 elapsed=0s need=2s
LM HO UE=53 rnti=67 7->3 type=TN servingRsrp=-91.7027 targetRsrp=-82.8329 targetLoadReal=19/20 targetLoadEff=19/20
UE 54 TTT_WAIT target=4 elapsed=0s need=2s
UE 58 TTT_WAIT target=2 elapsed=0s need=2s
UE 59 TTT_WAIT target=2 elapsed=0s need=2s
LM HO UE=62 rnti=137 1->2 type=TN servingRsrp=-83.9319 targetRsrp=-81.3781 targetLoadReal=16/20 targetLoadEff=17/20
UE 65 TTT_WAIT target=2 elapsed=0s need=2s
LM HO UE=72 rnti=139 1->2 type=TN servingRsrp=-62.2761 targetRsrp=-56.132 targetLoadReal=16/20 targetLoadEff=18/20
LM HO UE=75 rnti=65 7->4 type=TN servingRsrp=-90.6465 targetRsrp=-70.8753 targetLoadReal=17/20 targetLoadEff=18/20
UE 79 TTT_WAIT target=2 elapsed=0s need=2s
UE 80 TTT_WAIT target=2 elapsed=0s need=2s
LM HO UE=81 rnti=161 3->4 type=TN servingRsrp=-87.0865 targetRsrp=-61.3549 targetLoadReal=17/20 targetLoadEff=19/20
UE 84 TTT_WAIT target=2 elapsed=0s need=2s
LM HO UE=89 rnti=163 4->2 type=TN servingRsrp=-96.8814 targetRsrp=-90.8111 targetLoadReal=16/20 targetLoadEff=19/20
TRACE HO_SUCCESS Time=16.6151 IMSI=28 TargetCell=1 Type=TN TargetRSRP=-72.2453 ServingRSRP=-67.7896 BackhaulDlSnr=-999 BackhaulUlSnr=-999
TRACE HO_SUCCESS Time=16.6151 IMSI=61 TargetCell=2 Type=TN TargetRSRP=-80.779 ServingRSRP=-69.931 BackhaulDlSnr=-999 BackhaulUlSnr=-999
TRACE HO_SUCCESS Time=16.6151 IMSI=71 TargetCell=2 Type=TN TargetRSRP=-90.0974 ServingRSRP=-58.443 BackhaulDlSnr=-999 BackhaulUlSnr=-999
TRACE HO_SUCCESS Time=16.6151 IMSI=46 TargetCell=2 Type=TN TargetRSRP=-75.4069 ServingRSRP=-44.6611 BackhaulDlSnr=-999 BackhaulUlSnr=-999
TRACE HO_SUCCESS Time=16.6151 IMSI=88 TargetCell=2 Type=TN TargetRSRP=-79.353 ServingRSRP=-85.9342 BackhaulDlSnr=-999 BackhaulUlSnr=-999
TRACE HO_SUCCESS Time=16.6151 IMSI=52 TargetCell=3 Type=TN TargetRSRP=-46.9318 ServingRSRP=-80.4405 BackhaulDlSnr=-999 BackhaulUlSnr=-999
TRACE HO_SUCCESS Time=16.6151 IMSI=8 TargetCell=4 Type=TN TargetRSRP=-49.445 ServingRSRP=-52.1674 BackhaulDlSnr=-999 BackhaulUlSnr=-999
TRACE HO_SUCCESS Time=16.6151 IMSI=80 TargetCell=4 Type=TN TargetRSRP=-97.5387 ServingRSRP=-63.4519 BackhaulDlSnr=-999 BackhaulUlSnr=-999
TRACE HO_SUCCESS Time=16.6151 IMSI=74 TargetCell=4 Type=TN TargetRSRP=-103.073 ServingRSRP=-71.9776 BackhaulDlSnr=-999 BackhaulUlSnr=-999
TRACE HO_SUCCESS Time=16.6151 IMSI=20 TargetCell=7 Type=NTN TargetRSRP=-55.5906 ServingRSRP=-68.8114 BackhaulDlSnr=-999 BackhaulUlSnr=-999
UAV_AUTONOMY_XAPP Time=18.5 DeploymentMode=tn-uav UavIndex=0 UavCellId=5 BestDonorCellId=1 BestDonorDistanceM=1451.84 XhaulConnected=1 XhaulChannelVariationDb=0 XhaulState=HEALTHY SatBackhaulHealthy=0 OnboardUavRicAvailable=0 OnboardUavRicState=DISABLED BackhaulMode=TN_DIRECT ControlPath=TN_E2 ActiveUavRic=TN_NEAR_RT_RIC NormalUeHandoverAllowed=1 UavMode=TN_CONTROLLED_COVERAGE_EXTENSION
UAV_AUTONOMY_XAPP Time=18.5 DeploymentMode=tn-uav UavIndex=1 UavCellId=6 BestDonorCellId=4 BestDonorDistanceM=682.052 XhaulConnected=1 XhaulChannelVariationDb=0 XhaulState=HEALTHY SatBackhaulHealthy=0 OnboardUavRicAvailable=0 OnboardUavRicState=DISABLED BackhaulMode=TN_DIRECT ControlPath=TN_E2 ActiveUavRic=TN_NEAR_RT_RIC NormalUeHandoverAllowed=1 UavMode=TN_CONTROLLED_COVERAGE_EXTENSION
UAV_AUTONOMY_XAPP Time=18.5 DeploymentMode=tn-uav UavIndex=2 UavCellId=7 BestDonorCellId=2 BestDonorDistanceM=758.926 XhaulConnected=1 XhaulChannelVariationDb=0 XhaulState=HEALTHY SatBackhaulHealthy=0 OnboardUavRicAvailable=0 OnboardUavRicState=DISABLED BackhaulMode=TN_DIRECT ControlPath=TN_E2 ActiveUavRic=TN_NEAR_RT_RIC NormalUeHandoverAllowed=1 UavMode=TN_CONTROLLED_COVERAGE_EXTENSION
---- LOAD at t=18.5 ----
  cell 1 (TN) load=18/20
  cell 2 (TN) load=18/20
  cell 3 (TN) load=18/20
  cell 4 (TN) load=18/20
  cell 5 (NTN) load=10/10
  cell 6 (NTN) load=10/10
  cell 7 (NTN) load=8/10
UE 8 TTT_WAIT target=3 elapsed=0s need=2s
UE 9 TTT_WAIT target=3 elapsed=0s need=2s
UE 11 TTT_WAIT target=3 elapsed=0s need=2s
UE 15 TTT_WAIT target=1 elapsed=0s need=2s
UE 17 TTT_WAIT target=4 elapsed=0s need=2s
UE 22 TTT_WAIT target=1 elapsed=0s need=2s
UE 24 TTT_WAIT target=3 elapsed=0s need=2s
UE 29 TTT_WAIT target=3 elapsed=0s need=2s
UE 30 TTT_WAIT target=1 elapsed=0s need=2s
UE 31 TTT_WAIT target=3 elapsed=0s need=2s
UE 37 TTT_WAIT target=2 elapsed=0s need=2s
UE 38 TTT_WAIT target=3 elapsed=0s need=2s
UE 42 TTT_WAIT target=2 elapsed=0s need=2s
UE 44 TTT_WAIT target=1 elapsed=0s need=2s
UE 45 TTT_WAIT target=1 elapsed=0s need=2s
UE 47 TTT_WAIT target=1 elapsed=0s need=2s
UE 50 TTT_WAIT target=1 elapsed=0s need=2s
LM HO UE=51 rnti=96 3->2 type=TN servingRsrp=-91.7192 targetRsrp=-53.5764 targetLoadReal=18/20 targetLoadEff=18/20
UE 52 TTT_WAIT target=1 elapsed=0s need=2s
UE 53 TTT_WAIT target=4 elapsed=0s need=2s
UE 54 TTT_WAIT target=2 elapsed=0s need=2s
UE 57 TTT_WAIT target=3 elapsed=0s need=2s
UE 58 TTT_WAIT target=7 elapsed=0s need=2s
LM HO UE=59 rnti=153 3->2 type=TN servingRsrp=-84.6035 targetRsrp=-80.0278 targetLoadReal=18/20 targetLoadEff=19/20
UE 60 TTT_WAIT target=1 elapsed=0s need=2s
UE 63 TTT_WAIT target=1 elapsed=0s need=2s
UE 64 TTT_WAIT target=4 elapsed=0s need=2s
UE 65 TTT_WAIT target=4 elapsed=0s need=2s
UE 66 TTT_WAIT target=1 elapsed=0s need=2s
UE 67 TTT_WAIT target=7 elapsed=0s need=2s
UE 68 TTT_WAIT target=4 elapsed=0s need=2s
UE 70 TTT_WAIT target=1 elapsed=0s need=2s
UE 72 TTT_WAIT target=4 elapsed=0s need=2s
UE 73 TTT_WAIT target=4 elapsed=0s need=2s
UE 74 TTT_WAIT target=1 elapsed=0s need=2s
UE 75 TTT_WAIT target=1 elapsed=0s need=2s
UE 76 TTT_WAIT target=3 elapsed=0s need=2s
UE 78 TTT_WAIT target=3 elapsed=0s need=2s
UE 81 TTT_WAIT target=3 elapsed=0s need=2s
UE 86 TTT_WAIT target=1 elapsed=0s need=2s
UE 89 TTT_WAIT target=1 elapsed=0s need=2s
UE 92 TTT_WAIT target=7 elapsed=0s need=2s
UE 94 TTT_WAIT target=3 elapsed=0s need=2s
UE 95 TTT_WAIT target=4 elapsed=0s need=2s
UE 99 TTT_WAIT target=3 elapsed=0s need=2s
UE 101 TTT_WAIT target=1 elapsed=0s need=2s
UE 102 TTT_WAIT target=3 elapsed=0s need=2s
UE 105 TTT_WAIT target=4 elapsed=0s need=2s
TRACE HO_SUCCESS Time=18.6151 IMSI=50 TargetCell=2 Type=TN TargetRSRP=-93.6539 ServingRSRP=-55.7427 BackhaulDlSnr=-999 BackhaulUlSnr=-999
TRACE HO_SUCCESS Time=18.6151 IMSI=58 TargetCell=2 Type=TN TargetRSRP=-84.9136 ServingRSRP=-51.8523 BackhaulDlSnr=-999 BackhaulUlSnr=-999
UAV_AUTONOMY_XAPP Time=20.5 DeploymentMode=tn-uav UavIndex=0 UavCellId=5 BestDonorCellId=1 BestDonorDistanceM=1451.84 XhaulConnected=1 XhaulChannelVariationDb=0 XhaulState=HEALTHY SatBackhaulHealthy=0 OnboardUavRicAvailable=0 OnboardUavRicState=DISABLED BackhaulMode=TN_DIRECT ControlPath=TN_E2 ActiveUavRic=TN_NEAR_RT_RIC NormalUeHandoverAllowed=1 UavMode=TN_CONTROLLED_COVERAGE_EXTENSION
UAV_AUTONOMY_XAPP Time=20.5 DeploymentMode=tn-uav UavIndex=1 UavCellId=6 BestDonorCellId=4 BestDonorDistanceM=682.052 XhaulConnected=1 XhaulChannelVariationDb=0 XhaulState=HEALTHY SatBackhaulHealthy=0 OnboardUavRicAvailable=0 OnboardUavRicState=DISABLED BackhaulMode=TN_DIRECT ControlPath=TN_E2 ActiveUavRic=TN_NEAR_RT_RIC NormalUeHandoverAllowed=1 UavMode=TN_CONTROLLED_COVERAGE_EXTENSION
UAV_AUTONOMY_XAPP Time=20.5 DeploymentMode=tn-uav UavIndex=2 UavCellId=7 BestDonorCellId=2 BestDonorDistanceM=756.17 XhaulConnected=1 XhaulChannelVariationDb=0 XhaulState=HEALTHY SatBackhaulHealthy=0 OnboardUavRicAvailable=0 OnboardUavRicState=DISABLED BackhaulMode=TN_DIRECT ControlPath=TN_E2 ActiveUavRic=TN_NEAR_RT_RIC NormalUeHandoverAllowed=1 UavMode=TN_CONTROLLED_COVERAGE_EXTENSION
---- LOAD at t=20.5 ----
  cell 1 (TN) load=18/20
  cell 2 (TN) load=20/20
  cell 3 (TN) load=16/20
  cell 4 (TN) load=18/20
  cell 5 (NTN) load=10/10
  cell 6 (NTN) load=10/10
  cell 7 (NTN) load=8/10
UE 9 TTT_WAIT target=1 elapsed=0s need=2s
UE 12 TTT_WAIT target=1 elapsed=0s need=2s
LM HO UE=17 rnti=97 2->4 type=TN servingRsrp=-86.3757 targetRsrp=-62.9347 targetLoadReal=18/20 targetLoadEff=18/20
UE 28 TTT_WAIT target=3 elapsed=0s need=2s
LM HO UE=30 rnti=84 5->1 type=TN servingRsrp=-88.7716 targetRsrp=-67.2051 targetLoadReal=18/20 targetLoadEff=18/20
UE 31 TTT_WAIT target=7 elapsed=0s need=2s
UE 33 TTT_WAIT target=1 elapsed=0s need=2s
UE 34 TTT_WAIT target=1 elapsed=0s need=2s
UE 35 TTT_WAIT target=1 elapsed=0s need=2s
UE 39 TTT_WAIT target=1 elapsed=0s need=2s
LM HO UE=44 rnti=174 3->1 type=TN servingRsrp=-87.1792 targetRsrp=-84.8565 targetLoadReal=18/20 targetLoadEff=19/20
UE 45 TTT_WAIT target=3 elapsed=0s need=2s
UE 51 TTT_WAIT target=3 elapsed=0s need=2s
UE 52 TTT_WAIT target=3 elapsed=0s need=2s
UE 54 TTT_WAIT target=3 elapsed=0s need=2s
LM HO UE=57 rnti=104 2->3 type=TN servingRsrp=-89.5868 targetRsrp=-58.7618 targetLoadReal=16/20 targetLoadEff=16/20
LM HO UE=58 rnti=136 1->7 type=NTN servingRsrp=-77.2312 targetRsrp=-59.2821 targetLoadReal=8/10 targetLoadEff=8/10
UE 59 TTT_WAIT target=3 elapsed=0s need=2s
LM HO UE=64 rnti=87 6->4 type=TN servingRsrp=-79.037 targetRsrp=-70.6242 targetLoadReal=18/20 targetLoadEff=19/20
UE 73 TTT_WAIT target=3 elapsed=0s need=2s
UE 74 TTT_WAIT target=7 elapsed=0s need=2s
UE 75 TTT_WAIT target=3 elapsed=0s need=2s
LM HO UE=78 rnti=141 1->3 type=TN servingRsrp=-54.3688 targetRsrp=-42.0604 targetLoadReal=16/20 targetLoadEff=17/20
UE 79 TTT_WAIT target=7 elapsed=0s need=2s
LM HO UE=81 rnti=168 4->3 type=TN servingRsrp=-96.6016 targetRsrp=-82.1227 targetLoadReal=16/20 targetLoadEff=18/20
UE 101 TTT_WAIT target=3 elapsed=0s need=2s
LM HO UE=102 rnti=83 2->3 type=TN servingRsrp=-95.6658 targetRsrp=-78.7553 targetLoadReal=16/20 targetLoadEff=19/20
UE 103 TTT_WAIT target=7 elapsed=0s need=2s
UE 106 TTT_WAIT target=7 elapsed=0s need=2s
TRACE HO_SUCCESS Time=20.6151 IMSI=43 TargetCell=1 Type=TN TargetRSRP=-54.6126 ServingRSRP=-68.6714 BackhaulDlSnr=-999 BackhaulUlSnr=-999
TRACE HO_SUCCESS Time=20.6151 IMSI=29 TargetCell=1 Type=TN TargetRSRP=-90.9989 ServingRSRP=-59.6879 BackhaulDlSnr=-999 BackhaulUlSnr=-999
TRACE HO_SUCCESS Time=20.6151 IMSI=77 TargetCell=3 Type=TN TargetRSRP=-75.0207 ServingRSRP=-34.075 BackhaulDlSnr=-999 BackhaulUlSnr=-999
TRACE HO_SUCCESS Time=20.6151 IMSI=101 TargetCell=3 Type=TN TargetRSRP=-52.2202 ServingRSRP=-72.6895 BackhaulDlSnr=-999 BackhaulUlSnr=-999
TRACE HO_SUCCESS Time=20.6151 IMSI=56 TargetCell=3 Type=TN TargetRSRP=-89.3234 ServingRSRP=-59.0633 BackhaulDlSnr=-999 BackhaulUlSnr=-999
TRACE HO_SUCCESS Time=20.6151 IMSI=80 TargetCell=3 Type=TN TargetRSRP=-81.8251 ServingRSRP=-53.2902 BackhaulDlSnr=-999 BackhaulUlSnr=-999
TRACE HO_SUCCESS Time=20.6151 IMSI=16 TargetCell=4 Type=TN TargetRSRP=-82.3029 ServingRSRP=-58.1424 BackhaulDlSnr=-999 BackhaulUlSnr=-999
TRACE HO_SUCCESS Time=20.6151 IMSI=63 TargetCell=4 Type=TN TargetRSRP=-78.2623 ServingRSRP=-68.7207 BackhaulDlSnr=-999 BackhaulUlSnr=-999
TRACE HO_SUCCESS Time=20.6151 IMSI=57 TargetCell=7 Type=NTN TargetRSRP=-96.917 ServingRSRP=-53.7041 BackhaulDlSnr=-999 BackhaulUlSnr=-999
UAV_AUTONOMY_XAPP Time=22.5 DeploymentMode=tn-uav UavIndex=0 UavCellId=5 BestDonorCellId=1 BestDonorDistanceM=1451.84 XhaulConnected=1 XhaulChannelVariationDb=0 XhaulState=HEALTHY SatBackhaulHealthy=0 OnboardUavRicAvailable=0 OnboardUavRicState=DISABLED BackhaulMode=TN_DIRECT ControlPath=TN_E2 ActiveUavRic=TN_NEAR_RT_RIC NormalUeHandoverAllowed=1 UavMode=TN_CONTROLLED_COVERAGE_EXTENSION
UAV_AUTONOMY_XAPP Time=22.5 DeploymentMode=tn-uav UavIndex=1 UavCellId=6 BestDonorCellId=4 BestDonorDistanceM=682.052 XhaulConnected=1 XhaulChannelVariationDb=0 XhaulState=HEALTHY SatBackhaulHealthy=0 OnboardUavRicAvailable=0 OnboardUavRicState=DISABLED BackhaulMode=TN_DIRECT ControlPath=TN_E2 ActiveUavRic=TN_NEAR_RT_RIC NormalUeHandoverAllowed=1 UavMode=TN_CONTROLLED_COVERAGE_EXTENSION
UAV_AUTONOMY_XAPP Time=22.5 DeploymentMode=tn-uav UavIndex=2 UavCellId=7 BestDonorCellId=2 BestDonorDistanceM=753.933 XhaulConnected=1 XhaulChannelVariationDb=0 XhaulState=HEALTHY SatBackhaulHealthy=0 OnboardUavRicAvailable=0 OnboardUavRicState=DISABLED BackhaulMode=TN_DIRECT ControlPath=TN_E2 ActiveUavRic=TN_NEAR_RT_RIC NormalUeHandoverAllowed=1 UavMode=TN_CONTROLLED_COVERAGE_EXTENSION
---- LOAD at t=22.5 ----
  cell 1 (TN) load=18/20
  cell 2 (TN) load=17/20
  cell 3 (TN) load=19/20
  cell 4 (TN) load=19/20
  cell 5 (NTN) load=9/10
  cell 6 (NTN) load=9/10
  cell 7 (NTN) load=9/10
UE 9 TTT_WAIT target=2 elapsed=0s need=2s
UE 13 TTT_WAIT target=3 elapsed=0s need=2s
UE 18 TTT_WAIT target=1 elapsed=0s need=2s
UE 21 TTT_WAIT target=4 elapsed=0s need=2s
UE 22 TTT_WAIT target=2 elapsed=0s need=2s
UE 23 TTT_WAIT target=3 elapsed=0s need=2s
UE 25 TTT_WAIT target=1 elapsed=0s need=2s
UE 26 TTT_WAIT target=4 elapsed=0s need=2s
UE 28 TTT_WAIT target=4 elapsed=0s need=2s
UE 29 TTT_WAIT target=3 elapsed=0s need=2s
UE 31 TTT_WAIT target=3 elapsed=0s need=2s
UE 32 TTT_WAIT target=6 elapsed=0s need=2s
UE 33 TTT_WAIT target=3 elapsed=0s need=2s
LM HO UE=35 rnti=86 5->1 type=TN servingRsrp=-83.8415 targetRsrp=-73.1324 targetLoadReal=18/20 targetLoadEff=18/20
UE 37 TTT_WAIT target=5 elapsed=0s need=2s
LM HO UE=39 rnti=172 3->1 type=TN servingRsrp=-87.8044 targetRsrp=-43.3093 targetLoadReal=18/20 targetLoadEff=19/20
UE 41 TTT_WAIT target=3 elapsed=0s need=2s
UE 42 TTT_WAIT target=2 elapsed=0s need=2s
LM HO UE=45 rnti=66 7->3 type=TN servingRsrp=-84.8174 targetRsrp=-42.7133 targetLoadReal=19/20 targetLoadEff=19/20
UE 47 TTT_WAIT target=6 elapsed=0s need=2s
UE 49 TTT_WAIT target=6 elapsed=0s need=2s
UE 52 TTT_WAIT target=5 elapsed=0s need=2s
UE 54 TTT_WAIT target=2 elapsed=0s need=2s
UE 55 TTT_WAIT target=4 elapsed=0s need=2s
UE 57 TTT_WAIT target=2 elapsed=0s need=2s
UE 58 TTT_WAIT target=2 elapsed=0s need=2s
UE 59 TTT_WAIT target=4 elapsed=0s need=2s
UE 63 TTT_WAIT target=2 elapsed=0s need=2s
UE 65 TTT_WAIT target=2 elapsed=0s need=2s
UE 66 TTT_WAIT target=5 elapsed=0s need=2s
UE 68 TTT_WAIT target=2 elapsed=0s need=2s
UE 72 TTT_WAIT target=5 elapsed=0s need=2s
UE 73 TTT_WAIT target=4 elapsed=0s need=2s
UE 74 TTT_WAIT target=2 elapsed=0s need=2s
UE 76 TTT_WAIT target=2 elapsed=0s need=2s
UE 77 TTT_WAIT target=7 elapsed=0s need=2s
UE 78 TTT_WAIT target=2 elapsed=0s need=2s
LM HO UE=79 rnti=144 4->7 type=NTN servingRsrp=-70.0075 targetRsrp=-62.17 targetLoadReal=9/10 targetLoadEff=9/10
UE 80 TTT_WAIT target=2 elapsed=0s need=2s
UE 83 TTT_WAIT target=4 elapsed=0s need=2s
UE 86 TTT_WAIT target=2 elapsed=0s need=2s
UE 91 TTT_WAIT target=2 elapsed=0s need=2s
UE 92 TTT_WAIT target=2 elapsed=0s need=2s
UE 94 TTT_WAIT target=2 elapsed=0s need=2s
UE 95 TTT_WAIT target=6 elapsed=0s need=2s
UE 98 TTT_WAIT target=6 elapsed=0s need=2s
UE 102 TTT_WAIT target=2 elapsed=0s need=2s
UE 103 TTT_WAIT target=6 elapsed=0s need=2s
UE 105 TTT_WAIT target=6 elapsed=0s need=2s
TRACE HO_SUCCESS Time=22.6151 IMSI=38 TargetCell=1 Type=TN TargetRSRP=-43.414 ServingRSRP=-50.2699 BackhaulDlSnr=-999 BackhaulUlSnr=-999
TRACE HO_SUCCESS Time=22.6151 IMSI=34 TargetCell=1 Type=TN TargetRSRP=-89.4774 ServingRSRP=-66.6405 BackhaulDlSnr=-999 BackhaulUlSnr=-999
TRACE HO_SUCCESS Time=22.6151 IMSI=44 TargetCell=3 Type=TN TargetRSRP=-77.2856 ServingRSRP=-70.6029 BackhaulDlSnr=-999 BackhaulUlSnr=-999
TRACE HO_SUCCESS Time=22.6151 IMSI=78 TargetCell=7 Type=NTN TargetRSRP=-57.7809 ServingRSRP=-28.7394 BackhaulDlSnr=-999 BackhaulUlSnr=-999
UAV_AUTONOMY_XAPP Time=24.5 DeploymentMode=tn-uav UavIndex=0 UavCellId=5 BestDonorCellId=1 BestDonorDistanceM=1440.11 XhaulConnected=1 XhaulChannelVariationDb=0 XhaulState=HEALTHY SatBackhaulHealthy=0 OnboardUavRicAvailable=0 OnboardUavRicState=DISABLED BackhaulMode=TN_DIRECT ControlPath=TN_E2 ActiveUavRic=TN_NEAR_RT_RIC NormalUeHandoverAllowed=1 UavMode=TN_CONTROLLED_COVERAGE_EXTENSION
UAV_AUTONOMY_XAPP Time=24.5 DeploymentMode=tn-uav UavIndex=1 UavCellId=6 BestDonorCellId=4 BestDonorDistanceM=668.757 XhaulConnected=1 XhaulChannelVariationDb=0 XhaulState=HEALTHY SatBackhaulHealthy=0 OnboardUavRicAvailable=0 OnboardUavRicState=DISABLED BackhaulMode=TN_DIRECT ControlPath=TN_E2 ActiveUavRic=TN_NEAR_RT_RIC NormalUeHandoverAllowed=1 UavMode=TN_CONTROLLED_COVERAGE_EXTENSION
UAV_AUTONOMY_XAPP Time=24.5 DeploymentMode=tn-uav UavIndex=2 UavCellId=7 BestDonorCellId=2 BestDonorDistanceM=753.549 XhaulConnected=1 XhaulChannelVariationDb=0 XhaulState=HEALTHY SatBackhaulHealthy=0 OnboardUavRicAvailable=0 OnboardUavRicState=DISABLED BackhaulMode=TN_DIRECT ControlPath=TN_E2 ActiveUavRic=TN_NEAR_RT_RIC NormalUeHandoverAllowed=1 UavMode=TN_CONTROLLED_COVERAGE_EXTENSION
---- LOAD at t=24.5 ----
  cell 1 (TN) load=20/20
  cell 2 (TN) load=17/20
  cell 3 (TN) load=19/20
  cell 4 (TN) load=18/20
  cell 5 (NTN) load=8/10
  cell 6 (NTN) load=9/10
  cell 7 (NTN) load=9/10
UE 8 TTT_WAIT target=2 elapsed=0s need=2s
LM HO UE=9 rnti=166 4->2 type=TN servingRsrp=-84.2172 targetRsrp=-39.719 targetLoadReal=17/20 targetLoadEff=17/20
LM HO UE=13 rnti=50 1->3 type=TN servingRsrp=-64.6685 targetRsrp=-56.5541 targetLoadReal=19/20 targetLoadEff=19/20
UE 18 TTT_WAIT target=5 elapsed=0s need=2s
LM HO UE=21 rnti=68 7->4 type=TN servingRsrp=-94.8121 targetRsrp=-70.2852 targetLoadReal=18/20 targetLoadEff=18/20
UE 22 TTT_WAIT target=6 elapsed=0s need=2s
UE 26 TTT_WAIT target=2 elapsed=0s need=2s
UE 30 TTT_WAIT target=5 elapsed=0s need=2s
UE 34 TTT_WAIT target=4 elapsed=0s need=2s
UE 35 TTT_WAIT target=5 elapsed=0s need=2s
UE 36 TTT_WAIT target=5 elapsed=0s need=2s
UE 39 TTT_WAIT target=7 elapsed=0s need=2s
UE 40 TTT_WAIT target=2 elapsed=0s need=2s
UE 44 TTT_WAIT target=2 elapsed=0s need=2s
UE 50 TTT_WAIT target=6 elapsed=0s need=2s
UE 53 TTT_WAIT target=7 elapsed=0s need=2s
UE 54 TTT_WAIT target=6 elapsed=0s need=2s
LM HO UE=58 rnti=69 7->2 type=TN servingRsrp=-89.4159 targetRsrp=-83.564 targetLoadReal=17/20 targetLoadEff=18/20
LM HO UE=59 rnti=110 2->4 type=TN servingRsrp=-95.0116 targetRsrp=-83.1837 targetLoadReal=18/20 targetLoadEff=19/20
UE 60 TTT_WAIT target=5 elapsed=0s need=2s
UE 63 TTT_WAIT target=5 elapsed=0s need=2s
LM HO UE=66 rnti=156 3->5 type=NTN servingRsrp=-77.9912 targetRsrp=-41.2412 targetLoadReal=8/10 targetLoadEff=8/10
UE 68 TTT_WAIT target=5 elapsed=0s need=2s
UE 69 TTT_WAIT target=6 elapsed=0s need=2s
LM HO UE=72 rnti=108 2->5 type=NTN servingRsrp=-89.5217 targetRsrp=-68.4258 targetLoadReal=8/10 targetLoadEff=9/10
UE 73 TTT_WAIT target=2 elapsed=0s need=2s
LM HO UE=74 rnti=159 3->2 type=TN servingRsrp=-85.9995 targetRsrp=-64.0299 targetLoadReal=17/20 targetLoadEff=19/20
UE 75 TTT_WAIT target=7 elapsed=0s need=2s
UE 79 TTT_WAIT target=6 elapsed=0s need=2s
UE 81 TTT_WAIT target=7 elapsed=0s need=2s
UE 82 TTT_WAIT target=6 elapsed=0s need=2s
UE 83 TTT_WAIT target=7 elapsed=0s need=2s
UE 86 TTT_WAIT target=6 elapsed=0s need=2s
UE 89 TTT_WAIT target=6 elapsed=0s need=2s
UE 91 TTT_WAIT target=6 elapsed=0s need=2s
UE 92 TTT_WAIT target=7 elapsed=0s need=2s
LM HO UE=95 rnti=62 7->6 type=NTN servingRsrp=-86.5618 targetRsrp=-54.7709 targetLoadReal=9/10 targetLoadEff=9/10
UE 103 TTT_WAIT target=7 elapsed=0s need=2s
TRACE HO_SUCCESS Time=24.6151 IMSI=73 TargetCell=2 Type=TN TargetRSRP=-85.7189 ServingRSRP=-73.5629 BackhaulDlSnr=-999 BackhaulUlSnr=-999
TRACE HO_SUCCESS Time=24.6151 IMSI=8 TargetCell=2 Type=TN TargetRSRP=-50.2533 ServingRSRP=-80.1391 BackhaulDlSnr=-999 BackhaulUlSnr=-999
TRACE HO_SUCCESS Time=24.6151 IMSI=57 TargetCell=2 Type=TN TargetRSRP=-88.4029 ServingRSRP=-58.197 BackhaulDlSnr=-999 BackhaulUlSnr=-999
TRACE HO_SUCCESS Time=24.6151 IMSI=12 TargetCell=3 Type=TN TargetRSRP=-80.366 ServingRSRP=-42.2062 BackhaulDlSnr=-999 BackhaulUlSnr=-999
TRACE HO_SUCCESS Time=24.6151 IMSI=58 TargetCell=4 Type=TN TargetRSRP=-111.212 ServingRSRP=-79.0897 BackhaulDlSnr=-999 BackhaulUlSnr=-999
TRACE HO_SUCCESS Time=24.6151 IMSI=20 TargetCell=4 Type=TN TargetRSRP=-34.2802 ServingRSRP=-80.1752 BackhaulDlSnr=-999 BackhaulUlSnr=-999
TRACE HO_SUCCESS Time=24.6151 IMSI=71 TargetCell=5 Type=NTN TargetRSRP=-81.9709 ServingRSRP=-76.7721 BackhaulDlSnr=-999 BackhaulUlSnr=-999
TRACE HO_SUCCESS Time=24.6151 IMSI=65 TargetCell=5 Type=NTN TargetRSRP=-82.0198 ServingRSRP=-76.5827 BackhaulDlSnr=-999 BackhaulUlSnr=-999
TRACE HO_SUCCESS Time=24.6151 IMSI=94 TargetCell=6 Type=NTN TargetRSRP=-87.6291 ServingRSRP=-27.4035 BackhaulDlSnr=-999 BackhaulUlSnr=-999
UAV_AUTONOMY_XAPP Time=26.5 DeploymentMode=tn-uav UavIndex=0 UavCellId=5 BestDonorCellId=1 BestDonorDistanceM=1437.19 XhaulConnected=1 XhaulChannelVariationDb=0 XhaulState=HEALTHY SatBackhaulHealthy=0 OnboardUavRicAvailable=0 OnboardUavRicState=DISABLED BackhaulMode=TN_DIRECT ControlPath=TN_E2 ActiveUavRic=TN_NEAR_RT_RIC NormalUeHandoverAllowed=1 UavMode=TN_CONTROLLED_COVERAGE_EXTENSION
UAV_AUTONOMY_XAPP Time=26.5 DeploymentMode=tn-uav UavIndex=1 UavCellId=6 BestDonorCellId=4 BestDonorDistanceM=665.451 XhaulConnected=1 XhaulChannelVariationDb=0 XhaulState=HEALTHY SatBackhaulHealthy=0 OnboardUavRicAvailable=0 OnboardUavRicState=DISABLED BackhaulMode=TN_DIRECT ControlPath=TN_E2 ActiveUavRic=TN_NEAR_RT_RIC NormalUeHandoverAllowed=1 UavMode=TN_CONTROLLED_COVERAGE_EXTENSION
UAV_AUTONOMY_XAPP Time=26.5 DeploymentMode=tn-uav UavIndex=2 UavCellId=7 BestDonorCellId=2 BestDonorDistanceM=749.056 XhaulConnected=1 XhaulChannelVariationDb=0 XhaulState=HEALTHY SatBackhaulHealthy=0 OnboardUavRicAvailable=0 OnboardUavRicState=DISABLED BackhaulMode=TN_DIRECT ControlPath=TN_E2 ActiveUavRic=TN_NEAR_RT_RIC NormalUeHandoverAllowed=1 UavMode=TN_CONTROLLED_COVERAGE_EXTENSION
---- LOAD at t=26.5 ----
  cell 1 (TN) load=19/20
  cell 2 (TN) load=18/20
  cell 3 (TN) load=18/20
  cell 4 (TN) load=19/20
  cell 5 (NTN) load=10/10
  cell 6 (NTN) load=10/10
  cell 7 (NTN) load=6/10
UE 8 TTT_WAIT target=3 elapsed=0s need=2s
UE 10 TTT_WAIT target=1 elapsed=0s need=2s
UE 13 TTT_WAIT target=1 elapsed=0s need=2s
UE 19 TTT_WAIT target=1 elapsed=0s need=2s
UE 20 TTT_WAIT target=3 elapsed=0s need=2s
UE 23 TTT_WAIT target=3 elapsed=0s need=2s
UE 24 TTT_WAIT target=2 elapsed=0s need=2s
LM HO UE=26 rnti=171 3->2 type=TN servingRsrp=-87.0367 targetRsrp=-84.7824 targetLoadReal=18/20 targetLoadEff=18/20
UE 27 TTT_WAIT target=4 elapsed=0s need=2s
UE 28 TTT_WAIT target=4 elapsed=0s need=2s
UE 31 TTT_WAIT target=2 elapsed=0s need=2s
UE 33 TTT_WAIT target=1 elapsed=0s need=2s
UE 34 TTT_WAIT target=2 elapsed=0s need=2s
UE 35 TTT_WAIT target=3 elapsed=0s need=2s
UE 37 TTT_WAIT target=3 elapsed=0s need=2s
UE 42 TTT_WAIT target=3 elapsed=0s need=2s
UE 44 TTT_WAIT target=3 elapsed=0s need=2s
UE 45 TTT_WAIT target=2 elapsed=0s need=2s
UE 50 TTT_WAIT target=1 elapsed=0s need=2s
UE 52 TTT_WAIT target=3 elapsed=0s need=2s
UE 53 TTT_WAIT target=2 elapsed=0s need=2s
UE 57 TTT_WAIT target=1 elapsed=0s need=2s
UE 58 TTT_WAIT target=1 elapsed=0s need=2s
UE 59 TTT_WAIT target=1 elapsed=0s need=2s
UE 63 TTT_WAIT target=2 elapsed=0s need=2s
UE 65 TTT_WAIT target=3 elapsed=0s need=2s
UE 72 TTT_WAIT target=4 elapsed=0s need=2s
UE 73 TTT_WAIT target=4 elapsed=0s need=2s
UE 74 TTT_WAIT target=3 elapsed=0s need=2s
UE 75 TTT_WAIT target=3 elapsed=0s need=2s
UE 76 TTT_WAIT target=2 elapsed=0s need=2s
UE 77 TTT_WAIT target=7 elapsed=0s need=2s
UE 78 TTT_WAIT target=1 elapsed=0s need=2s
UE 79 TTT_WAIT target=4 elapsed=0s need=2s
UE 80 TTT_WAIT target=4 elapsed=0s need=2s
UE 84 TTT_WAIT target=2 elapsed=0s need=2s
UE 85 TTT_WAIT target=7 elapsed=0s need=2s
UE 86 TTT_WAIT target=1 elapsed=0s need=2s
UE 90 TTT_WAIT target=1 elapsed=0s need=2s
UE 91 TTT_WAIT target=4 elapsed=0s need=2s
UE 94 TTT_WAIT target=3 elapsed=0s need=2s
UE 95 TTT_WAIT target=4 elapsed=0s need=2s
UE 96 TTT_WAIT target=1 elapsed=0s need=2s
UE 102 TTT_WAIT target=7 elapsed=0s need=2s
UE 103 TTT_WAIT target=3 elapsed=0s need=2s
UE 106 TTT_WAIT target=3 elapsed=0s need=2s
UE 107 TTT_WAIT target=2 elapsed=0s need=2s
TRACE HO_SUCCESS Time=26.6151 IMSI=25 TargetCell=2 Type=TN TargetRSRP=-84.414 ServingRSRP=-66.0426 BackhaulDlSnr=-999 BackhaulUlSnr=-999
UAV_AUTONOMY_XAPP Time=28.5 DeploymentMode=tn-uav UavIndex=0 UavCellId=5 BestDonorCellId=1 BestDonorDistanceM=1437.19 XhaulConnected=1 XhaulChannelVariationDb=0 XhaulState=HEALTHY SatBackhaulHealthy=0 OnboardUavRicAvailable=0 OnboardUavRicState=DISABLED BackhaulMode=TN_DIRECT ControlPath=TN_E2 ActiveUavRic=TN_NEAR_RT_RIC NormalUeHandoverAllowed=1 UavMode=TN_CONTROLLED_COVERAGE_EXTENSION
UAV_AUTONOMY_XAPP Time=28.5 DeploymentMode=tn-uav UavIndex=1 UavCellId=6 BestDonorCellId=4 BestDonorDistanceM=665.451 XhaulConnected=1 XhaulChannelVariationDb=0 XhaulState=HEALTHY SatBackhaulHealthy=0 OnboardUavRicAvailable=0 OnboardUavRicState=DISABLED BackhaulMode=TN_DIRECT ControlPath=TN_E2 ActiveUavRic=TN_NEAR_RT_RIC NormalUeHandoverAllowed=1 UavMode=TN_CONTROLLED_COVERAGE_EXTENSION
UAV_AUTONOMY_XAPP Time=28.5 DeploymentMode=tn-uav UavIndex=2 UavCellId=7 BestDonorCellId=2 BestDonorDistanceM=743.884 XhaulConnected=1 XhaulChannelVariationDb=0 XhaulState=HEALTHY SatBackhaulHealthy=0 OnboardUavRicAvailable=0 OnboardUavRicState=DISABLED BackhaulMode=TN_DIRECT ControlPath=TN_E2 ActiveUavRic=TN_NEAR_RT_RIC NormalUeHandoverAllowed=1 UavMode=TN_CONTROLLED_COVERAGE_EXTENSION
---- LOAD at t=28.5 ----
  cell 1 (TN) load=19/20
  cell 2 (TN) load=19/20
  cell 3 (TN) load=17/20
  cell 4 (TN) load=19/20
  cell 5 (NTN) load=10/10
  cell 6 (NTN) load=10/10
  cell 7 (NTN) load=6/10
UE 8 TTT_WAIT target=2 elapsed=0s need=2s
LM HO UE=13 rnti=181 3->1 type=TN servingRsrp=-76.7246 targetRsrp=-63.5087 targetLoadReal=19/20 targetLoadEff=19/20
UE 16 TTT_WAIT target=2 elapsed=0s need=2s
UE 19 TTT_WAIT target=2 elapsed=0s need=2s
UE 23 TTT_WAIT target=2 elapsed=0s need=2s
LM HO UE=24 rnti=82 5->2 type=TN servingRsrp=-82.919 targetRsrp=-66.6875 targetLoadReal=19/20 targetLoadEff=19/20
UE 26 TTT_WAIT target=3 elapsed=0s need=2s
LM HO UE=27 rnti=67 6->4 type=TN servingRsrp=-66.5563 targetRsrp=-45.6737 targetLoadReal=19/20 targetLoadEff=19/20
LM HO UE=35 rnti=169 1->3 type=TN servingRsrp=-86.5259 targetRsrp=-70.8473 targetLoadReal=17/20 targetLoadEff=17/20
LM HO UE=37 rnti=52 1->3 type=TN servingRsrp=-90.3443 targetRsrp=-66.5875 targetLoadReal=17/20 targetLoadEff=18/20
UE 42 TTT_WAIT target=7 elapsed=0s need=2s
UE 51 TTT_WAIT target=3 elapsed=0s need=2s
UE 55 TTT_WAIT target=7 elapsed=0s need=2s
UE 56 TTT_WAIT target=7 elapsed=0s need=2s
UE 58 TTT_WAIT target=7 elapsed=0s need=2s
UE 59 TTT_WAIT target=3 elapsed=0s need=2s
UE 60 TTT_WAIT target=7 elapsed=0s need=2s
UE 63 TTT_WAIT target=7 elapsed=0s need=2s
UE 72 TTT_WAIT target=3 elapsed=0s need=2s
UE 73 TTT_WAIT target=7 elapsed=0s need=2s
LM HO UE=75 rnti=167 4->3 type=TN servingRsrp=-80.2406 targetRsrp=-54.5529 targetLoadReal=17/20 targetLoadEff=19/20
LM HO UE=77 rnti=143 4->7 type=NTN servingRsrp=-75.4148 targetRsrp=-58.2732 targetLoadReal=6/10 targetLoadEff=6/10
UE 81 TTT_WAIT target=7 elapsed=0s need=2s
UE 83 TTT_WAIT target=7 elapsed=0s need=2s
UE 91 TTT_WAIT target=7 elapsed=0s need=2s
UE 95 TTT_WAIT target=7 elapsed=0s need=2s
UE 96 TTT_WAIT target=7 elapsed=0s need=2s
UE 103 TTT_WAIT target=7 elapsed=0s need=2s
UE 105 TTT_WAIT target=7 elapsed=0s need=2s
UE 106 TTT_WAIT target=7 elapsed=0s need=2s
TRACE HO_SUCCESS Time=28.6151 IMSI=12 TargetCell=1 Type=TN TargetRSRP=-58.6543 ServingRSRP=-58.11 BackhaulDlSnr=-999 BackhaulUlSnr=-999
TRACE HO_SUCCESS Time=28.6151 IMSI=23 TargetCell=2 Type=TN TargetRSRP=-88.9731 ServingRSRP=-48.8257 BackhaulDlSnr=-999 BackhaulUlSnr=-999
TRACE HO_SUCCESS Time=28.6151 IMSI=36 TargetCell=3 Type=TN TargetRSRP=-92.7533 ServingRSRP=-54.6435 BackhaulDlSnr=-999 BackhaulUlSnr=-999
TRACE HO_SUCCESS Time=28.6151 IMSI=34 TargetCell=3 Type=TN TargetRSRP=-91.9783 ServingRSRP=-59.9237 BackhaulDlSnr=-999 BackhaulUlSnr=-999
TRACE HO_SUCCESS Time=28.6151 IMSI=74 TargetCell=3 Type=TN TargetRSRP=-80.5306 ServingRSRP=-47.8272 BackhaulDlSnr=-999 BackhaulUlSnr=-999
TRACE HO_SUCCESS Time=28.6151 IMSI=26 TargetCell=4 Type=TN TargetRSRP=-81.8609 ServingRSRP=-67.271 BackhaulDlSnr=-999 BackhaulUlSnr=-999
TRACE HO_SUCCESS Time=28.6151 IMSI=76 TargetCell=7 Type=NTN TargetRSRP=-94.8182 ServingRSRP=-61.6043 BackhaulDlSnr=-999 BackhaulUlSnr=-999
UAV_AUTONOMY_XAPP Time=30.5 DeploymentMode=tn-uav UavIndex=0 UavCellId=5 BestDonorCellId=1 BestDonorDistanceM=1437.19 XhaulConnected=1 XhaulChannelVariationDb=0 XhaulState=HEALTHY SatBackhaulHealthy=0 OnboardUavRicAvailable=0 OnboardUavRicState=DISABLED BackhaulMode=TN_DIRECT ControlPath=TN_E2 ActiveUavRic=TN_NEAR_RT_RIC NormalUeHandoverAllowed=1 UavMode=TN_CONTROLLED_COVERAGE_EXTENSION
UAV_AUTONOMY_XAPP Time=30.5 DeploymentMode=tn-uav UavIndex=1 UavCellId=6 BestDonorCellId=4 BestDonorDistanceM=665.451 XhaulConnected=1 XhaulChannelVariationDb=0 XhaulState=HEALTHY SatBackhaulHealthy=0 OnboardUavRicAvailable=0 OnboardUavRicState=DISABLED BackhaulMode=TN_DIRECT ControlPath=TN_E2 ActiveUavRic=TN_NEAR_RT_RIC NormalUeHandoverAllowed=1 UavMode=TN_CONTROLLED_COVERAGE_EXTENSION
UAV_AUTONOMY_XAPP Time=30.5 DeploymentMode=tn-uav UavIndex=2 UavCellId=7 BestDonorCellId=2 BestDonorDistanceM=739.217 XhaulConnected=1 XhaulChannelVariationDb=0 XhaulState=HEALTHY SatBackhaulHealthy=0 OnboardUavRicAvailable=0 OnboardUavRicState=DISABLED BackhaulMode=TN_DIRECT ControlPath=TN_E2 ActiveUavRic=TN_NEAR_RT_RIC NormalUeHandoverAllowed=1 UavMode=TN_CONTROLLED_COVERAGE_EXTENSION
---- LOAD at t=30.5 ----
  cell 1 (TN) load=18/20
  cell 2 (TN) load=20/20
  cell 3 (TN) load=19/20
  cell 4 (TN) load=18/20
  cell 5 (NTN) load=9/10
  cell 6 (NTN) load=9/10
  cell 7 (NTN) load=7/10
UE 9 TTT_WAIT target=1 elapsed=0s need=2s
UE 10 TTT_WAIT target=5 elapsed=0s need=2s
UE 11 TTT_WAIT target=3 elapsed=0s need=2s
UE 12 TTT_WAIT target=1 elapsed=0s need=2s
UE 16 TTT_WAIT target=6 elapsed=0s need=2s
UE 17 TTT_WAIT target=1 elapsed=0s need=2s
UE 19 TTT_WAIT target=3 elapsed=0s need=2s
UE 24 TTT_WAIT target=3 elapsed=0s need=2s
UE 25 TTT_WAIT target=1 elapsed=0s need=2s
UE 27 TTT_WAIT target=6 elapsed=0s need=2s
UE 28 TTT_WAIT target=4 elapsed=0s need=2s
UE 29 TTT_WAIT target=3 elapsed=0s need=2s
UE 30 TTT_WAIT target=3 elapsed=0s need=2s
UE 32 TTT_WAIT target=6 elapsed=0s need=2s
UE 37 TTT_WAIT target=4 elapsed=0s need=2s
UE 41 TTT_WAIT target=1 elapsed=0s need=2s
UE 44 TTT_WAIT target=3 elapsed=0s need=2s
UE 45 TTT_WAIT target=1 elapsed=0s need=2s
UE 46 TTT_WAIT target=7 elapsed=0s need=2s
UE 47 TTT_WAIT target=1 elapsed=0s need=2s
UE 50 TTT_WAIT target=1 elapsed=0s need=2s
UE 51 TTT_WAIT target=1 elapsed=0s need=2s
UE 52 TTT_WAIT target=5 elapsed=0s need=2s
LM HO UE=56 rnti=57 1->7 type=NTN servingRsrp=-69.2382 targetRsrp=-58.5015 targetLoadReal=7/10 targetLoadEff=7/10
UE 58 TTT_WAIT target=5 elapsed=0s need=2s
UE 59 TTT_WAIT target=1 elapsed=0s need=2s
UE 62 TTT_WAIT target=1 elapsed=0s need=2s
UE 63 TTT_WAIT target=4 elapsed=0s need=2s
UE 66 TTT_WAIT target=3 elapsed=0s need=2s
UE 67 TTT_WAIT target=7 elapsed=0s need=2s
UE 74 TTT_WAIT target=3 elapsed=0s need=2s
UE 77 TTT_WAIT target=4 elapsed=0s need=2s
UE 78 TTT_WAIT target=1 elapsed=0s need=2s
UE 79 TTT_WAIT target=4 elapsed=0s need=2s
UE 81 TTT_WAIT target=1 elapsed=0s need=2s
UE 82 TTT_WAIT target=7 elapsed=0s need=2s
LM HO UE=83 rnti=143 1->7 type=NTN servingRsrp=-86.7934 targetRsrp=-75.485 targetLoadReal=7/10 targetLoadEff=8/10
UE 85 TTT_WAIT target=1 elapsed=0s need=2s
UE 86 TTT_WAIT target=3 elapsed=0s need=2s
UE 88 TTT_WAIT target=7 elapsed=0s need=2s
UE 90 TTT_WAIT target=3 elapsed=0s need=2s
UE 91 TTT_WAIT target=4 elapsed=0s need=2s
UE 95 TTT_WAIT target=4 elapsed=0s need=2s
UE 96 TTT_WAIT target=3 elapsed=0s need=2s
UE 99 TTT_WAIT target=3 elapsed=0s need=2s
UE 100 TTT_WAIT target=7 elapsed=0s need=2s
UE 101 TTT_WAIT target=3 elapsed=0s need=2s
UE 103 TTT_WAIT target=3 elapsed=0s need=2s
UE 105 TTT_WAIT target=1 elapsed=0s need=2s
UE 106 TTT_WAIT target=3 elapsed=0s need=2s
TRACE HO_SUCCESS Time=30.6151 IMSI=55 TargetCell=7 Type=NTN TargetRSRP=-92.7687 ServingRSRP=-62.6428 BackhaulDlSnr=-999 BackhaulUlSnr=-999
TRACE HO_SUCCESS Time=30.6151 IMSI=82 TargetCell=7 Type=NTN TargetRSRP=-92.2205 ServingRSRP=-55.0353 BackhaulDlSnr=-999 BackhaulUlSnr=-999
UAV_AUTONOMY_XAPP Time=32.5 DeploymentMode=tn-uav UavIndex=0 UavCellId=5 BestDonorCellId=1 BestDonorDistanceM=1422.99 XhaulConnected=1 XhaulChannelVariationDb=0 XhaulState=HEALTHY SatBackhaulHealthy=0 OnboardUavRicAvailable=0 OnboardUavRicState=DISABLED BackhaulMode=TN_DIRECT ControlPath=TN_E2 ActiveUavRic=TN_NEAR_RT_RIC NormalUeHandoverAllowed=1 UavMode=TN_CONTROLLED_COVERAGE_EXTENSION
UAV_AUTONOMY_XAPP Time=32.5 DeploymentMode=tn-uav UavIndex=1 UavCellId=6 BestDonorCellId=4 BestDonorDistanceM=665.451 XhaulConnected=1 XhaulChannelVariationDb=0 XhaulState=HEALTHY SatBackhaulHealthy=0 OnboardUavRicAvailable=0 OnboardUavRicState=DISABLED BackhaulMode=TN_DIRECT ControlPath=TN_E2 ActiveUavRic=TN_NEAR_RT_RIC NormalUeHandoverAllowed=1 UavMode=TN_CONTROLLED_COVERAGE_EXTENSION
UAV_AUTONOMY_XAPP Time=32.5 DeploymentMode=tn-uav UavIndex=2 UavCellId=7 BestDonorCellId=2 BestDonorDistanceM=738.345 XhaulConnected=1 XhaulChannelVariationDb=0 XhaulState=HEALTHY SatBackhaulHealthy=0 OnboardUavRicAvailable=0 OnboardUavRicState=DISABLED BackhaulMode=TN_DIRECT ControlPath=TN_E2 ActiveUavRic=TN_NEAR_RT_RIC NormalUeHandoverAllowed=1 UavMode=TN_CONTROLLED_COVERAGE_EXTENSION
---- LOAD at t=32.5 ----
  cell 1 (TN) load=16/20
  cell 2 (TN) load=20/20
  cell 3 (TN) load=19/20
  cell 4 (TN) load=18/20
  cell 5 (NTN) load=9/10
  cell 6 (NTN) load=9/10
  cell 7 (NTN) load=9/10
UE 8 TTT_WAIT target=3 elapsed=0s need=2s
UE 9 TTT_WAIT target=4 elapsed=0s need=2s
UE 17 TTT_WAIT target=7 elapsed=0s need=2s
UE 18 TTT_WAIT target=1 elapsed=0s need=2s
UE 19 TTT_WAIT target=1 elapsed=0s need=2s
UE 22 TTT_WAIT target=6 elapsed=0s need=2s
UE 26 TTT_WAIT target=3 elapsed=0s need=2s
UE 27 TTT_WAIT target=1 elapsed=0s need=2s
LM HO UE=30 rnti=167 1->3 type=TN servingRsrp=-90.516 targetRsrp=-59.3623 targetLoadReal=19/20 targetLoadEff=19/20
UE 31 TTT_WAIT target=1 elapsed=0s need=2s
UE 35 TTT_WAIT target=1 elapsed=0s need=2s
UE 37 TTT_WAIT target=1 elapsed=0s need=2s
UE 39 TTT_WAIT target=5 elapsed=0s need=2s
UE 40 TTT_WAIT target=1 elapsed=0s need=2s
UE 41 TTT_WAIT target=4 elapsed=0s need=2s
LM HO UE=45 rnti=180 3->1 type=TN servingRsrp=-81.9546 targetRsrp=-52.3621 targetLoadReal=16/20 targetLoadEff=16/20
LM HO UE=50 rnti=95 3->1 type=TN servingRsrp=-93.5211 targetRsrp=-57.7492 targetLoadReal=16/20 targetLoadEff=17/20
LM HO UE=51 rnti=109 2->1 type=TN servingRsrp=-88.2319 targetRsrp=-73.0132 targetLoadReal=16/20 targetLoadEff=18/20
UE 52 TTT_WAIT target=1 elapsed=0s need=2s
UE 54 TTT_WAIT target=5 elapsed=0s need=2s
UE 55 TTT_WAIT target=4 elapsed=0s need=2s
UE 56 TTT_WAIT target=1 elapsed=0s need=2s
UE 57 TTT_WAIT target=1 elapsed=0s need=2s
LM HO UE=58 rnti=112 2->5 type=NTN servingRsrp=-73.6411 targetRsrp=-42.8289 targetLoadReal=9/10 targetLoadEff=9/10
LM HO UE=62 rnti=106 2->1 type=TN servingRsrp=-87.0296 targetRsrp=-63.2588 targetLoadReal=16/20 targetLoadEff=19/20
UE 74 TTT_WAIT target=7 elapsed=0s need=2s
UE 75 TTT_WAIT target=7 elapsed=0s need=2s
LM HO UE=77 rnti=71 7->4 type=TN servingRsrp=-93.8808 targetRsrp=-85.6972 targetLoadReal=18/20 targetLoadEff=18/20
LM HO UE=79 rnti=70 7->4 type=TN servingRsrp=-82.4404 targetRsrp=-74.3416 targetLoadReal=18/20 targetLoadEff=19/20
UE 80 TTT_WAIT target=6 elapsed=0s need=2s
UE 81 TTT_WAIT target=7 elapsed=0s need=2s
UE 83 TTT_WAIT target=6 elapsed=0s need=2s
UE 85 TTT_WAIT target=6 elapsed=0s need=2s
UE 88 TTT_WAIT target=6 elapsed=0s need=2s
UE 94 TTT_WAIT target=7 elapsed=0s need=2s
UE 102 TTT_WAIT target=6 elapsed=0s need=2s
UE 103 TTT_WAIT target=6 elapsed=0s need=2s
UE 104 TTT_WAIT target=6 elapsed=0s need=2s
UE 105 TTT_WAIT target=6 elapsed=0s need=2s
TRACE HO_SUCCESS Time=32.6151 IMSI=61 TargetCell=1 Type=TN TargetRSRP=-80.1634 ServingRSRP=-60.3494 BackhaulDlSnr=-999 BackhaulUlSnr=-999
TRACE HO_SUCCESS Time=32.6151 IMSI=50 TargetCell=1 Type=TN TargetRSRP=-78.1559 ServingRSRP=-49.0436 BackhaulDlSnr=-999 BackhaulUlSnr=-999
TRACE HO_SUCCESS Time=32.6151 IMSI=49 TargetCell=1 Type=TN TargetRSRP=-93.6648 ServingRSRP=-75.2426 BackhaulDlSnr=-999 BackhaulUlSnr=-999
TRACE HO_SUCCESS Time=32.6151 IMSI=44 TargetCell=1 Type=TN TargetRSRP=-54.1535 ServingRSRP=-45.0326 BackhaulDlSnr=-999 BackhaulUlSnr=-999
TRACE HO_SUCCESS Time=32.6151 IMSI=29 TargetCell=3 Type=TN TargetRSRP=-61.7447 ServingRSRP=-43.2173 BackhaulDlSnr=-999 BackhaulUlSnr=-999
TRACE HO_SUCCESS Time=32.6151 IMSI=76 TargetCell=4 Type=TN TargetRSRP=-46.8102 ServingRSRP=-60.5736 BackhaulDlSnr=-999 BackhaulUlSnr=-999
TRACE HO_SUCCESS Time=32.6151 IMSI=78 TargetCell=4 Type=TN TargetRSRP=-68.0154 ServingRSRP=-63.9867 BackhaulDlSnr=-999 BackhaulUlSnr=-999
TRACE HO_SUCCESS Time=32.6151 IMSI=57 TargetCell=5 Type=NTN TargetRSRP=-72.524 ServingRSRP=-67.2954 BackhaulDlSnr=-999 BackhaulUlSnr=-999
UAV_AUTONOMY_XAPP Time=34.5 DeploymentMode=tn-uav UavIndex=0 UavCellId=5 BestDonorCellId=1 BestDonorDistanceM=1419.45 XhaulConnected=1 XhaulChannelVariationDb=0 XhaulState=HEALTHY SatBackhaulHealthy=0 OnboardUavRicAvailable=0 OnboardUavRicState=DISABLED BackhaulMode=TN_DIRECT ControlPath=TN_E2 ActiveUavRic=TN_NEAR_RT_RIC NormalUeHandoverAllowed=1 UavMode=TN_CONTROLLED_COVERAGE_EXTENSION
UAV_AUTONOMY_XAPP Time=34.5 DeploymentMode=tn-uav UavIndex=1 UavCellId=6 BestDonorCellId=4 BestDonorDistanceM=680.501 XhaulConnected=1 XhaulChannelVariationDb=0 XhaulState=HEALTHY SatBackhaulHealthy=0 OnboardUavRicAvailable=0 OnboardUavRicState=DISABLED BackhaulMode=TN_DIRECT ControlPath=TN_E2 ActiveUavRic=TN_NEAR_RT_RIC NormalUeHandoverAllowed=1 UavMode=TN_CONTROLLED_COVERAGE_EXTENSION
UAV_AUTONOMY_XAPP Time=34.5 DeploymentMode=tn-uav UavIndex=2 UavCellId=7 BestDonorCellId=2 BestDonorDistanceM=742.131 XhaulConnected=1 XhaulChannelVariationDb=0 XhaulState=HEALTHY SatBackhaulHealthy=0 OnboardUavRicAvailable=0 OnboardUavRicState=DISABLED BackhaulMode=TN_DIRECT ControlPath=TN_E2 ActiveUavRic=TN_NEAR_RT_RIC NormalUeHandoverAllowed=1 UavMode=TN_CONTROLLED_COVERAGE_EXTENSION
---- LOAD at t=34.5 ----
  cell 1 (TN) load=19/20
  cell 2 (TN) load=17/20
  cell 3 (TN) load=18/20
  cell 4 (TN) load=20/20
  cell 5 (NTN) load=10/10
  cell 6 (NTN) load=9/10
  cell 7 (NTN) load=7/10
UE 8 TTT_WAIT target=7 elapsed=0s need=2s
UE 9 TTT_WAIT target=3 elapsed=0s need=2s
UE 12 TTT_WAIT target=7 elapsed=0s need=2s
UE 17 TTT_WAIT target=1 elapsed=0s need=2s
UE 19 TTT_WAIT target=3 elapsed=0s need=2s
UE 23 TTT_WAIT target=3 elapsed=0s need=2s
UE 24 TTT_WAIT target=1 elapsed=0s need=2s
UE 25 TTT_WAIT target=2 elapsed=0s need=2s
UE 27 TTT_WAIT target=2 elapsed=0s need=2s
UE 29 TTT_WAIT target=3 elapsed=0s need=2s
UE 30 TTT_WAIT target=1 elapsed=0s need=2s
UE 33 TTT_WAIT target=3 elapsed=0s need=2s
UE 34 TTT_WAIT target=2 elapsed=0s need=2s
LM HO UE=40 rnti=55 4->1 type=TN servingRsrp=-78.3109 targetRsrp=-62.2279 targetLoadReal=19/20 targetLoadEff=19/20
UE 51 TTT_WAIT target=3 elapsed=0s need=2s
UE 52 TTT_WAIT target=3 elapsed=0s need=2s
UE 53 TTT_WAIT target=7 elapsed=0s need=2s
UE 56 TTT_WAIT target=3 elapsed=0s need=2s
UE 57 TTT_WAIT target=2 elapsed=0s need=2s
UE 59 TTT_WAIT target=2 elapsed=0s need=2s
UE 60 TTT_WAIT target=7 elapsed=0s need=2s
UE 63 TTT_WAIT target=6 elapsed=0s need=2s
UE 64 TTT_WAIT target=6 elapsed=0s need=2s
UE 67 TTT_WAIT target=2 elapsed=0s need=2s
UE 68 TTT_WAIT target=2 elapsed=0s need=2s
UE 74 TTT_WAIT target=3 elapsed=0s need=2s
UE 76 TTT_WAIT target=7 elapsed=0s need=2s
UE 77 TTT_WAIT target=7 elapsed=0s need=2s
UE 78 TTT_WAIT target=2 elapsed=0s need=2s
UE 80 TTT_WAIT target=3 elapsed=0s need=2s
UE 83 TTT_WAIT target=3 elapsed=0s need=2s
UE 84 TTT_WAIT target=7 elapsed=0s need=2s
UE 85 TTT_WAIT target=2 elapsed=0s need=2s
UE 86 TTT_WAIT target=3 elapsed=0s need=2s
UE 90 TTT_WAIT target=3 elapsed=0s need=2s
UE 91 TTT_WAIT target=6 elapsed=0s need=2s
UE 93 TTT_WAIT target=6 elapsed=0s need=2s
LM HO UE=94 rnti=146 1->7 type=NTN servingRsrp=-72.3616 targetRsrp=-69.033 targetLoadReal=7/10 targetLoadEff=7/10
UE 98 TTT_WAIT target=6 elapsed=0s need=2s
UE 99 TTT_WAIT target=7 elapsed=0s need=2s
UE 101 TTT_WAIT target=3 elapsed=0s need=2s
UE 102 TTT_WAIT target=2 elapsed=0s need=2s
UE 105 TTT_WAIT target=7 elapsed=0s need=2s
UE 106 TTT_WAIT target=3 elapsed=0s need=2s
TRACE HO_SUCCESS Time=34.6151 IMSI=39 TargetCell=1 Type=TN TargetRSRP=-90.3257 ServingRSRP=-38.7309 BackhaulDlSnr=-999 BackhaulUlSnr=-999
TRACE HO_SUCCESS Time=34.6151 IMSI=93 TargetCell=7 Type=NTN TargetRSRP=-68.7078 ServingRSRP=-55.7697 BackhaulDlSnr=-999 BackhaulUlSnr=-999
UAV_AUTONOMY_XAPP Time=36.5 DeploymentMode=tn-uav UavIndex=0 UavCellId=5 BestDonorCellId=1 BestDonorDistanceM=1419.45 XhaulConnected=1 XhaulChannelVariationDb=0 XhaulState=HEALTHY SatBackhaulHealthy=0 OnboardUavRicAvailable=0 OnboardUavRicState=DISABLED BackhaulMode=TN_DIRECT ControlPath=TN_E2 ActiveUavRic=TN_NEAR_RT_RIC NormalUeHandoverAllowed=1 UavMode=TN_CONTROLLED_COVERAGE_EXTENSION
UAV_AUTONOMY_XAPP Time=36.5 DeploymentMode=tn-uav UavIndex=1 UavCellId=6 BestDonorCellId=4 BestDonorDistanceM=671.437 XhaulConnected=1 XhaulChannelVariationDb=0 XhaulState=HEALTHY SatBackhaulHealthy=0 OnboardUavRicAvailable=0 OnboardUavRicState=DISABLED BackhaulMode=TN_DIRECT ControlPath=TN_E2 ActiveUavRic=TN_NEAR_RT_RIC NormalUeHandoverAllowed=1 UavMode=TN_CONTROLLED_COVERAGE_EXTENSION
UAV_AUTONOMY_XAPP Time=36.5 DeploymentMode=tn-uav UavIndex=2 UavCellId=7 BestDonorCellId=2 BestDonorDistanceM=743.128 XhaulConnected=1 XhaulChannelVariationDb=0 XhaulState=HEALTHY SatBackhaulHealthy=0 OnboardUavRicAvailable=0 OnboardUavRicState=DISABLED BackhaulMode=TN_DIRECT ControlPath=TN_E2 ActiveUavRic=TN_NEAR_RT_RIC NormalUeHandoverAllowed=1 UavMode=TN_CONTROLLED_COVERAGE_EXTENSION
---- LOAD at t=36.5 ----
  cell 1 (TN) load=19/20
  cell 2 (TN) load=17/20
  cell 3 (TN) load=18/20
  cell 4 (TN) load=19/20
  cell 5 (NTN) load=10/10
  cell 6 (NTN) load=9/10
  cell 7 (NTN) load=8/10
UE 11 TTT_WAIT target=7 elapsed=0s need=2s
LM HO UE=12 rnti=71 5->7 type=NTN servingRsrp=-90.0048 targetRsrp=-68.9757 targetLoadReal=8/10 targetLoadEff=8/10
UE 16 TTT_WAIT target=6 elapsed=0s need=2s
UE 17 TTT_WAIT target=6 elapsed=0s need=2s
UE 19 TTT_WAIT target=2 elapsed=0s need=2s
UE 20 TTT_WAIT target=3 elapsed=0s need=2s
UE 22 TTT_WAIT target=1 elapsed=0s need=2s
UE 24 TTT_WAIT target=3 elapsed=0s need=2s
UE 25 TTT_WAIT target=7 elapsed=0s need=2s
UE 27 TTT_WAIT target=6 elapsed=0s need=2s
UE 28 TTT_WAIT target=1 elapsed=0s need=2s
UE 29 TTT_WAIT target=7 elapsed=0s need=2s
LM HO UE=30 rnti=185 3->1 type=TN servingRsrp=-88.6502 targetRsrp=-52.7336 targetLoadReal=19/20 targetLoadEff=19/20
UE 31 TTT_WAIT target=3 elapsed=0s need=2s
UE 32 TTT_WAIT target=2 elapsed=0s need=2s
UE 36 TTT_WAIT target=2 elapsed=0s need=2s
UE 39 TTT_WAIT target=7 elapsed=0s need=2s
UE 40 TTT_WAIT target=4 elapsed=0s need=2s
UE 41 TTT_WAIT target=4 elapsed=0s need=2s
UE 42 TTT_WAIT target=6 elapsed=0s need=2s
UE 46 TTT_WAIT target=4 elapsed=0s need=2s
UE 50 TTT_WAIT target=4 elapsed=0s need=2s
UE 51 TTT_WAIT target=4 elapsed=0s need=2s
UE 53 TTT_WAIT target=2 elapsed=0s need=2s
UE 56 TTT_WAIT target=2 elapsed=0s need=2s
UE 59 TTT_WAIT target=3 elapsed=0s need=2s
UE 63 TTT_WAIT target=7 elapsed=0s need=2s
UE 64 TTT_WAIT target=2 elapsed=0s need=2s
UE 65 TTT_WAIT target=2 elapsed=0s need=2s
UE 67 TTT_WAIT target=7 elapsed=0s need=2s
LM HO UE=68 rnti=158 3->2 type=TN servingRsrp=-94.7735 targetRsrp=-90.204 targetLoadReal=17/20 targetLoadEff=17/20
UE 73 TTT_WAIT target=4 elapsed=0s need=2s
UE 76 TTT_WAIT target=2 elapsed=0s need=2s
UE 80 TTT_WAIT target=2 elapsed=0s need=2s
UE 81 TTT_WAIT target=6 elapsed=0s need=2s
UE 82 TTT_WAIT target=2 elapsed=0s need=2s
UE 83 TTT_WAIT target=2 elapsed=0s need=2s
UE 85 TTT_WAIT target=6 elapsed=0s need=2s
LM HO UE=86 rnti=147 4->3 type=TN servingRsrp=-92.1279 targetRsrp=-73.0736 targetLoadReal=18/20 targetLoadEff=18/20
UE 89 TTT_WAIT target=3 elapsed=0s need=2s
UE 90 TTT_WAIT target=7 elapsed=0s need=2s
LM HO UE=91 rnti=173 3->6 type=NTN servingRsrp=-87.1667 targetRsrp=-76.2406 targetLoadReal=9/10 targetLoadEff=9/10
UE 94 TTT_WAIT target=2 elapsed=0s need=2s
UE 95 TTT_WAIT target=4 elapsed=0s need=2s
UE 97 TTT_WAIT target=3 elapsed=0s need=2s
UE 100 TTT_WAIT target=3 elapsed=0s need=2s
LM HO UE=101 rnti=82 2->3 type=TN servingRsrp=-85.3687 targetRsrp=-71.0179 targetLoadReal=18/20 targetLoadEff=19/20
UE 104 TTT_WAIT target=7 elapsed=0s need=2s
UE 105 TTT_WAIT target=4 elapsed=0s need=2s
TRACE HO_SUCCESS Time=36.6151 IMSI=29 TargetCell=1 Type=TN TargetRSRP=-88.9313 ServingRSRP=-68.593 BackhaulDlSnr=-999 BackhaulUlSnr=-999
TRACE HO_SUCCESS Time=36.6151 IMSI=67 TargetCell=2 Type=TN TargetRSRP=-54.5352 ServingRSRP=-69.957 BackhaulDlSnr=-999 BackhaulUlSnr=-999
TRACE HO_SUCCESS Time=36.6151 IMSI=100 TargetCell=3 Type=TN TargetRSRP=-50.3838 ServingRSRP=-80.0827 BackhaulDlSnr=-999 BackhaulUlSnr=-999
TRACE HO_SUCCESS Time=36.6151 IMSI=85 TargetCell=3 Type=TN TargetRSRP=-72.7853 ServingRSRP=-46.9342 BackhaulDlSnr=-999 BackhaulUlSnr=-999
TRACE HO_SUCCESS Time=36.6151 IMSI=90 TargetCell=6 Type=NTN TargetRSRP=-83.2765 ServingRSRP=-47.2793 BackhaulDlSnr=-999 BackhaulUlSnr=-999
TRACE HO_SUCCESS Time=36.6151 IMSI=11 TargetCell=7 Type=NTN TargetRSRP=-102.039 ServingRSRP=-63.1328 BackhaulDlSnr=-999 BackhaulUlSnr=-999
UAV_AUTONOMY_XAPP Time=38.5 DeploymentMode=tn-uav UavIndex=0 UavCellId=5 BestDonorCellId=1 BestDonorDistanceM=1423.44 XhaulConnected=1 XhaulChannelVariationDb=0 XhaulState=HEALTHY SatBackhaulHealthy=0 OnboardUavRicAvailable=0 OnboardUavRicState=DISABLED BackhaulMode=TN_DIRECT ControlPath=TN_E2 ActiveUavRic=TN_NEAR_RT_RIC NormalUeHandoverAllowed=1 UavMode=TN_CONTROLLED_COVERAGE_EXTENSION
UAV_AUTONOMY_XAPP Time=38.5 DeploymentMode=tn-uav UavIndex=1 UavCellId=6 BestDonorCellId=4 BestDonorDistanceM=668.249 XhaulConnected=1 XhaulChannelVariationDb=0 XhaulState=HEALTHY SatBackhaulHealthy=0 OnboardUavRicAvailable=0 OnboardUavRicState=DISABLED BackhaulMode=TN_DIRECT ControlPath=TN_E2 ActiveUavRic=TN_NEAR_RT_RIC NormalUeHandoverAllowed=1 UavMode=TN_CONTROLLED_COVERAGE_EXTENSION
UAV_AUTONOMY_XAPP Time=38.5 DeploymentMode=tn-uav UavIndex=2 UavCellId=7 BestDonorCellId=2 BestDonorDistanceM=743.128 XhaulConnected=1 XhaulChannelVariationDb=0 XhaulState=HEALTHY SatBackhaulHealthy=0 OnboardUavRicAvailable=0 OnboardUavRicState=DISABLED BackhaulMode=TN_DIRECT ControlPath=TN_E2 ActiveUavRic=TN_NEAR_RT_RIC NormalUeHandoverAllowed=1 UavMode=TN_CONTROLLED_COVERAGE_EXTENSION
---- LOAD at t=38.5 ----
  cell 1 (TN) load=20/20
  cell 2 (TN) load=17/20
  cell 3 (TN) load=17/20
  cell 4 (TN) load=18/20
  cell 5 (NTN) load=9/10
  cell 6 (NTN) load=10/10
  cell 7 (NTN) load=9/10
UE 8 TTT_WAIT target=7 elapsed=0s need=2s
UE 9 TTT_WAIT target=4 elapsed=0s need=2s
UE 12 TTT_WAIT target=2 elapsed=0s need=2s
UE 17 TTT_WAIT target=2 elapsed=0s need=2s
UE 19 TTT_WAIT target=3 elapsed=0s need=2s
UE 22 TTT_WAIT target=2 elapsed=0s need=2s
UE 25 TTT_WAIT target=3 elapsed=0s need=2s
UE 26 TTT_WAIT target=4 elapsed=0s need=2s
UE 29 TTT_WAIT target=3 elapsed=0s need=2s
UE 30 TTT_WAIT target=7 elapsed=0s need=2s
UE 33 TTT_WAIT target=3 elapsed=0s need=2s
UE 34 TTT_WAIT target=4 elapsed=0s need=2s
UE 35 TTT_WAIT target=5 elapsed=0s need=2s
UE 36 TTT_WAIT target=5 elapsed=0s need=2s
UE 37 TTT_WAIT target=4 elapsed=0s need=2s
UE 38 TTT_WAIT target=3 elapsed=0s need=2s
UE 39 TTT_WAIT target=3 elapsed=0s need=2s
LM HO UE=40 rnti=176 1->4 type=TN servingRsrp=-84.5436 targetRsrp=-70.3821 targetLoadReal=18/20 targetLoadEff=18/20
UE 46 TTT_WAIT target=2 elapsed=0s need=2s
UE 47 TTT_WAIT target=4 elapsed=0s need=2s
UE 50 TTT_WAIT target=5 elapsed=0s need=2s
UE 51 TTT_WAIT target=3 elapsed=0s need=2s
UE 52 TTT_WAIT target=3 elapsed=0s need=2s
UE 53 TTT_WAIT target=7 elapsed=0s need=2s
UE 54 TTT_WAIT target=2 elapsed=0s need=2s
LM HO UE=56 rnti=72 7->2 type=TN servingRsrp=-101.23 targetRsrp=-67.6745 targetLoadReal=17/20 targetLoadEff=17/20
LM HO UE=59 rnti=172 4->3 type=TN servingRsrp=-106.005 targetRsrp=-83.5496 targetLoadReal=17/20 targetLoadEff=17/20
UE 60 TTT_WAIT target=7 elapsed=0s need=2s
UE 62 TTT_WAIT target=2 elapsed=0s need=2s
UE 66 TTT_WAIT target=7 elapsed=0s need=2s
LM HO UE=67 rnti=157 3->7 type=NTN servingRsrp=-79.732 targetRsrp=-56.7924 targetLoadReal=9/10 targetLoadEff=9/10
UE 68 TTT_WAIT target=4 elapsed=0s need=2s
LM HO UE=73 rnti=86 6->4 type=TN servingRsrp=-82.7056 targetRsrp=-36.2146 targetLoadReal=18/20 targetLoadEff=19/20
UE 74 TTT_WAIT target=5 elapsed=0s need=2s
UE 76 TTT_WAIT target=3 elapsed=0s need=2s
UE 78 TTT_WAIT target=2 elapsed=0s need=2s
UE 79 TTT_WAIT target=2 elapsed=0s need=2s
LM HO UE=80 rnti=142 1->2 type=TN servingRsrp=-86.9805 targetRsrp=-57.1641 targetLoadReal=17/20 targetLoadEff=18/20
UE 83 TTT_WAIT target=3 elapsed=0s need=2s
UE 85 TTT_WAIT target=3 elapsed=0s need=2s
UE 86 TTT_WAIT target=2 elapsed=0s need=2s
UE 92 TTT_WAIT target=2 elapsed=0s need=2s
UE 93 TTT_WAIT target=2 elapsed=0s need=2s
UE 94 TTT_WAIT target=3 elapsed=0s need=2s
UE 99 TTT_WAIT target=2 elapsed=0s need=2s
UE 103 TTT_WAIT target=3 elapsed=0s need=2s
UE 104 TTT_WAIT target=3 elapsed=0s need=2s
TRACE HO_SUCCESS Time=38.6151 IMSI=79 TargetCell=2 Type=TN TargetRSRP=-83.225 ServingRSRP=-57.406 BackhaulDlSnr=-999 BackhaulUlSnr=-999
TRACE HO_SUCCESS Time=38.6151 IMSI=55 TargetCell=2 Type=TN TargetRSRP=-97.2909 ServingRSRP=-48.1904 BackhaulDlSnr=-999 BackhaulUlSnr=-999
TRACE HO_SUCCESS Time=38.6151 IMSI=58 TargetCell=3 Type=TN TargetRSRP=-83.1251 ServingRSRP=-65.6333 BackhaulDlSnr=-999 BackhaulUlSnr=-999
TRACE HO_SUCCESS Time=38.6151 IMSI=39 TargetCell=4 Type=TN TargetRSRP=-77.0762 ServingRSRP=-52.1857 BackhaulDlSnr=-999 BackhaulUlSnr=-999
TRACE HO_SUCCESS Time=38.6151 IMSI=72 TargetCell=4 Type=TN TargetRSRP=-69.5512 ServingRSRP=-72.144 BackhaulDlSnr=-999 BackhaulUlSnr=-999
TRACE HO_SUCCESS Time=38.6151 IMSI=66 TargetCell=7 Type=NTN TargetRSRP=-95.6372 ServingRSRP=-83.3556 BackhaulDlSnr=-999 BackhaulUlSnr=-999
